
> pwc-volunteer-platform-client@1.0.0 test
> react-scripts test FeedbackSection.test.tsx --watchAll=false

  console.error
    Warning: An update to FeedbackSection inside a test was not wrapped in act(...).
    
    When testing, code that causes React state updates should be wrapped into act(...):
    
    act(() => {
      /* fire events that update state */
    });
    /* assert on the output */
    
    This ensures that you're testing the behavior the user would see in the browser. Learn more at https://reactjs.org/link/wrap-tests-with-act
        at FeedbackSection (C:\Dev\EPA-final-project\client\src\components\FeedbackSection.tsx:52:60)

    [0m [90m 77 |[39m       [36mif[39m (response[33m.[39mdata[33m.[39msuccess [33m&&[39m response[33m.[39mdata[33m.[39mdata) {
     [90m 78 |[39m         [36mconst[39m feedback [33m=[39m response[33m.[39mdata[33m.[39mdata[33m;[39m
    [31m[1m>[22m[39m[90m 79 |[39m         setMyFeedback(feedback)[33m;[39m
     [90m    |[39m         [31m[1m^[22m[39m
     [90m 80 |[39m         setRating(feedback[33m.[39m[33mRating[39m)[33m;[39m
     [90m 81 |[39m         setComment(feedback[33m.[39m[33mComment[39m [33m||[39m [32m''[39m)[33m;[39m
     [90m 82 |[39m         setWouldRecommend(feedback[33m.[39m[33mWouldRecommend[39m)[33m;[39m[0m

      at printWarning (node_modules/react-dom/cjs/react-dom.development.js:86:30)
      at error (node_modules/react-dom/cjs/react-dom.development.js:60:7)
      at warnIfUpdatesNotWrappedWithActDEV (node_modules/react-dom/cjs/react-dom.development.js:27628:9)
      at scheduleUpdateOnFiber (node_modules/react-dom/cjs/react-dom.development.js:25547:5)
      at setMyFeedback (node_modules/react-dom/cjs/react-dom.development.js:16708:7)
      at fetchMyFeedback (src/components/FeedbackSection.tsx:79:9)

  console.error
    Warning: An update to FeedbackSection inside a test was not wrapped in act(...).
    
    When testing, code that causes React state updates should be wrapped into act(...):
    
    act(() => {
      /* fire events that update state */
    });
    /* assert on the output */
    
    This ensures that you're testing the behavior the user would see in the browser. Learn more at https://reactjs.org/link/wrap-tests-with-act
        at FeedbackSection (C:\Dev\EPA-final-project\client\src\components\FeedbackSection.tsx:52:60)

    [0m [90m 78 |[39m         [36mconst[39m feedback [33m=[39m response[33m.[39mdata[33m.[39mdata[33m;[39m
     [90m 79 |[39m         setMyFeedback(feedback)[33m;[39m
    [31m[1m>[22m[39m[90m 80 |[39m         setRating(feedback[33m.[39m[33mRating[39m)[33m;[39m
     [90m    |[39m         [31m[1m^[22m[39m
     [90m 81 |[39m         setComment(feedback[33m.[39m[33mComment[39m [33m||[39m [32m''[39m)[33m;[39m
     [90m 82 |[39m         setWouldRecommend(feedback[33m.[39m[33mWouldRecommend[39m)[33m;[39m
     [90m 83 |[39m       }[0m

      at printWarning (node_modules/react-dom/cjs/react-dom.development.js:86:30)
      at error (node_modules/react-dom/cjs/react-dom.development.js:60:7)
      at warnIfUpdatesNotWrappedWithActDEV (node_modules/react-dom/cjs/react-dom.development.js:27628:9)
      at scheduleUpdateOnFiber (node_modules/react-dom/cjs/react-dom.development.js:25547:5)
      at setRating (node_modules/react-dom/cjs/react-dom.development.js:16708:7)
      at fetchMyFeedback (src/components/FeedbackSection.tsx:80:9)

  console.error
    Warning: An update to FeedbackSection inside a test was not wrapped in act(...).
    
    When testing, code that causes React state updates should be wrapped into act(...):
    
    act(() => {
      /* fire events that update state */
    });
    /* assert on the output */
    
    This ensures that you're testing the behavior the user would see in the browser. Learn more at https://reactjs.org/link/wrap-tests-with-act
        at FeedbackSection (C:\Dev\EPA-final-project\client\src\components\FeedbackSection.tsx:52:60)

    [0m [90m 79 |[39m         setMyFeedback(feedback)[33m;[39m
     [90m 80 |[39m         setRating(feedback[33m.[39m[33mRating[39m)[33m;[39m
    [31m[1m>[22m[39m[90m 81 |[39m         setComment(feedback[33m.[39m[33mComment[39m [33m||[39m [32m''[39m)[33m;[39m
     [90m    |[39m         [31m[1m^[22m[39m
     [90m 82 |[39m         setWouldRecommend(feedback[33m.[39m[33mWouldRecommend[39m)[33m;[39m
     [90m 83 |[39m       }
     [90m 84 |[39m     } [36mcatch[39m (error) {[0m

      at printWarning (node_modules/react-dom/cjs/react-dom.development.js:86:30)
      at error (node_modules/react-dom/cjs/react-dom.development.js:60:7)
      at warnIfUpdatesNotWrappedWithActDEV (node_modules/react-dom/cjs/react-dom.development.js:27628:9)
      at scheduleUpdateOnFiber (node_modules/react-dom/cjs/react-dom.development.js:25547:5)
      at setComment (node_modules/react-dom/cjs/react-dom.development.js:16708:7)
      at fetchMyFeedback (src/components/FeedbackSection.tsx:81:9)

  console.error
    Warning: An update to FeedbackSection inside a test was not wrapped in act(...).
    
    When testing, code that causes React state updates should be wrapped into act(...):
    
    act(() => {
      /* fire events that update state */
    });
    /* assert on the output */
    
    This ensures that you're testing the behavior the user would see in the browser. Learn more at https://reactjs.org/link/wrap-tests-with-act
        at FeedbackSection (C:\Dev\EPA-final-project\client\src\components\FeedbackSection.tsx:52:60)

    [0m [90m 80 |[39m         setRating(feedback[33m.[39m[33mRating[39m)[33m;[39m
     [90m 81 |[39m         setComment(feedback[33m.[39m[33mComment[39m [33m||[39m [32m''[39m)[33m;[39m
    [31m[1m>[22m[39m[90m 82 |[39m         setWouldRecommend(feedback[33m.[39m[33mWouldRecommend[39m)[33m;[39m
     [90m    |[39m         [31m[1m^[22m[39m
     [90m 83 |[39m       }
     [90m 84 |[39m     } [36mcatch[39m (error) {
     [90m 85 |[39m       console[33m.[39merror([32m'Error fetching my feedback:'[39m[33m,[39m error)[33m;[39m[0m

      at printWarning (node_modules/react-dom/cjs/react-dom.development.js:86:30)
      at error (node_modules/react-dom/cjs/react-dom.development.js:60:7)
      at warnIfUpdatesNotWrappedWithActDEV (node_modules/react-dom/cjs/react-dom.development.js:27628:9)
      at scheduleUpdateOnFiber (node_modules/react-dom/cjs/react-dom.development.js:25547:5)
      at setWouldRecommend (node_modules/react-dom/cjs/react-dom.development.js:16708:7)
      at fetchMyFeedback (src/components/FeedbackSection.tsx:82:9)

  console.error
    Warning: An update to FeedbackSection inside a test was not wrapped in act(...).
    
    When testing, code that causes React state updates should be wrapped into act(...):
    
    act(() => {
      /* fire events that update state */
    });
    /* assert on the output */
    
    This ensures that you're testing the behavior the user would see in the browser. Learn more at https://reactjs.org/link/wrap-tests-with-act
        at FeedbackSection (C:\Dev\EPA-final-project\client\src\components\FeedbackSection.tsx:52:60)

    [0m [90m 91 |[39m       [36mconst[39m response [33m=[39m [36mawait[39m axios[33m.[39m[36mget[39m([32m`http://localhost:5001/api/events/${eventId}/feedback`[39m)[33m;[39m
     [90m 92 |[39m       [36mif[39m (response[33m.[39mdata[33m.[39msuccess) {
    [31m[1m>[22m[39m[90m 93 |[39m         setAllFeedback(response[33m.[39mdata[33m.[39mdata)[33m;[39m
     [90m    |[39m         [31m[1m^[22m[39m
     [90m 94 |[39m       }
     [90m 95 |[39m     } [36mcatch[39m (error) {
     [90m 96 |[39m       console[33m.[39merror([32m'Error fetching feedback:'[39m[33m,[39m error)[33m;[39m[0m

      at printWarning (node_modules/react-dom/cjs/react-dom.development.js:86:30)
      at error (node_modules/react-dom/cjs/react-dom.development.js:60:7)
      at warnIfUpdatesNotWrappedWithActDEV (node_modules/react-dom/cjs/react-dom.development.js:27628:9)
      at scheduleUpdateOnFiber (node_modules/react-dom/cjs/react-dom.development.js:25547:5)
      at setAllFeedback (node_modules/react-dom/cjs/react-dom.development.js:16708:7)
      at fetchAllFeedback (src/components/FeedbackSection.tsx:93:9)

  console.error
    Warning: An update to FeedbackSection inside a test was not wrapped in act(...).
    
    When testing, code that causes React state updates should be wrapped into act(...):
    
    act(() => {
      /* fire events that update state */
    });
    /* assert on the output */
    
    This ensures that you're testing the behavior the user would see in the browser. Learn more at https://reactjs.org/link/wrap-tests-with-act
        at FeedbackSection (C:\Dev\EPA-final-project\client\src\components\FeedbackSection.tsx:52:60)

    [0m [90m 102 |[39m       [36mconst[39m response [33m=[39m [36mawait[39m axios[33m.[39m[36mget[39m([32m`http://localhost:5001/api/events/${eventId}/feedback/stats`[39m)[33m;[39m
     [90m 103 |[39m       [36mif[39m (response[33m.[39mdata[33m.[39msuccess) {
    [31m[1m>[22m[39m[90m 104 |[39m         setStats(response[33m.[39mdata[33m.[39mdata)[33m;[39m
     [90m     |[39m         [31m[1m^[22m[39m
     [90m 105 |[39m       }
     [90m 106 |[39m     } [36mcatch[39m (error) {
     [90m 107 |[39m       console[33m.[39merror([32m'Error fetching stats:'[39m[33m,[39m error)[33m;[39m[0m

      at printWarning (node_modules/react-dom/cjs/react-dom.development.js:86:30)
      at error (node_modules/react-dom/cjs/react-dom.development.js:60:7)
      at warnIfUpdatesNotWrappedWithActDEV (node_modules/react-dom/cjs/react-dom.development.js:27628:9)
      at scheduleUpdateOnFiber (node_modules/react-dom/cjs/react-dom.development.js:25547:5)
      at setStats (node_modules/react-dom/cjs/react-dom.development.js:16708:7)
      at fetchStats (src/components/FeedbackSection.tsx:104:9)

  console.error
    Warning: An update to FeedbackSection inside a test was not wrapped in act(...).
    
    When testing, code that causes React state updates should be wrapped into act(...):
    
    act(() => {
      /* fire events that update state */
    });
    /* assert on the output */
    
    This ensures that you're testing the behavior the user would see in the browser. Learn more at https://reactjs.org/link/wrap-tests-with-act
        at FeedbackSection (C:\Dev\EPA-final-project\client\src\components\FeedbackSection.tsx:52:60)

    [0m [90m 77 |[39m       [36mif[39m (response[33m.[39mdata[33m.[39msuccess [33m&&[39m response[33m.[39mdata[33m.[39mdata) {
     [90m 78 |[39m         [36mconst[39m feedback [33m=[39m response[33m.[39mdata[33m.[39mdata[33m;[39m
    [31m[1m>[22m[39m[90m 79 |[39m         setMyFeedback(feedback)[33m;[39m
     [90m    |[39m         [31m[1m^[22m[39m
     [90m 80 |[39m         setRating(feedback[33m.[39m[33mRating[39m)[33m;[39m
     [90m 81 |[39m         setComment(feedback[33m.[39m[33mComment[39m [33m||[39m [32m''[39m)[33m;[39m
     [90m 82 |[39m         setWouldRecommend(feedback[33m.[39m[33mWouldRecommend[39m)[33m;[39m[0m

      at printWarning (node_modules/react-dom/cjs/react-dom.development.js:86:30)
      at error (node_modules/react-dom/cjs/react-dom.development.js:60:7)
      at warnIfUpdatesNotWrappedWithActDEV (node_modules/react-dom/cjs/react-dom.development.js:27628:9)
      at scheduleUpdateOnFiber (node_modules/react-dom/cjs/react-dom.development.js:25547:5)
      at setMyFeedback (node_modules/react-dom/cjs/react-dom.development.js:16708:7)
      at fetchMyFeedback (src/components/FeedbackSection.tsx:79:9)

  console.error
    Warning: An update to FeedbackSection inside a test was not wrapped in act(...).
    
    When testing, code that causes React state updates should be wrapped into act(...):
    
    act(() => {
      /* fire events that update state */
    });
    /* assert on the output */
    
    This ensures that you're testing the behavior the user would see in the browser. Learn more at https://reactjs.org/link/wrap-tests-with-act
        at FeedbackSection (C:\Dev\EPA-final-project\client\src\components\FeedbackSection.tsx:52:60)

    [0m [90m 78 |[39m         [36mconst[39m feedback [33m=[39m response[33m.[39mdata[33m.[39mdata[33m;[39m
     [90m 79 |[39m         setMyFeedback(feedback)[33m;[39m
    [31m[1m>[22m[39m[90m 80 |[39m         setRating(feedback[33m.[39m[33mRating[39m)[33m;[39m
     [90m    |[39m         [31m[1m^[22m[39m
     [90m 81 |[39m         setComment(feedback[33m.[39m[33mComment[39m [33m||[39m [32m''[39m)[33m;[39m
     [90m 82 |[39m         setWouldRecommend(feedback[33m.[39m[33mWouldRecommend[39m)[33m;[39m
     [90m 83 |[39m       }[0m

      at printWarning (node_modules/react-dom/cjs/react-dom.development.js:86:30)
      at error (node_modules/react-dom/cjs/react-dom.development.js:60:7)
      at warnIfUpdatesNotWrappedWithActDEV (node_modules/react-dom/cjs/react-dom.development.js:27628:9)
      at scheduleUpdateOnFiber (node_modules/react-dom/cjs/react-dom.development.js:25547:5)
      at setRating (node_modules/react-dom/cjs/react-dom.development.js:16708:7)
      at fetchMyFeedback (src/components/FeedbackSection.tsx:80:9)

  console.error
    Warning: An update to FeedbackSection inside a test was not wrapped in act(...).
    
    When testing, code that causes React state updates should be wrapped into act(...):
    
    act(() => {
      /* fire events that update state */
    });
    /* assert on the output */
    
    This ensures that you're testing the behavior the user would see in the browser. Learn more at https://reactjs.org/link/wrap-tests-with-act
        at FeedbackSection (C:\Dev\EPA-final-project\client\src\components\FeedbackSection.tsx:52:60)

    [0m [90m 79 |[39m         setMyFeedback(feedback)[33m;[39m
     [90m 80 |[39m         setRating(feedback[33m.[39m[33mRating[39m)[33m;[39m
    [31m[1m>[22m[39m[90m 81 |[39m         setComment(feedback[33m.[39m[33mComment[39m [33m||[39m [32m''[39m)[33m;[39m
     [90m    |[39m         [31m[1m^[22m[39m
     [90m 82 |[39m         setWouldRecommend(feedback[33m.[39m[33mWouldRecommend[39m)[33m;[39m
     [90m 83 |[39m       }
     [90m 84 |[39m     } [36mcatch[39m (error) {[0m

      at printWarning (node_modules/react-dom/cjs/react-dom.development.js:86:30)
      at error (node_modules/react-dom/cjs/react-dom.development.js:60:7)
      at warnIfUpdatesNotWrappedWithActDEV (node_modules/react-dom/cjs/react-dom.development.js:27628:9)
      at scheduleUpdateOnFiber (node_modules/react-dom/cjs/react-dom.development.js:25547:5)
      at setComment (node_modules/react-dom/cjs/react-dom.development.js:16708:7)
      at fetchMyFeedback (src/components/FeedbackSection.tsx:81:9)

  console.error
    Warning: An update to FeedbackSection inside a test was not wrapped in act(...).
    
    When testing, code that causes React state updates should be wrapped into act(...):
    
    act(() => {
      /* fire events that update state */
    });
    /* assert on the output */
    
    This ensures that you're testing the behavior the user would see in the browser. Learn more at https://reactjs.org/link/wrap-tests-with-act
        at FeedbackSection (C:\Dev\EPA-final-project\client\src\components\FeedbackSection.tsx:52:60)

    [0m [90m 80 |[39m         setRating(feedback[33m.[39m[33mRating[39m)[33m;[39m
     [90m 81 |[39m         setComment(feedback[33m.[39m[33mComment[39m [33m||[39m [32m''[39m)[33m;[39m
    [31m[1m>[22m[39m[90m 82 |[39m         setWouldRecommend(feedback[33m.[39m[33mWouldRecommend[39m)[33m;[39m
     [90m    |[39m         [31m[1m^[22m[39m
     [90m 83 |[39m       }
     [90m 84 |[39m     } [36mcatch[39m (error) {
     [90m 85 |[39m       console[33m.[39merror([32m'Error fetching my feedback:'[39m[33m,[39m error)[33m;[39m[0m

      at printWarning (node_modules/react-dom/cjs/react-dom.development.js:86:30)
      at error (node_modules/react-dom/cjs/react-dom.development.js:60:7)
      at warnIfUpdatesNotWrappedWithActDEV (node_modules/react-dom/cjs/react-dom.development.js:27628:9)
      at scheduleUpdateOnFiber (node_modules/react-dom/cjs/react-dom.development.js:25547:5)
      at setWouldRecommend (node_modules/react-dom/cjs/react-dom.development.js:16708:7)
      at fetchMyFeedback (src/components/FeedbackSection.tsx:82:9)

  console.error
    Warning: An update to FeedbackSection inside a test was not wrapped in act(...).
    
    When testing, code that causes React state updates should be wrapped into act(...):
    
    act(() => {
      /* fire events that update state */
    });
    /* assert on the output */
    
    This ensures that you're testing the behavior the user would see in the browser. Learn more at https://reactjs.org/link/wrap-tests-with-act
        at FeedbackSection (C:\Dev\EPA-final-project\client\src\components\FeedbackSection.tsx:52:60)

    [0m [90m 91 |[39m       [36mconst[39m response [33m=[39m [36mawait[39m axios[33m.[39m[36mget[39m([32m`http://localhost:5001/api/events/${eventId}/feedback`[39m)[33m;[39m
     [90m 92 |[39m       [36mif[39m (response[33m.[39mdata[33m.[39msuccess) {
    [31m[1m>[22m[39m[90m 93 |[39m         setAllFeedback(response[33m.[39mdata[33m.[39mdata)[33m;[39m
     [90m    |[39m         [31m[1m^[22m[39m
     [90m 94 |[39m       }
     [90m 95 |[39m     } [36mcatch[39m (error) {
     [90m 96 |[39m       console[33m.[39merror([32m'Error fetching feedback:'[39m[33m,[39m error)[33m;[39m[0m

      at printWarning (node_modules/react-dom/cjs/react-dom.development.js:86:30)
      at error (node_modules/react-dom/cjs/react-dom.development.js:60:7)
      at warnIfUpdatesNotWrappedWithActDEV (node_modules/react-dom/cjs/react-dom.development.js:27628:9)
      at scheduleUpdateOnFiber (node_modules/react-dom/cjs/react-dom.development.js:25547:5)
      at setAllFeedback (node_modules/react-dom/cjs/react-dom.development.js:16708:7)
      at fetchAllFeedback (src/components/FeedbackSection.tsx:93:9)

  console.error
    Warning: An update to FeedbackSection inside a test was not wrapped in act(...).
    
    When testing, code that causes React state updates should be wrapped into act(...):
    
    act(() => {
      /* fire events that update state */
    });
    /* assert on the output */
    
    This ensures that you're testing the behavior the user would see in the browser. Learn more at https://reactjs.org/link/wrap-tests-with-act
        at FeedbackSection (C:\Dev\EPA-final-project\client\src\components\FeedbackSection.tsx:52:60)

    [0m [90m 102 |[39m       [36mconst[39m response [33m=[39m [36mawait[39m axios[33m.[39m[36mget[39m([32m`http://localhost:5001/api/events/${eventId}/feedback/stats`[39m)[33m;[39m
     [90m 103 |[39m       [36mif[39m (response[33m.[39mdata[33m.[39msuccess) {
    [31m[1m>[22m[39m[90m 104 |[39m         setStats(response[33m.[39mdata[33m.[39mdata)[33m;[39m
     [90m     |[39m         [31m[1m^[22m[39m
     [90m 105 |[39m       }
     [90m 106 |[39m     } [36mcatch[39m (error) {
     [90m 107 |[39m       console[33m.[39merror([32m'Error fetching stats:'[39m[33m,[39m error)[33m;[39m[0m

      at printWarning (node_modules/react-dom/cjs/react-dom.development.js:86:30)
      at error (node_modules/react-dom/cjs/react-dom.development.js:60:7)
      at warnIfUpdatesNotWrappedWithActDEV (node_modules/react-dom/cjs/react-dom.development.js:27628:9)
      at scheduleUpdateOnFiber (node_modules/react-dom/cjs/react-dom.development.js:25547:5)
      at setStats (node_modules/react-dom/cjs/react-dom.development.js:16708:7)
      at fetchStats (src/components/FeedbackSection.tsx:104:9)

  console.error
    Warning: An update to FeedbackSection inside a test was not wrapped in act(...).
    
    When testing, code that causes React state updates should be wrapped into act(...):
    
    act(() => {
      /* fire events that update state */
    });
    /* assert on the output */
    
    This ensures that you're testing the behavior the user would see in the browser. Learn more at https://reactjs.org/link/wrap-tests-with-act
        at FeedbackSection (C:\Dev\EPA-final-project\client\src\components\FeedbackSection.tsx:52:60)

    [0m [90m 77 |[39m       [36mif[39m (response[33m.[39mdata[33m.[39msuccess [33m&&[39m response[33m.[39mdata[33m.[39mdata) {
     [90m 78 |[39m         [36mconst[39m feedback [33m=[39m response[33m.[39mdata[33m.[39mdata[33m;[39m
    [31m[1m>[22m[39m[90m 79 |[39m         setMyFeedback(feedback)[33m;[39m
     [90m    |[39m         [31m[1m^[22m[39m
     [90m 80 |[39m         setRating(feedback[33m.[39m[33mRating[39m)[33m;[39m
     [90m 81 |[39m         setComment(feedback[33m.[39m[33mComment[39m [33m||[39m [32m''[39m)[33m;[39m
     [90m 82 |[39m         setWouldRecommend(feedback[33m.[39m[33mWouldRecommend[39m)[33m;[39m[0m

      at printWarning (node_modules/react-dom/cjs/react-dom.development.js:86:30)
      at error (node_modules/react-dom/cjs/react-dom.development.js:60:7)
      at warnIfUpdatesNotWrappedWithActDEV (node_modules/react-dom/cjs/react-dom.development.js:27628:9)
      at scheduleUpdateOnFiber (node_modules/react-dom/cjs/react-dom.development.js:25547:5)
      at setMyFeedback (node_modules/react-dom/cjs/react-dom.development.js:16708:7)
      at fetchMyFeedback (src/components/FeedbackSection.tsx:79:9)

  console.error
    Warning: An update to FeedbackSection inside a test was not wrapped in act(...).
    
    When testing, code that causes React state updates should be wrapped into act(...):
    
    act(() => {
      /* fire events that update state */
    });
    /* assert on the output */
    
    This ensures that you're testing the behavior the user would see in the browser. Learn more at https://reactjs.org/link/wrap-tests-with-act
        at FeedbackSection (C:\Dev\EPA-final-project\client\src\components\FeedbackSection.tsx:52:60)

    [0m [90m 78 |[39m         [36mconst[39m feedback [33m=[39m response[33m.[39mdata[33m.[39mdata[33m;[39m
     [90m 79 |[39m         setMyFeedback(feedback)[33m;[39m
    [31m[1m>[22m[39m[90m 80 |[39m         setRating(feedback[33m.[39m[33mRating[39m)[33m;[39m
     [90m    |[39m         [31m[1m^[22m[39m
     [90m 81 |[39m         setComment(feedback[33m.[39m[33mComment[39m [33m||[39m [32m''[39m)[33m;[39m
     [90m 82 |[39m         setWouldRecommend(feedback[33m.[39m[33mWouldRecommend[39m)[33m;[39m
     [90m 83 |[39m       }[0m

      at printWarning (node_modules/react-dom/cjs/react-dom.development.js:86:30)
      at error (node_modules/react-dom/cjs/react-dom.development.js:60:7)
      at warnIfUpdatesNotWrappedWithActDEV (node_modules/react-dom/cjs/react-dom.development.js:27628:9)
      at scheduleUpdateOnFiber (node_modules/react-dom/cjs/react-dom.development.js:25547:5)
      at setRating (node_modules/react-dom/cjs/react-dom.development.js:16708:7)
      at fetchMyFeedback (src/components/FeedbackSection.tsx:80:9)

  console.error
    Warning: An update to FeedbackSection inside a test was not wrapped in act(...).
    
    When testing, code that causes React state updates should be wrapped into act(...):
    
    act(() => {
      /* fire events that update state */
    });
    /* assert on the output */
    
    This ensures that you're testing the behavior the user would see in the browser. Learn more at https://reactjs.org/link/wrap-tests-with-act
        at FeedbackSection (C:\Dev\EPA-final-project\client\src\components\FeedbackSection.tsx:52:60)

    [0m [90m 79 |[39m         setMyFeedback(feedback)[33m;[39m
     [90m 80 |[39m         setRating(feedback[33m.[39m[33mRating[39m)[33m;[39m
    [31m[1m>[22m[39m[90m 81 |[39m         setComment(feedback[33m.[39m[33mComment[39m [33m||[39m [32m''[39m)[33m;[39m
     [90m    |[39m         [31m[1m^[22m[39m
     [90m 82 |[39m         setWouldRecommend(feedback[33m.[39m[33mWouldRecommend[39m)[33m;[39m
     [90m 83 |[39m       }
     [90m 84 |[39m     } [36mcatch[39m (error) {[0m

      at printWarning (node_modules/react-dom/cjs/react-dom.development.js:86:30)
      at error (node_modules/react-dom/cjs/react-dom.development.js:60:7)
      at warnIfUpdatesNotWrappedWithActDEV (node_modules/react-dom/cjs/react-dom.development.js:27628:9)
      at scheduleUpdateOnFiber (node_modules/react-dom/cjs/react-dom.development.js:25547:5)
      at setComment (node_modules/react-dom/cjs/react-dom.development.js:16708:7)
      at fetchMyFeedback (src/components/FeedbackSection.tsx:81:9)

  console.error
    Warning: An update to FeedbackSection inside a test was not wrapped in act(...).
    
    When testing, code that causes React state updates should be wrapped into act(...):
    
    act(() => {
      /* fire events that update state */
    });
    /* assert on the output */
    
    This ensures that you're testing the behavior the user would see in the browser. Learn more at https://reactjs.org/link/wrap-tests-with-act
        at FeedbackSection (C:\Dev\EPA-final-project\client\src\components\FeedbackSection.tsx:52:60)

    [0m [90m 80 |[39m         setRating(feedback[33m.[39m[33mRating[39m)[33m;[39m
     [90m 81 |[39m         setComment(feedback[33m.[39m[33mComment[39m [33m||[39m [32m''[39m)[33m;[39m
    [31m[1m>[22m[39m[90m 82 |[39m         setWouldRecommend(feedback[33m.[39m[33mWouldRecommend[39m)[33m;[39m
     [90m    |[39m         [31m[1m^[22m[39m
     [90m 83 |[39m       }
     [90m 84 |[39m     } [36mcatch[39m (error) {
     [90m 85 |[39m       console[33m.[39merror([32m'Error fetching my feedback:'[39m[33m,[39m error)[33m;[39m[0m

      at printWarning (node_modules/react-dom/cjs/react-dom.development.js:86:30)
      at error (node_modules/react-dom/cjs/react-dom.development.js:60:7)
      at warnIfUpdatesNotWrappedWithActDEV (node_modules/react-dom/cjs/react-dom.development.js:27628:9)
      at scheduleUpdateOnFiber (node_modules/react-dom/cjs/react-dom.development.js:25547:5)
      at setWouldRecommend (node_modules/react-dom/cjs/react-dom.development.js:16708:7)
      at fetchMyFeedback (src/components/FeedbackSection.tsx:82:9)

  console.error
    Warning: An update to FeedbackSection inside a test was not wrapped in act(...).
    
    When testing, code that causes React state updates should be wrapped into act(...):
    
    act(() => {
      /* fire events that update state */
    });
    /* assert on the output */
    
    This ensures that you're testing the behavior the user would see in the browser. Learn more at https://reactjs.org/link/wrap-tests-with-act
        at FeedbackSection (C:\Dev\EPA-final-project\client\src\components\FeedbackSection.tsx:52:60)

    [0m [90m 91 |[39m       [36mconst[39m response [33m=[39m [36mawait[39m axios[33m.[39m[36mget[39m([32m`http://localhost:5001/api/events/${eventId}/feedback`[39m)[33m;[39m
     [90m 92 |[39m       [36mif[39m (response[33m.[39mdata[33m.[39msuccess) {
    [31m[1m>[22m[39m[90m 93 |[39m         setAllFeedback(response[33m.[39mdata[33m.[39mdata)[33m;[39m
     [90m    |[39m         [31m[1m^[22m[39m
     [90m 94 |[39m       }
     [90m 95 |[39m     } [36mcatch[39m (error) {
     [90m 96 |[39m       console[33m.[39merror([32m'Error fetching feedback:'[39m[33m,[39m error)[33m;[39m[0m

      at printWarning (node_modules/react-dom/cjs/react-dom.development.js:86:30)
      at error (node_modules/react-dom/cjs/react-dom.development.js:60:7)
      at warnIfUpdatesNotWrappedWithActDEV (node_modules/react-dom/cjs/react-dom.development.js:27628:9)
      at scheduleUpdateOnFiber (node_modules/react-dom/cjs/react-dom.development.js:25547:5)
      at setAllFeedback (node_modules/react-dom/cjs/react-dom.development.js:16708:7)
      at fetchAllFeedback (src/components/FeedbackSection.tsx:93:9)

  console.error
    Warning: An update to FeedbackSection inside a test was not wrapped in act(...).
    
    When testing, code that causes React state updates should be wrapped into act(...):
    
    act(() => {
      /* fire events that update state */
    });
    /* assert on the output */
    
    This ensures that you're testing the behavior the user would see in the browser. Learn more at https://reactjs.org/link/wrap-tests-with-act
        at FeedbackSection (C:\Dev\EPA-final-project\client\src\components\FeedbackSection.tsx:52:60)

    [0m [90m 102 |[39m       [36mconst[39m response [33m=[39m [36mawait[39m axios[33m.[39m[36mget[39m([32m`http://localhost:5001/api/events/${eventId}/feedback/stats`[39m)[33m;[39m
     [90m 103 |[39m       [36mif[39m (response[33m.[39mdata[33m.[39msuccess) {
    [31m[1m>[22m[39m[90m 104 |[39m         setStats(response[33m.[39mdata[33m.[39mdata)[33m;[39m
     [90m     |[39m         [31m[1m^[22m[39m
     [90m 105 |[39m       }
     [90m 106 |[39m     } [36mcatch[39m (error) {
     [90m 107 |[39m       console[33m.[39merror([32m'Error fetching stats:'[39m[33m,[39m error)[33m;[39m[0m

      at printWarning (node_modules/react-dom/cjs/react-dom.development.js:86:30)
      at error (node_modules/react-dom/cjs/react-dom.development.js:60:7)
      at warnIfUpdatesNotWrappedWithActDEV (node_modules/react-dom/cjs/react-dom.development.js:27628:9)
      at scheduleUpdateOnFiber (node_modules/react-dom/cjs/react-dom.development.js:25547:5)
      at setStats (node_modules/react-dom/cjs/react-dom.development.js:16708:7)
      at fetchStats (src/components/FeedbackSection.tsx:104:9)

  console.error
    Warning: A component is changing a controlled input to be uncontrolled. This is likely caused by the value changing from a defined to undefined, which should not happen. Decide between using a controlled or uncontrolled input element for the lifetime of the component. More info: https://reactjs.org/link/controlled-components
        at input
        at C:\Dev\EPA-final-project\client\node_modules\@emotion\react\dist\emotion-element-a1829a1e.cjs.js:58:23
        at span
        at C:\Dev\EPA-final-project\client\node_modules\@emotion\react\dist\emotion-element-a1829a1e.cjs.js:58:23
        at ButtonBase (C:\Dev\EPA-final-project\client\node_modules\@mui\material\node\ButtonBase\ButtonBase.js:94:59)
        at C:\Dev\EPA-final-project\client\node_modules\@emotion\react\dist\emotion-element-a1829a1e.cjs.js:58:23
        at SwitchBase (C:\Dev\EPA-final-project\client\node_modules\@mui\material\node\internal\SwitchBase.js:72:7)
        at C:\Dev\EPA-final-project\client\node_modules\@emotion\react\dist\emotion-element-a1829a1e.cjs.js:58:23
        at Checkbox (C:\Dev\EPA-final-project\client\node_modules\@mui\material\node\Checkbox\Checkbox.js:78:59)
        at label
        at C:\Dev\EPA-final-project\client\node_modules\@emotion\react\dist\emotion-element-a1829a1e.cjs.js:58:23
        at FormControlLabel (C:\Dev\EPA-final-project\client\node_modules\@mui\material\node\FormControlLabel\FormControlLabel.js:106:59)
        at div
        at C:\Dev\EPA-final-project\client\node_modules\@emotion\react\dist\emotion-element-a1829a1e.cjs.js:58:23
        at Paper (C:\Dev\EPA-final-project\client\node_modules\@mui\material\node\Paper\Paper.js:70:59)
        at div
        at C:\Dev\EPA-final-project\client\node_modules\@emotion\react\dist\emotion-element-a1829a1e.cjs.js:58:23
        at Box (C:\Dev\EPA-final-project\client\node_modules\@mui\system\createBox.js:31:41)
        at FeedbackSection (C:\Dev\EPA-final-project\client\src\components\FeedbackSection.tsx:52:60)

      at printWarning (node_modules/react-dom/cjs/react-dom.development.js:86:30)
      at error (node_modules/react-dom/cjs/react-dom.development.js:60:7)
      at updateWrapper (node_modules/react-dom/cjs/react-dom.development.js:1819:7)
      at updateProperties (node_modules/react-dom/cjs/react-dom.development.js:10151:7)
      at commitUpdate (node_modules/react-dom/cjs/react-dom.development.js:11047:3)
      at commitMutationEffectsOnFiber (node_modules/react-dom/cjs/react-dom.development.js:24428:19)
      at recursivelyTraverseMutationEffects (node_modules/react-dom/cjs/react-dom.development.js:24312:7)
      at commitMutationEffectsOnFiber (node_modules/react-dom/cjs/react-dom.development.js:24332:9)
      at recursivelyTraverseMutationEffects (node_modules/react-dom/cjs/react-dom.development.js:24312:7)
      at commitMutationEffectsOnFiber (node_modules/react-dom/cjs/react-dom.development.js:24615:9)
      at recursivelyTraverseMutationEffects (node_modules/react-dom/cjs/react-dom.development.js:24312:7)
      at commitMutationEffectsOnFiber (node_modules/react-dom/cjs/react-dom.development.js:24385:9)
      at recursivelyTraverseMutationEffects (node_modules/react-dom/cjs/react-dom.development.js:24312:7)
      at commitMutationEffectsOnFiber (node_modules/react-dom/cjs/react-dom.development.js:24332:9)
      at recursivelyTraverseMutationEffects (node_modules/react-dom/cjs/react-dom.development.js:24312:7)
      at commitMutationEffectsOnFiber (node_modules/react-dom/cjs/react-dom.development.js:24332:9)
      at recursivelyTraverseMutationEffects (node_modules/react-dom/cjs/react-dom.development.js:24312:7)
      at commitMutationEffectsOnFiber (node_modules/react-dom/cjs/react-dom.development.js:24332:9)
      at recursivelyTraverseMutationEffects (node_modules/react-dom/cjs/react-dom.development.js:24312:7)
      at commitMutationEffectsOnFiber (node_modules/react-dom/cjs/react-dom.development.js:24332:9)
      at recursivelyTraverseMutationEffects (node_modules/react-dom/cjs/react-dom.development.js:24312:7)
      at commitMutationEffectsOnFiber (node_modules/react-dom/cjs/react-dom.development.js:24332:9)
      at recursivelyTraverseMutationEffects (node_modules/react-dom/cjs/react-dom.development.js:24312:7)
      at commitMutationEffectsOnFiber (node_modules/react-dom/cjs/react-dom.development.js:24332:9)
      at recursivelyTraverseMutationEffects (node_modules/react-dom/cjs/react-dom.development.js:24312:7)
      at commitMutationEffectsOnFiber (node_modules/react-dom/cjs/react-dom.development.js:24385:9)
      at recursivelyTraverseMutationEffects (node_modules/react-dom/cjs/react-dom.development.js:24312:7)
      at commitMutationEffectsOnFiber (node_modules/react-dom/cjs/react-dom.development.js:24332:9)
      at recursivelyTraverseMutationEffects (node_modules/react-dom/cjs/react-dom.development.js:24312:7)
      at commitMutationEffectsOnFiber (node_modules/react-dom/cjs/react-dom.development.js:24332:9)
      at recursivelyTraverseMutationEffects (node_modules/react-dom/cjs/react-dom.development.js:24312:7)
      at commitMutationEffectsOnFiber (node_modules/react-dom/cjs/react-dom.development.js:24385:9)
      at recursivelyTraverseMutationEffects (node_modules/react-dom/cjs/react-dom.development.js:24312:7)
      at commitMutationEffectsOnFiber (node_modules/react-dom/cjs/react-dom.development.js:24332:9)
      at recursivelyTraverseMutationEffects (node_modules/react-dom/cjs/react-dom.development.js:24312:7)
      at commitMutationEffectsOnFiber (node_modules/react-dom/cjs/react-dom.development.js:24332:9)
      at recursivelyTraverseMutationEffects (node_modules/react-dom/cjs/react-dom.development.js:24312:7)
      at commitMutationEffectsOnFiber (node_modules/react-dom/cjs/react-dom.development.js:24385:9)
      at recursivelyTraverseMutationEffects (node_modules/react-dom/cjs/react-dom.development.js:24312:7)
      at commitMutationEffectsOnFiber (node_modules/react-dom/cjs/react-dom.development.js:24332:9)
      at recursivelyTraverseMutationEffects (node_modules/react-dom/cjs/react-dom.development.js:24312:7)
      at commitMutationEffectsOnFiber (node_modules/react-dom/cjs/react-dom.development.js:24332:9)
      at recursivelyTraverseMutationEffects (node_modules/react-dom/cjs/react-dom.development.js:24312:7)
      at commitMutationEffectsOnFiber (node_modules/react-dom/cjs/react-dom.development.js:24332:9)
      at recursivelyTraverseMutationEffects (node_modules/react-dom/cjs/react-dom.development.js:24312:7)
      at commitMutationEffectsOnFiber (node_modules/react-dom/cjs/react-dom.development.js:24471:9)
      at commitMutationEffects (node_modules/react-dom/cjs/react-dom.development.js:24282:3)

  console.error
    MUI: A component is changing the controlled value state of Rating to be uncontrolled.
    Elements should not switch from uncontrolled to controlled (or vice versa).
    Decide between using a controlled or uncontrolled Rating element for the lifetime of the component.
    The nature of the state is determined during the first render. It's considered controlled if the value is not `undefined`.
    More info: https://fb.me/react-controlled-components

      at node_modules/@mui/utils/useControlled/useControlled.js:27:17
      at commitHookEffectListMount (node_modules/react-dom/cjs/react-dom.development.js:23189:26)
      at commitPassiveMountOnFiber (node_modules/react-dom/cjs/react-dom.development.js:24970:11)
      at commitPassiveMountEffects_complete (node_modules/react-dom/cjs/react-dom.development.js:24930:9)
      at commitPassiveMountEffects_begin (node_modules/react-dom/cjs/react-dom.development.js:24917:7)
      at commitPassiveMountEffects (node_modules/react-dom/cjs/react-dom.development.js:24905:3)
      at flushPassiveEffectsImpl (node_modules/react-dom/cjs/react-dom.development.js:27078:3)
      at flushPassiveEffects (node_modules/react-dom/cjs/react-dom.development.js:27023:14)
      at performSyncWorkOnRoot (node_modules/react-dom/cjs/react-dom.development.js:26115:3)
      at flushSyncCallbacks (node_modules/react-dom/cjs/react-dom.development.js:12042:22)
      at commitRootImpl (node_modules/react-dom/cjs/react-dom.development.js:26998:3)
      at commitRoot (node_modules/react-dom/cjs/react-dom.development.js:26721:5)
      at finishConcurrentRender (node_modules/react-dom/cjs/react-dom.development.js:26020:9)
      at performConcurrentWorkOnRoot (node_modules/react-dom/cjs/react-dom.development.js:25848:7)
      at workLoop (node_modules/scheduler/cjs/scheduler.development.js:266:34)
      at flushWork (node_modules/scheduler/cjs/scheduler.development.js:239:14)
      at performWorkUntilDeadline (node_modules/scheduler/cjs/scheduler.development.js:533:21)
      at Timeout.task [as _onTimeout] (node_modules/jsdom/lib/jsdom/browser/Window.js:516:19)

  console.error
    MUI: A component is changing the controlled checked state of SwitchBase to be uncontrolled.
    Elements should not switch from uncontrolled to controlled (or vice versa).
    Decide between using a controlled or uncontrolled SwitchBase element for the lifetime of the component.
    The nature of the state is determined during the first render. It's considered controlled if the value is not `undefined`.
    More info: https://fb.me/react-controlled-components

      at node_modules/@mui/utils/useControlled/useControlled.js:27:17
      at commitHookEffectListMount (node_modules/react-dom/cjs/react-dom.development.js:23189:26)
      at commitPassiveMountOnFiber (node_modules/react-dom/cjs/react-dom.development.js:24970:11)
      at commitPassiveMountEffects_complete (node_modules/react-dom/cjs/react-dom.development.js:24930:9)
      at commitPassiveMountEffects_begin (node_modules/react-dom/cjs/react-dom.development.js:24917:7)
      at commitPassiveMountEffects (node_modules/react-dom/cjs/react-dom.development.js:24905:3)
      at flushPassiveEffectsImpl (node_modules/react-dom/cjs/react-dom.development.js:27078:3)
      at flushPassiveEffects (node_modules/react-dom/cjs/react-dom.development.js:27023:14)
      at performSyncWorkOnRoot (node_modules/react-dom/cjs/react-dom.development.js:26115:3)
      at flushSyncCallbacks (node_modules/react-dom/cjs/react-dom.development.js:12042:22)
      at commitRootImpl (node_modules/react-dom/cjs/react-dom.development.js:26998:3)
      at commitRoot (node_modules/react-dom/cjs/react-dom.development.js:26721:5)
      at finishConcurrentRender (node_modules/react-dom/cjs/react-dom.development.js:26020:9)
      at performConcurrentWorkOnRoot (node_modules/react-dom/cjs/react-dom.development.js:25848:7)
      at workLoop (node_modules/scheduler/cjs/scheduler.development.js:266:34)
      at flushWork (node_modules/scheduler/cjs/scheduler.development.js:239:14)
      at performWorkUntilDeadline (node_modules/scheduler/cjs/scheduler.development.js:533:21)
      at Timeout.task [as _onTimeout] (node_modules/jsdom/lib/jsdom/browser/Window.js:516:19)

  console.error
    MUI: A component is changing the controlled value state of Rating to be uncontrolled.
    Elements should not switch from uncontrolled to controlled (or vice versa).
    Decide between using a controlled or uncontrolled Rating element for the lifetime of the component.
    The nature of the state is determined during the first render. It's considered controlled if the value is not `undefined`.
    More info: https://fb.me/react-controlled-components

      at node_modules/@mui/utils/useControlled/useControlled.js:27:17
      at commitHookEffectListMount (node_modules/react-dom/cjs/react-dom.development.js:23189:26)
      at commitPassiveMountOnFiber (node_modules/react-dom/cjs/react-dom.development.js:24970:11)
      at commitPassiveMountEffects_complete (node_modules/react-dom/cjs/react-dom.development.js:24930:9)
      at commitPassiveMountEffects_begin (node_modules/react-dom/cjs/react-dom.development.js:24917:7)
      at commitPassiveMountEffects (node_modules/react-dom/cjs/react-dom.development.js:24905:3)
      at flushPassiveEffectsImpl (node_modules/react-dom/cjs/react-dom.development.js:27078:3)
      at flushPassiveEffects (node_modules/react-dom/cjs/react-dom.development.js:27023:14)
      at performSyncWorkOnRoot (node_modules/react-dom/cjs/react-dom.development.js:26115:3)
      at flushSyncCallbacks (node_modules/react-dom/cjs/react-dom.development.js:12042:22)
      at commitRootImpl (node_modules/react-dom/cjs/react-dom.development.js:26998:3)
      at commitRoot (node_modules/react-dom/cjs/react-dom.development.js:26721:5)
      at finishConcurrentRender (node_modules/react-dom/cjs/react-dom.development.js:26020:9)
      at performConcurrentWorkOnRoot (node_modules/react-dom/cjs/react-dom.development.js:25848:7)
      at workLoop (node_modules/scheduler/cjs/scheduler.development.js:266:34)
      at flushWork (node_modules/scheduler/cjs/scheduler.development.js:239:14)
      at performWorkUntilDeadline (node_modules/scheduler/cjs/scheduler.development.js:533:21)
      at Timeout.task [as _onTimeout] (node_modules/jsdom/lib/jsdom/browser/Window.js:516:19)

  console.error
    MUI: A component is changing the controlled checked state of SwitchBase to be uncontrolled.
    Elements should not switch from uncontrolled to controlled (or vice versa).
    Decide between using a controlled or uncontrolled SwitchBase element for the lifetime of the component.
    The nature of the state is determined during the first render. It's considered controlled if the value is not `undefined`.
    More info: https://fb.me/react-controlled-components

      at node_modules/@mui/utils/useControlled/useControlled.js:27:17
      at commitHookEffectListMount (node_modules/react-dom/cjs/react-dom.development.js:23189:26)
      at commitPassiveMountOnFiber (node_modules/react-dom/cjs/react-dom.development.js:24970:11)
      at commitPassiveMountEffects_complete (node_modules/react-dom/cjs/react-dom.development.js:24930:9)
      at commitPassiveMountEffects_begin (node_modules/react-dom/cjs/react-dom.development.js:24917:7)
      at commitPassiveMountEffects (node_modules/react-dom/cjs/react-dom.development.js:24905:3)
      at flushPassiveEffectsImpl (node_modules/react-dom/cjs/react-dom.development.js:27078:3)
      at flushPassiveEffects (node_modules/react-dom/cjs/react-dom.development.js:27023:14)
      at performSyncWorkOnRoot (node_modules/react-dom/cjs/react-dom.development.js:26115:3)
      at flushSyncCallbacks (node_modules/react-dom/cjs/react-dom.development.js:12042:22)
      at commitRootImpl (node_modules/react-dom/cjs/react-dom.development.js:26998:3)
      at commitRoot (node_modules/react-dom/cjs/react-dom.development.js:26721:5)
      at finishConcurrentRender (node_modules/react-dom/cjs/react-dom.development.js:26020:9)
      at performConcurrentWorkOnRoot (node_modules/react-dom/cjs/react-dom.development.js:25848:7)
      at workLoop (node_modules/scheduler/cjs/scheduler.development.js:266:34)
      at flushWork (node_modules/scheduler/cjs/scheduler.development.js:239:14)
      at performWorkUntilDeadline (node_modules/scheduler/cjs/scheduler.development.js:533:21)
      at Timeout.task [as _onTimeout] (node_modules/jsdom/lib/jsdom/browser/Window.js:516:19)

  console.error
    Warning: An update to FeedbackSection inside a test was not wrapped in act(...).
    
    When testing, code that causes React state updates should be wrapped into act(...):
    
    act(() => {
      /* fire events that update state */
    });
    /* assert on the output */
    
    This ensures that you're testing the behavior the user would see in the browser. Learn more at https://reactjs.org/link/wrap-tests-with-act
        at FeedbackSection (C:\Dev\EPA-final-project\client\src\components\FeedbackSection.tsx:52:60)

    [0m [90m 77 |[39m       [36mif[39m (response[33m.[39mdata[33m.[39msuccess [33m&&[39m response[33m.[39mdata[33m.[39mdata) {
     [90m 78 |[39m         [36mconst[39m feedback [33m=[39m response[33m.[39mdata[33m.[39mdata[33m;[39m
    [31m[1m>[22m[39m[90m 79 |[39m         setMyFeedback(feedback)[33m;[39m
     [90m    |[39m         [31m[1m^[22m[39m
     [90m 80 |[39m         setRating(feedback[33m.[39m[33mRating[39m)[33m;[39m
     [90m 81 |[39m         setComment(feedback[33m.[39m[33mComment[39m [33m||[39m [32m''[39m)[33m;[39m
     [90m 82 |[39m         setWouldRecommend(feedback[33m.[39m[33mWouldRecommend[39m)[33m;[39m[0m

      at printWarning (node_modules/react-dom/cjs/react-dom.development.js:86:30)
      at error (node_modules/react-dom/cjs/react-dom.development.js:60:7)
      at warnIfUpdatesNotWrappedWithActDEV (node_modules/react-dom/cjs/react-dom.development.js:27628:9)
      at scheduleUpdateOnFiber (node_modules/react-dom/cjs/react-dom.development.js:25547:5)
      at setMyFeedback (node_modules/react-dom/cjs/react-dom.development.js:16708:7)
      at fetchMyFeedback (src/components/FeedbackSection.tsx:79:9)

  console.error
    Warning: An update to FeedbackSection inside a test was not wrapped in act(...).
    
    When testing, code that causes React state updates should be wrapped into act(...):
    
    act(() => {
      /* fire events that update state */
    });
    /* assert on the output */
    
    This ensures that you're testing the behavior the user would see in the browser. Learn more at https://reactjs.org/link/wrap-tests-with-act
        at FeedbackSection (C:\Dev\EPA-final-project\client\src\components\FeedbackSection.tsx:52:60)

    [0m [90m 78 |[39m         [36mconst[39m feedback [33m=[39m response[33m.[39mdata[33m.[39mdata[33m;[39m
     [90m 79 |[39m         setMyFeedback(feedback)[33m;[39m
    [31m[1m>[22m[39m[90m 80 |[39m         setRating(feedback[33m.[39m[33mRating[39m)[33m;[39m
     [90m    |[39m         [31m[1m^[22m[39m
     [90m 81 |[39m         setComment(feedback[33m.[39m[33mComment[39m [33m||[39m [32m''[39m)[33m;[39m
     [90m 82 |[39m         setWouldRecommend(feedback[33m.[39m[33mWouldRecommend[39m)[33m;[39m
     [90m 83 |[39m       }[0m

      at printWarning (node_modules/react-dom/cjs/react-dom.development.js:86:30)
      at error (node_modules/react-dom/cjs/react-dom.development.js:60:7)
      at warnIfUpdatesNotWrappedWithActDEV (node_modules/react-dom/cjs/react-dom.development.js:27628:9)
      at scheduleUpdateOnFiber (node_modules/react-dom/cjs/react-dom.development.js:25547:5)
      at setRating (node_modules/react-dom/cjs/react-dom.development.js:16708:7)
      at fetchMyFeedback (src/components/FeedbackSection.tsx:80:9)

  console.error
    Warning: An update to FeedbackSection inside a test was not wrapped in act(...).
    
    When testing, code that causes React state updates should be wrapped into act(...):
    
    act(() => {
      /* fire events that update state */
    });
    /* assert on the output */
    
    This ensures that you're testing the behavior the user would see in the browser. Learn more at https://reactjs.org/link/wrap-tests-with-act
        at FeedbackSection (C:\Dev\EPA-final-project\client\src\components\FeedbackSection.tsx:52:60)

    [0m [90m 79 |[39m         setMyFeedback(feedback)[33m;[39m
     [90m 80 |[39m         setRating(feedback[33m.[39m[33mRating[39m)[33m;[39m
    [31m[1m>[22m[39m[90m 81 |[39m         setComment(feedback[33m.[39m[33mComment[39m [33m||[39m [32m''[39m)[33m;[39m
     [90m    |[39m         [31m[1m^[22m[39m
     [90m 82 |[39m         setWouldRecommend(feedback[33m.[39m[33mWouldRecommend[39m)[33m;[39m
     [90m 83 |[39m       }
     [90m 84 |[39m     } [36mcatch[39m (error) {[0m

      at printWarning (node_modules/react-dom/cjs/react-dom.development.js:86:30)
      at error (node_modules/react-dom/cjs/react-dom.development.js:60:7)
      at warnIfUpdatesNotWrappedWithActDEV (node_modules/react-dom/cjs/react-dom.development.js:27628:9)
      at scheduleUpdateOnFiber (node_modules/react-dom/cjs/react-dom.development.js:25547:5)
      at setComment (node_modules/react-dom/cjs/react-dom.development.js:16708:7)
      at fetchMyFeedback (src/components/FeedbackSection.tsx:81:9)

  console.error
    Warning: An update to FeedbackSection inside a test was not wrapped in act(...).
    
    When testing, code that causes React state updates should be wrapped into act(...):
    
    act(() => {
      /* fire events that update state */
    });
    /* assert on the output */
    
    This ensures that you're testing the behavior the user would see in the browser. Learn more at https://reactjs.org/link/wrap-tests-with-act
        at FeedbackSection (C:\Dev\EPA-final-project\client\src\components\FeedbackSection.tsx:52:60)

    [0m [90m 80 |[39m         setRating(feedback[33m.[39m[33mRating[39m)[33m;[39m
     [90m 81 |[39m         setComment(feedback[33m.[39m[33mComment[39m [33m||[39m [32m''[39m)[33m;[39m
    [31m[1m>[22m[39m[90m 82 |[39m         setWouldRecommend(feedback[33m.[39m[33mWouldRecommend[39m)[33m;[39m
     [90m    |[39m         [31m[1m^[22m[39m
     [90m 83 |[39m       }
     [90m 84 |[39m     } [36mcatch[39m (error) {
     [90m 85 |[39m       console[33m.[39merror([32m'Error fetching my feedback:'[39m[33m,[39m error)[33m;[39m[0m

      at printWarning (node_modules/react-dom/cjs/react-dom.development.js:86:30)
      at error (node_modules/react-dom/cjs/react-dom.development.js:60:7)
      at warnIfUpdatesNotWrappedWithActDEV (node_modules/react-dom/cjs/react-dom.development.js:27628:9)
      at scheduleUpdateOnFiber (node_modules/react-dom/cjs/react-dom.development.js:25547:5)
      at setWouldRecommend (node_modules/react-dom/cjs/react-dom.development.js:16708:7)
      at fetchMyFeedback (src/components/FeedbackSection.tsx:82:9)

  console.error
    Warning: An update to FeedbackSection inside a test was not wrapped in act(...).
    
    When testing, code that causes React state updates should be wrapped into act(...):
    
    act(() => {
      /* fire events that update state */
    });
    /* assert on the output */
    
    This ensures that you're testing the behavior the user would see in the browser. Learn more at https://reactjs.org/link/wrap-tests-with-act
        at FeedbackSection (C:\Dev\EPA-final-project\client\src\components\FeedbackSection.tsx:52:60)

    [0m [90m 91 |[39m       [36mconst[39m response [33m=[39m [36mawait[39m axios[33m.[39m[36mget[39m([32m`http://localhost:5001/api/events/${eventId}/feedback`[39m)[33m;[39m
     [90m 92 |[39m       [36mif[39m (response[33m.[39mdata[33m.[39msuccess) {
    [31m[1m>[22m[39m[90m 93 |[39m         setAllFeedback(response[33m.[39mdata[33m.[39mdata)[33m;[39m
     [90m    |[39m         [31m[1m^[22m[39m
     [90m 94 |[39m       }
     [90m 95 |[39m     } [36mcatch[39m (error) {
     [90m 96 |[39m       console[33m.[39merror([32m'Error fetching feedback:'[39m[33m,[39m error)[33m;[39m[0m

      at printWarning (node_modules/react-dom/cjs/react-dom.development.js:86:30)
      at error (node_modules/react-dom/cjs/react-dom.development.js:60:7)
      at warnIfUpdatesNotWrappedWithActDEV (node_modules/react-dom/cjs/react-dom.development.js:27628:9)
      at scheduleUpdateOnFiber (node_modules/react-dom/cjs/react-dom.development.js:25547:5)
      at setAllFeedback (node_modules/react-dom/cjs/react-dom.development.js:16708:7)
      at fetchAllFeedback (src/components/FeedbackSection.tsx:93:9)

  console.error
    Warning: An update to FeedbackSection inside a test was not wrapped in act(...).
    
    When testing, code that causes React state updates should be wrapped into act(...):
    
    act(() => {
      /* fire events that update state */
    });
    /* assert on the output */
    
    This ensures that you're testing the behavior the user would see in the browser. Learn more at https://reactjs.org/link/wrap-tests-with-act
        at FeedbackSection (C:\Dev\EPA-final-project\client\src\components\FeedbackSection.tsx:52:60)

    [0m [90m 102 |[39m       [36mconst[39m response [33m=[39m [36mawait[39m axios[33m.[39m[36mget[39m([32m`http://localhost:5001/api/events/${eventId}/feedback/stats`[39m)[33m;[39m
     [90m 103 |[39m       [36mif[39m (response[33m.[39mdata[33m.[39msuccess) {
    [31m[1m>[22m[39m[90m 104 |[39m         setStats(response[33m.[39mdata[33m.[39mdata)[33m;[39m
     [90m     |[39m         [31m[1m^[22m[39m
     [90m 105 |[39m       }
     [90m 106 |[39m     } [36mcatch[39m (error) {
     [90m 107 |[39m       console[33m.[39merror([32m'Error fetching stats:'[39m[33m,[39m error)[33m;[39m[0m

      at printWarning (node_modules/react-dom/cjs/react-dom.development.js:86:30)
      at error (node_modules/react-dom/cjs/react-dom.development.js:60:7)
      at warnIfUpdatesNotWrappedWithActDEV (node_modules/react-dom/cjs/react-dom.development.js:27628:9)
      at scheduleUpdateOnFiber (node_modules/react-dom/cjs/react-dom.development.js:25547:5)
      at setStats (node_modules/react-dom/cjs/react-dom.development.js:16708:7)
      at fetchStats (src/components/FeedbackSection.tsx:104:9)

  console.error
    MUI: A component is changing the controlled value state of Rating to be uncontrolled.
    Elements should not switch from uncontrolled to controlled (or vice versa).
    Decide between using a controlled or uncontrolled Rating element for the lifetime of the component.
    The nature of the state is determined during the first render. It's considered controlled if the value is not `undefined`.
    More info: https://fb.me/react-controlled-components

      at node_modules/@mui/utils/useControlled/useControlled.js:27:17
      at commitHookEffectListMount (node_modules/react-dom/cjs/react-dom.development.js:23189:26)
      at commitPassiveMountOnFiber (node_modules/react-dom/cjs/react-dom.development.js:24970:11)
      at commitPassiveMountEffects_complete (node_modules/react-dom/cjs/react-dom.development.js:24930:9)
      at commitPassiveMountEffects_begin (node_modules/react-dom/cjs/react-dom.development.js:24917:7)
      at commitPassiveMountEffects (node_modules/react-dom/cjs/react-dom.development.js:24905:3)
      at flushPassiveEffectsImpl (node_modules/react-dom/cjs/react-dom.development.js:27078:3)
      at flushPassiveEffects (node_modules/react-dom/cjs/react-dom.development.js:27023:14)
      at performSyncWorkOnRoot (node_modules/react-dom/cjs/react-dom.development.js:26115:3)
      at flushSyncCallbacks (node_modules/react-dom/cjs/react-dom.development.js:12042:22)
      at flushSync (node_modules/react-dom/cjs/react-dom.development.js:26240:7)
      at ReactDOMRoot.Object.<anonymous>.ReactDOMHydrationRoot.unmount.ReactDOMRoot.unmount [as unmount] (node_modules/react-dom/cjs/react-dom.development.js:29375:5)
      at Object.unmount (node_modules/@testing-library/react/dist/pure.js:164:12)
      at node_modules/@testing-library/react/dist/pure.js:308:12
      at node_modules/@testing-library/react/dist/act-compat.js:48:24
      at act (node_modules/react/cjs/react.development.js:2512:16)
      at node_modules/@testing-library/react/dist/act-compat.js:47:25
      at node_modules/@testing-library/react/dist/pure.js:307:28
          at Array.forEach (<anonymous>)
      at cleanup (node_modules/@testing-library/react/dist/pure.js:303:22)
      at Object.<anonymous> (node_modules/@testing-library/react/dist/index.js:28:25)
      at TestScheduler.scheduleTests (node_modules/@jest/core/build/TestScheduler.js:333:13)
      at runJest (node_modules/@jest/core/build/runJest.js:404:19)
      at _run10000 (node_modules/@jest/core/build/cli/index.js:320:7)
      at runCLI (node_modules/@jest/core/build/cli/index.js:173:3)

  console.error
    MUI: A component is changing the controlled checked state of SwitchBase to be uncontrolled.
    Elements should not switch from uncontrolled to controlled (or vice versa).
    Decide between using a controlled or uncontrolled SwitchBase element for the lifetime of the component.
    The nature of the state is determined during the first render. It's considered controlled if the value is not `undefined`.
    More info: https://fb.me/react-controlled-components

      at node_modules/@mui/utils/useControlled/useControlled.js:27:17
      at commitHookEffectListMount (node_modules/react-dom/cjs/react-dom.development.js:23189:26)
      at commitPassiveMountOnFiber (node_modules/react-dom/cjs/react-dom.development.js:24970:11)
      at commitPassiveMountEffects_complete (node_modules/react-dom/cjs/react-dom.development.js:24930:9)
      at commitPassiveMountEffects_begin (node_modules/react-dom/cjs/react-dom.development.js:24917:7)
      at commitPassiveMountEffects (node_modules/react-dom/cjs/react-dom.development.js:24905:3)
      at flushPassiveEffectsImpl (node_modules/react-dom/cjs/react-dom.development.js:27078:3)
      at flushPassiveEffects (node_modules/react-dom/cjs/react-dom.development.js:27023:14)
      at performSyncWorkOnRoot (node_modules/react-dom/cjs/react-dom.development.js:26115:3)
      at flushSyncCallbacks (node_modules/react-dom/cjs/react-dom.development.js:12042:22)
      at flushSync (node_modules/react-dom/cjs/react-dom.development.js:26240:7)
      at ReactDOMRoot.Object.<anonymous>.ReactDOMHydrationRoot.unmount.ReactDOMRoot.unmount [as unmount] (node_modules/react-dom/cjs/react-dom.development.js:29375:5)
      at Object.unmount (node_modules/@testing-library/react/dist/pure.js:164:12)
      at node_modules/@testing-library/react/dist/pure.js:308:12
      at node_modules/@testing-library/react/dist/act-compat.js:48:24
      at act (node_modules/react/cjs/react.development.js:2512:16)
      at node_modules/@testing-library/react/dist/act-compat.js:47:25
      at node_modules/@testing-library/react/dist/pure.js:307:28
          at Array.forEach (<anonymous>)
      at cleanup (node_modules/@testing-library/react/dist/pure.js:303:22)
      at Object.<anonymous> (node_modules/@testing-library/react/dist/index.js:28:25)
      at TestScheduler.scheduleTests (node_modules/@jest/core/build/TestScheduler.js:333:13)
      at runJest (node_modules/@jest/core/build/runJest.js:404:19)
      at _run10000 (node_modules/@jest/core/build/cli/index.js:320:7)
      at runCLI (node_modules/@jest/core/build/cli/index.js:173:3)

  console.error
    MUI: A component is changing the controlled value state of Rating to be uncontrolled.
    Elements should not switch from uncontrolled to controlled (or vice versa).
    Decide between using a controlled or uncontrolled Rating element for the lifetime of the component.
    The nature of the state is determined during the first render. It's considered controlled if the value is not `undefined`.
    More info: https://fb.me/react-controlled-components

      at node_modules/@mui/utils/useControlled/useControlled.js:27:17
      at commitHookEffectListMount (node_modules/react-dom/cjs/react-dom.development.js:23189:26)
      at commitPassiveMountOnFiber (node_modules/react-dom/cjs/react-dom.development.js:24970:11)
      at commitPassiveMountEffects_complete (node_modules/react-dom/cjs/react-dom.development.js:24930:9)
      at commitPassiveMountEffects_begin (node_modules/react-dom/cjs/react-dom.development.js:24917:7)
      at commitPassiveMountEffects (node_modules/react-dom/cjs/react-dom.development.js:24905:3)
      at flushPassiveEffectsImpl (node_modules/react-dom/cjs/react-dom.development.js:27078:3)
      at flushPassiveEffects (node_modules/react-dom/cjs/react-dom.development.js:27023:14)
      at performSyncWorkOnRoot (node_modules/react-dom/cjs/react-dom.development.js:26115:3)
      at flushSyncCallbacks (node_modules/react-dom/cjs/react-dom.development.js:12042:22)
      at commitRootImpl (node_modules/react-dom/cjs/react-dom.development.js:26998:3)
      at commitRoot (node_modules/react-dom/cjs/react-dom.development.js:26721:5)
      at finishConcurrentRender (node_modules/react-dom/cjs/react-dom.development.js:26020:9)
      at performConcurrentWorkOnRoot (node_modules/react-dom/cjs/react-dom.development.js:25848:7)
      at workLoop (node_modules/scheduler/cjs/scheduler.development.js:266:34)
      at flushWork (node_modules/scheduler/cjs/scheduler.development.js:239:14)
      at performWorkUntilDeadline (node_modules/scheduler/cjs/scheduler.development.js:533:21)
      at Timeout.task [as _onTimeout] (node_modules/jsdom/lib/jsdom/browser/Window.js:516:19)

  console.error
    MUI: A component is changing the controlled checked state of SwitchBase to be uncontrolled.
    Elements should not switch from uncontrolled to controlled (or vice versa).
    Decide between using a controlled or uncontrolled SwitchBase element for the lifetime of the component.
    The nature of the state is determined during the first render. It's considered controlled if the value is not `undefined`.
    More info: https://fb.me/react-controlled-components

      at node_modules/@mui/utils/useControlled/useControlled.js:27:17
      at commitHookEffectListMount (node_modules/react-dom/cjs/react-dom.development.js:23189:26)
      at commitPassiveMountOnFiber (node_modules/react-dom/cjs/react-dom.development.js:24970:11)
      at commitPassiveMountEffects_complete (node_modules/react-dom/cjs/react-dom.development.js:24930:9)
      at commitPassiveMountEffects_begin (node_modules/react-dom/cjs/react-dom.development.js:24917:7)
      at commitPassiveMountEffects (node_modules/react-dom/cjs/react-dom.development.js:24905:3)
      at flushPassiveEffectsImpl (node_modules/react-dom/cjs/react-dom.development.js:27078:3)
      at flushPassiveEffects (node_modules/react-dom/cjs/react-dom.development.js:27023:14)
      at performSyncWorkOnRoot (node_modules/react-dom/cjs/react-dom.development.js:26115:3)
      at flushSyncCallbacks (node_modules/react-dom/cjs/react-dom.development.js:12042:22)
      at commitRootImpl (node_modules/react-dom/cjs/react-dom.development.js:26998:3)
      at commitRoot (node_modules/react-dom/cjs/react-dom.development.js:26721:5)
      at finishConcurrentRender (node_modules/react-dom/cjs/react-dom.development.js:26020:9)
      at performConcurrentWorkOnRoot (node_modules/react-dom/cjs/react-dom.development.js:25848:7)
      at workLoop (node_modules/scheduler/cjs/scheduler.development.js:266:34)
      at flushWork (node_modules/scheduler/cjs/scheduler.development.js:239:14)
      at performWorkUntilDeadline (node_modules/scheduler/cjs/scheduler.development.js:533:21)
      at Timeout.task [as _onTimeout] (node_modules/jsdom/lib/jsdom/browser/Window.js:516:19)

  console.error
    Warning: An update to FeedbackSection inside a test was not wrapped in act(...).
    
    When testing, code that causes React state updates should be wrapped into act(...):
    
    act(() => {
      /* fire events that update state */
    });
    /* assert on the output */
    
    This ensures that you're testing the behavior the user would see in the browser. Learn more at https://reactjs.org/link/wrap-tests-with-act
        at FeedbackSection (C:\Dev\EPA-final-project\client\src\components\FeedbackSection.tsx:52:60)

    [0m [90m 77 |[39m       [36mif[39m (response[33m.[39mdata[33m.[39msuccess [33m&&[39m response[33m.[39mdata[33m.[39mdata) {
     [90m 78 |[39m         [36mconst[39m feedback [33m=[39m response[33m.[39mdata[33m.[39mdata[33m;[39m
    [31m[1m>[22m[39m[90m 79 |[39m         setMyFeedback(feedback)[33m;[39m
     [90m    |[39m         [31m[1m^[22m[39m
     [90m 80 |[39m         setRating(feedback[33m.[39m[33mRating[39m)[33m;[39m
     [90m 81 |[39m         setComment(feedback[33m.[39m[33mComment[39m [33m||[39m [32m''[39m)[33m;[39m
     [90m 82 |[39m         setWouldRecommend(feedback[33m.[39m[33mWouldRecommend[39m)[33m;[39m[0m

      at printWarning (node_modules/react-dom/cjs/react-dom.development.js:86:30)
      at error (node_modules/react-dom/cjs/react-dom.development.js:60:7)
      at warnIfUpdatesNotWrappedWithActDEV (node_modules/react-dom/cjs/react-dom.development.js:27628:9)
      at scheduleUpdateOnFiber (node_modules/react-dom/cjs/react-dom.development.js:25547:5)
      at setMyFeedback (node_modules/react-dom/cjs/react-dom.development.js:16708:7)
      at fetchMyFeedback (src/components/FeedbackSection.tsx:79:9)

  console.error
    Warning: An update to FeedbackSection inside a test was not wrapped in act(...).
    
    When testing, code that causes React state updates should be wrapped into act(...):
    
    act(() => {
      /* fire events that update state */
    });
    /* assert on the output */
    
    This ensures that you're testing the behavior the user would see in the browser. Learn more at https://reactjs.org/link/wrap-tests-with-act
        at FeedbackSection (C:\Dev\EPA-final-project\client\src\components\FeedbackSection.tsx:52:60)

    [0m [90m 78 |[39m         [36mconst[39m feedback [33m=[39m response[33m.[39mdata[33m.[39mdata[33m;[39m
     [90m 79 |[39m         setMyFeedback(feedback)[33m;[39m
    [31m[1m>[22m[39m[90m 80 |[39m         setRating(feedback[33m.[39m[33mRating[39m)[33m;[39m
     [90m    |[39m         [31m[1m^[22m[39m
     [90m 81 |[39m         setComment(feedback[33m.[39m[33mComment[39m [33m||[39m [32m''[39m)[33m;[39m
     [90m 82 |[39m         setWouldRecommend(feedback[33m.[39m[33mWouldRecommend[39m)[33m;[39m
     [90m 83 |[39m       }[0m

      at printWarning (node_modules/react-dom/cjs/react-dom.development.js:86:30)
      at error (node_modules/react-dom/cjs/react-dom.development.js:60:7)
      at warnIfUpdatesNotWrappedWithActDEV (node_modules/react-dom/cjs/react-dom.development.js:27628:9)
      at scheduleUpdateOnFiber (node_modules/react-dom/cjs/react-dom.development.js:25547:5)
      at setRating (node_modules/react-dom/cjs/react-dom.development.js:16708:7)
      at fetchMyFeedback (src/components/FeedbackSection.tsx:80:9)

  console.error
    Warning: An update to FeedbackSection inside a test was not wrapped in act(...).
    
    When testing, code that causes React state updates should be wrapped into act(...):
    
    act(() => {
      /* fire events that update state */
    });
    /* assert on the output */
    
    This ensures that you're testing the behavior the user would see in the browser. Learn more at https://reactjs.org/link/wrap-tests-with-act
        at FeedbackSection (C:\Dev\EPA-final-project\client\src\components\FeedbackSection.tsx:52:60)

    [0m [90m 79 |[39m         setMyFeedback(feedback)[33m;[39m
     [90m 80 |[39m         setRating(feedback[33m.[39m[33mRating[39m)[33m;[39m
    [31m[1m>[22m[39m[90m 81 |[39m         setComment(feedback[33m.[39m[33mComment[39m [33m||[39m [32m''[39m)[33m;[39m
     [90m    |[39m         [31m[1m^[22m[39m
     [90m 82 |[39m         setWouldRecommend(feedback[33m.[39m[33mWouldRecommend[39m)[33m;[39m
     [90m 83 |[39m       }
     [90m 84 |[39m     } [36mcatch[39m (error) {[0m

      at printWarning (node_modules/react-dom/cjs/react-dom.development.js:86:30)
      at error (node_modules/react-dom/cjs/react-dom.development.js:60:7)
      at warnIfUpdatesNotWrappedWithActDEV (node_modules/react-dom/cjs/react-dom.development.js:27628:9)
      at scheduleUpdateOnFiber (node_modules/react-dom/cjs/react-dom.development.js:25547:5)
      at setComment (node_modules/react-dom/cjs/react-dom.development.js:16708:7)
      at fetchMyFeedback (src/components/FeedbackSection.tsx:81:9)

  console.error
    Warning: An update to FeedbackSection inside a test was not wrapped in act(...).
    
    When testing, code that causes React state updates should be wrapped into act(...):
    
    act(() => {
      /* fire events that update state */
    });
    /* assert on the output */
    
    This ensures that you're testing the behavior the user would see in the browser. Learn more at https://reactjs.org/link/wrap-tests-with-act
        at FeedbackSection (C:\Dev\EPA-final-project\client\src\components\FeedbackSection.tsx:52:60)

    [0m [90m 80 |[39m         setRating(feedback[33m.[39m[33mRating[39m)[33m;[39m
     [90m 81 |[39m         setComment(feedback[33m.[39m[33mComment[39m [33m||[39m [32m''[39m)[33m;[39m
    [31m[1m>[22m[39m[90m 82 |[39m         setWouldRecommend(feedback[33m.[39m[33mWouldRecommend[39m)[33m;[39m
     [90m    |[39m         [31m[1m^[22m[39m
     [90m 83 |[39m       }
     [90m 84 |[39m     } [36mcatch[39m (error) {
     [90m 85 |[39m       console[33m.[39merror([32m'Error fetching my feedback:'[39m[33m,[39m error)[33m;[39m[0m

      at printWarning (node_modules/react-dom/cjs/react-dom.development.js:86:30)
      at error (node_modules/react-dom/cjs/react-dom.development.js:60:7)
      at warnIfUpdatesNotWrappedWithActDEV (node_modules/react-dom/cjs/react-dom.development.js:27628:9)
      at scheduleUpdateOnFiber (node_modules/react-dom/cjs/react-dom.development.js:25547:5)
      at setWouldRecommend (node_modules/react-dom/cjs/react-dom.development.js:16708:7)
      at fetchMyFeedback (src/components/FeedbackSection.tsx:82:9)

  console.error
    Warning: An update to FeedbackSection inside a test was not wrapped in act(...).
    
    When testing, code that causes React state updates should be wrapped into act(...):
    
    act(() => {
      /* fire events that update state */
    });
    /* assert on the output */
    
    This ensures that you're testing the behavior the user would see in the browser. Learn more at https://reactjs.org/link/wrap-tests-with-act
        at FeedbackSection (C:\Dev\EPA-final-project\client\src\components\FeedbackSection.tsx:52:60)

    [0m [90m 91 |[39m       [36mconst[39m response [33m=[39m [36mawait[39m axios[33m.[39m[36mget[39m([32m`http://localhost:5001/api/events/${eventId}/feedback`[39m)[33m;[39m
     [90m 92 |[39m       [36mif[39m (response[33m.[39mdata[33m.[39msuccess) {
    [31m[1m>[22m[39m[90m 93 |[39m         setAllFeedback(response[33m.[39mdata[33m.[39mdata)[33m;[39m
     [90m    |[39m         [31m[1m^[22m[39m
     [90m 94 |[39m       }
     [90m 95 |[39m     } [36mcatch[39m (error) {
     [90m 96 |[39m       console[33m.[39merror([32m'Error fetching feedback:'[39m[33m,[39m error)[33m;[39m[0m

      at printWarning (node_modules/react-dom/cjs/react-dom.development.js:86:30)
      at error (node_modules/react-dom/cjs/react-dom.development.js:60:7)
      at warnIfUpdatesNotWrappedWithActDEV (node_modules/react-dom/cjs/react-dom.development.js:27628:9)
      at scheduleUpdateOnFiber (node_modules/react-dom/cjs/react-dom.development.js:25547:5)
      at setAllFeedback (node_modules/react-dom/cjs/react-dom.development.js:16708:7)
      at fetchAllFeedback (src/components/FeedbackSection.tsx:93:9)

  console.error
    Warning: An update to FeedbackSection inside a test was not wrapped in act(...).
    
    When testing, code that causes React state updates should be wrapped into act(...):
    
    act(() => {
      /* fire events that update state */
    });
    /* assert on the output */
    
    This ensures that you're testing the behavior the user would see in the browser. Learn more at https://reactjs.org/link/wrap-tests-with-act
        at FeedbackSection (C:\Dev\EPA-final-project\client\src\components\FeedbackSection.tsx:52:60)

    [0m [90m 102 |[39m       [36mconst[39m response [33m=[39m [36mawait[39m axios[33m.[39m[36mget[39m([32m`http://localhost:5001/api/events/${eventId}/feedback/stats`[39m)[33m;[39m
     [90m 103 |[39m       [36mif[39m (response[33m.[39mdata[33m.[39msuccess) {
    [31m[1m>[22m[39m[90m 104 |[39m         setStats(response[33m.[39mdata[33m.[39mdata)[33m;[39m
     [90m     |[39m         [31m[1m^[22m[39m
     [90m 105 |[39m       }
     [90m 106 |[39m     } [36mcatch[39m (error) {
     [90m 107 |[39m       console[33m.[39merror([32m'Error fetching stats:'[39m[33m,[39m error)[33m;[39m[0m

      at printWarning (node_modules/react-dom/cjs/react-dom.development.js:86:30)
      at error (node_modules/react-dom/cjs/react-dom.development.js:60:7)
      at warnIfUpdatesNotWrappedWithActDEV (node_modules/react-dom/cjs/react-dom.development.js:27628:9)
      at scheduleUpdateOnFiber (node_modules/react-dom/cjs/react-dom.development.js:25547:5)
      at setStats (node_modules/react-dom/cjs/react-dom.development.js:16708:7)
      at fetchStats (src/components/FeedbackSection.tsx:104:9)

