
> pwc-volunteer-platform-client@1.0.0 test
> react-scripts test --watchAll=false

FakeTimers: cancelAnimationFrame was invoked to clear a native timer instead of one created by this library.
To automatically clean-up native timers, use `shouldClearNativeTimers`.
FAIL src/hooks/useEvents.test.ts (17.028 s)
  ● Console

    console.log
      🚀 ATTEMPTING API CALL TO /api/events

      at fetchEvents (src/hooks/useEvents.ts:116:17)

    console.log
      🔑 Token found: false

      at fetchEvents (src/hooks/useEvents.ts:118:17)

    console.log
      ✅ API RESPONSE SUCCESS: [
        {
          id: 1,
          title: 'Beach Cleanup',
          description: 'Clean up the beach',
          startDate: '2026-06-15T10:00:00Z',
          endDate: '2026-06-15T14:00:00Z',
          location: 'Brighton',
          maxParticipants: 20,
          category: 'Environment',
          participants: [],
          createdBy: {
            id: 1,
            email: 'test@pwc.com',
            firstName: 'Test',
            lastName: 'User',
            role: 'employee'
          },
          createdAt: '2026-06-01T00:00:00Z',
          updatedAt: '2026-06-01T00:00:00Z'
        },
        {
          id: 2,
          title: 'Food Bank',
          description: 'Help at food bank',
          startDate: '2026-07-20T09:00:00Z',
          endDate: '2026-07-20T14:00:00Z',
          location: 'London',
          maxParticipants: 15,
          category: 'Community',
          participants: [],
          createdBy: {
            id: 1,
            email: 'test@pwc.com',
            firstName: 'Test',
            lastName: 'User',
            role: 'employee'
          },
          createdAt: '2026-07-01T00:00:00Z',
          updatedAt: '2026-07-01T00:00:00Z'
        }
      ]

      at fetchEvents (src/hooks/useEvents.ts:125:17)

    console.log
      ❌ BACKEND ERROR - USING MOCK DATA

      at fetchEvents (src/hooks/useEvents.ts:134:17)

    console.error
      🔥 Backend error details: TypeError: Cannot read properties of undefined (reading '0')
          at fetchEvents (C:\Dev\EPA-final-project\client\src\hooks\useEvents.ts:126:66)
          at processTicksAndRejections (node:internal/process/task_queues:105:5)

    [0m [90m 133 |[39m       } [36mcatch[39m (backendError) {
     [90m 134 |[39m         console[33m.[39mlog([32m'❌ BACKEND ERROR - USING MOCK DATA'[39m)[33m;[39m
    [31m[1m>[22m[39m[90m 135 |[39m         console[33m.[39merror([32m'🔥 Backend error details:'[39m[33m,[39m backendError)[33m;[39m
     [90m     |[39m                 [31m[1m^[22m[39m
     [90m 136 |[39m         [36mconst[39m localEvents [33m=[39m [33mJSON[39m[33m.[39mparse(localStorage[33m.[39mgetItem([32m'mockEvents'[39m) [33m||[39m [32m'[]'[39m)[33m;[39m
     [90m 137 |[39m         [36mconst[39m allEvents [33m=[39m [[33m...[39mmockEvents[33m,[39m [33m...[39mlocalEvents][33m;[39m
     [90m 138 |[39m         setEvents(allEvents)[33m;[39m[0m

      at fetchEvents (src/hooks/useEvents.ts:135:17)

    console.log
      📊 SET EVENTS FROM MOCK DATA

      at fetchEvents (src/hooks/useEvents.ts:139:17)

    console.log
      🚀 ATTEMPTING API CALL TO /api/events

      at fetchEvents (src/hooks/useEvents.ts:116:17)

    console.log
      🔑 Token found: false

      at fetchEvents (src/hooks/useEvents.ts:118:17)

    console.log
      ✅ API RESPONSE SUCCESS: [
        {
          id: 1,
          title: 'Beach Cleanup',
          description: 'Clean up the beach',
          startDate: '2026-06-15T10:00:00Z',
          endDate: '2026-06-15T14:00:00Z',
          location: 'Brighton',
          maxParticipants: 20,
          category: 'Environment',
          participants: [],
          createdBy: {
            id: 1,
            email: 'test@pwc.com',
            firstName: 'Test',
            lastName: 'User',
            role: 'employee'
          },
          createdAt: '2026-06-01T00:00:00Z',
          updatedAt: '2026-06-01T00:00:00Z'
        },
        {
          id: 2,
          title: 'Food Bank',
          description: 'Help at food bank',
          startDate: '2026-07-20T09:00:00Z',
          endDate: '2026-07-20T14:00:00Z',
          location: 'London',
          maxParticipants: 15,
          category: 'Community',
          participants: [],
          createdBy: {
            id: 1,
            email: 'test@pwc.com',
            firstName: 'Test',
            lastName: 'User',
            role: 'employee'
          },
          createdAt: '2026-07-01T00:00:00Z',
          updatedAt: '2026-07-01T00:00:00Z'
        }
      ]

      at fetchEvents (src/hooks/useEvents.ts:125:17)

    console.log
      ❌ BACKEND ERROR - USING MOCK DATA

      at fetchEvents (src/hooks/useEvents.ts:134:17)

    console.error
      🔥 Backend error details: TypeError: Cannot read properties of undefined (reading '0')
          at fetchEvents (C:\Dev\EPA-final-project\client\src\hooks\useEvents.ts:126:66)

    [0m [90m 133 |[39m       } [36mcatch[39m (backendError) {
     [90m 134 |[39m         console[33m.[39mlog([32m'❌ BACKEND ERROR - USING MOCK DATA'[39m)[33m;[39m
    [31m[1m>[22m[39m[90m 135 |[39m         console[33m.[39merror([32m'🔥 Backend error details:'[39m[33m,[39m backendError)[33m;[39m
     [90m     |[39m                 [31m[1m^[22m[39m
     [90m 136 |[39m         [36mconst[39m localEvents [33m=[39m [33mJSON[39m[33m.[39mparse(localStorage[33m.[39mgetItem([32m'mockEvents'[39m) [33m||[39m [32m'[]'[39m)[33m;[39m
     [90m 137 |[39m         [36mconst[39m allEvents [33m=[39m [[33m...[39mmockEvents[33m,[39m [33m...[39mlocalEvents][33m;[39m
     [90m 138 |[39m         setEvents(allEvents)[33m;[39m[0m

      at fetchEvents (src/hooks/useEvents.ts:135:17)

    console.log
      📊 SET EVENTS FROM MOCK DATA

      at fetchEvents (src/hooks/useEvents.ts:139:17)

    console.log
      🚀 ATTEMPTING API CALL TO /api/events

      at fetchEvents (src/hooks/useEvents.ts:116:17)

    console.log
      🔑 Token found: false

      at fetchEvents (src/hooks/useEvents.ts:118:17)

    console.log
      ❌ BACKEND ERROR - USING MOCK DATA

      at fetchEvents (src/hooks/useEvents.ts:134:17)

    console.error
      🔥 Backend error details: Error: Network error
          at Object.<anonymous> (C:\Dev\EPA-final-project\client\src\hooks\useEvents.test.ts:113:39)
          at Promise.then.completed (C:\Dev\EPA-final-project\client\node_modules\jest-circus\build\utils.js:391:28)
          at new Promise (<anonymous>)
          at callAsyncCircusFn (C:\Dev\EPA-final-project\client\node_modules\jest-circus\build\utils.js:316:10)
          at _callCircusTest (C:\Dev\EPA-final-project\client\node_modules\jest-circus\build\run.js:218:40)
          at _runTest (C:\Dev\EPA-final-project\client\node_modules\jest-circus\build\run.js:155:3)
          at _runTestsForDescribeBlock (C:\Dev\EPA-final-project\client\node_modules\jest-circus\build\run.js:66:9)
          at _runTestsForDescribeBlock (C:\Dev\EPA-final-project\client\node_modules\jest-circus\build\run.js:60:9)
          at run (C:\Dev\EPA-final-project\client\node_modules\jest-circus\build\run.js:25:3)
          at runAndTransformResultsToJestFormat (C:\Dev\EPA-final-project\client\node_modules\jest-circus\build\legacy-code-todo-rewrite\jestAdapterInit.js:170:21)
          at jestAdapter (C:\Dev\EPA-final-project\client\node_modules\jest-circus\build\legacy-code-todo-rewrite\jestAdapter.js:82:19)
          at runTestInternal (C:\Dev\EPA-final-project\client\node_modules\jest-runner\build\runTest.js:389:16)
          at runTest (C:\Dev\EPA-final-project\client\node_modules\jest-runner\build\runTest.js:475:34)
          at Object.worker (C:\Dev\EPA-final-project\client\node_modules\jest-runner\build\testWorker.js:133:12)

    [0m [90m 133 |[39m       } [36mcatch[39m (backendError) {
     [90m 134 |[39m         console[33m.[39mlog([32m'❌ BACKEND ERROR - USING MOCK DATA'[39m)[33m;[39m
    [31m[1m>[22m[39m[90m 135 |[39m         console[33m.[39merror([32m'🔥 Backend error details:'[39m[33m,[39m backendError)[33m;[39m
     [90m     |[39m                 [31m[1m^[22m[39m
     [90m 136 |[39m         [36mconst[39m localEvents [33m=[39m [33mJSON[39m[33m.[39mparse(localStorage[33m.[39mgetItem([32m'mockEvents'[39m) [33m||[39m [32m'[]'[39m)[33m;[39m
     [90m 137 |[39m         [36mconst[39m allEvents [33m=[39m [[33m...[39mmockEvents[33m,[39m [33m...[39mlocalEvents][33m;[39m
     [90m 138 |[39m         setEvents(allEvents)[33m;[39m[0m

      at fetchEvents (src/hooks/useEvents.ts:135:17)

    console.log
      📊 SET EVENTS FROM MOCK DATA

      at fetchEvents (src/hooks/useEvents.ts:139:17)

    console.log
      🚀 ATTEMPTING API CALL TO /api/events

      at fetchEvents (src/hooks/useEvents.ts:116:17)

    console.log
      🔑 Token found: false

      at fetchEvents (src/hooks/useEvents.ts:118:17)

    console.log
      ✅ API RESPONSE SUCCESS: [
        {
          id: 1,
          title: 'Beach Cleanup',
          description: 'Clean up the beach',
          startDate: '2026-06-15T10:00:00Z',
          endDate: '2026-06-15T14:00:00Z',
          location: 'Brighton',
          maxParticipants: 20,
          category: 'Environment',
          participants: [],
          createdBy: {
            id: 1,
            email: 'test@pwc.com',
            firstName: 'Test',
            lastName: 'User',
            role: 'employee'
          },
          createdAt: '2026-06-01T00:00:00Z',
          updatedAt: '2026-06-01T00:00:00Z'
        },
        {
          id: 2,
          title: 'Food Bank',
          description: 'Help at food bank',
          startDate: '2026-07-20T09:00:00Z',
          endDate: '2026-07-20T14:00:00Z',
          location: 'London',
          maxParticipants: 15,
          category: 'Community',
          participants: [],
          createdBy: {
            id: 1,
            email: 'test@pwc.com',
            firstName: 'Test',
            lastName: 'User',
            role: 'employee'
          },
          createdAt: '2026-07-01T00:00:00Z',
          updatedAt: '2026-07-01T00:00:00Z'
        }
      ]

      at fetchEvents (src/hooks/useEvents.ts:125:17)

    console.log
      ❌ BACKEND ERROR - USING MOCK DATA

      at fetchEvents (src/hooks/useEvents.ts:134:17)

    console.error
      🔥 Backend error details: TypeError: Cannot read properties of undefined (reading '0')
          at fetchEvents (C:\Dev\EPA-final-project\client\src\hooks\useEvents.ts:126:66)

    [0m [90m 133 |[39m       } [36mcatch[39m (backendError) {
     [90m 134 |[39m         console[33m.[39mlog([32m'❌ BACKEND ERROR - USING MOCK DATA'[39m)[33m;[39m
    [31m[1m>[22m[39m[90m 135 |[39m         console[33m.[39merror([32m'🔥 Backend error details:'[39m[33m,[39m backendError)[33m;[39m
     [90m     |[39m                 [31m[1m^[22m[39m
     [90m 136 |[39m         [36mconst[39m localEvents [33m=[39m [33mJSON[39m[33m.[39mparse(localStorage[33m.[39mgetItem([32m'mockEvents'[39m) [33m||[39m [32m'[]'[39m)[33m;[39m
     [90m 137 |[39m         [36mconst[39m allEvents [33m=[39m [[33m...[39mmockEvents[33m,[39m [33m...[39mlocalEvents][33m;[39m
     [90m 138 |[39m         setEvents(allEvents)[33m;[39m[0m

      at fetchEvents (src/hooks/useEvents.ts:135:17)

    console.log
      📊 SET EVENTS FROM MOCK DATA

      at fetchEvents (src/hooks/useEvents.ts:139:17)

    console.log
      🚀 ATTEMPTING API CALL TO /api/events

      at fetchEvents (src/hooks/useEvents.ts:116:17)

    console.log
      🔑 Token found: false

      at fetchEvents (src/hooks/useEvents.ts:118:17)

    console.log
      ✅ API RESPONSE SUCCESS: [
        {
          id: 1,
          title: 'Beach Cleanup',
          description: 'Clean up the beach',
          startDate: '2026-06-15T10:00:00Z',
          endDate: '2026-06-15T14:00:00Z',
          location: 'Brighton',
          maxParticipants: 20,
          category: 'Environment',
          participants: [],
          createdBy: {
            id: 1,
            email: 'test@pwc.com',
            firstName: 'Test',
            lastName: 'User',
            role: 'employee'
          },
          createdAt: '2026-06-01T00:00:00Z',
          updatedAt: '2026-06-01T00:00:00Z'
        },
        {
          id: 2,
          title: 'Food Bank',
          description: 'Help at food bank',
          startDate: '2026-07-20T09:00:00Z',
          endDate: '2026-07-20T14:00:00Z',
          location: 'London',
          maxParticipants: 15,
          category: 'Community',
          participants: [],
          createdBy: {
            id: 1,
            email: 'test@pwc.com',
            firstName: 'Test',
            lastName: 'User',
            role: 'employee'
          },
          createdAt: '2026-07-01T00:00:00Z',
          updatedAt: '2026-07-01T00:00:00Z'
        }
      ]

      at fetchEvents (src/hooks/useEvents.ts:125:17)

    console.log
      ❌ BACKEND ERROR - USING MOCK DATA

      at fetchEvents (src/hooks/useEvents.ts:134:17)

    console.error
      🔥 Backend error details: TypeError: Cannot read properties of undefined (reading '0')
          at fetchEvents (C:\Dev\EPA-final-project\client\src\hooks\useEvents.ts:126:66)

    [0m [90m 133 |[39m       } [36mcatch[39m (backendError) {
     [90m 134 |[39m         console[33m.[39mlog([32m'❌ BACKEND ERROR - USING MOCK DATA'[39m)[33m;[39m
    [31m[1m>[22m[39m[90m 135 |[39m         console[33m.[39merror([32m'🔥 Backend error details:'[39m[33m,[39m backendError)[33m;[39m
     [90m     |[39m                 [31m[1m^[22m[39m
     [90m 136 |[39m         [36mconst[39m localEvents [33m=[39m [33mJSON[39m[33m.[39mparse(localStorage[33m.[39mgetItem([32m'mockEvents'[39m) [33m||[39m [32m'[]'[39m)[33m;[39m
     [90m 137 |[39m         [36mconst[39m allEvents [33m=[39m [[33m...[39mmockEvents[33m,[39m [33m...[39mlocalEvents][33m;[39m
     [90m 138 |[39m         setEvents(allEvents)[33m;[39m[0m

      at fetchEvents (src/hooks/useEvents.ts:135:17)

    console.log
      📊 SET EVENTS FROM MOCK DATA

      at fetchEvents (src/hooks/useEvents.ts:139:17)

    console.error
      Warning: An update to TestComponent inside a test was not wrapped in act(...).
      
      When testing, code that causes React state updates should be wrapped into act(...):
      
      act(() => {
        /* fire events that update state */
      });
      /* assert on the output */
      
      This ensures that you're testing the behavior the user would see in the browser. Learn more at https://reactjs.org/link/wrap-tests-with-act
          at TestComponent (C:\Dev\EPA-final-project\client\node_modules\@testing-library\react\dist\pure.js:329:5)
          at Provider (C:\Dev\EPA-final-project\client\node_modules\react-redux\src\components\Provider.tsx:60:11)
          at wrapper (C:\Dev\EPA-final-project\client\src\hooks\useEvents.test.ts:77:22)

    [0m [90m 111 |[39m
     [90m 112 |[39m   [36mconst[39m fetchEvents [33m=[39m [36masync[39m () [33m=>[39m {
    [31m[1m>[22m[39m[90m 113 |[39m     setLoading([36mtrue[39m)[33m;[39m
     [90m     |[39m     [31m[1m^[22m[39m
     [90m 114 |[39m     [36mtry[39m {
     [90m 115 |[39m       [36mtry[39m {
     [90m 116 |[39m         console[33m.[39mlog([32m'🚀 ATTEMPTING API CALL TO /api/events'[39m)[33m;[39m[0m

      at printWarning (node_modules/react-dom/cjs/react-dom.development.js:86:30)
      at error (node_modules/react-dom/cjs/react-dom.development.js:60:7)
      at warnIfUpdatesNotWrappedWithActDEV (node_modules/react-dom/cjs/react-dom.development.js:27628:9)
      at scheduleUpdateOnFiber (node_modules/react-dom/cjs/react-dom.development.js:25547:5)
      at setLoading (node_modules/react-dom/cjs/react-dom.development.js:16708:7)
      at Object.refetch (src/hooks/useEvents.ts:113:5)
      at Object.<anonymous> (src/hooks/useEvents.test.ts:145:20)

    console.log
      🚀 ATTEMPTING API CALL TO /api/events

      at Object.refetch (src/hooks/useEvents.ts:116:17)

    console.log
      🔑 Token found: false

      at Object.refetch (src/hooks/useEvents.ts:118:17)

    console.log
      ✅ API RESPONSE SUCCESS: [
        {
          id: 1,
          title: 'Beach Cleanup',
          description: 'Clean up the beach',
          startDate: '2026-06-15T10:00:00Z',
          endDate: '2026-06-15T14:00:00Z',
          location: 'Brighton',
          maxParticipants: 20,
          category: 'Environment',
          participants: [],
          createdBy: {
            id: 1,
            email: 'test@pwc.com',
            firstName: 'Test',
            lastName: 'User',
            role: 'employee'
          },
          createdAt: '2026-06-01T00:00:00Z',
          updatedAt: '2026-06-01T00:00:00Z'
        },
        {
          id: 2,
          title: 'Food Bank',
          description: 'Help at food bank',
          startDate: '2026-07-20T09:00:00Z',
          endDate: '2026-07-20T14:00:00Z',
          location: 'London',
          maxParticipants: 15,
          category: 'Community',
          participants: [],
          createdBy: {
            id: 1,
            email: 'test@pwc.com',
            firstName: 'Test',
            lastName: 'User',
            role: 'employee'
          },
          createdAt: '2026-07-01T00:00:00Z',
          updatedAt: '2026-07-01T00:00:00Z'
        }
      ]

      at Object.fetchEvents [as refetch] (src/hooks/useEvents.ts:125:17)

    console.log
      ❌ BACKEND ERROR - USING MOCK DATA

      at Object.fetchEvents [as refetch] (src/hooks/useEvents.ts:134:17)

    console.error
      🔥 Backend error details: TypeError: Cannot read properties of undefined (reading '0')
          at Object.fetchEvents [as refetch] (C:\Dev\EPA-final-project\client\src\hooks\useEvents.ts:126:66)

    [0m [90m 133 |[39m       } [36mcatch[39m (backendError) {
     [90m 134 |[39m         console[33m.[39mlog([32m'❌ BACKEND ERROR - USING MOCK DATA'[39m)[33m;[39m
    [31m[1m>[22m[39m[90m 135 |[39m         console[33m.[39merror([32m'🔥 Backend error details:'[39m[33m,[39m backendError)[33m;[39m
     [90m     |[39m                 [31m[1m^[22m[39m
     [90m 136 |[39m         [36mconst[39m localEvents [33m=[39m [33mJSON[39m[33m.[39mparse(localStorage[33m.[39mgetItem([32m'mockEvents'[39m) [33m||[39m [32m'[]'[39m)[33m;[39m
     [90m 137 |[39m         [36mconst[39m allEvents [33m=[39m [[33m...[39mmockEvents[33m,[39m [33m...[39mlocalEvents][33m;[39m
     [90m 138 |[39m         setEvents(allEvents)[33m;[39m[0m

      at Object.fetchEvents [as refetch] (src/hooks/useEvents.ts:135:17)

    console.log
      📊 SET EVENTS FROM MOCK DATA

      at Object.fetchEvents [as refetch] (src/hooks/useEvents.ts:139:17)

    console.log
      🚀 ATTEMPTING API CALL TO /api/events

      at fetchEvents (src/hooks/useEvents.ts:116:17)

    console.log
      🔑 Token found: false

      at fetchEvents (src/hooks/useEvents.ts:118:17)

    console.log
      ✅ API RESPONSE SUCCESS: []

      at fetchEvents (src/hooks/useEvents.ts:125:17)

    console.log
      ❌ BACKEND ERROR - USING MOCK DATA

      at fetchEvents (src/hooks/useEvents.ts:134:17)

    console.error
      🔥 Backend error details: TypeError: Cannot read properties of undefined (reading '0')
          at fetchEvents (C:\Dev\EPA-final-project\client\src\hooks\useEvents.ts:126:66)

    [0m [90m 133 |[39m       } [36mcatch[39m (backendError) {
     [90m 134 |[39m         console[33m.[39mlog([32m'❌ BACKEND ERROR - USING MOCK DATA'[39m)[33m;[39m
    [31m[1m>[22m[39m[90m 135 |[39m         console[33m.[39merror([32m'🔥 Backend error details:'[39m[33m,[39m backendError)[33m;[39m
     [90m     |[39m                 [31m[1m^[22m[39m
     [90m 136 |[39m         [36mconst[39m localEvents [33m=[39m [33mJSON[39m[33m.[39mparse(localStorage[33m.[39mgetItem([32m'mockEvents'[39m) [33m||[39m [32m'[]'[39m)[33m;[39m
     [90m 137 |[39m         [36mconst[39m allEvents [33m=[39m [[33m...[39mmockEvents[33m,[39m [33m...[39mlocalEvents][33m;[39m
     [90m 138 |[39m         setEvents(allEvents)[33m;[39m[0m

      at fetchEvents (src/hooks/useEvents.ts:135:17)

    console.log
      📊 SET EVENTS FROM MOCK DATA

      at fetchEvents (src/hooks/useEvents.ts:139:17)

    console.log
      🚀 ATTEMPTING API CALL TO /api/events

      at fetchEvents (src/hooks/useEvents.ts:116:17)

    console.log
      🔑 Token found: false

      at fetchEvents (src/hooks/useEvents.ts:118:17)

    console.log
      ✅ API RESPONSE SUCCESS: null

      at fetchEvents (src/hooks/useEvents.ts:125:17)

    console.log
      ❌ BACKEND ERROR - USING MOCK DATA

      at fetchEvents (src/hooks/useEvents.ts:134:17)

    console.error
      🔥 Backend error details: TypeError: Cannot read properties of null (reading 'data')
          at fetchEvents (C:\Dev\EPA-final-project\client\src\hooks\useEvents.ts:126:62)

    [0m [90m 133 |[39m       } [36mcatch[39m (backendError) {
     [90m 134 |[39m         console[33m.[39mlog([32m'❌ BACKEND ERROR - USING MOCK DATA'[39m)[33m;[39m
    [31m[1m>[22m[39m[90m 135 |[39m         console[33m.[39merror([32m'🔥 Backend error details:'[39m[33m,[39m backendError)[33m;[39m
     [90m     |[39m                 [31m[1m^[22m[39m
     [90m 136 |[39m         [36mconst[39m localEvents [33m=[39m [33mJSON[39m[33m.[39mparse(localStorage[33m.[39mgetItem([32m'mockEvents'[39m) [33m||[39m [32m'[]'[39m)[33m;[39m
     [90m 137 |[39m         [36mconst[39m allEvents [33m=[39m [[33m...[39mmockEvents[33m,[39m [33m...[39mlocalEvents][33m;[39m
     [90m 138 |[39m         setEvents(allEvents)[33m;[39m[0m

      at fetchEvents (src/hooks/useEvents.ts:135:17)

    console.log
      📊 SET EVENTS FROM MOCK DATA

      at fetchEvents (src/hooks/useEvents.ts:139:17)

    console.log
      🚀 ATTEMPTING API CALL TO /api/events

      at fetchEvents (src/hooks/useEvents.ts:116:17)

    console.log
      🔑 Token found: false

      at fetchEvents (src/hooks/useEvents.ts:118:17)

    console.log
      ✅ API RESPONSE SUCCESS: [
        {
          id: 1,
          title: 'Beach Cleanup',
          description: 'Clean up the beach',
          startDate: '2026-06-15T10:00:00Z',
          endDate: '2026-06-15T14:00:00Z',
          location: 'Brighton',
          maxParticipants: 20,
          category: 'Environment',
          participants: [],
          createdBy: {
            id: 1,
            email: 'test@pwc.com',
            firstName: 'Test',
            lastName: 'User',
            role: 'employee'
          },
          createdAt: '2026-06-01T00:00:00Z',
          updatedAt: '2026-06-01T00:00:00Z'
        },
        {
          id: 2,
          title: 'Food Bank',
          description: 'Help at food bank',
          startDate: '2026-07-20T09:00:00Z',
          endDate: '2026-07-20T14:00:00Z',
          location: 'London',
          maxParticipants: 15,
          category: 'Community',
          participants: [],
          createdBy: {
            id: 1,
            email: 'test@pwc.com',
            firstName: 'Test',
            lastName: 'User',
            role: 'employee'
          },
          createdAt: '2026-07-01T00:00:00Z',
          updatedAt: '2026-07-01T00:00:00Z'
        }
      ]

      at fetchEvents (src/hooks/useEvents.ts:125:17)

    console.log
      ❌ BACKEND ERROR - USING MOCK DATA

      at fetchEvents (src/hooks/useEvents.ts:134:17)

    console.error
      🔥 Backend error details: TypeError: Cannot read properties of undefined (reading '0')
          at fetchEvents (C:\Dev\EPA-final-project\client\src\hooks\useEvents.ts:126:66)

    [0m [90m 133 |[39m       } [36mcatch[39m (backendError) {
     [90m 134 |[39m         console[33m.[39mlog([32m'❌ BACKEND ERROR - USING MOCK DATA'[39m)[33m;[39m
    [31m[1m>[22m[39m[90m 135 |[39m         console[33m.[39merror([32m'🔥 Backend error details:'[39m[33m,[39m backendError)[33m;[39m
     [90m     |[39m                 [31m[1m^[22m[39m
     [90m 136 |[39m         [36mconst[39m localEvents [33m=[39m [33mJSON[39m[33m.[39mparse(localStorage[33m.[39mgetItem([32m'mockEvents'[39m) [33m||[39m [32m'[]'[39m)[33m;[39m
     [90m 137 |[39m         [36mconst[39m allEvents [33m=[39m [[33m...[39mmockEvents[33m,[39m [33m...[39mlocalEvents][33m;[39m
     [90m 138 |[39m         setEvents(allEvents)[33m;[39m[0m

      at fetchEvents (src/hooks/useEvents.ts:135:17)

    console.log
      📊 SET EVENTS FROM MOCK DATA

      at fetchEvents (src/hooks/useEvents.ts:139:17)

    console.log
      🚀 ATTEMPTING API CALL TO /api/events

      at fetchEvents (src/hooks/useEvents.ts:116:17)

    console.log
      🔑 Token found: false

      at fetchEvents (src/hooks/useEvents.ts:118:17)

    console.log
      ✅ API RESPONSE SUCCESS: [
        {
          id: 1,
          title: 'Beach Cleanup',
          description: 'Clean up the beach',
          startDate: '2026-06-15T10:00:00Z',
          endDate: '2026-06-15T14:00:00Z',
          location: 'Brighton',
          maxParticipants: 20,
          category: 'Environment',
          participants: [],
          createdBy: {
            id: 1,
            email: 'test@pwc.com',
            firstName: 'Test',
            lastName: 'User',
            role: 'employee'
          },
          createdAt: '2026-06-01T00:00:00Z',
          updatedAt: '2026-06-01T00:00:00Z'
        },
        {
          id: 2,
          title: 'Food Bank',
          description: 'Help at food bank',
          startDate: '2026-07-20T09:00:00Z',
          endDate: '2026-07-20T14:00:00Z',
          location: 'London',
          maxParticipants: 15,
          category: 'Community',
          participants: [],
          createdBy: {
            id: 1,
            email: 'test@pwc.com',
            firstName: 'Test',
            lastName: 'User',
            role: 'employee'
          },
          createdAt: '2026-07-01T00:00:00Z',
          updatedAt: '2026-07-01T00:00:00Z'
        }
      ]

      at fetchEvents (src/hooks/useEvents.ts:125:17)

    console.log
      ❌ BACKEND ERROR - USING MOCK DATA

      at fetchEvents (src/hooks/useEvents.ts:134:17)

    console.error
      🔥 Backend error details: TypeError: Cannot read properties of undefined (reading '0')
          at fetchEvents (C:\Dev\EPA-final-project\client\src\hooks\useEvents.ts:126:66)

    [0m [90m 133 |[39m       } [36mcatch[39m (backendError) {
     [90m 134 |[39m         console[33m.[39mlog([32m'❌ BACKEND ERROR - USING MOCK DATA'[39m)[33m;[39m
    [31m[1m>[22m[39m[90m 135 |[39m         console[33m.[39merror([32m'🔥 Backend error details:'[39m[33m,[39m backendError)[33m;[39m
     [90m     |[39m                 [31m[1m^[22m[39m
     [90m 136 |[39m         [36mconst[39m localEvents [33m=[39m [33mJSON[39m[33m.[39mparse(localStorage[33m.[39mgetItem([32m'mockEvents'[39m) [33m||[39m [32m'[]'[39m)[33m;[39m
     [90m 137 |[39m         [36mconst[39m allEvents [33m=[39m [[33m...[39mmockEvents[33m,[39m [33m...[39mlocalEvents][33m;[39m
     [90m 138 |[39m         setEvents(allEvents)[33m;[39m[0m

      at fetchEvents (src/hooks/useEvents.ts:135:17)

    console.log
      📊 SET EVENTS FROM MOCK DATA

      at fetchEvents (src/hooks/useEvents.ts:139:17)

  ● useEvents Hook › should fetch events on mount

    expect(received).toEqual(expected) // deep equality

    - Expected  - 29
    + Received  + 87

      Array [
        Object {
    -     "category": "Environment",
    -     "createdAt": "2026-06-01T00:00:00Z",
    +     "category": "environment",
    +     "contactEmail": "garden@pwc.com",
    +     "contactPhone": "+44 20 7123 4567",
    +     "createdAt": "2024-12-01T10:00:00",
          "createdBy": Object {
    -       "email": "test@pwc.com",
    -       "firstName": "Test",
    -       "id": 1,
    -       "lastName": "User",
    -       "role": "employee",
    +       "email": "organizer@pwc.com",
    +       "firstName": "Alice",
    +       "id": 3,
    +       "lastName": "Johnson",
    +       "role": "Manager",
          },
    -     "description": "Clean up the beach",
    -     "endDate": "2026-06-15T14:00:00Z",
    +     "description": "Help maintain and beautify our local community garden. We'll be weeding, planting, and general maintenance.",
    +     "endDate": "2024-12-15T12:00:00",
          "id": 1,
    -     "location": "Brighton",
    -     "maxParticipants": 20,
    -     "participants": Array [],
    -     "startDate": "2026-06-15T10:00:00Z",
    -     "title": "Beach Cleanup",
    -     "updatedAt": "2026-06-01T00:00:00Z",
    +     "location": "London Community Garden, Camden",
    +     "maxParticipants": 15,
    +     "objectives": "Improve local green spaces and build community connections",
    +     "participants": Array [
    +       Object {
    +         "eventId": 1,
    +         "id": 1,
    +         "status": "confirmed",
    +         "user": Object {
    +           "email": "jane.smith@pwc.com",
    +           "firstName": "Jane",
    +           "id": 2,
    +           "lastName": "Smith",
    +           "role": "Senior Associate",
    +         },
    +         "userId": 2,
    +       },
    +     ],
    +     "requirements": "No experience needed, gardening gloves provided",
    +     "startDate": "2024-12-15T09:00:00",
    +     "title": "Community Garden Cleanup",
    +     "updatedAt": "2024-12-01T10:00:00",
        },
        Object {
    -     "category": "Community",
    -     "createdAt": "2026-07-01T00:00:00Z",
    +     "category": "education",
    +     "contactEmail": "tech@pwc.com",
    +     "createdAt": "2024-12-02T14:30:00",
          "createdBy": Object {
    -       "email": "test@pwc.com",
    -       "firstName": "Test",
    -       "id": 1,
    -       "lastName": "User",
    -       "role": "employee",
    +       "email": "techvolunteer@pwc.com",
    +       "firstName": "Bob",
    +       "id": 4,
    +       "lastName": "Wilson",
    +       "role": "Technology Consultant",
          },
    -     "description": "Help at food bank",
    -     "endDate": "2026-07-20T14:00:00Z",
    +     "description": "Teach basic computer and smartphone skills to elderly residents at the local community center.",
    +     "endDate": "2024-12-18T17:00:00",
          "id": 2,
    -     "location": "London",
    -     "maxParticipants": 15,
    +     "location": "Manchester Community Center",
    +     "maxParticipants": 8,
    +     "objectives": "Bridge the digital divide and support elderly community members",
          "participants": Array [],
    -     "startDate": "2026-07-20T09:00:00Z",
    -     "title": "Food Bank",
    -     "updatedAt": "2026-07-01T00:00:00Z",
    +     "requirements": "Basic tech knowledge, patience, and good communication skills",
    +     "startDate": "2024-12-18T14:00:00",
    +     "title": "Tech Skills Workshop for Seniors",
    +     "updatedAt": "2024-12-02T14:30:00",
    +   },
    +   Object {
    +     "category": "food-security",
    +     "contactEmail": "foodbank@pwc.com",
    +     "createdAt": "2024-12-03T09:15:00",
    +     "createdBy": Object {
    +       "email": "community@pwc.com",
    +       "firstName": "Sarah",
    +       "id": 5,
    +       "lastName": "Davis",
    +       "role": "Community Liaison",
    +     },
    +     "description": "Sort donations and pack food parcels for families in need during the holiday season.",
    +     "endDate": "2024-12-20T15:00:00",
    +     "id": 3,
    +     "location": "Birmingham Food Bank Warehouse",
    +     "maxParticipants": 20,
    +     "objectives": "Support food security initiatives and help families during the holidays",
    +     "participants": Array [
    +       Object {
    +         "eventId": 3,
    +         "id": 2,
    +         "status": "pending",
    +         "user": Object {
    +           "email": "john.doe@pwc.com",
    +           "firstName": "John",
    +           "id": 1,
    +           "lastName": "Doe",
    +           "role": "Employee",
    +         },
    +         "userId": 1,
    +       },
    +     ],
    +     "requirements": "Comfortable standing for extended periods",
    +     "startDate": "2024-12-20T10:00:00",
    +     "title": "Food Bank Sorting and Packing",
    +     "updatedAt": "2024-12-03T09:15:00",
        },
      ]

    [0m [90m  96 |[39m     })[33m;[39m
     [90m  97 |[39m
    [31m[1m>[22m[39m[90m  98 |[39m     expect(result[33m.[39mcurrent[33m.[39mevents)[33m.[39mtoEqual(mockEvents)[33m;[39m
     [90m     |[39m                                   [31m[1m^[22m[39m
     [90m  99 |[39m     expect(result[33m.[39mcurrent[33m.[39merror)[33m.[39mtoBeNull()[33m;[39m
     [90m 100 |[39m   })[33m;[39m
     [90m 101 |[39m[0m

      at Object.<anonymous> (src/hooks/useEvents.test.ts:98:35)

  ● useEvents Hook › should handle fetch errors

    expect(received).toBeTruthy()

    Received: null

    Ignored nodes: comments, script, style
    [36m<html>[39m
      [36m<head />[39m
      [36m<body>[39m
        [36m<div />[39m
      [36m</body>[39m
    [36m</html>[39m

    [0m [90m 116 |[39m
     [90m 117 |[39m     [36mawait[39m waitFor(() [33m=>[39m {
    [31m[1m>[22m[39m[90m 118 |[39m       expect(result[33m.[39mcurrent[33m.[39merror)[33m.[39mtoBeTruthy()[33m;[39m
     [90m     |[39m                                    [31m[1m^[22m[39m
     [90m 119 |[39m     })[33m;[39m
     [90m 120 |[39m
     [90m 121 |[39m     expect(result[33m.[39mcurrent[33m.[39mevents)[33m.[39mtoEqual([])[33m;[39m[0m

      at src/hooks/useEvents.test.ts:118:36
      at runWithExpensiveErrorDiagnosticsDisabled (node_modules/@testing-library/dom/dist/config.js:47:12)
      at checkCallback (node_modules/@testing-library/dom/dist/wait-for.js:124:77)
      at checkRealTimersCallback (node_modules/@testing-library/dom/dist/wait-for.js:118:16)
      at Timeout.task [as _onTimeout] (node_modules/jsdom/lib/jsdom/browser/Window.js:516:19)

  ● useEvents Hook › should return empty array when no events

    expect(received).toEqual(expected) // deep equality

    - Expected  -   1
    + Received  + 100

    - Array []
    + Array [
    +   Object {
    +     "category": "environment",
    +     "contactEmail": "garden@pwc.com",
    +     "contactPhone": "+44 20 7123 4567",
    +     "createdAt": "2024-12-01T10:00:00",
    +     "createdBy": Object {
    +       "email": "organizer@pwc.com",
    +       "firstName": "Alice",
    +       "id": 3,
    +       "lastName": "Johnson",
    +       "role": "Manager",
    +     },
    +     "description": "Help maintain and beautify our local community garden. We'll be weeding, planting, and general maintenance.",
    +     "endDate": "2024-12-15T12:00:00",
    +     "id": 1,
    +     "location": "London Community Garden, Camden",
    +     "maxParticipants": 15,
    +     "objectives": "Improve local green spaces and build community connections",
    +     "participants": Array [
    +       Object {
    +         "eventId": 1,
    +         "id": 1,
    +         "status": "confirmed",
    +         "user": Object {
    +           "email": "jane.smith@pwc.com",
    +           "firstName": "Jane",
    +           "id": 2,
    +           "lastName": "Smith",
    +           "role": "Senior Associate",
    +         },
    +         "userId": 2,
    +       },
    +     ],
    +     "requirements": "No experience needed, gardening gloves provided",
    +     "startDate": "2024-12-15T09:00:00",
    +     "title": "Community Garden Cleanup",
    +     "updatedAt": "2024-12-01T10:00:00",
    +   },
    +   Object {
    +     "category": "education",
    +     "contactEmail": "tech@pwc.com",
    +     "createdAt": "2024-12-02T14:30:00",
    +     "createdBy": Object {
    +       "email": "techvolunteer@pwc.com",
    +       "firstName": "Bob",
    +       "id": 4,
    +       "lastName": "Wilson",
    +       "role": "Technology Consultant",
    +     },
    +     "description": "Teach basic computer and smartphone skills to elderly residents at the local community center.",
    +     "endDate": "2024-12-18T17:00:00",
    +     "id": 2,
    +     "location": "Manchester Community Center",
    +     "maxParticipants": 8,
    +     "objectives": "Bridge the digital divide and support elderly community members",
    +     "participants": Array [],
    +     "requirements": "Basic tech knowledge, patience, and good communication skills",
    +     "startDate": "2024-12-18T14:00:00",
    +     "title": "Tech Skills Workshop for Seniors",
    +     "updatedAt": "2024-12-02T14:30:00",
    +   },
    +   Object {
    +     "category": "food-security",
    +     "contactEmail": "foodbank@pwc.com",
    +     "createdAt": "2024-12-03T09:15:00",
    +     "createdBy": Object {
    +       "email": "community@pwc.com",
    +       "firstName": "Sarah",
    +       "id": 5,
    +       "lastName": "Davis",
    +       "role": "Community Liaison",
    +     },
    +     "description": "Sort donations and pack food parcels for families in need during the holiday season.",
    +     "endDate": "2024-12-20T15:00:00",
    +     "id": 3,
    +     "location": "Birmingham Food Bank Warehouse",
    +     "maxParticipants": 20,
    +     "objectives": "Support food security initiatives and help families during the holidays",
    +     "participants": Array [
    +       Object {
    +         "eventId": 3,
    +         "id": 2,
    +         "status": "pending",
    +         "user": Object {
    +           "email": "john.doe@pwc.com",
    +           "firstName": "John",
    +           "id": 1,
    +           "lastName": "Doe",
    +           "role": "Employee",
    +         },
    +         "userId": 1,
    +       },
    +     ],
    +     "requirements": "Comfortable standing for extended periods",
    +     "startDate": "2024-12-20T10:00:00",
    +     "title": "Food Bank Sorting and Packing",
    +     "updatedAt": "2024-12-03T09:15:00",
    +   },
    + ]

    [0m [90m 161 |[39m     })[33m;[39m
     [90m 162 |[39m
    [31m[1m>[22m[39m[90m 163 |[39m     expect(result[33m.[39mcurrent[33m.[39mevents)[33m.[39mtoEqual([])[33m;[39m
     [90m     |[39m                                   [31m[1m^[22m[39m
     [90m 164 |[39m   })[33m;[39m
     [90m 165 |[39m
     [90m 166 |[39m   it([32m'should handle malformed response data'[39m[33m,[39m [36masync[39m () [33m=>[39m {[0m

      at Object.<anonymous> (src/hooks/useEvents.test.ts:163:35)

  ● useEvents Hook › should handle malformed response data

    expect(received).toEqual(expected) // deep equality

    - Expected  -   1
    + Received  + 100

    - Array []
    + Array [
    +   Object {
    +     "category": "environment",
    +     "contactEmail": "garden@pwc.com",
    +     "contactPhone": "+44 20 7123 4567",
    +     "createdAt": "2024-12-01T10:00:00",
    +     "createdBy": Object {
    +       "email": "organizer@pwc.com",
    +       "firstName": "Alice",
    +       "id": 3,
    +       "lastName": "Johnson",
    +       "role": "Manager",
    +     },
    +     "description": "Help maintain and beautify our local community garden. We'll be weeding, planting, and general maintenance.",
    +     "endDate": "2024-12-15T12:00:00",
    +     "id": 1,
    +     "location": "London Community Garden, Camden",
    +     "maxParticipants": 15,
    +     "objectives": "Improve local green spaces and build community connections",
    +     "participants": Array [
    +       Object {
    +         "eventId": 1,
    +         "id": 1,
    +         "status": "confirmed",
    +         "user": Object {
    +           "email": "jane.smith@pwc.com",
    +           "firstName": "Jane",
    +           "id": 2,
    +           "lastName": "Smith",
    +           "role": "Senior Associate",
    +         },
    +         "userId": 2,
    +       },
    +     ],
    +     "requirements": "No experience needed, gardening gloves provided",
    +     "startDate": "2024-12-15T09:00:00",
    +     "title": "Community Garden Cleanup",
    +     "updatedAt": "2024-12-01T10:00:00",
    +   },
    +   Object {
    +     "category": "education",
    +     "contactEmail": "tech@pwc.com",
    +     "createdAt": "2024-12-02T14:30:00",
    +     "createdBy": Object {
    +       "email": "techvolunteer@pwc.com",
    +       "firstName": "Bob",
    +       "id": 4,
    +       "lastName": "Wilson",
    +       "role": "Technology Consultant",
    +     },
    +     "description": "Teach basic computer and smartphone skills to elderly residents at the local community center.",
    +     "endDate": "2024-12-18T17:00:00",
    +     "id": 2,
    +     "location": "Manchester Community Center",
    +     "maxParticipants": 8,
    +     "objectives": "Bridge the digital divide and support elderly community members",
    +     "participants": Array [],
    +     "requirements": "Basic tech knowledge, patience, and good communication skills",
    +     "startDate": "2024-12-18T14:00:00",
    +     "title": "Tech Skills Workshop for Seniors",
    +     "updatedAt": "2024-12-02T14:30:00",
    +   },
    +   Object {
    +     "category": "food-security",
    +     "contactEmail": "foodbank@pwc.com",
    +     "createdAt": "2024-12-03T09:15:00",
    +     "createdBy": Object {
    +       "email": "community@pwc.com",
    +       "firstName": "Sarah",
    +       "id": 5,
    +       "lastName": "Davis",
    +       "role": "Community Liaison",
    +     },
    +     "description": "Sort donations and pack food parcels for families in need during the holiday season.",
    +     "endDate": "2024-12-20T15:00:00",
    +     "id": 3,
    +     "location": "Birmingham Food Bank Warehouse",
    +     "maxParticipants": 20,
    +     "objectives": "Support food security initiatives and help families during the holidays",
    +     "participants": Array [
    +       Object {
    +         "eventId": 3,
    +         "id": 2,
    +         "status": "pending",
    +         "user": Object {
    +           "email": "john.doe@pwc.com",
    +           "firstName": "John",
    +           "id": 1,
    +           "lastName": "Doe",
    +           "role": "Employee",
    +         },
    +         "userId": 1,
    +       },
    +     ],
    +     "requirements": "Comfortable standing for extended periods",
    +     "startDate": "2024-12-20T10:00:00",
    +     "title": "Food Bank Sorting and Packing",
    +     "updatedAt": "2024-12-03T09:15:00",
    +   },
    + ]

    [0m [90m 175 |[39m     })[33m;[39m
     [90m 176 |[39m
    [31m[1m>[22m[39m[90m 177 |[39m     expect(result[33m.[39mcurrent[33m.[39mevents)[33m.[39mtoEqual([])[33m;[39m
     [90m     |[39m                                   [31m[1m^[22m[39m
     [90m 178 |[39m   })[33m;[39m
     [90m 179 |[39m
     [90m 180 |[39m   it([32m'should make API call with correct URL'[39m[33m,[39m [36masync[39m () [33m=>[39m {[0m

      at Object.<anonymous> (src/hooks/useEvents.test.ts:177:35)

  ● useEvents Hook › should make API call with correct URL

    expect(jest.fn()).toHaveBeenCalledWith(...expected)

    Expected: StringContaining "/api/events"
    Received: "http://localhost:5001/api/events", {"headers": {"Content-Type": "application/json"}}

    Number of calls: 1

    Ignored nodes: comments, script, style
    [36m<html>[39m
      [36m<head />[39m
      [36m<body>[39m
        [36m<div />[39m
      [36m</body>[39m
    [36m</html>[39m

    [0m [90m 182 |[39m
     [90m 183 |[39m     [36mawait[39m waitFor(() [33m=>[39m {
    [31m[1m>[22m[39m[90m 184 |[39m       expect(mockedAxios[33m.[39m[36mget[39m)[33m.[39mtoHaveBeenCalledWith(
     [90m     |[39m                               [31m[1m^[22m[39m
     [90m 185 |[39m         expect[33m.[39mstringContaining([32m'/api/events'[39m)
     [90m 186 |[39m       )[33m;[39m
     [90m 187 |[39m     })[33m;[39m[0m

      at src/hooks/useEvents.test.ts:184:31
      at runWithExpensiveErrorDiagnosticsDisabled (node_modules/@testing-library/dom/dist/config.js:47:12)
      at checkCallback (node_modules/@testing-library/dom/dist/wait-for.js:124:77)
      at checkRealTimersCallback (node_modules/@testing-library/dom/dist/wait-for.js:118:16)
      at Timeout.task [as _onTimeout] (node_modules/jsdom/lib/jsdom/browser/Window.js:516:19)

  ● useEvents Hook › should include auth token in request when user is authenticated

    expect(jest.fn()).toHaveBeenCalledWith(...expected)

    Expected: Any<String>, ObjectContaining {"headers": ObjectContaining {"Authorization": StringContaining "Bearer"}}
    Received: "http://localhost:5001/api/events", {"headers": {"Content-Type": "application/json"}}

    Number of calls: 1

    Ignored nodes: comments, script, style
    [36m<html>[39m
      [36m<head />[39m
      [36m<body>[39m
        [36m<div />[39m
      [36m</body>[39m
    [36m</html>[39m

    [0m [90m 192 |[39m
     [90m 193 |[39m     [36mawait[39m waitFor(() [33m=>[39m {
    [31m[1m>[22m[39m[90m 194 |[39m       expect(mockedAxios[33m.[39m[36mget[39m)[33m.[39mtoHaveBeenCalledWith(
     [90m     |[39m                               [31m[1m^[22m[39m
     [90m 195 |[39m         expect[33m.[39many([33mString[39m)[33m,[39m
     [90m 196 |[39m         expect[33m.[39mobjectContaining({
     [90m 197 |[39m           headers[33m:[39m expect[33m.[39mobjectContaining({[0m

      at src/hooks/useEvents.test.ts:194:31
      at runWithExpensiveErrorDiagnosticsDisabled (node_modules/@testing-library/dom/dist/config.js:47:12)
      at checkCallback (node_modules/@testing-library/dom/dist/wait-for.js:124:77)
      at checkRealTimersCallback (node_modules/@testing-library/dom/dist/wait-for.js:118:16)
      at Timeout.task [as _onTimeout] (node_modules/jsdom/lib/jsdom/browser/Window.js:516:19)

PASS src/components/InviteColleaguesDialog.test.tsx (33.18 s)
  ● Console

    console.error
      Warning: An update to Transition inside a test was not wrapped in act(...).
      
      When testing, code that causes React state updates should be wrapped into act(...):
      
      act(() => {
        /* fire events that update state */
      });
      /* assert on the output */
      
      This ensures that you're testing the behavior the user would see in the browser. Learn more at https://reactjs.org/link/wrap-tests-with-act
          at Transition (C:\Dev\EPA-final-project\client\node_modules\react-transition-group\cjs\Transition.js:135:30)
          at Fade (C:\Dev\EPA-final-project\client\node_modules\@mui\material\node\Fade\Fade.js:37:39)
          at Backdrop (C:\Dev\EPA-final-project\client\node_modules\@mui\material\node\Backdrop\Backdrop.js:60:59)
          at C:\Dev\EPA-final-project\client\node_modules\@emotion\react\dist\emotion-element-a1829a1e.cjs.js:58:23
          at div
          at C:\Dev\EPA-final-project\client\node_modules\@emotion\react\dist\emotion-element-a1829a1e.cjs.js:58:23
          at Portal (C:\Dev\EPA-final-project\client\node_modules\@mui\material\node\Portal\Portal.js:34:5)
          at Modal (C:\Dev\EPA-final-project\client\node_modules\@mui\material\node\Modal\Modal.js:88:59)
          at C:\Dev\EPA-final-project\client\node_modules\@emotion\react\dist\emotion-element-a1829a1e.cjs.js:58:23
          at Dialog (C:\Dev\EPA-final-project\client\node_modules\@mui\material\node\Dialog\Dialog.js:161:59)
          at InviteColleaguesDialog (C:\Dev\EPA-final-project\client\src\components\InviteColleaguesDialog.tsx:42:3)

    [0m [90m 103 |[39m
     [90m 104 |[39m     [90m// Fast-forward time past the debounce delay[39m
    [31m[1m>[22m[39m[90m 105 |[39m     jest[33m.[39madvanceTimersByTime([35m500[39m)[33m;[39m
     [90m     |[39m          [31m[1m^[22m[39m
     [90m 106 |[39m
     [90m 107 |[39m     [36mawait[39m waitFor(() [33m=>[39m {
     [90m 108 |[39m       expect(mockedAxios[33m.[39m[36mget[39m)[33m.[39mtoHaveBeenCalledWith([0m

      at printWarning (node_modules/react-dom/cjs/react-dom.development.js:86:30)
      at error (node_modules/react-dom/cjs/react-dom.development.js:60:7)
      at warnIfUpdatesNotWrappedWithActDEV (node_modules/react-dom/cjs/react-dom.development.js:27628:9)
      at scheduleUpdateOnFiber (node_modules/react-dom/cjs/react-dom.development.js:25547:5)
      at Object.enqueueSetState (node_modules/react-dom/cjs/react-dom.development.js:17925:7)
      at Transition.Object.<anonymous>.Component.setState (node_modules/react/cjs/react.development.js:354:16)
      at Transition.safeSetState (node_modules/react-transition-group/cjs/Transition.js:353:10)
      at node_modules/react-transition-group/cjs/Transition.js:300:16
      at nextCallback (node_modules/react-transition-group/cjs/Transition.js:365:9)
      at callTimer (node_modules/@sinonjs/fake-timers/src/fake-timers-src.js:729:24)
      at doTickInner (node_modules/@sinonjs/fake-timers/src/fake-timers-src.js:1289:29)
      at doTick (node_modules/@sinonjs/fake-timers/src/fake-timers-src.js:1370:20)
      at Object.tick (node_modules/@sinonjs/fake-timers/src/fake-timers-src.js:1378:20)
      at FakeTimers.advanceTimersByTime (node_modules/@jest/fake-timers/build/modernFakeTimers.js:101:19)
      at Object.<anonymous> (src/components/InviteColleaguesDialog.test.tsx:105:10)

    console.error
      Warning: An update to Transition inside a test was not wrapped in act(...).
      
      When testing, code that causes React state updates should be wrapped into act(...):
      
      act(() => {
        /* fire events that update state */
      });
      /* assert on the output */
      
      This ensures that you're testing the behavior the user would see in the browser. Learn more at https://reactjs.org/link/wrap-tests-with-act
          at Transition (C:\Dev\EPA-final-project\client\node_modules\react-transition-group\cjs\Transition.js:135:30)
          at Fade (C:\Dev\EPA-final-project\client\node_modules\@mui\material\node\Fade\Fade.js:37:39)
          at FocusTrap (C:\Dev\EPA-final-project\client\node_modules\@mui\material\node\Unstable_TrapFocus\FocusTrap.js:86:5)
          at div
          at C:\Dev\EPA-final-project\client\node_modules\@emotion\react\dist\emotion-element-a1829a1e.cjs.js:58:23
          at Portal (C:\Dev\EPA-final-project\client\node_modules\@mui\material\node\Portal\Portal.js:34:5)
          at Modal (C:\Dev\EPA-final-project\client\node_modules\@mui\material\node\Modal\Modal.js:88:59)
          at C:\Dev\EPA-final-project\client\node_modules\@emotion\react\dist\emotion-element-a1829a1e.cjs.js:58:23
          at Dialog (C:\Dev\EPA-final-project\client\node_modules\@mui\material\node\Dialog\Dialog.js:161:59)
          at InviteColleaguesDialog (C:\Dev\EPA-final-project\client\src\components\InviteColleaguesDialog.tsx:42:3)

    [0m [90m 103 |[39m
     [90m 104 |[39m     [90m// Fast-forward time past the debounce delay[39m
    [31m[1m>[22m[39m[90m 105 |[39m     jest[33m.[39madvanceTimersByTime([35m500[39m)[33m;[39m
     [90m     |[39m          [31m[1m^[22m[39m
     [90m 106 |[39m
     [90m 107 |[39m     [36mawait[39m waitFor(() [33m=>[39m {
     [90m 108 |[39m       expect(mockedAxios[33m.[39m[36mget[39m)[33m.[39mtoHaveBeenCalledWith([0m

      at printWarning (node_modules/react-dom/cjs/react-dom.development.js:86:30)
      at error (node_modules/react-dom/cjs/react-dom.development.js:60:7)
      at warnIfUpdatesNotWrappedWithActDEV (node_modules/react-dom/cjs/react-dom.development.js:27628:9)
      at scheduleUpdateOnFiber (node_modules/react-dom/cjs/react-dom.development.js:25547:5)
      at Object.enqueueSetState (node_modules/react-dom/cjs/react-dom.development.js:17925:7)
      at Transition.Object.<anonymous>.Component.setState (node_modules/react/cjs/react.development.js:354:16)
      at Transition.safeSetState (node_modules/react-transition-group/cjs/Transition.js:353:10)
      at node_modules/react-transition-group/cjs/Transition.js:300:16
      at nextCallback (node_modules/react-transition-group/cjs/Transition.js:365:9)
      at callTimer (node_modules/@sinonjs/fake-timers/src/fake-timers-src.js:729:24)
      at doTickInner (node_modules/@sinonjs/fake-timers/src/fake-timers-src.js:1289:29)
      at doTick (node_modules/@sinonjs/fake-timers/src/fake-timers-src.js:1370:20)
      at Object.tick (node_modules/@sinonjs/fake-timers/src/fake-timers-src.js:1378:20)
      at FakeTimers.advanceTimersByTime (node_modules/@jest/fake-timers/build/modernFakeTimers.js:101:19)
      at Object.<anonymous> (src/components/InviteColleaguesDialog.test.tsx:105:10)

    console.error
      Warning: An update to InviteColleaguesDialog inside a test was not wrapped in act(...).
      
      When testing, code that causes React state updates should be wrapped into act(...):
      
      act(() => {
        /* fire events that update state */
      });
      /* assert on the output */
      
      This ensures that you're testing the behavior the user would see in the browser. Learn more at https://reactjs.org/link/wrap-tests-with-act
          at InviteColleaguesDialog (C:\Dev\EPA-final-project\client\src\components\InviteColleaguesDialog.tsx:42:3)

    [0m [90m 62 |[39m
     [90m 63 |[39m     [36mconst[39m delaySearch [33m=[39m setTimeout([36masync[39m () [33m=>[39m {
    [31m[1m>[22m[39m[90m 64 |[39m       setSearching([36mtrue[39m)[33m;[39m
     [90m    |[39m       [31m[1m^[22m[39m
     [90m 65 |[39m       setError([36mnull[39m)[33m;[39m
     [90m 66 |[39m
     [90m 67 |[39m       [36mtry[39m {[0m

      at printWarning (node_modules/react-dom/cjs/react-dom.development.js:86:30)
      at error (node_modules/react-dom/cjs/react-dom.development.js:60:7)
      at warnIfUpdatesNotWrappedWithActDEV (node_modules/react-dom/cjs/react-dom.development.js:27628:9)
      at scheduleUpdateOnFiber (node_modules/react-dom/cjs/react-dom.development.js:25547:5)
      at setSearching (node_modules/react-dom/cjs/react-dom.development.js:16708:7)
      at src/components/InviteColleaguesDialog.tsx:64:7
      at callTimer (node_modules/@sinonjs/fake-timers/src/fake-timers-src.js:729:24)
      at doTickInner (node_modules/@sinonjs/fake-timers/src/fake-timers-src.js:1289:29)
      at doTick (node_modules/@sinonjs/fake-timers/src/fake-timers-src.js:1370:20)
      at Object.tick (node_modules/@sinonjs/fake-timers/src/fake-timers-src.js:1378:20)
      at FakeTimers.advanceTimersByTime (node_modules/@jest/fake-timers/build/modernFakeTimers.js:101:19)
      at Object.<anonymous> (src/components/InviteColleaguesDialog.test.tsx:105:10)

    console.error
      Warning: An update to InviteColleaguesDialog inside a test was not wrapped in act(...).
      
      When testing, code that causes React state updates should be wrapped into act(...):
      
      act(() => {
        /* fire events that update state */
      });
      /* assert on the output */
      
      This ensures that you're testing the behavior the user would see in the browser. Learn more at https://reactjs.org/link/wrap-tests-with-act
          at InviteColleaguesDialog (C:\Dev\EPA-final-project\client\src\components\InviteColleaguesDialog.tsx:42:3)

    [0m [90m 63 |[39m     [36mconst[39m delaySearch [33m=[39m setTimeout([36masync[39m () [33m=>[39m {
     [90m 64 |[39m       setSearching([36mtrue[39m)[33m;[39m
    [31m[1m>[22m[39m[90m 65 |[39m       setError([36mnull[39m)[33m;[39m
     [90m    |[39m       [31m[1m^[22m[39m
     [90m 66 |[39m
     [90m 67 |[39m       [36mtry[39m {
     [90m 68 |[39m         [36mconst[39m token [33m=[39m localStorage[33m.[39mgetItem([32m'token'[39m)[33m;[39m[0m

      at printWarning (node_modules/react-dom/cjs/react-dom.development.js:86:30)
      at error (node_modules/react-dom/cjs/react-dom.development.js:60:7)
      at warnIfUpdatesNotWrappedWithActDEV (node_modules/react-dom/cjs/react-dom.development.js:27628:9)
      at scheduleUpdateOnFiber (node_modules/react-dom/cjs/react-dom.development.js:25547:5)
      at setError (node_modules/react-dom/cjs/react-dom.development.js:16708:7)
      at src/components/InviteColleaguesDialog.tsx:65:7
      at callTimer (node_modules/@sinonjs/fake-timers/src/fake-timers-src.js:729:24)
      at doTickInner (node_modules/@sinonjs/fake-timers/src/fake-timers-src.js:1289:29)
      at doTick (node_modules/@sinonjs/fake-timers/src/fake-timers-src.js:1370:20)
      at Object.tick (node_modules/@sinonjs/fake-timers/src/fake-timers-src.js:1378:20)
      at FakeTimers.advanceTimersByTime (node_modules/@jest/fake-timers/build/modernFakeTimers.js:101:19)
      at Object.<anonymous> (src/components/InviteColleaguesDialog.test.tsx:105:10)

    console.error
      Warning: An update to Transition inside a test was not wrapped in act(...).
      
      When testing, code that causes React state updates should be wrapped into act(...):
      
      act(() => {
        /* fire events that update state */
      });
      /* assert on the output */
      
      This ensures that you're testing the behavior the user would see in the browser. Learn more at https://reactjs.org/link/wrap-tests-with-act
          at Transition (C:\Dev\EPA-final-project\client\node_modules\react-transition-group\cjs\Transition.js:135:30)
          at Fade (C:\Dev\EPA-final-project\client\node_modules\@mui\material\node\Fade\Fade.js:37:39)
          at Backdrop (C:\Dev\EPA-final-project\client\node_modules\@mui\material\node\Backdrop\Backdrop.js:60:59)
          at C:\Dev\EPA-final-project\client\node_modules\@emotion\react\dist\emotion-element-a1829a1e.cjs.js:58:23
          at div
          at C:\Dev\EPA-final-project\client\node_modules\@emotion\react\dist\emotion-element-a1829a1e.cjs.js:58:23
          at Portal (C:\Dev\EPA-final-project\client\node_modules\@mui\material\node\Portal\Portal.js:34:5)
          at Modal (C:\Dev\EPA-final-project\client\node_modules\@mui\material\node\Modal\Modal.js:88:59)
          at C:\Dev\EPA-final-project\client\node_modules\@emotion\react\dist\emotion-element-a1829a1e.cjs.js:58:23
          at Dialog (C:\Dev\EPA-final-project\client\node_modules\@mui\material\node\Dialog\Dialog.js:161:59)
          at InviteColleaguesDialog (C:\Dev\EPA-final-project\client\src\components\InviteColleaguesDialog.tsx:42:3)

    [0m [90m 127 |[39m     fireEvent[33m.[39mchange(searchInput[33m,[39m { target[33m:[39m { value[33m:[39m [32m'j'[39m } })[33m;[39m
     [90m 128 |[39m
    [31m[1m>[22m[39m[90m 129 |[39m     jest[33m.[39madvanceTimersByTime([35m500[39m)[33m;[39m
     [90m     |[39m          [31m[1m^[22m[39m
     [90m 130 |[39m
     [90m 131 |[39m     expect(mockedAxios[33m.[39m[36mget[39m)[33m.[39mnot[33m.[39mtoHaveBeenCalled()[33m;[39m
     [90m 132 |[39m   })[33m;[39m[0m

      at printWarning (node_modules/react-dom/cjs/react-dom.development.js:86:30)
      at error (node_modules/react-dom/cjs/react-dom.development.js:60:7)
      at warnIfUpdatesNotWrappedWithActDEV (node_modules/react-dom/cjs/react-dom.development.js:27628:9)
      at scheduleUpdateOnFiber (node_modules/react-dom/cjs/react-dom.development.js:25547:5)
      at Object.enqueueSetState (node_modules/react-dom/cjs/react-dom.development.js:17925:7)
      at Transition.Object.<anonymous>.Component.setState (node_modules/react/cjs/react.development.js:354:16)
      at Transition.safeSetState (node_modules/react-transition-group/cjs/Transition.js:353:10)
      at node_modules/react-transition-group/cjs/Transition.js:300:16
      at nextCallback (node_modules/react-transition-group/cjs/Transition.js:365:9)
      at callTimer (node_modules/@sinonjs/fake-timers/src/fake-timers-src.js:729:24)
      at doTickInner (node_modules/@sinonjs/fake-timers/src/fake-timers-src.js:1289:29)
      at doTick (node_modules/@sinonjs/fake-timers/src/fake-timers-src.js:1370:20)
      at Object.tick (node_modules/@sinonjs/fake-timers/src/fake-timers-src.js:1378:20)
      at FakeTimers.advanceTimersByTime (node_modules/@jest/fake-timers/build/modernFakeTimers.js:101:19)
      at Object.<anonymous> (src/components/InviteColleaguesDialog.test.tsx:129:10)

    console.error
      Warning: An update to Transition inside a test was not wrapped in act(...).
      
      When testing, code that causes React state updates should be wrapped into act(...):
      
      act(() => {
        /* fire events that update state */
      });
      /* assert on the output */
      
      This ensures that you're testing the behavior the user would see in the browser. Learn more at https://reactjs.org/link/wrap-tests-with-act
          at Transition (C:\Dev\EPA-final-project\client\node_modules\react-transition-group\cjs\Transition.js:135:30)
          at Fade (C:\Dev\EPA-final-project\client\node_modules\@mui\material\node\Fade\Fade.js:37:39)
          at FocusTrap (C:\Dev\EPA-final-project\client\node_modules\@mui\material\node\Unstable_TrapFocus\FocusTrap.js:86:5)
          at div
          at C:\Dev\EPA-final-project\client\node_modules\@emotion\react\dist\emotion-element-a1829a1e.cjs.js:58:23
          at Portal (C:\Dev\EPA-final-project\client\node_modules\@mui\material\node\Portal\Portal.js:34:5)
          at Modal (C:\Dev\EPA-final-project\client\node_modules\@mui\material\node\Modal\Modal.js:88:59)
          at C:\Dev\EPA-final-project\client\node_modules\@emotion\react\dist\emotion-element-a1829a1e.cjs.js:58:23
          at Dialog (C:\Dev\EPA-final-project\client\node_modules\@mui\material\node\Dialog\Dialog.js:161:59)
          at InviteColleaguesDialog (C:\Dev\EPA-final-project\client\src\components\InviteColleaguesDialog.tsx:42:3)

    [0m [90m 127 |[39m     fireEvent[33m.[39mchange(searchInput[33m,[39m { target[33m:[39m { value[33m:[39m [32m'j'[39m } })[33m;[39m
     [90m 128 |[39m
    [31m[1m>[22m[39m[90m 129 |[39m     jest[33m.[39madvanceTimersByTime([35m500[39m)[33m;[39m
     [90m     |[39m          [31m[1m^[22m[39m
     [90m 130 |[39m
     [90m 131 |[39m     expect(mockedAxios[33m.[39m[36mget[39m)[33m.[39mnot[33m.[39mtoHaveBeenCalled()[33m;[39m
     [90m 132 |[39m   })[33m;[39m[0m

      at printWarning (node_modules/react-dom/cjs/react-dom.development.js:86:30)
      at error (node_modules/react-dom/cjs/react-dom.development.js:60:7)
      at warnIfUpdatesNotWrappedWithActDEV (node_modules/react-dom/cjs/react-dom.development.js:27628:9)
      at scheduleUpdateOnFiber (node_modules/react-dom/cjs/react-dom.development.js:25547:5)
      at Object.enqueueSetState (node_modules/react-dom/cjs/react-dom.development.js:17925:7)
      at Transition.Object.<anonymous>.Component.setState (node_modules/react/cjs/react.development.js:354:16)
      at Transition.safeSetState (node_modules/react-transition-group/cjs/Transition.js:353:10)
      at node_modules/react-transition-group/cjs/Transition.js:300:16
      at nextCallback (node_modules/react-transition-group/cjs/Transition.js:365:9)
      at callTimer (node_modules/@sinonjs/fake-timers/src/fake-timers-src.js:729:24)
      at doTickInner (node_modules/@sinonjs/fake-timers/src/fake-timers-src.js:1289:29)
      at doTick (node_modules/@sinonjs/fake-timers/src/fake-timers-src.js:1370:20)
      at Object.tick (node_modules/@sinonjs/fake-timers/src/fake-timers-src.js:1378:20)
      at FakeTimers.advanceTimersByTime (node_modules/@jest/fake-timers/build/modernFakeTimers.js:101:19)
      at Object.<anonymous> (src/components/InviteColleaguesDialog.test.tsx:129:10)

    console.error
      Warning: An update to Transition inside a test was not wrapped in act(...).
      
      When testing, code that causes React state updates should be wrapped into act(...):
      
      act(() => {
        /* fire events that update state */
      });
      /* assert on the output */
      
      This ensures that you're testing the behavior the user would see in the browser. Learn more at https://reactjs.org/link/wrap-tests-with-act
          at Transition (C:\Dev\EPA-final-project\client\node_modules\react-transition-group\cjs\Transition.js:135:30)
          at Fade (C:\Dev\EPA-final-project\client\node_modules\@mui\material\node\Fade\Fade.js:37:39)
          at Backdrop (C:\Dev\EPA-final-project\client\node_modules\@mui\material\node\Backdrop\Backdrop.js:60:59)
          at C:\Dev\EPA-final-project\client\node_modules\@emotion\react\dist\emotion-element-a1829a1e.cjs.js:58:23
          at div
          at C:\Dev\EPA-final-project\client\node_modules\@emotion\react\dist\emotion-element-a1829a1e.cjs.js:58:23
          at Portal (C:\Dev\EPA-final-project\client\node_modules\@mui\material\node\Portal\Portal.js:34:5)
          at Modal (C:\Dev\EPA-final-project\client\node_modules\@mui\material\node\Modal\Modal.js:88:59)
          at C:\Dev\EPA-final-project\client\node_modules\@emotion\react\dist\emotion-element-a1829a1e.cjs.js:58:23
          at Dialog (C:\Dev\EPA-final-project\client\node_modules\@mui\material\node\Dialog\Dialog.js:161:59)
          at InviteColleaguesDialog (C:\Dev\EPA-final-project\client\src\components\InviteColleaguesDialog.tsx:42:3)

    [0m [90m 148 |[39m     [36mconst[39m searchInput [33m=[39m screen[33m.[39mgetByPlaceholderText([32m'Search by name or email...'[39m)[33m;[39m
     [90m 149 |[39m     fireEvent[33m.[39mchange(searchInput[33m,[39m { target[33m:[39m { value[33m:[39m [32m'test'[39m } })[33m;[39m
    [31m[1m>[22m[39m[90m 150 |[39m     jest[33m.[39madvanceTimersByTime([35m500[39m)[33m;[39m
     [90m     |[39m          [31m[1m^[22m[39m
     [90m 151 |[39m
     [90m 152 |[39m     [36mawait[39m waitFor(() [33m=>[39m {
     [90m 153 |[39m       expect(screen[33m.[39mgetByText([32m'John Doe'[39m))[33m.[39mtoBeInTheDocument()[33m;[39m[0m

      at printWarning (node_modules/react-dom/cjs/react-dom.development.js:86:30)
      at error (node_modules/react-dom/cjs/react-dom.development.js:60:7)
      at warnIfUpdatesNotWrappedWithActDEV (node_modules/react-dom/cjs/react-dom.development.js:27628:9)
      at scheduleUpdateOnFiber (node_modules/react-dom/cjs/react-dom.development.js:25547:5)
      at Object.enqueueSetState (node_modules/react-dom/cjs/react-dom.development.js:17925:7)
      at Transition.Object.<anonymous>.Component.setState (node_modules/react/cjs/react.development.js:354:16)
      at Transition.safeSetState (node_modules/react-transition-group/cjs/Transition.js:353:10)
      at node_modules/react-transition-group/cjs/Transition.js:300:16
      at nextCallback (node_modules/react-transition-group/cjs/Transition.js:365:9)
      at callTimer (node_modules/@sinonjs/fake-timers/src/fake-timers-src.js:729:24)
      at doTickInner (node_modules/@sinonjs/fake-timers/src/fake-timers-src.js:1289:29)
      at doTick (node_modules/@sinonjs/fake-timers/src/fake-timers-src.js:1370:20)
      at Object.tick (node_modules/@sinonjs/fake-timers/src/fake-timers-src.js:1378:20)
      at FakeTimers.advanceTimersByTime (node_modules/@jest/fake-timers/build/modernFakeTimers.js:101:19)
      at Object.<anonymous> (src/components/InviteColleaguesDialog.test.tsx:150:10)

    console.error
      Warning: An update to Transition inside a test was not wrapped in act(...).
      
      When testing, code that causes React state updates should be wrapped into act(...):
      
      act(() => {
        /* fire events that update state */
      });
      /* assert on the output */
      
      This ensures that you're testing the behavior the user would see in the browser. Learn more at https://reactjs.org/link/wrap-tests-with-act
          at Transition (C:\Dev\EPA-final-project\client\node_modules\react-transition-group\cjs\Transition.js:135:30)
          at Fade (C:\Dev\EPA-final-project\client\node_modules\@mui\material\node\Fade\Fade.js:37:39)
          at FocusTrap (C:\Dev\EPA-final-project\client\node_modules\@mui\material\node\Unstable_TrapFocus\FocusTrap.js:86:5)
          at div
          at C:\Dev\EPA-final-project\client\node_modules\@emotion\react\dist\emotion-element-a1829a1e.cjs.js:58:23
          at Portal (C:\Dev\EPA-final-project\client\node_modules\@mui\material\node\Portal\Portal.js:34:5)
          at Modal (C:\Dev\EPA-final-project\client\node_modules\@mui\material\node\Modal\Modal.js:88:59)
          at C:\Dev\EPA-final-project\client\node_modules\@emotion\react\dist\emotion-element-a1829a1e.cjs.js:58:23
          at Dialog (C:\Dev\EPA-final-project\client\node_modules\@mui\material\node\Dialog\Dialog.js:161:59)
          at InviteColleaguesDialog (C:\Dev\EPA-final-project\client\src\components\InviteColleaguesDialog.tsx:42:3)

    [0m [90m 148 |[39m     [36mconst[39m searchInput [33m=[39m screen[33m.[39mgetByPlaceholderText([32m'Search by name or email...'[39m)[33m;[39m
     [90m 149 |[39m     fireEvent[33m.[39mchange(searchInput[33m,[39m { target[33m:[39m { value[33m:[39m [32m'test'[39m } })[33m;[39m
    [31m[1m>[22m[39m[90m 150 |[39m     jest[33m.[39madvanceTimersByTime([35m500[39m)[33m;[39m
     [90m     |[39m          [31m[1m^[22m[39m
     [90m 151 |[39m
     [90m 152 |[39m     [36mawait[39m waitFor(() [33m=>[39m {
     [90m 153 |[39m       expect(screen[33m.[39mgetByText([32m'John Doe'[39m))[33m.[39mtoBeInTheDocument()[33m;[39m[0m

      at printWarning (node_modules/react-dom/cjs/react-dom.development.js:86:30)
      at error (node_modules/react-dom/cjs/react-dom.development.js:60:7)
      at warnIfUpdatesNotWrappedWithActDEV (node_modules/react-dom/cjs/react-dom.development.js:27628:9)
      at scheduleUpdateOnFiber (node_modules/react-dom/cjs/react-dom.development.js:25547:5)
      at Object.enqueueSetState (node_modules/react-dom/cjs/react-dom.development.js:17925:7)
      at Transition.Object.<anonymous>.Component.setState (node_modules/react/cjs/react.development.js:354:16)
      at Transition.safeSetState (node_modules/react-transition-group/cjs/Transition.js:353:10)
      at node_modules/react-transition-group/cjs/Transition.js:300:16
      at nextCallback (node_modules/react-transition-group/cjs/Transition.js:365:9)
      at callTimer (node_modules/@sinonjs/fake-timers/src/fake-timers-src.js:729:24)
      at doTickInner (node_modules/@sinonjs/fake-timers/src/fake-timers-src.js:1289:29)
      at doTick (node_modules/@sinonjs/fake-timers/src/fake-timers-src.js:1370:20)
      at Object.tick (node_modules/@sinonjs/fake-timers/src/fake-timers-src.js:1378:20)
      at FakeTimers.advanceTimersByTime (node_modules/@jest/fake-timers/build/modernFakeTimers.js:101:19)
      at Object.<anonymous> (src/components/InviteColleaguesDialog.test.tsx:150:10)

    console.error
      Warning: An update to InviteColleaguesDialog inside a test was not wrapped in act(...).
      
      When testing, code that causes React state updates should be wrapped into act(...):
      
      act(() => {
        /* fire events that update state */
      });
      /* assert on the output */
      
      This ensures that you're testing the behavior the user would see in the browser. Learn more at https://reactjs.org/link/wrap-tests-with-act
          at InviteColleaguesDialog (C:\Dev\EPA-final-project\client\src\components\InviteColleaguesDialog.tsx:42:3)

    [0m [90m 62 |[39m
     [90m 63 |[39m     [36mconst[39m delaySearch [33m=[39m setTimeout([36masync[39m () [33m=>[39m {
    [31m[1m>[22m[39m[90m 64 |[39m       setSearching([36mtrue[39m)[33m;[39m
     [90m    |[39m       [31m[1m^[22m[39m
     [90m 65 |[39m       setError([36mnull[39m)[33m;[39m
     [90m 66 |[39m
     [90m 67 |[39m       [36mtry[39m {[0m

      at printWarning (node_modules/react-dom/cjs/react-dom.development.js:86:30)
      at error (node_modules/react-dom/cjs/react-dom.development.js:60:7)
      at warnIfUpdatesNotWrappedWithActDEV (node_modules/react-dom/cjs/react-dom.development.js:27628:9)
      at scheduleUpdateOnFiber (node_modules/react-dom/cjs/react-dom.development.js:25547:5)
      at setSearching (node_modules/react-dom/cjs/react-dom.development.js:16708:7)
      at src/components/InviteColleaguesDialog.tsx:64:7
      at callTimer (node_modules/@sinonjs/fake-timers/src/fake-timers-src.js:729:24)
      at doTickInner (node_modules/@sinonjs/fake-timers/src/fake-timers-src.js:1289:29)
      at doTick (node_modules/@sinonjs/fake-timers/src/fake-timers-src.js:1370:20)
      at Object.tick (node_modules/@sinonjs/fake-timers/src/fake-timers-src.js:1378:20)
      at FakeTimers.advanceTimersByTime (node_modules/@jest/fake-timers/build/modernFakeTimers.js:101:19)
      at Object.<anonymous> (src/components/InviteColleaguesDialog.test.tsx:150:10)

    console.error
      Warning: An update to InviteColleaguesDialog inside a test was not wrapped in act(...).
      
      When testing, code that causes React state updates should be wrapped into act(...):
      
      act(() => {
        /* fire events that update state */
      });
      /* assert on the output */
      
      This ensures that you're testing the behavior the user would see in the browser. Learn more at https://reactjs.org/link/wrap-tests-with-act
          at InviteColleaguesDialog (C:\Dev\EPA-final-project\client\src\components\InviteColleaguesDialog.tsx:42:3)

    [0m [90m 63 |[39m     [36mconst[39m delaySearch [33m=[39m setTimeout([36masync[39m () [33m=>[39m {
     [90m 64 |[39m       setSearching([36mtrue[39m)[33m;[39m
    [31m[1m>[22m[39m[90m 65 |[39m       setError([36mnull[39m)[33m;[39m
     [90m    |[39m       [31m[1m^[22m[39m
     [90m 66 |[39m
     [90m 67 |[39m       [36mtry[39m {
     [90m 68 |[39m         [36mconst[39m token [33m=[39m localStorage[33m.[39mgetItem([32m'token'[39m)[33m;[39m[0m

      at printWarning (node_modules/react-dom/cjs/react-dom.development.js:86:30)
      at error (node_modules/react-dom/cjs/react-dom.development.js:60:7)
      at warnIfUpdatesNotWrappedWithActDEV (node_modules/react-dom/cjs/react-dom.development.js:27628:9)
      at scheduleUpdateOnFiber (node_modules/react-dom/cjs/react-dom.development.js:25547:5)
      at setError (node_modules/react-dom/cjs/react-dom.development.js:16708:7)
      at src/components/InviteColleaguesDialog.tsx:65:7
      at callTimer (node_modules/@sinonjs/fake-timers/src/fake-timers-src.js:729:24)
      at doTickInner (node_modules/@sinonjs/fake-timers/src/fake-timers-src.js:1289:29)
      at doTick (node_modules/@sinonjs/fake-timers/src/fake-timers-src.js:1370:20)
      at Object.tick (node_modules/@sinonjs/fake-timers/src/fake-timers-src.js:1378:20)
      at FakeTimers.advanceTimersByTime (node_modules/@jest/fake-timers/build/modernFakeTimers.js:101:19)
      at Object.<anonymous> (src/components/InviteColleaguesDialog.test.tsx:150:10)

    console.error
      Warning: An update to Transition inside a test was not wrapped in act(...).
      
      When testing, code that causes React state updates should be wrapped into act(...):
      
      act(() => {
        /* fire events that update state */
      });
      /* assert on the output */
      
      This ensures that you're testing the behavior the user would see in the browser. Learn more at https://reactjs.org/link/wrap-tests-with-act
          at Transition (C:\Dev\EPA-final-project\client\node_modules\react-transition-group\cjs\Transition.js:135:30)
          at Fade (C:\Dev\EPA-final-project\client\node_modules\@mui\material\node\Fade\Fade.js:37:39)
          at Backdrop (C:\Dev\EPA-final-project\client\node_modules\@mui\material\node\Backdrop\Backdrop.js:60:59)
          at C:\Dev\EPA-final-project\client\node_modules\@emotion\react\dist\emotion-element-a1829a1e.cjs.js:58:23
          at div
          at C:\Dev\EPA-final-project\client\node_modules\@emotion\react\dist\emotion-element-a1829a1e.cjs.js:58:23
          at Portal (C:\Dev\EPA-final-project\client\node_modules\@mui\material\node\Portal\Portal.js:34:5)
          at Modal (C:\Dev\EPA-final-project\client\node_modules\@mui\material\node\Modal\Modal.js:88:59)
          at C:\Dev\EPA-final-project\client\node_modules\@emotion\react\dist\emotion-element-a1829a1e.cjs.js:58:23
          at Dialog (C:\Dev\EPA-final-project\client\node_modules\@mui\material\node\Dialog\Dialog.js:161:59)
          at InviteColleaguesDialog (C:\Dev\EPA-final-project\client\src\components\InviteColleaguesDialog.tsx:42:3)

    [0m [90m 174 |[39m     [36mconst[39m searchInput [33m=[39m screen[33m.[39mgetByPlaceholderText([32m'Search by name or email...'[39m)[33m;[39m
     [90m 175 |[39m     fireEvent[33m.[39mchange(searchInput[33m,[39m { target[33m:[39m { value[33m:[39m [32m'nonexistent'[39m } })[33m;[39m
    [31m[1m>[22m[39m[90m 176 |[39m     jest[33m.[39madvanceTimersByTime([35m500[39m)[33m;[39m
     [90m     |[39m          [31m[1m^[22m[39m
     [90m 177 |[39m
     [90m 178 |[39m     [36mawait[39m waitFor(() [33m=>[39m {
     [90m 179 |[39m       expect(screen[33m.[39mgetByText([32m'No users found'[39m))[33m.[39mtoBeInTheDocument()[33m;[39m[0m

      at printWarning (node_modules/react-dom/cjs/react-dom.development.js:86:30)
      at error (node_modules/react-dom/cjs/react-dom.development.js:60:7)
      at warnIfUpdatesNotWrappedWithActDEV (node_modules/react-dom/cjs/react-dom.development.js:27628:9)
      at scheduleUpdateOnFiber (node_modules/react-dom/cjs/react-dom.development.js:25547:5)
      at Object.enqueueSetState (node_modules/react-dom/cjs/react-dom.development.js:17925:7)
      at Transition.Object.<anonymous>.Component.setState (node_modules/react/cjs/react.development.js:354:16)
      at Transition.safeSetState (node_modules/react-transition-group/cjs/Transition.js:353:10)
      at node_modules/react-transition-group/cjs/Transition.js:300:16
      at nextCallback (node_modules/react-transition-group/cjs/Transition.js:365:9)
      at callTimer (node_modules/@sinonjs/fake-timers/src/fake-timers-src.js:729:24)
      at doTickInner (node_modules/@sinonjs/fake-timers/src/fake-timers-src.js:1289:29)
      at doTick (node_modules/@sinonjs/fake-timers/src/fake-timers-src.js:1370:20)
      at Object.tick (node_modules/@sinonjs/fake-timers/src/fake-timers-src.js:1378:20)
      at FakeTimers.advanceTimersByTime (node_modules/@jest/fake-timers/build/modernFakeTimers.js:101:19)
      at Object.<anonymous> (src/components/InviteColleaguesDialog.test.tsx:176:10)

    console.error
      Warning: An update to Transition inside a test was not wrapped in act(...).
      
      When testing, code that causes React state updates should be wrapped into act(...):
      
      act(() => {
        /* fire events that update state */
      });
      /* assert on the output */
      
      This ensures that you're testing the behavior the user would see in the browser. Learn more at https://reactjs.org/link/wrap-tests-with-act
          at Transition (C:\Dev\EPA-final-project\client\node_modules\react-transition-group\cjs\Transition.js:135:30)
          at Fade (C:\Dev\EPA-final-project\client\node_modules\@mui\material\node\Fade\Fade.js:37:39)
          at FocusTrap (C:\Dev\EPA-final-project\client\node_modules\@mui\material\node\Unstable_TrapFocus\FocusTrap.js:86:5)
          at div
          at C:\Dev\EPA-final-project\client\node_modules\@emotion\react\dist\emotion-element-a1829a1e.cjs.js:58:23
          at Portal (C:\Dev\EPA-final-project\client\node_modules\@mui\material\node\Portal\Portal.js:34:5)
          at Modal (C:\Dev\EPA-final-project\client\node_modules\@mui\material\node\Modal\Modal.js:88:59)
          at C:\Dev\EPA-final-project\client\node_modules\@emotion\react\dist\emotion-element-a1829a1e.cjs.js:58:23
          at Dialog (C:\Dev\EPA-final-project\client\node_modules\@mui\material\node\Dialog\Dialog.js:161:59)
          at InviteColleaguesDialog (C:\Dev\EPA-final-project\client\src\components\InviteColleaguesDialog.tsx:42:3)

    [0m [90m 174 |[39m     [36mconst[39m searchInput [33m=[39m screen[33m.[39mgetByPlaceholderText([32m'Search by name or email...'[39m)[33m;[39m
     [90m 175 |[39m     fireEvent[33m.[39mchange(searchInput[33m,[39m { target[33m:[39m { value[33m:[39m [32m'nonexistent'[39m } })[33m;[39m
    [31m[1m>[22m[39m[90m 176 |[39m     jest[33m.[39madvanceTimersByTime([35m500[39m)[33m;[39m
     [90m     |[39m          [31m[1m^[22m[39m
     [90m 177 |[39m
     [90m 178 |[39m     [36mawait[39m waitFor(() [33m=>[39m {
     [90m 179 |[39m       expect(screen[33m.[39mgetByText([32m'No users found'[39m))[33m.[39mtoBeInTheDocument()[33m;[39m[0m

      at printWarning (node_modules/react-dom/cjs/react-dom.development.js:86:30)
      at error (node_modules/react-dom/cjs/react-dom.development.js:60:7)
      at warnIfUpdatesNotWrappedWithActDEV (node_modules/react-dom/cjs/react-dom.development.js:27628:9)
      at scheduleUpdateOnFiber (node_modules/react-dom/cjs/react-dom.development.js:25547:5)
      at Object.enqueueSetState (node_modules/react-dom/cjs/react-dom.development.js:17925:7)
      at Transition.Object.<anonymous>.Component.setState (node_modules/react/cjs/react.development.js:354:16)
      at Transition.safeSetState (node_modules/react-transition-group/cjs/Transition.js:353:10)
      at node_modules/react-transition-group/cjs/Transition.js:300:16
      at nextCallback (node_modules/react-transition-group/cjs/Transition.js:365:9)
      at callTimer (node_modules/@sinonjs/fake-timers/src/fake-timers-src.js:729:24)
      at doTickInner (node_modules/@sinonjs/fake-timers/src/fake-timers-src.js:1289:29)
      at doTick (node_modules/@sinonjs/fake-timers/src/fake-timers-src.js:1370:20)
      at Object.tick (node_modules/@sinonjs/fake-timers/src/fake-timers-src.js:1378:20)
      at FakeTimers.advanceTimersByTime (node_modules/@jest/fake-timers/build/modernFakeTimers.js:101:19)
      at Object.<anonymous> (src/components/InviteColleaguesDialog.test.tsx:176:10)

    console.error
      Warning: An update to InviteColleaguesDialog inside a test was not wrapped in act(...).
      
      When testing, code that causes React state updates should be wrapped into act(...):
      
      act(() => {
        /* fire events that update state */
      });
      /* assert on the output */
      
      This ensures that you're testing the behavior the user would see in the browser. Learn more at https://reactjs.org/link/wrap-tests-with-act
          at InviteColleaguesDialog (C:\Dev\EPA-final-project\client\src\components\InviteColleaguesDialog.tsx:42:3)

    [0m [90m 62 |[39m
     [90m 63 |[39m     [36mconst[39m delaySearch [33m=[39m setTimeout([36masync[39m () [33m=>[39m {
    [31m[1m>[22m[39m[90m 64 |[39m       setSearching([36mtrue[39m)[33m;[39m
     [90m    |[39m       [31m[1m^[22m[39m
     [90m 65 |[39m       setError([36mnull[39m)[33m;[39m
     [90m 66 |[39m
     [90m 67 |[39m       [36mtry[39m {[0m

      at printWarning (node_modules/react-dom/cjs/react-dom.development.js:86:30)
      at error (node_modules/react-dom/cjs/react-dom.development.js:60:7)
      at warnIfUpdatesNotWrappedWithActDEV (node_modules/react-dom/cjs/react-dom.development.js:27628:9)
      at scheduleUpdateOnFiber (node_modules/react-dom/cjs/react-dom.development.js:25547:5)
      at setSearching (node_modules/react-dom/cjs/react-dom.development.js:16708:7)
      at src/components/InviteColleaguesDialog.tsx:64:7
      at callTimer (node_modules/@sinonjs/fake-timers/src/fake-timers-src.js:729:24)
      at doTickInner (node_modules/@sinonjs/fake-timers/src/fake-timers-src.js:1289:29)
      at doTick (node_modules/@sinonjs/fake-timers/src/fake-timers-src.js:1370:20)
      at Object.tick (node_modules/@sinonjs/fake-timers/src/fake-timers-src.js:1378:20)
      at FakeTimers.advanceTimersByTime (node_modules/@jest/fake-timers/build/modernFakeTimers.js:101:19)
      at Object.<anonymous> (src/components/InviteColleaguesDialog.test.tsx:176:10)

    console.error
      Warning: An update to InviteColleaguesDialog inside a test was not wrapped in act(...).
      
      When testing, code that causes React state updates should be wrapped into act(...):
      
      act(() => {
        /* fire events that update state */
      });
      /* assert on the output */
      
      This ensures that you're testing the behavior the user would see in the browser. Learn more at https://reactjs.org/link/wrap-tests-with-act
          at InviteColleaguesDialog (C:\Dev\EPA-final-project\client\src\components\InviteColleaguesDialog.tsx:42:3)

    [0m [90m 63 |[39m     [36mconst[39m delaySearch [33m=[39m setTimeout([36masync[39m () [33m=>[39m {
     [90m 64 |[39m       setSearching([36mtrue[39m)[33m;[39m
    [31m[1m>[22m[39m[90m 65 |[39m       setError([36mnull[39m)[33m;[39m
     [90m    |[39m       [31m[1m^[22m[39m
     [90m 66 |[39m
     [90m 67 |[39m       [36mtry[39m {
     [90m 68 |[39m         [36mconst[39m token [33m=[39m localStorage[33m.[39mgetItem([32m'token'[39m)[33m;[39m[0m

      at printWarning (node_modules/react-dom/cjs/react-dom.development.js:86:30)
      at error (node_modules/react-dom/cjs/react-dom.development.js:60:7)
      at warnIfUpdatesNotWrappedWithActDEV (node_modules/react-dom/cjs/react-dom.development.js:27628:9)
      at scheduleUpdateOnFiber (node_modules/react-dom/cjs/react-dom.development.js:25547:5)
      at setError (node_modules/react-dom/cjs/react-dom.development.js:16708:7)
      at src/components/InviteColleaguesDialog.tsx:65:7
      at callTimer (node_modules/@sinonjs/fake-timers/src/fake-timers-src.js:729:24)
      at doTickInner (node_modules/@sinonjs/fake-timers/src/fake-timers-src.js:1289:29)
      at doTick (node_modules/@sinonjs/fake-timers/src/fake-timers-src.js:1370:20)
      at Object.tick (node_modules/@sinonjs/fake-timers/src/fake-timers-src.js:1378:20)
      at FakeTimers.advanceTimersByTime (node_modules/@jest/fake-timers/build/modernFakeTimers.js:101:19)
      at Object.<anonymous> (src/components/InviteColleaguesDialog.test.tsx:176:10)

    console.error
      Warning: An update to InviteColleaguesDialog inside a test was not wrapped in act(...).
      
      When testing, code that causes React state updates should be wrapped into act(...):
      
      act(() => {
        /* fire events that update state */
      });
      /* assert on the output */
      
      This ensures that you're testing the behavior the user would see in the browser. Learn more at https://reactjs.org/link/wrap-tests-with-act
          at InviteColleaguesDialog (C:\Dev\EPA-final-project\client\src\components\InviteColleaguesDialog.tsx:42:3)

    [0m [90m 73 |[39m
     [90m 74 |[39m         [36mif[39m (response[33m.[39mdata[33m.[39msuccess) {
    [31m[1m>[22m[39m[90m 75 |[39m           setSearchResults(response[33m.[39mdata[33m.[39mdata)[33m;[39m
     [90m    |[39m           [31m[1m^[22m[39m
     [90m 76 |[39m         }
     [90m 77 |[39m       } [36mcatch[39m (err[33m:[39m any) {
     [90m 78 |[39m         console[33m.[39merror([32m'Error searching users:'[39m[33m,[39m err)[33m;[39m[0m

      at printWarning (node_modules/react-dom/cjs/react-dom.development.js:86:30)
      at error (node_modules/react-dom/cjs/react-dom.development.js:60:7)
      at warnIfUpdatesNotWrappedWithActDEV (node_modules/react-dom/cjs/react-dom.development.js:27628:9)
      at scheduleUpdateOnFiber (node_modules/react-dom/cjs/react-dom.development.js:25547:5)
      at setSearchResults (node_modules/react-dom/cjs/react-dom.development.js:16708:7)
      at src/components/InviteColleaguesDialog.tsx:75:11

    console.error
      Warning: An update to InviteColleaguesDialog inside a test was not wrapped in act(...).
      
      When testing, code that causes React state updates should be wrapped into act(...):
      
      act(() => {
        /* fire events that update state */
      });
      /* assert on the output */
      
      This ensures that you're testing the behavior the user would see in the browser. Learn more at https://reactjs.org/link/wrap-tests-with-act
          at InviteColleaguesDialog (C:\Dev\EPA-final-project\client\src\components\InviteColleaguesDialog.tsx:42:3)

    [0m [90m 79 |[39m         setError([32m'Failed to search users'[39m)[33m;[39m
     [90m 80 |[39m       } [36mfinally[39m {
    [31m[1m>[22m[39m[90m 81 |[39m         setSearching([36mfalse[39m)[33m;[39m
     [90m    |[39m         [31m[1m^[22m[39m
     [90m 82 |[39m       }
     [90m 83 |[39m     }[33m,[39m [35m500[39m)[33m;[39m
     [90m 84 |[39m[0m

      at printWarning (node_modules/react-dom/cjs/react-dom.development.js:86:30)
      at error (node_modules/react-dom/cjs/react-dom.development.js:60:7)
      at warnIfUpdatesNotWrappedWithActDEV (node_modules/react-dom/cjs/react-dom.development.js:27628:9)
      at scheduleUpdateOnFiber (node_modules/react-dom/cjs/react-dom.development.js:25547:5)
      at setSearching (node_modules/react-dom/cjs/react-dom.development.js:16708:7)
      at src/components/InviteColleaguesDialog.tsx:81:9

    console.error
      Warning: An update to Transition inside a test was not wrapped in act(...).
      
      When testing, code that causes React state updates should be wrapped into act(...):
      
      act(() => {
        /* fire events that update state */
      });
      /* assert on the output */
      
      This ensures that you're testing the behavior the user would see in the browser. Learn more at https://reactjs.org/link/wrap-tests-with-act
          at Transition (C:\Dev\EPA-final-project\client\node_modules\react-transition-group\cjs\Transition.js:135:30)
          at Fade (C:\Dev\EPA-final-project\client\node_modules\@mui\material\node\Fade\Fade.js:37:39)
          at Backdrop (C:\Dev\EPA-final-project\client\node_modules\@mui\material\node\Backdrop\Backdrop.js:60:59)
          at C:\Dev\EPA-final-project\client\node_modules\@emotion\react\dist\emotion-element-a1829a1e.cjs.js:58:23
          at div
          at C:\Dev\EPA-final-project\client\node_modules\@emotion\react\dist\emotion-element-a1829a1e.cjs.js:58:23
          at Portal (C:\Dev\EPA-final-project\client\node_modules\@mui\material\node\Portal\Portal.js:34:5)
          at Modal (C:\Dev\EPA-final-project\client\node_modules\@mui\material\node\Modal\Modal.js:88:59)
          at C:\Dev\EPA-final-project\client\node_modules\@emotion\react\dist\emotion-element-a1829a1e.cjs.js:58:23
          at Dialog (C:\Dev\EPA-final-project\client\node_modules\@mui\material\node\Dialog\Dialog.js:161:59)
          at InviteColleaguesDialog (C:\Dev\EPA-final-project\client\src\components\InviteColleaguesDialog.tsx:42:3)

    [0m [90m 197 |[39m     [36mconst[39m searchInput [33m=[39m screen[33m.[39mgetByPlaceholderText([32m'Search by name or email...'[39m)[33m;[39m
     [90m 198 |[39m     fireEvent[33m.[39mchange(searchInput[33m,[39m { target[33m:[39m { value[33m:[39m [32m'test'[39m } })[33m;[39m
    [31m[1m>[22m[39m[90m 199 |[39m     jest[33m.[39madvanceTimersByTime([35m500[39m)[33m;[39m
     [90m     |[39m          [31m[1m^[22m[39m
     [90m 200 |[39m
     [90m 201 |[39m     [36mawait[39m waitFor(() [33m=>[39m {
     [90m 202 |[39m       expect(screen[33m.[39mgetByText([32m'John Doe'[39m))[33m.[39mtoBeInTheDocument()[33m;[39m[0m

      at printWarning (node_modules/react-dom/cjs/react-dom.development.js:86:30)
      at error (node_modules/react-dom/cjs/react-dom.development.js:60:7)
      at warnIfUpdatesNotWrappedWithActDEV (node_modules/react-dom/cjs/react-dom.development.js:27628:9)
      at scheduleUpdateOnFiber (node_modules/react-dom/cjs/react-dom.development.js:25547:5)
      at Object.enqueueSetState (node_modules/react-dom/cjs/react-dom.development.js:17925:7)
      at Transition.Object.<anonymous>.Component.setState (node_modules/react/cjs/react.development.js:354:16)
      at Transition.safeSetState (node_modules/react-transition-group/cjs/Transition.js:353:10)
      at node_modules/react-transition-group/cjs/Transition.js:300:16
      at nextCallback (node_modules/react-transition-group/cjs/Transition.js:365:9)
      at callTimer (node_modules/@sinonjs/fake-timers/src/fake-timers-src.js:729:24)
      at doTickInner (node_modules/@sinonjs/fake-timers/src/fake-timers-src.js:1289:29)
      at doTick (node_modules/@sinonjs/fake-timers/src/fake-timers-src.js:1370:20)
      at Object.tick (node_modules/@sinonjs/fake-timers/src/fake-timers-src.js:1378:20)
      at FakeTimers.advanceTimersByTime (node_modules/@jest/fake-timers/build/modernFakeTimers.js:101:19)
      at Object.<anonymous> (src/components/InviteColleaguesDialog.test.tsx:199:10)

    console.error
      Warning: An update to Transition inside a test was not wrapped in act(...).
      
      When testing, code that causes React state updates should be wrapped into act(...):
      
      act(() => {
        /* fire events that update state */
      });
      /* assert on the output */
      
      This ensures that you're testing the behavior the user would see in the browser. Learn more at https://reactjs.org/link/wrap-tests-with-act
          at Transition (C:\Dev\EPA-final-project\client\node_modules\react-transition-group\cjs\Transition.js:135:30)
          at Fade (C:\Dev\EPA-final-project\client\node_modules\@mui\material\node\Fade\Fade.js:37:39)
          at FocusTrap (C:\Dev\EPA-final-project\client\node_modules\@mui\material\node\Unstable_TrapFocus\FocusTrap.js:86:5)
          at div
          at C:\Dev\EPA-final-project\client\node_modules\@emotion\react\dist\emotion-element-a1829a1e.cjs.js:58:23
          at Portal (C:\Dev\EPA-final-project\client\node_modules\@mui\material\node\Portal\Portal.js:34:5)
          at Modal (C:\Dev\EPA-final-project\client\node_modules\@mui\material\node\Modal\Modal.js:88:59)
          at C:\Dev\EPA-final-project\client\node_modules\@emotion\react\dist\emotion-element-a1829a1e.cjs.js:58:23
          at Dialog (C:\Dev\EPA-final-project\client\node_modules\@mui\material\node\Dialog\Dialog.js:161:59)
          at InviteColleaguesDialog (C:\Dev\EPA-final-project\client\src\components\InviteColleaguesDialog.tsx:42:3)

    [0m [90m 197 |[39m     [36mconst[39m searchInput [33m=[39m screen[33m.[39mgetByPlaceholderText([32m'Search by name or email...'[39m)[33m;[39m
     [90m 198 |[39m     fireEvent[33m.[39mchange(searchInput[33m,[39m { target[33m:[39m { value[33m:[39m [32m'test'[39m } })[33m;[39m
    [31m[1m>[22m[39m[90m 199 |[39m     jest[33m.[39madvanceTimersByTime([35m500[39m)[33m;[39m
     [90m     |[39m          [31m[1m^[22m[39m
     [90m 200 |[39m
     [90m 201 |[39m     [36mawait[39m waitFor(() [33m=>[39m {
     [90m 202 |[39m       expect(screen[33m.[39mgetByText([32m'John Doe'[39m))[33m.[39mtoBeInTheDocument()[33m;[39m[0m

      at printWarning (node_modules/react-dom/cjs/react-dom.development.js:86:30)
      at error (node_modules/react-dom/cjs/react-dom.development.js:60:7)
      at warnIfUpdatesNotWrappedWithActDEV (node_modules/react-dom/cjs/react-dom.development.js:27628:9)
      at scheduleUpdateOnFiber (node_modules/react-dom/cjs/react-dom.development.js:25547:5)
      at Object.enqueueSetState (node_modules/react-dom/cjs/react-dom.development.js:17925:7)
      at Transition.Object.<anonymous>.Component.setState (node_modules/react/cjs/react.development.js:354:16)
      at Transition.safeSetState (node_modules/react-transition-group/cjs/Transition.js:353:10)
      at node_modules/react-transition-group/cjs/Transition.js:300:16
      at nextCallback (node_modules/react-transition-group/cjs/Transition.js:365:9)
      at callTimer (node_modules/@sinonjs/fake-timers/src/fake-timers-src.js:729:24)
      at doTickInner (node_modules/@sinonjs/fake-timers/src/fake-timers-src.js:1289:29)
      at doTick (node_modules/@sinonjs/fake-timers/src/fake-timers-src.js:1370:20)
      at Object.tick (node_modules/@sinonjs/fake-timers/src/fake-timers-src.js:1378:20)
      at FakeTimers.advanceTimersByTime (node_modules/@jest/fake-timers/build/modernFakeTimers.js:101:19)
      at Object.<anonymous> (src/components/InviteColleaguesDialog.test.tsx:199:10)

    console.error
      Warning: An update to InviteColleaguesDialog inside a test was not wrapped in act(...).
      
      When testing, code that causes React state updates should be wrapped into act(...):
      
      act(() => {
        /* fire events that update state */
      });
      /* assert on the output */
      
      This ensures that you're testing the behavior the user would see in the browser. Learn more at https://reactjs.org/link/wrap-tests-with-act
          at InviteColleaguesDialog (C:\Dev\EPA-final-project\client\src\components\InviteColleaguesDialog.tsx:42:3)

    [0m [90m 62 |[39m
     [90m 63 |[39m     [36mconst[39m delaySearch [33m=[39m setTimeout([36masync[39m () [33m=>[39m {
    [31m[1m>[22m[39m[90m 64 |[39m       setSearching([36mtrue[39m)[33m;[39m
     [90m    |[39m       [31m[1m^[22m[39m
     [90m 65 |[39m       setError([36mnull[39m)[33m;[39m
     [90m 66 |[39m
     [90m 67 |[39m       [36mtry[39m {[0m

      at printWarning (node_modules/react-dom/cjs/react-dom.development.js:86:30)
      at error (node_modules/react-dom/cjs/react-dom.development.js:60:7)
      at warnIfUpdatesNotWrappedWithActDEV (node_modules/react-dom/cjs/react-dom.development.js:27628:9)
      at scheduleUpdateOnFiber (node_modules/react-dom/cjs/react-dom.development.js:25547:5)
      at setSearching (node_modules/react-dom/cjs/react-dom.development.js:16708:7)
      at src/components/InviteColleaguesDialog.tsx:64:7
      at callTimer (node_modules/@sinonjs/fake-timers/src/fake-timers-src.js:729:24)
      at doTickInner (node_modules/@sinonjs/fake-timers/src/fake-timers-src.js:1289:29)
      at doTick (node_modules/@sinonjs/fake-timers/src/fake-timers-src.js:1370:20)
      at Object.tick (node_modules/@sinonjs/fake-timers/src/fake-timers-src.js:1378:20)
      at FakeTimers.advanceTimersByTime (node_modules/@jest/fake-timers/build/modernFakeTimers.js:101:19)
      at Object.<anonymous> (src/components/InviteColleaguesDialog.test.tsx:199:10)

    console.error
      Warning: An update to InviteColleaguesDialog inside a test was not wrapped in act(...).
      
      When testing, code that causes React state updates should be wrapped into act(...):
      
      act(() => {
        /* fire events that update state */
      });
      /* assert on the output */
      
      This ensures that you're testing the behavior the user would see in the browser. Learn more at https://reactjs.org/link/wrap-tests-with-act
          at InviteColleaguesDialog (C:\Dev\EPA-final-project\client\src\components\InviteColleaguesDialog.tsx:42:3)

    [0m [90m 63 |[39m     [36mconst[39m delaySearch [33m=[39m setTimeout([36masync[39m () [33m=>[39m {
     [90m 64 |[39m       setSearching([36mtrue[39m)[33m;[39m
    [31m[1m>[22m[39m[90m 65 |[39m       setError([36mnull[39m)[33m;[39m
     [90m    |[39m       [31m[1m^[22m[39m
     [90m 66 |[39m
     [90m 67 |[39m       [36mtry[39m {
     [90m 68 |[39m         [36mconst[39m token [33m=[39m localStorage[33m.[39mgetItem([32m'token'[39m)[33m;[39m[0m

      at printWarning (node_modules/react-dom/cjs/react-dom.development.js:86:30)
      at error (node_modules/react-dom/cjs/react-dom.development.js:60:7)
      at warnIfUpdatesNotWrappedWithActDEV (node_modules/react-dom/cjs/react-dom.development.js:27628:9)
      at scheduleUpdateOnFiber (node_modules/react-dom/cjs/react-dom.development.js:25547:5)
      at setError (node_modules/react-dom/cjs/react-dom.development.js:16708:7)
      at src/components/InviteColleaguesDialog.tsx:65:7
      at callTimer (node_modules/@sinonjs/fake-timers/src/fake-timers-src.js:729:24)
      at doTickInner (node_modules/@sinonjs/fake-timers/src/fake-timers-src.js:1289:29)
      at doTick (node_modules/@sinonjs/fake-timers/src/fake-timers-src.js:1370:20)
      at Object.tick (node_modules/@sinonjs/fake-timers/src/fake-timers-src.js:1378:20)
      at FakeTimers.advanceTimersByTime (node_modules/@jest/fake-timers/build/modernFakeTimers.js:101:19)
      at Object.<anonymous> (src/components/InviteColleaguesDialog.test.tsx:199:10)

    console.error
      Warning: An update to Transition inside a test was not wrapped in act(...).
      
      When testing, code that causes React state updates should be wrapped into act(...):
      
      act(() => {
        /* fire events that update state */
      });
      /* assert on the output */
      
      This ensures that you're testing the behavior the user would see in the browser. Learn more at https://reactjs.org/link/wrap-tests-with-act
          at Transition (C:\Dev\EPA-final-project\client\node_modules\react-transition-group\cjs\Transition.js:135:30)
          at Fade (C:\Dev\EPA-final-project\client\node_modules\@mui\material\node\Fade\Fade.js:37:39)
          at Backdrop (C:\Dev\EPA-final-project\client\node_modules\@mui\material\node\Backdrop\Backdrop.js:60:59)
          at C:\Dev\EPA-final-project\client\node_modules\@emotion\react\dist\emotion-element-a1829a1e.cjs.js:58:23
          at div
          at C:\Dev\EPA-final-project\client\node_modules\@emotion\react\dist\emotion-element-a1829a1e.cjs.js:58:23
          at Portal (C:\Dev\EPA-final-project\client\node_modules\@mui\material\node\Portal\Portal.js:34:5)
          at Modal (C:\Dev\EPA-final-project\client\node_modules\@mui\material\node\Modal\Modal.js:88:59)
          at C:\Dev\EPA-final-project\client\node_modules\@emotion\react\dist\emotion-element-a1829a1e.cjs.js:58:23
          at Dialog (C:\Dev\EPA-final-project\client\node_modules\@mui\material\node\Dialog\Dialog.js:161:59)
          at InviteColleaguesDialog (C:\Dev\EPA-final-project\client\src\components\InviteColleaguesDialog.tsx:42:3)

    [0m [90m 235 |[39m     [36mconst[39m searchInput [33m=[39m screen[33m.[39mgetByPlaceholderText([32m'Search by name or email...'[39m)[33m;[39m
     [90m 236 |[39m     fireEvent[33m.[39mchange(searchInput[33m,[39m { target[33m:[39m { value[33m:[39m [32m'test'[39m } })[33m;[39m
    [31m[1m>[22m[39m[90m 237 |[39m     jest[33m.[39madvanceTimersByTime([35m500[39m)[33m;[39m
     [90m     |[39m          [31m[1m^[22m[39m
     [90m 238 |[39m
     [90m 239 |[39m     [36mawait[39m waitFor(() [33m=>[39m {
     [90m 240 |[39m       expect(screen[33m.[39mgetByText([32m'John Doe'[39m))[33m.[39mtoBeInTheDocument()[33m;[39m[0m

      at printWarning (node_modules/react-dom/cjs/react-dom.development.js:86:30)
      at error (node_modules/react-dom/cjs/react-dom.development.js:60:7)
      at warnIfUpdatesNotWrappedWithActDEV (node_modules/react-dom/cjs/react-dom.development.js:27628:9)
      at scheduleUpdateOnFiber (node_modules/react-dom/cjs/react-dom.development.js:25547:5)
      at Object.enqueueSetState (node_modules/react-dom/cjs/react-dom.development.js:17925:7)
      at Transition.Object.<anonymous>.Component.setState (node_modules/react/cjs/react.development.js:354:16)
      at Transition.safeSetState (node_modules/react-transition-group/cjs/Transition.js:353:10)
      at node_modules/react-transition-group/cjs/Transition.js:300:16
      at nextCallback (node_modules/react-transition-group/cjs/Transition.js:365:9)
      at callTimer (node_modules/@sinonjs/fake-timers/src/fake-timers-src.js:729:24)
      at doTickInner (node_modules/@sinonjs/fake-timers/src/fake-timers-src.js:1289:29)
      at doTick (node_modules/@sinonjs/fake-timers/src/fake-timers-src.js:1370:20)
      at Object.tick (node_modules/@sinonjs/fake-timers/src/fake-timers-src.js:1378:20)
      at FakeTimers.advanceTimersByTime (node_modules/@jest/fake-timers/build/modernFakeTimers.js:101:19)
      at Object.<anonymous> (src/components/InviteColleaguesDialog.test.tsx:237:10)

    console.error
      Warning: An update to Transition inside a test was not wrapped in act(...).
      
      When testing, code that causes React state updates should be wrapped into act(...):
      
      act(() => {
        /* fire events that update state */
      });
      /* assert on the output */
      
      This ensures that you're testing the behavior the user would see in the browser. Learn more at https://reactjs.org/link/wrap-tests-with-act
          at Transition (C:\Dev\EPA-final-project\client\node_modules\react-transition-group\cjs\Transition.js:135:30)
          at Fade (C:\Dev\EPA-final-project\client\node_modules\@mui\material\node\Fade\Fade.js:37:39)
          at FocusTrap (C:\Dev\EPA-final-project\client\node_modules\@mui\material\node\Unstable_TrapFocus\FocusTrap.js:86:5)
          at div
          at C:\Dev\EPA-final-project\client\node_modules\@emotion\react\dist\emotion-element-a1829a1e.cjs.js:58:23
          at Portal (C:\Dev\EPA-final-project\client\node_modules\@mui\material\node\Portal\Portal.js:34:5)
          at Modal (C:\Dev\EPA-final-project\client\node_modules\@mui\material\node\Modal\Modal.js:88:59)
          at C:\Dev\EPA-final-project\client\node_modules\@emotion\react\dist\emotion-element-a1829a1e.cjs.js:58:23
          at Dialog (C:\Dev\EPA-final-project\client\node_modules\@mui\material\node\Dialog\Dialog.js:161:59)
          at InviteColleaguesDialog (C:\Dev\EPA-final-project\client\src\components\InviteColleaguesDialog.tsx:42:3)

    [0m [90m 235 |[39m     [36mconst[39m searchInput [33m=[39m screen[33m.[39mgetByPlaceholderText([32m'Search by name or email...'[39m)[33m;[39m
     [90m 236 |[39m     fireEvent[33m.[39mchange(searchInput[33m,[39m { target[33m:[39m { value[33m:[39m [32m'test'[39m } })[33m;[39m
    [31m[1m>[22m[39m[90m 237 |[39m     jest[33m.[39madvanceTimersByTime([35m500[39m)[33m;[39m
     [90m     |[39m          [31m[1m^[22m[39m
     [90m 238 |[39m
     [90m 239 |[39m     [36mawait[39m waitFor(() [33m=>[39m {
     [90m 240 |[39m       expect(screen[33m.[39mgetByText([32m'John Doe'[39m))[33m.[39mtoBeInTheDocument()[33m;[39m[0m

      at printWarning (node_modules/react-dom/cjs/react-dom.development.js:86:30)
      at error (node_modules/react-dom/cjs/react-dom.development.js:60:7)
      at warnIfUpdatesNotWrappedWithActDEV (node_modules/react-dom/cjs/react-dom.development.js:27628:9)
      at scheduleUpdateOnFiber (node_modules/react-dom/cjs/react-dom.development.js:25547:5)
      at Object.enqueueSetState (node_modules/react-dom/cjs/react-dom.development.js:17925:7)
      at Transition.Object.<anonymous>.Component.setState (node_modules/react/cjs/react.development.js:354:16)
      at Transition.safeSetState (node_modules/react-transition-group/cjs/Transition.js:353:10)
      at node_modules/react-transition-group/cjs/Transition.js:300:16
      at nextCallback (node_modules/react-transition-group/cjs/Transition.js:365:9)
      at callTimer (node_modules/@sinonjs/fake-timers/src/fake-timers-src.js:729:24)
      at doTickInner (node_modules/@sinonjs/fake-timers/src/fake-timers-src.js:1289:29)
      at doTick (node_modules/@sinonjs/fake-timers/src/fake-timers-src.js:1370:20)
      at Object.tick (node_modules/@sinonjs/fake-timers/src/fake-timers-src.js:1378:20)
      at FakeTimers.advanceTimersByTime (node_modules/@jest/fake-timers/build/modernFakeTimers.js:101:19)
      at Object.<anonymous> (src/components/InviteColleaguesDialog.test.tsx:237:10)

    console.error
      Warning: An update to InviteColleaguesDialog inside a test was not wrapped in act(...).
      
      When testing, code that causes React state updates should be wrapped into act(...):
      
      act(() => {
        /* fire events that update state */
      });
      /* assert on the output */
      
      This ensures that you're testing the behavior the user would see in the browser. Learn more at https://reactjs.org/link/wrap-tests-with-act
          at InviteColleaguesDialog (C:\Dev\EPA-final-project\client\src\components\InviteColleaguesDialog.tsx:42:3)

    [0m [90m 62 |[39m
     [90m 63 |[39m     [36mconst[39m delaySearch [33m=[39m setTimeout([36masync[39m () [33m=>[39m {
    [31m[1m>[22m[39m[90m 64 |[39m       setSearching([36mtrue[39m)[33m;[39m
     [90m    |[39m       [31m[1m^[22m[39m
     [90m 65 |[39m       setError([36mnull[39m)[33m;[39m
     [90m 66 |[39m
     [90m 67 |[39m       [36mtry[39m {[0m

      at printWarning (node_modules/react-dom/cjs/react-dom.development.js:86:30)
      at error (node_modules/react-dom/cjs/react-dom.development.js:60:7)
      at warnIfUpdatesNotWrappedWithActDEV (node_modules/react-dom/cjs/react-dom.development.js:27628:9)
      at scheduleUpdateOnFiber (node_modules/react-dom/cjs/react-dom.development.js:25547:5)
      at setSearching (node_modules/react-dom/cjs/react-dom.development.js:16708:7)
      at src/components/InviteColleaguesDialog.tsx:64:7
      at callTimer (node_modules/@sinonjs/fake-timers/src/fake-timers-src.js:729:24)
      at doTickInner (node_modules/@sinonjs/fake-timers/src/fake-timers-src.js:1289:29)
      at doTick (node_modules/@sinonjs/fake-timers/src/fake-timers-src.js:1370:20)
      at Object.tick (node_modules/@sinonjs/fake-timers/src/fake-timers-src.js:1378:20)
      at FakeTimers.advanceTimersByTime (node_modules/@jest/fake-timers/build/modernFakeTimers.js:101:19)
      at Object.<anonymous> (src/components/InviteColleaguesDialog.test.tsx:237:10)

    console.error
      Warning: An update to InviteColleaguesDialog inside a test was not wrapped in act(...).
      
      When testing, code that causes React state updates should be wrapped into act(...):
      
      act(() => {
        /* fire events that update state */
      });
      /* assert on the output */
      
      This ensures that you're testing the behavior the user would see in the browser. Learn more at https://reactjs.org/link/wrap-tests-with-act
          at InviteColleaguesDialog (C:\Dev\EPA-final-project\client\src\components\InviteColleaguesDialog.tsx:42:3)

    [0m [90m 63 |[39m     [36mconst[39m delaySearch [33m=[39m setTimeout([36masync[39m () [33m=>[39m {
     [90m 64 |[39m       setSearching([36mtrue[39m)[33m;[39m
    [31m[1m>[22m[39m[90m 65 |[39m       setError([36mnull[39m)[33m;[39m
     [90m    |[39m       [31m[1m^[22m[39m
     [90m 66 |[39m
     [90m 67 |[39m       [36mtry[39m {
     [90m 68 |[39m         [36mconst[39m token [33m=[39m localStorage[33m.[39mgetItem([32m'token'[39m)[33m;[39m[0m

      at printWarning (node_modules/react-dom/cjs/react-dom.development.js:86:30)
      at error (node_modules/react-dom/cjs/react-dom.development.js:60:7)
      at warnIfUpdatesNotWrappedWithActDEV (node_modules/react-dom/cjs/react-dom.development.js:27628:9)
      at scheduleUpdateOnFiber (node_modules/react-dom/cjs/react-dom.development.js:25547:5)
      at setError (node_modules/react-dom/cjs/react-dom.development.js:16708:7)
      at src/components/InviteColleaguesDialog.tsx:65:7
      at callTimer (node_modules/@sinonjs/fake-timers/src/fake-timers-src.js:729:24)
      at doTickInner (node_modules/@sinonjs/fake-timers/src/fake-timers-src.js:1289:29)
      at doTick (node_modules/@sinonjs/fake-timers/src/fake-timers-src.js:1370:20)
      at Object.tick (node_modules/@sinonjs/fake-timers/src/fake-timers-src.js:1378:20)
      at FakeTimers.advanceTimersByTime (node_modules/@jest/fake-timers/build/modernFakeTimers.js:101:19)
      at Object.<anonymous> (src/components/InviteColleaguesDialog.test.tsx:237:10)

    console.error
      Warning: An update to Transition inside a test was not wrapped in act(...).
      
      When testing, code that causes React state updates should be wrapped into act(...):
      
      act(() => {
        /* fire events that update state */
      });
      /* assert on the output */
      
      This ensures that you're testing the behavior the user would see in the browser. Learn more at https://reactjs.org/link/wrap-tests-with-act
          at Transition (C:\Dev\EPA-final-project\client\node_modules\react-transition-group\cjs\Transition.js:135:30)
          at Fade (C:\Dev\EPA-final-project\client\node_modules\@mui\material\node\Fade\Fade.js:37:39)
          at Backdrop (C:\Dev\EPA-final-project\client\node_modules\@mui\material\node\Backdrop\Backdrop.js:60:59)
          at C:\Dev\EPA-final-project\client\node_modules\@emotion\react\dist\emotion-element-a1829a1e.cjs.js:58:23
          at div
          at C:\Dev\EPA-final-project\client\node_modules\@emotion\react\dist\emotion-element-a1829a1e.cjs.js:58:23
          at Portal (C:\Dev\EPA-final-project\client\node_modules\@mui\material\node\Portal\Portal.js:34:5)
          at Modal (C:\Dev\EPA-final-project\client\node_modules\@mui\material\node\Modal\Modal.js:88:59)
          at C:\Dev\EPA-final-project\client\node_modules\@emotion\react\dist\emotion-element-a1829a1e.cjs.js:58:23
          at Dialog (C:\Dev\EPA-final-project\client\node_modules\@mui\material\node\Dialog\Dialog.js:161:59)
          at InviteColleaguesDialog (C:\Dev\EPA-final-project\client\src\components\InviteColleaguesDialog.tsx:42:3)

    [0m [90m 285 |[39m     [36mconst[39m searchInput [33m=[39m screen[33m.[39mgetByPlaceholderText([32m'Search by name or email...'[39m)[33m;[39m
     [90m 286 |[39m     fireEvent[33m.[39mchange(searchInput[33m,[39m { target[33m:[39m { value[33m:[39m [32m'test'[39m } })[33m;[39m
    [31m[1m>[22m[39m[90m 287 |[39m     jest[33m.[39madvanceTimersByTime([35m500[39m)[33m;[39m
     [90m     |[39m          [31m[1m^[22m[39m
     [90m 288 |[39m
     [90m 289 |[39m     [36mawait[39m waitFor(() [33m=>[39m {
     [90m 290 |[39m       expect(screen[33m.[39mgetByText([32m'John Doe'[39m))[33m.[39mtoBeInTheDocument()[33m;[39m[0m

      at printWarning (node_modules/react-dom/cjs/react-dom.development.js:86:30)
      at error (node_modules/react-dom/cjs/react-dom.development.js:60:7)
      at warnIfUpdatesNotWrappedWithActDEV (node_modules/react-dom/cjs/react-dom.development.js:27628:9)
      at scheduleUpdateOnFiber (node_modules/react-dom/cjs/react-dom.development.js:25547:5)
      at Object.enqueueSetState (node_modules/react-dom/cjs/react-dom.development.js:17925:7)
      at Transition.Object.<anonymous>.Component.setState (node_modules/react/cjs/react.development.js:354:16)
      at Transition.safeSetState (node_modules/react-transition-group/cjs/Transition.js:353:10)
      at node_modules/react-transition-group/cjs/Transition.js:300:16
      at nextCallback (node_modules/react-transition-group/cjs/Transition.js:365:9)
      at callTimer (node_modules/@sinonjs/fake-timers/src/fake-timers-src.js:729:24)
      at doTickInner (node_modules/@sinonjs/fake-timers/src/fake-timers-src.js:1289:29)
      at doTick (node_modules/@sinonjs/fake-timers/src/fake-timers-src.js:1370:20)
      at Object.tick (node_modules/@sinonjs/fake-timers/src/fake-timers-src.js:1378:20)
      at FakeTimers.advanceTimersByTime (node_modules/@jest/fake-timers/build/modernFakeTimers.js:101:19)
      at Object.<anonymous> (src/components/InviteColleaguesDialog.test.tsx:287:10)

    console.error
      Warning: An update to Transition inside a test was not wrapped in act(...).
      
      When testing, code that causes React state updates should be wrapped into act(...):
      
      act(() => {
        /* fire events that update state */
      });
      /* assert on the output */
      
      This ensures that you're testing the behavior the user would see in the browser. Learn more at https://reactjs.org/link/wrap-tests-with-act
          at Transition (C:\Dev\EPA-final-project\client\node_modules\react-transition-group\cjs\Transition.js:135:30)
          at Fade (C:\Dev\EPA-final-project\client\node_modules\@mui\material\node\Fade\Fade.js:37:39)
          at FocusTrap (C:\Dev\EPA-final-project\client\node_modules\@mui\material\node\Unstable_TrapFocus\FocusTrap.js:86:5)
          at div
          at C:\Dev\EPA-final-project\client\node_modules\@emotion\react\dist\emotion-element-a1829a1e.cjs.js:58:23
          at Portal (C:\Dev\EPA-final-project\client\node_modules\@mui\material\node\Portal\Portal.js:34:5)
          at Modal (C:\Dev\EPA-final-project\client\node_modules\@mui\material\node\Modal\Modal.js:88:59)
          at C:\Dev\EPA-final-project\client\node_modules\@emotion\react\dist\emotion-element-a1829a1e.cjs.js:58:23
          at Dialog (C:\Dev\EPA-final-project\client\node_modules\@mui\material\node\Dialog\Dialog.js:161:59)
          at InviteColleaguesDialog (C:\Dev\EPA-final-project\client\src\components\InviteColleaguesDialog.tsx:42:3)

    [0m [90m 285 |[39m     [36mconst[39m searchInput [33m=[39m screen[33m.[39mgetByPlaceholderText([32m'Search by name or email...'[39m)[33m;[39m
     [90m 286 |[39m     fireEvent[33m.[39mchange(searchInput[33m,[39m { target[33m:[39m { value[33m:[39m [32m'test'[39m } })[33m;[39m
    [31m[1m>[22m[39m[90m 287 |[39m     jest[33m.[39madvanceTimersByTime([35m500[39m)[33m;[39m
     [90m     |[39m          [31m[1m^[22m[39m
     [90m 288 |[39m
     [90m 289 |[39m     [36mawait[39m waitFor(() [33m=>[39m {
     [90m 290 |[39m       expect(screen[33m.[39mgetByText([32m'John Doe'[39m))[33m.[39mtoBeInTheDocument()[33m;[39m[0m

      at printWarning (node_modules/react-dom/cjs/react-dom.development.js:86:30)
      at error (node_modules/react-dom/cjs/react-dom.development.js:60:7)
      at warnIfUpdatesNotWrappedWithActDEV (node_modules/react-dom/cjs/react-dom.development.js:27628:9)
      at scheduleUpdateOnFiber (node_modules/react-dom/cjs/react-dom.development.js:25547:5)
      at Object.enqueueSetState (node_modules/react-dom/cjs/react-dom.development.js:17925:7)
      at Transition.Object.<anonymous>.Component.setState (node_modules/react/cjs/react.development.js:354:16)
      at Transition.safeSetState (node_modules/react-transition-group/cjs/Transition.js:353:10)
      at node_modules/react-transition-group/cjs/Transition.js:300:16
      at nextCallback (node_modules/react-transition-group/cjs/Transition.js:365:9)
      at callTimer (node_modules/@sinonjs/fake-timers/src/fake-timers-src.js:729:24)
      at doTickInner (node_modules/@sinonjs/fake-timers/src/fake-timers-src.js:1289:29)
      at doTick (node_modules/@sinonjs/fake-timers/src/fake-timers-src.js:1370:20)
      at Object.tick (node_modules/@sinonjs/fake-timers/src/fake-timers-src.js:1378:20)
      at FakeTimers.advanceTimersByTime (node_modules/@jest/fake-timers/build/modernFakeTimers.js:101:19)
      at Object.<anonymous> (src/components/InviteColleaguesDialog.test.tsx:287:10)

    console.error
      Warning: An update to InviteColleaguesDialog inside a test was not wrapped in act(...).
      
      When testing, code that causes React state updates should be wrapped into act(...):
      
      act(() => {
        /* fire events that update state */
      });
      /* assert on the output */
      
      This ensures that you're testing the behavior the user would see in the browser. Learn more at https://reactjs.org/link/wrap-tests-with-act
          at InviteColleaguesDialog (C:\Dev\EPA-final-project\client\src\components\InviteColleaguesDialog.tsx:42:3)

    [0m [90m 62 |[39m
     [90m 63 |[39m     [36mconst[39m delaySearch [33m=[39m setTimeout([36masync[39m () [33m=>[39m {
    [31m[1m>[22m[39m[90m 64 |[39m       setSearching([36mtrue[39m)[33m;[39m
     [90m    |[39m       [31m[1m^[22m[39m
     [90m 65 |[39m       setError([36mnull[39m)[33m;[39m
     [90m 66 |[39m
     [90m 67 |[39m       [36mtry[39m {[0m

      at printWarning (node_modules/react-dom/cjs/react-dom.development.js:86:30)
      at error (node_modules/react-dom/cjs/react-dom.development.js:60:7)
      at warnIfUpdatesNotWrappedWithActDEV (node_modules/react-dom/cjs/react-dom.development.js:27628:9)
      at scheduleUpdateOnFiber (node_modules/react-dom/cjs/react-dom.development.js:25547:5)
      at setSearching (node_modules/react-dom/cjs/react-dom.development.js:16708:7)
      at src/components/InviteColleaguesDialog.tsx:64:7
      at callTimer (node_modules/@sinonjs/fake-timers/src/fake-timers-src.js:729:24)
      at doTickInner (node_modules/@sinonjs/fake-timers/src/fake-timers-src.js:1289:29)
      at doTick (node_modules/@sinonjs/fake-timers/src/fake-timers-src.js:1370:20)
      at Object.tick (node_modules/@sinonjs/fake-timers/src/fake-timers-src.js:1378:20)
      at FakeTimers.advanceTimersByTime (node_modules/@jest/fake-timers/build/modernFakeTimers.js:101:19)
      at Object.<anonymous> (src/components/InviteColleaguesDialog.test.tsx:287:10)

    console.error
      Warning: An update to InviteColleaguesDialog inside a test was not wrapped in act(...).
      
      When testing, code that causes React state updates should be wrapped into act(...):
      
      act(() => {
        /* fire events that update state */
      });
      /* assert on the output */
      
      This ensures that you're testing the behavior the user would see in the browser. Learn more at https://reactjs.org/link/wrap-tests-with-act
          at InviteColleaguesDialog (C:\Dev\EPA-final-project\client\src\components\InviteColleaguesDialog.tsx:42:3)

    [0m [90m 63 |[39m     [36mconst[39m delaySearch [33m=[39m setTimeout([36masync[39m () [33m=>[39m {
     [90m 64 |[39m       setSearching([36mtrue[39m)[33m;[39m
    [31m[1m>[22m[39m[90m 65 |[39m       setError([36mnull[39m)[33m;[39m
     [90m    |[39m       [31m[1m^[22m[39m
     [90m 66 |[39m
     [90m 67 |[39m       [36mtry[39m {
     [90m 68 |[39m         [36mconst[39m token [33m=[39m localStorage[33m.[39mgetItem([32m'token'[39m)[33m;[39m[0m

      at printWarning (node_modules/react-dom/cjs/react-dom.development.js:86:30)
      at error (node_modules/react-dom/cjs/react-dom.development.js:60:7)
      at warnIfUpdatesNotWrappedWithActDEV (node_modules/react-dom/cjs/react-dom.development.js:27628:9)
      at scheduleUpdateOnFiber (node_modules/react-dom/cjs/react-dom.development.js:25547:5)
      at setError (node_modules/react-dom/cjs/react-dom.development.js:16708:7)
      at src/components/InviteColleaguesDialog.tsx:65:7
      at callTimer (node_modules/@sinonjs/fake-timers/src/fake-timers-src.js:729:24)
      at doTickInner (node_modules/@sinonjs/fake-timers/src/fake-timers-src.js:1289:29)
      at doTick (node_modules/@sinonjs/fake-timers/src/fake-timers-src.js:1370:20)
      at Object.tick (node_modules/@sinonjs/fake-timers/src/fake-timers-src.js:1378:20)
      at FakeTimers.advanceTimersByTime (node_modules/@jest/fake-timers/build/modernFakeTimers.js:101:19)
      at Object.<anonymous> (src/components/InviteColleaguesDialog.test.tsx:287:10)

    console.error
      Warning: An update to InviteColleaguesDialog inside a test was not wrapped in act(...).
      
      When testing, code that causes React state updates should be wrapped into act(...):
      
      act(() => {
        /* fire events that update state */
      });
      /* assert on the output */
      
      This ensures that you're testing the behavior the user would see in the browser. Learn more at https://reactjs.org/link/wrap-tests-with-act
          at InviteColleaguesDialog (C:\Dev\EPA-final-project\client\src\components\InviteColleaguesDialog.tsx:42:3)

    [0m [90m 117 |[39m
     [90m 118 |[39m       [36mif[39m (response[33m.[39mdata[33m.[39msuccess) {
    [31m[1m>[22m[39m[90m 119 |[39m         setSuccess([36mtrue[39m)[33m;[39m
     [90m     |[39m         [31m[1m^[22m[39m
     [90m 120 |[39m         setTimeout(() [33m=>[39m {
     [90m 121 |[39m           handleDialogClose()[33m;[39m
     [90m 122 |[39m           [36mif[39m (onInviteSuccess) onInviteSuccess()[33m;[39m[0m

      at printWarning (node_modules/react-dom/cjs/react-dom.development.js:86:30)
      at error (node_modules/react-dom/cjs/react-dom.development.js:60:7)
      at warnIfUpdatesNotWrappedWithActDEV (node_modules/react-dom/cjs/react-dom.development.js:27628:9)
      at scheduleUpdateOnFiber (node_modules/react-dom/cjs/react-dom.development.js:25547:5)
      at setSuccess (node_modules/react-dom/cjs/react-dom.development.js:16708:7)
      at handleSendInvitations (src/components/InviteColleaguesDialog.tsx:119:9)

    console.error
      Warning: An update to InviteColleaguesDialog inside a test was not wrapped in act(...).
      
      When testing, code that causes React state updates should be wrapped into act(...):
      
      act(() => {
        /* fire events that update state */
      });
      /* assert on the output */
      
      This ensures that you're testing the behavior the user would see in the browser. Learn more at https://reactjs.org/link/wrap-tests-with-act
          at InviteColleaguesDialog (C:\Dev\EPA-final-project\client\src\components\InviteColleaguesDialog.tsx:42:3)

    [0m [90m 127 |[39m       setError(err[33m.[39mresponse[33m?[39m[33m.[39mdata[33m?[39m[33m.[39mmessage [33m||[39m [32m'Failed to send invitations'[39m)[33m;[39m
     [90m 128 |[39m     } [36mfinally[39m {
    [31m[1m>[22m[39m[90m 129 |[39m       setLoading([36mfalse[39m)[33m;[39m
     [90m     |[39m       [31m[1m^[22m[39m
     [90m 130 |[39m     }
     [90m 131 |[39m   }[33m;[39m
     [90m 132 |[39m[0m

      at printWarning (node_modules/react-dom/cjs/react-dom.development.js:86:30)
      at error (node_modules/react-dom/cjs/react-dom.development.js:60:7)
      at warnIfUpdatesNotWrappedWithActDEV (node_modules/react-dom/cjs/react-dom.development.js:27628:9)
      at scheduleUpdateOnFiber (node_modules/react-dom/cjs/react-dom.development.js:25547:5)
      at setLoading (node_modules/react-dom/cjs/react-dom.development.js:16708:7)
      at handleSendInvitations (src/components/InviteColleaguesDialog.tsx:129:7)

    console.error
      Warning: An update to Transition inside a test was not wrapped in act(...).
      
      When testing, code that causes React state updates should be wrapped into act(...):
      
      act(() => {
        /* fire events that update state */
      });
      /* assert on the output */
      
      This ensures that you're testing the behavior the user would see in the browser. Learn more at https://reactjs.org/link/wrap-tests-with-act
          at Transition (C:\Dev\EPA-final-project\client\node_modules\react-transition-group\cjs\Transition.js:135:30)
          at Fade (C:\Dev\EPA-final-project\client\node_modules\@mui\material\node\Fade\Fade.js:37:39)
          at Backdrop (C:\Dev\EPA-final-project\client\node_modules\@mui\material\node\Backdrop\Backdrop.js:60:59)
          at C:\Dev\EPA-final-project\client\node_modules\@emotion\react\dist\emotion-element-a1829a1e.cjs.js:58:23
          at div
          at C:\Dev\EPA-final-project\client\node_modules\@emotion\react\dist\emotion-element-a1829a1e.cjs.js:58:23
          at Portal (C:\Dev\EPA-final-project\client\node_modules\@mui\material\node\Portal\Portal.js:34:5)
          at Modal (C:\Dev\EPA-final-project\client\node_modules\@mui\material\node\Modal\Modal.js:88:59)
          at C:\Dev\EPA-final-project\client\node_modules\@emotion\react\dist\emotion-element-a1829a1e.cjs.js:58:23
          at Dialog (C:\Dev\EPA-final-project\client\node_modules\@mui\material\node\Dialog\Dialog.js:161:59)
          at InviteColleaguesDialog (C:\Dev\EPA-final-project\client\src\components\InviteColleaguesDialog.tsx:42:3)

    [0m [90m 336 |[39m     [36mconst[39m searchInput [33m=[39m screen[33m.[39mgetByPlaceholderText([32m'Search by name or email...'[39m)[33m;[39m
     [90m 337 |[39m     fireEvent[33m.[39mchange(searchInput[33m,[39m { target[33m:[39m { value[33m:[39m [32m'test'[39m } })[33m;[39m
    [31m[1m>[22m[39m[90m 338 |[39m     jest[33m.[39madvanceTimersByTime([35m500[39m)[33m;[39m
     [90m     |[39m          [31m[1m^[22m[39m
     [90m 339 |[39m
     [90m 340 |[39m     [36mawait[39m waitFor(() [33m=>[39m {
     [90m 341 |[39m       expect(screen[33m.[39mgetByText([32m'John Doe'[39m))[33m.[39mtoBeInTheDocument()[33m;[39m[0m

      at printWarning (node_modules/react-dom/cjs/react-dom.development.js:86:30)
      at error (node_modules/react-dom/cjs/react-dom.development.js:60:7)
      at warnIfUpdatesNotWrappedWithActDEV (node_modules/react-dom/cjs/react-dom.development.js:27628:9)
      at scheduleUpdateOnFiber (node_modules/react-dom/cjs/react-dom.development.js:25547:5)
      at Object.enqueueSetState (node_modules/react-dom/cjs/react-dom.development.js:17925:7)
      at Transition.Object.<anonymous>.Component.setState (node_modules/react/cjs/react.development.js:354:16)
      at Transition.safeSetState (node_modules/react-transition-group/cjs/Transition.js:353:10)
      at node_modules/react-transition-group/cjs/Transition.js:300:16
      at nextCallback (node_modules/react-transition-group/cjs/Transition.js:365:9)
      at callTimer (node_modules/@sinonjs/fake-timers/src/fake-timers-src.js:729:24)
      at doTickInner (node_modules/@sinonjs/fake-timers/src/fake-timers-src.js:1289:29)
      at doTick (node_modules/@sinonjs/fake-timers/src/fake-timers-src.js:1370:20)
      at Object.tick (node_modules/@sinonjs/fake-timers/src/fake-timers-src.js:1378:20)
      at FakeTimers.advanceTimersByTime (node_modules/@jest/fake-timers/build/modernFakeTimers.js:101:19)
      at Object.<anonymous> (src/components/InviteColleaguesDialog.test.tsx:338:10)

    console.error
      Warning: An update to Transition inside a test was not wrapped in act(...).
      
      When testing, code that causes React state updates should be wrapped into act(...):
      
      act(() => {
        /* fire events that update state */
      });
      /* assert on the output */
      
      This ensures that you're testing the behavior the user would see in the browser. Learn more at https://reactjs.org/link/wrap-tests-with-act
          at Transition (C:\Dev\EPA-final-project\client\node_modules\react-transition-group\cjs\Transition.js:135:30)
          at Fade (C:\Dev\EPA-final-project\client\node_modules\@mui\material\node\Fade\Fade.js:37:39)
          at FocusTrap (C:\Dev\EPA-final-project\client\node_modules\@mui\material\node\Unstable_TrapFocus\FocusTrap.js:86:5)
          at div
          at C:\Dev\EPA-final-project\client\node_modules\@emotion\react\dist\emotion-element-a1829a1e.cjs.js:58:23
          at Portal (C:\Dev\EPA-final-project\client\node_modules\@mui\material\node\Portal\Portal.js:34:5)
          at Modal (C:\Dev\EPA-final-project\client\node_modules\@mui\material\node\Modal\Modal.js:88:59)
          at C:\Dev\EPA-final-project\client\node_modules\@emotion\react\dist\emotion-element-a1829a1e.cjs.js:58:23
          at Dialog (C:\Dev\EPA-final-project\client\node_modules\@mui\material\node\Dialog\Dialog.js:161:59)
          at InviteColleaguesDialog (C:\Dev\EPA-final-project\client\src\components\InviteColleaguesDialog.tsx:42:3)

    [0m [90m 336 |[39m     [36mconst[39m searchInput [33m=[39m screen[33m.[39mgetByPlaceholderText([32m'Search by name or email...'[39m)[33m;[39m
     [90m 337 |[39m     fireEvent[33m.[39mchange(searchInput[33m,[39m { target[33m:[39m { value[33m:[39m [32m'test'[39m } })[33m;[39m
    [31m[1m>[22m[39m[90m 338 |[39m     jest[33m.[39madvanceTimersByTime([35m500[39m)[33m;[39m
     [90m     |[39m          [31m[1m^[22m[39m
     [90m 339 |[39m
     [90m 340 |[39m     [36mawait[39m waitFor(() [33m=>[39m {
     [90m 341 |[39m       expect(screen[33m.[39mgetByText([32m'John Doe'[39m))[33m.[39mtoBeInTheDocument()[33m;[39m[0m

      at printWarning (node_modules/react-dom/cjs/react-dom.development.js:86:30)
      at error (node_modules/react-dom/cjs/react-dom.development.js:60:7)
      at warnIfUpdatesNotWrappedWithActDEV (node_modules/react-dom/cjs/react-dom.development.js:27628:9)
      at scheduleUpdateOnFiber (node_modules/react-dom/cjs/react-dom.development.js:25547:5)
      at Object.enqueueSetState (node_modules/react-dom/cjs/react-dom.development.js:17925:7)
      at Transition.Object.<anonymous>.Component.setState (node_modules/react/cjs/react.development.js:354:16)
      at Transition.safeSetState (node_modules/react-transition-group/cjs/Transition.js:353:10)
      at node_modules/react-transition-group/cjs/Transition.js:300:16
      at nextCallback (node_modules/react-transition-group/cjs/Transition.js:365:9)
      at callTimer (node_modules/@sinonjs/fake-timers/src/fake-timers-src.js:729:24)
      at doTickInner (node_modules/@sinonjs/fake-timers/src/fake-timers-src.js:1289:29)
      at doTick (node_modules/@sinonjs/fake-timers/src/fake-timers-src.js:1370:20)
      at Object.tick (node_modules/@sinonjs/fake-timers/src/fake-timers-src.js:1378:20)
      at FakeTimers.advanceTimersByTime (node_modules/@jest/fake-timers/build/modernFakeTimers.js:101:19)
      at Object.<anonymous> (src/components/InviteColleaguesDialog.test.tsx:338:10)

    console.error
      Warning: An update to InviteColleaguesDialog inside a test was not wrapped in act(...).
      
      When testing, code that causes React state updates should be wrapped into act(...):
      
      act(() => {
        /* fire events that update state */
      });
      /* assert on the output */
      
      This ensures that you're testing the behavior the user would see in the browser. Learn more at https://reactjs.org/link/wrap-tests-with-act
          at InviteColleaguesDialog (C:\Dev\EPA-final-project\client\src\components\InviteColleaguesDialog.tsx:42:3)

    [0m [90m 62 |[39m
     [90m 63 |[39m     [36mconst[39m delaySearch [33m=[39m setTimeout([36masync[39m () [33m=>[39m {
    [31m[1m>[22m[39m[90m 64 |[39m       setSearching([36mtrue[39m)[33m;[39m
     [90m    |[39m       [31m[1m^[22m[39m
     [90m 65 |[39m       setError([36mnull[39m)[33m;[39m
     [90m 66 |[39m
     [90m 67 |[39m       [36mtry[39m {[0m

      at printWarning (node_modules/react-dom/cjs/react-dom.development.js:86:30)
      at error (node_modules/react-dom/cjs/react-dom.development.js:60:7)
      at warnIfUpdatesNotWrappedWithActDEV (node_modules/react-dom/cjs/react-dom.development.js:27628:9)
      at scheduleUpdateOnFiber (node_modules/react-dom/cjs/react-dom.development.js:25547:5)
      at setSearching (node_modules/react-dom/cjs/react-dom.development.js:16708:7)
      at src/components/InviteColleaguesDialog.tsx:64:7
      at callTimer (node_modules/@sinonjs/fake-timers/src/fake-timers-src.js:729:24)
      at doTickInner (node_modules/@sinonjs/fake-timers/src/fake-timers-src.js:1289:29)
      at doTick (node_modules/@sinonjs/fake-timers/src/fake-timers-src.js:1370:20)
      at Object.tick (node_modules/@sinonjs/fake-timers/src/fake-timers-src.js:1378:20)
      at FakeTimers.advanceTimersByTime (node_modules/@jest/fake-timers/build/modernFakeTimers.js:101:19)
      at Object.<anonymous> (src/components/InviteColleaguesDialog.test.tsx:338:10)

    console.error
      Warning: An update to InviteColleaguesDialog inside a test was not wrapped in act(...).
      
      When testing, code that causes React state updates should be wrapped into act(...):
      
      act(() => {
        /* fire events that update state */
      });
      /* assert on the output */
      
      This ensures that you're testing the behavior the user would see in the browser. Learn more at https://reactjs.org/link/wrap-tests-with-act
          at InviteColleaguesDialog (C:\Dev\EPA-final-project\client\src\components\InviteColleaguesDialog.tsx:42:3)

    [0m [90m 63 |[39m     [36mconst[39m delaySearch [33m=[39m setTimeout([36masync[39m () [33m=>[39m {
     [90m 64 |[39m       setSearching([36mtrue[39m)[33m;[39m
    [31m[1m>[22m[39m[90m 65 |[39m       setError([36mnull[39m)[33m;[39m
     [90m    |[39m       [31m[1m^[22m[39m
     [90m 66 |[39m
     [90m 67 |[39m       [36mtry[39m {
     [90m 68 |[39m         [36mconst[39m token [33m=[39m localStorage[33m.[39mgetItem([32m'token'[39m)[33m;[39m[0m

      at printWarning (node_modules/react-dom/cjs/react-dom.development.js:86:30)
      at error (node_modules/react-dom/cjs/react-dom.development.js:60:7)
      at warnIfUpdatesNotWrappedWithActDEV (node_modules/react-dom/cjs/react-dom.development.js:27628:9)
      at scheduleUpdateOnFiber (node_modules/react-dom/cjs/react-dom.development.js:25547:5)
      at setError (node_modules/react-dom/cjs/react-dom.development.js:16708:7)
      at src/components/InviteColleaguesDialog.tsx:65:7
      at callTimer (node_modules/@sinonjs/fake-timers/src/fake-timers-src.js:729:24)
      at doTickInner (node_modules/@sinonjs/fake-timers/src/fake-timers-src.js:1289:29)
      at doTick (node_modules/@sinonjs/fake-timers/src/fake-timers-src.js:1370:20)
      at Object.tick (node_modules/@sinonjs/fake-timers/src/fake-timers-src.js:1378:20)
      at FakeTimers.advanceTimersByTime (node_modules/@jest/fake-timers/build/modernFakeTimers.js:101:19)
      at Object.<anonymous> (src/components/InviteColleaguesDialog.test.tsx:338:10)

    console.error
      Warning: An update to InviteColleaguesDialog inside a test was not wrapped in act(...).
      
      When testing, code that causes React state updates should be wrapped into act(...):
      
      act(() => {
        /* fire events that update state */
      });
      /* assert on the output */
      
      This ensures that you're testing the behavior the user would see in the browser. Learn more at https://reactjs.org/link/wrap-tests-with-act
          at InviteColleaguesDialog (C:\Dev\EPA-final-project\client\src\components\InviteColleaguesDialog.tsx:42:3)

    [0m [90m 117 |[39m
     [90m 118 |[39m       [36mif[39m (response[33m.[39mdata[33m.[39msuccess) {
    [31m[1m>[22m[39m[90m 119 |[39m         setSuccess([36mtrue[39m)[33m;[39m
     [90m     |[39m         [31m[1m^[22m[39m
     [90m 120 |[39m         setTimeout(() [33m=>[39m {
     [90m 121 |[39m           handleDialogClose()[33m;[39m
     [90m 122 |[39m           [36mif[39m (onInviteSuccess) onInviteSuccess()[33m;[39m[0m

      at printWarning (node_modules/react-dom/cjs/react-dom.development.js:86:30)
      at error (node_modules/react-dom/cjs/react-dom.development.js:60:7)
      at warnIfUpdatesNotWrappedWithActDEV (node_modules/react-dom/cjs/react-dom.development.js:27628:9)
      at scheduleUpdateOnFiber (node_modules/react-dom/cjs/react-dom.development.js:25547:5)
      at setSuccess (node_modules/react-dom/cjs/react-dom.development.js:16708:7)
      at handleSendInvitations (src/components/InviteColleaguesDialog.tsx:119:9)

    console.error
      Warning: An update to InviteColleaguesDialog inside a test was not wrapped in act(...).
      
      When testing, code that causes React state updates should be wrapped into act(...):
      
      act(() => {
        /* fire events that update state */
      });
      /* assert on the output */
      
      This ensures that you're testing the behavior the user would see in the browser. Learn more at https://reactjs.org/link/wrap-tests-with-act
          at InviteColleaguesDialog (C:\Dev\EPA-final-project\client\src\components\InviteColleaguesDialog.tsx:42:3)

    [0m [90m 127 |[39m       setError(err[33m.[39mresponse[33m?[39m[33m.[39mdata[33m?[39m[33m.[39mmessage [33m||[39m [32m'Failed to send invitations'[39m)[33m;[39m
     [90m 128 |[39m     } [36mfinally[39m {
    [31m[1m>[22m[39m[90m 129 |[39m       setLoading([36mfalse[39m)[33m;[39m
     [90m     |[39m       [31m[1m^[22m[39m
     [90m 130 |[39m     }
     [90m 131 |[39m   }[33m;[39m
     [90m 132 |[39m[0m

      at printWarning (node_modules/react-dom/cjs/react-dom.development.js:86:30)
      at error (node_modules/react-dom/cjs/react-dom.development.js:60:7)
      at warnIfUpdatesNotWrappedWithActDEV (node_modules/react-dom/cjs/react-dom.development.js:27628:9)
      at scheduleUpdateOnFiber (node_modules/react-dom/cjs/react-dom.development.js:25547:5)
      at setLoading (node_modules/react-dom/cjs/react-dom.development.js:16708:7)
      at handleSendInvitations (src/components/InviteColleaguesDialog.tsx:129:7)

    console.error
      Warning: An update to Transition inside a test was not wrapped in act(...).
      
      When testing, code that causes React state updates should be wrapped into act(...):
      
      act(() => {
        /* fire events that update state */
      });
      /* assert on the output */
      
      This ensures that you're testing the behavior the user would see in the browser. Learn more at https://reactjs.org/link/wrap-tests-with-act
          at Transition (C:\Dev\EPA-final-project\client\node_modules\react-transition-group\cjs\Transition.js:135:30)
          at Fade (C:\Dev\EPA-final-project\client\node_modules\@mui\material\node\Fade\Fade.js:37:39)
          at Backdrop (C:\Dev\EPA-final-project\client\node_modules\@mui\material\node\Backdrop\Backdrop.js:60:59)
          at C:\Dev\EPA-final-project\client\node_modules\@emotion\react\dist\emotion-element-a1829a1e.cjs.js:58:23
          at div
          at C:\Dev\EPA-final-project\client\node_modules\@emotion\react\dist\emotion-element-a1829a1e.cjs.js:58:23
          at Portal (C:\Dev\EPA-final-project\client\node_modules\@mui\material\node\Portal\Portal.js:34:5)
          at Modal (C:\Dev\EPA-final-project\client\node_modules\@mui\material\node\Modal\Modal.js:88:59)
          at C:\Dev\EPA-final-project\client\node_modules\@emotion\react\dist\emotion-element-a1829a1e.cjs.js:58:23
          at Dialog (C:\Dev\EPA-final-project\client\node_modules\@mui\material\node\Dialog\Dialog.js:161:59)
          at InviteColleaguesDialog (C:\Dev\EPA-final-project\client\src\components\InviteColleaguesDialog.tsx:42:3)

    [0m [90m 383 |[39m     [36mconst[39m searchInput [33m=[39m screen[33m.[39mgetByPlaceholderText([32m'Search by name or email...'[39m)[33m;[39m
     [90m 384 |[39m     fireEvent[33m.[39mchange(searchInput[33m,[39m { target[33m:[39m { value[33m:[39m [32m'test'[39m } })[33m;[39m
    [31m[1m>[22m[39m[90m 385 |[39m     jest[33m.[39madvanceTimersByTime([35m500[39m)[33m;[39m
     [90m     |[39m          [31m[1m^[22m[39m
     [90m 386 |[39m
     [90m 387 |[39m     [36mawait[39m waitFor(() [33m=>[39m {
     [90m 388 |[39m       expect(screen[33m.[39mgetByText([32m'John Doe'[39m))[33m.[39mtoBeInTheDocument()[33m;[39m[0m

      at printWarning (node_modules/react-dom/cjs/react-dom.development.js:86:30)
      at error (node_modules/react-dom/cjs/react-dom.development.js:60:7)
      at warnIfUpdatesNotWrappedWithActDEV (node_modules/react-dom/cjs/react-dom.development.js:27628:9)
      at scheduleUpdateOnFiber (node_modules/react-dom/cjs/react-dom.development.js:25547:5)
      at Object.enqueueSetState (node_modules/react-dom/cjs/react-dom.development.js:17925:7)
      at Transition.Object.<anonymous>.Component.setState (node_modules/react/cjs/react.development.js:354:16)
      at Transition.safeSetState (node_modules/react-transition-group/cjs/Transition.js:353:10)
      at node_modules/react-transition-group/cjs/Transition.js:300:16
      at nextCallback (node_modules/react-transition-group/cjs/Transition.js:365:9)
      at callTimer (node_modules/@sinonjs/fake-timers/src/fake-timers-src.js:729:24)
      at doTickInner (node_modules/@sinonjs/fake-timers/src/fake-timers-src.js:1289:29)
      at doTick (node_modules/@sinonjs/fake-timers/src/fake-timers-src.js:1370:20)
      at Object.tick (node_modules/@sinonjs/fake-timers/src/fake-timers-src.js:1378:20)
      at FakeTimers.advanceTimersByTime (node_modules/@jest/fake-timers/build/modernFakeTimers.js:101:19)
      at Object.<anonymous> (src/components/InviteColleaguesDialog.test.tsx:385:10)

    console.error
      Warning: An update to Transition inside a test was not wrapped in act(...).
      
      When testing, code that causes React state updates should be wrapped into act(...):
      
      act(() => {
        /* fire events that update state */
      });
      /* assert on the output */
      
      This ensures that you're testing the behavior the user would see in the browser. Learn more at https://reactjs.org/link/wrap-tests-with-act
          at Transition (C:\Dev\EPA-final-project\client\node_modules\react-transition-group\cjs\Transition.js:135:30)
          at Fade (C:\Dev\EPA-final-project\client\node_modules\@mui\material\node\Fade\Fade.js:37:39)
          at FocusTrap (C:\Dev\EPA-final-project\client\node_modules\@mui\material\node\Unstable_TrapFocus\FocusTrap.js:86:5)
          at div
          at C:\Dev\EPA-final-project\client\node_modules\@emotion\react\dist\emotion-element-a1829a1e.cjs.js:58:23
          at Portal (C:\Dev\EPA-final-project\client\node_modules\@mui\material\node\Portal\Portal.js:34:5)
          at Modal (C:\Dev\EPA-final-project\client\node_modules\@mui\material\node\Modal\Modal.js:88:59)
          at C:\Dev\EPA-final-project\client\node_modules\@emotion\react\dist\emotion-element-a1829a1e.cjs.js:58:23
          at Dialog (C:\Dev\EPA-final-project\client\node_modules\@mui\material\node\Dialog\Dialog.js:161:59)
          at InviteColleaguesDialog (C:\Dev\EPA-final-project\client\src\components\InviteColleaguesDialog.tsx:42:3)

    [0m [90m 383 |[39m     [36mconst[39m searchInput [33m=[39m screen[33m.[39mgetByPlaceholderText([32m'Search by name or email...'[39m)[33m;[39m
     [90m 384 |[39m     fireEvent[33m.[39mchange(searchInput[33m,[39m { target[33m:[39m { value[33m:[39m [32m'test'[39m } })[33m;[39m
    [31m[1m>[22m[39m[90m 385 |[39m     jest[33m.[39madvanceTimersByTime([35m500[39m)[33m;[39m
     [90m     |[39m          [31m[1m^[22m[39m
     [90m 386 |[39m
     [90m 387 |[39m     [36mawait[39m waitFor(() [33m=>[39m {
     [90m 388 |[39m       expect(screen[33m.[39mgetByText([32m'John Doe'[39m))[33m.[39mtoBeInTheDocument()[33m;[39m[0m

      at printWarning (node_modules/react-dom/cjs/react-dom.development.js:86:30)
      at error (node_modules/react-dom/cjs/react-dom.development.js:60:7)
      at warnIfUpdatesNotWrappedWithActDEV (node_modules/react-dom/cjs/react-dom.development.js:27628:9)
      at scheduleUpdateOnFiber (node_modules/react-dom/cjs/react-dom.development.js:25547:5)
      at Object.enqueueSetState (node_modules/react-dom/cjs/react-dom.development.js:17925:7)
      at Transition.Object.<anonymous>.Component.setState (node_modules/react/cjs/react.development.js:354:16)
      at Transition.safeSetState (node_modules/react-transition-group/cjs/Transition.js:353:10)
      at node_modules/react-transition-group/cjs/Transition.js:300:16
      at nextCallback (node_modules/react-transition-group/cjs/Transition.js:365:9)
      at callTimer (node_modules/@sinonjs/fake-timers/src/fake-timers-src.js:729:24)
      at doTickInner (node_modules/@sinonjs/fake-timers/src/fake-timers-src.js:1289:29)
      at doTick (node_modules/@sinonjs/fake-timers/src/fake-timers-src.js:1370:20)
      at Object.tick (node_modules/@sinonjs/fake-timers/src/fake-timers-src.js:1378:20)
      at FakeTimers.advanceTimersByTime (node_modules/@jest/fake-timers/build/modernFakeTimers.js:101:19)
      at Object.<anonymous> (src/components/InviteColleaguesDialog.test.tsx:385:10)

    console.error
      Warning: An update to InviteColleaguesDialog inside a test was not wrapped in act(...).
      
      When testing, code that causes React state updates should be wrapped into act(...):
      
      act(() => {
        /* fire events that update state */
      });
      /* assert on the output */
      
      This ensures that you're testing the behavior the user would see in the browser. Learn more at https://reactjs.org/link/wrap-tests-with-act
          at InviteColleaguesDialog (C:\Dev\EPA-final-project\client\src\components\InviteColleaguesDialog.tsx:42:3)

    [0m [90m 62 |[39m
     [90m 63 |[39m     [36mconst[39m delaySearch [33m=[39m setTimeout([36masync[39m () [33m=>[39m {
    [31m[1m>[22m[39m[90m 64 |[39m       setSearching([36mtrue[39m)[33m;[39m
     [90m    |[39m       [31m[1m^[22m[39m
     [90m 65 |[39m       setError([36mnull[39m)[33m;[39m
     [90m 66 |[39m
     [90m 67 |[39m       [36mtry[39m {[0m

      at printWarning (node_modules/react-dom/cjs/react-dom.development.js:86:30)
      at error (node_modules/react-dom/cjs/react-dom.development.js:60:7)
      at warnIfUpdatesNotWrappedWithActDEV (node_modules/react-dom/cjs/react-dom.development.js:27628:9)
      at scheduleUpdateOnFiber (node_modules/react-dom/cjs/react-dom.development.js:25547:5)
      at setSearching (node_modules/react-dom/cjs/react-dom.development.js:16708:7)
      at src/components/InviteColleaguesDialog.tsx:64:7
      at callTimer (node_modules/@sinonjs/fake-timers/src/fake-timers-src.js:729:24)
      at doTickInner (node_modules/@sinonjs/fake-timers/src/fake-timers-src.js:1289:29)
      at doTick (node_modules/@sinonjs/fake-timers/src/fake-timers-src.js:1370:20)
      at Object.tick (node_modules/@sinonjs/fake-timers/src/fake-timers-src.js:1378:20)
      at FakeTimers.advanceTimersByTime (node_modules/@jest/fake-timers/build/modernFakeTimers.js:101:19)
      at Object.<anonymous> (src/components/InviteColleaguesDialog.test.tsx:385:10)

    console.error
      Warning: An update to InviteColleaguesDialog inside a test was not wrapped in act(...).
      
      When testing, code that causes React state updates should be wrapped into act(...):
      
      act(() => {
        /* fire events that update state */
      });
      /* assert on the output */
      
      This ensures that you're testing the behavior the user would see in the browser. Learn more at https://reactjs.org/link/wrap-tests-with-act
          at InviteColleaguesDialog (C:\Dev\EPA-final-project\client\src\components\InviteColleaguesDialog.tsx:42:3)

    [0m [90m 63 |[39m     [36mconst[39m delaySearch [33m=[39m setTimeout([36masync[39m () [33m=>[39m {
     [90m 64 |[39m       setSearching([36mtrue[39m)[33m;[39m
    [31m[1m>[22m[39m[90m 65 |[39m       setError([36mnull[39m)[33m;[39m
     [90m    |[39m       [31m[1m^[22m[39m
     [90m 66 |[39m
     [90m 67 |[39m       [36mtry[39m {
     [90m 68 |[39m         [36mconst[39m token [33m=[39m localStorage[33m.[39mgetItem([32m'token'[39m)[33m;[39m[0m

      at printWarning (node_modules/react-dom/cjs/react-dom.development.js:86:30)
      at error (node_modules/react-dom/cjs/react-dom.development.js:60:7)
      at warnIfUpdatesNotWrappedWithActDEV (node_modules/react-dom/cjs/react-dom.development.js:27628:9)
      at scheduleUpdateOnFiber (node_modules/react-dom/cjs/react-dom.development.js:25547:5)
      at setError (node_modules/react-dom/cjs/react-dom.development.js:16708:7)
      at src/components/InviteColleaguesDialog.tsx:65:7
      at callTimer (node_modules/@sinonjs/fake-timers/src/fake-timers-src.js:729:24)
      at doTickInner (node_modules/@sinonjs/fake-timers/src/fake-timers-src.js:1289:29)
      at doTick (node_modules/@sinonjs/fake-timers/src/fake-timers-src.js:1370:20)
      at Object.tick (node_modules/@sinonjs/fake-timers/src/fake-timers-src.js:1378:20)
      at FakeTimers.advanceTimersByTime (node_modules/@jest/fake-timers/build/modernFakeTimers.js:101:19)
      at Object.<anonymous> (src/components/InviteColleaguesDialog.test.tsx:385:10)

    console.error
      Error sending invitations: { response: { data: { message: 'Event is full' } } }

    [0m [90m 124 |[39m       }
     [90m 125 |[39m     } [36mcatch[39m (err[33m:[39m any) {
    [31m[1m>[22m[39m[90m 126 |[39m       console[33m.[39merror([32m'Error sending invitations:'[39m[33m,[39m err)[33m;[39m
     [90m     |[39m               [31m[1m^[22m[39m
     [90m 127 |[39m       setError(err[33m.[39mresponse[33m?[39m[33m.[39mdata[33m?[39m[33m.[39mmessage [33m||[39m [32m'Failed to send invitations'[39m)[33m;[39m
     [90m 128 |[39m     } [36mfinally[39m {
     [90m 129 |[39m       setLoading([36mfalse[39m)[33m;[39m[0m

      at handleSendInvitations (src/components/InviteColleaguesDialog.tsx:126:15)

    console.error
      Warning: An update to Transition inside a test was not wrapped in act(...).
      
      When testing, code that causes React state updates should be wrapped into act(...):
      
      act(() => {
        /* fire events that update state */
      });
      /* assert on the output */
      
      This ensures that you're testing the behavior the user would see in the browser. Learn more at https://reactjs.org/link/wrap-tests-with-act
          at Transition (C:\Dev\EPA-final-project\client\node_modules\react-transition-group\cjs\Transition.js:135:30)
          at Fade (C:\Dev\EPA-final-project\client\node_modules\@mui\material\node\Fade\Fade.js:37:39)
          at Backdrop (C:\Dev\EPA-final-project\client\node_modules\@mui\material\node\Backdrop\Backdrop.js:60:59)
          at C:\Dev\EPA-final-project\client\node_modules\@emotion\react\dist\emotion-element-a1829a1e.cjs.js:58:23
          at div
          at C:\Dev\EPA-final-project\client\node_modules\@emotion\react\dist\emotion-element-a1829a1e.cjs.js:58:23
          at Portal (C:\Dev\EPA-final-project\client\node_modules\@mui\material\node\Portal\Portal.js:34:5)
          at Modal (C:\Dev\EPA-final-project\client\node_modules\@mui\material\node\Modal\Modal.js:88:59)
          at C:\Dev\EPA-final-project\client\node_modules\@emotion\react\dist\emotion-element-a1829a1e.cjs.js:58:23
          at Dialog (C:\Dev\EPA-final-project\client\node_modules\@mui\material\node\Dialog\Dialog.js:161:59)
          at InviteColleaguesDialog (C:\Dev\EPA-final-project\client\src\components\InviteColleaguesDialog.tsx:42:3)

    [0m [90m 431 |[39m     [36mconst[39m searchInput [33m=[39m screen[33m.[39mgetByPlaceholderText([32m'Search by name or email...'[39m)[33m;[39m
     [90m 432 |[39m     fireEvent[33m.[39mchange(searchInput[33m,[39m { target[33m:[39m { value[33m:[39m [32m'test'[39m } })[33m;[39m
    [31m[1m>[22m[39m[90m 433 |[39m     jest[33m.[39madvanceTimersByTime([35m500[39m)[33m;[39m
     [90m     |[39m          [31m[1m^[22m[39m
     [90m 434 |[39m
     [90m 435 |[39m     [36mawait[39m waitFor(() [33m=>[39m {
     [90m 436 |[39m       expect(screen[33m.[39mgetByText([32m'John Doe'[39m))[33m.[39mtoBeInTheDocument()[33m;[39m[0m

      at printWarning (node_modules/react-dom/cjs/react-dom.development.js:86:30)
      at error (node_modules/react-dom/cjs/react-dom.development.js:60:7)
      at warnIfUpdatesNotWrappedWithActDEV (node_modules/react-dom/cjs/react-dom.development.js:27628:9)
      at scheduleUpdateOnFiber (node_modules/react-dom/cjs/react-dom.development.js:25547:5)
      at Object.enqueueSetState (node_modules/react-dom/cjs/react-dom.development.js:17925:7)
      at Transition.Object.<anonymous>.Component.setState (node_modules/react/cjs/react.development.js:354:16)
      at Transition.safeSetState (node_modules/react-transition-group/cjs/Transition.js:353:10)
      at node_modules/react-transition-group/cjs/Transition.js:300:16
      at nextCallback (node_modules/react-transition-group/cjs/Transition.js:365:9)
      at callTimer (node_modules/@sinonjs/fake-timers/src/fake-timers-src.js:729:24)
      at doTickInner (node_modules/@sinonjs/fake-timers/src/fake-timers-src.js:1289:29)
      at doTick (node_modules/@sinonjs/fake-timers/src/fake-timers-src.js:1370:20)
      at Object.tick (node_modules/@sinonjs/fake-timers/src/fake-timers-src.js:1378:20)
      at FakeTimers.advanceTimersByTime (node_modules/@jest/fake-timers/build/modernFakeTimers.js:101:19)
      at Object.<anonymous> (src/components/InviteColleaguesDialog.test.tsx:433:10)

    console.error
      Warning: An update to Transition inside a test was not wrapped in act(...).
      
      When testing, code that causes React state updates should be wrapped into act(...):
      
      act(() => {
        /* fire events that update state */
      });
      /* assert on the output */
      
      This ensures that you're testing the behavior the user would see in the browser. Learn more at https://reactjs.org/link/wrap-tests-with-act
          at Transition (C:\Dev\EPA-final-project\client\node_modules\react-transition-group\cjs\Transition.js:135:30)
          at Fade (C:\Dev\EPA-final-project\client\node_modules\@mui\material\node\Fade\Fade.js:37:39)
          at FocusTrap (C:\Dev\EPA-final-project\client\node_modules\@mui\material\node\Unstable_TrapFocus\FocusTrap.js:86:5)
          at div
          at C:\Dev\EPA-final-project\client\node_modules\@emotion\react\dist\emotion-element-a1829a1e.cjs.js:58:23
          at Portal (C:\Dev\EPA-final-project\client\node_modules\@mui\material\node\Portal\Portal.js:34:5)
          at Modal (C:\Dev\EPA-final-project\client\node_modules\@mui\material\node\Modal\Modal.js:88:59)
          at C:\Dev\EPA-final-project\client\node_modules\@emotion\react\dist\emotion-element-a1829a1e.cjs.js:58:23
          at Dialog (C:\Dev\EPA-final-project\client\node_modules\@mui\material\node\Dialog\Dialog.js:161:59)
          at InviteColleaguesDialog (C:\Dev\EPA-final-project\client\src\components\InviteColleaguesDialog.tsx:42:3)

    [0m [90m 431 |[39m     [36mconst[39m searchInput [33m=[39m screen[33m.[39mgetByPlaceholderText([32m'Search by name or email...'[39m)[33m;[39m
     [90m 432 |[39m     fireEvent[33m.[39mchange(searchInput[33m,[39m { target[33m:[39m { value[33m:[39m [32m'test'[39m } })[33m;[39m
    [31m[1m>[22m[39m[90m 433 |[39m     jest[33m.[39madvanceTimersByTime([35m500[39m)[33m;[39m
     [90m     |[39m          [31m[1m^[22m[39m
     [90m 434 |[39m
     [90m 435 |[39m     [36mawait[39m waitFor(() [33m=>[39m {
     [90m 436 |[39m       expect(screen[33m.[39mgetByText([32m'John Doe'[39m))[33m.[39mtoBeInTheDocument()[33m;[39m[0m

      at printWarning (node_modules/react-dom/cjs/react-dom.development.js:86:30)
      at error (node_modules/react-dom/cjs/react-dom.development.js:60:7)
      at warnIfUpdatesNotWrappedWithActDEV (node_modules/react-dom/cjs/react-dom.development.js:27628:9)
      at scheduleUpdateOnFiber (node_modules/react-dom/cjs/react-dom.development.js:25547:5)
      at Object.enqueueSetState (node_modules/react-dom/cjs/react-dom.development.js:17925:7)
      at Transition.Object.<anonymous>.Component.setState (node_modules/react/cjs/react.development.js:354:16)
      at Transition.safeSetState (node_modules/react-transition-group/cjs/Transition.js:353:10)
      at node_modules/react-transition-group/cjs/Transition.js:300:16
      at nextCallback (node_modules/react-transition-group/cjs/Transition.js:365:9)
      at callTimer (node_modules/@sinonjs/fake-timers/src/fake-timers-src.js:729:24)
      at doTickInner (node_modules/@sinonjs/fake-timers/src/fake-timers-src.js:1289:29)
      at doTick (node_modules/@sinonjs/fake-timers/src/fake-timers-src.js:1370:20)
      at Object.tick (node_modules/@sinonjs/fake-timers/src/fake-timers-src.js:1378:20)
      at FakeTimers.advanceTimersByTime (node_modules/@jest/fake-timers/build/modernFakeTimers.js:101:19)
      at Object.<anonymous> (src/components/InviteColleaguesDialog.test.tsx:433:10)

    console.error
      Warning: An update to InviteColleaguesDialog inside a test was not wrapped in act(...).
      
      When testing, code that causes React state updates should be wrapped into act(...):
      
      act(() => {
        /* fire events that update state */
      });
      /* assert on the output */
      
      This ensures that you're testing the behavior the user would see in the browser. Learn more at https://reactjs.org/link/wrap-tests-with-act
          at InviteColleaguesDialog (C:\Dev\EPA-final-project\client\src\components\InviteColleaguesDialog.tsx:42:3)

    [0m [90m 62 |[39m
     [90m 63 |[39m     [36mconst[39m delaySearch [33m=[39m setTimeout([36masync[39m () [33m=>[39m {
    [31m[1m>[22m[39m[90m 64 |[39m       setSearching([36mtrue[39m)[33m;[39m
     [90m    |[39m       [31m[1m^[22m[39m
     [90m 65 |[39m       setError([36mnull[39m)[33m;[39m
     [90m 66 |[39m
     [90m 67 |[39m       [36mtry[39m {[0m

      at printWarning (node_modules/react-dom/cjs/react-dom.development.js:86:30)
      at error (node_modules/react-dom/cjs/react-dom.development.js:60:7)
      at warnIfUpdatesNotWrappedWithActDEV (node_modules/react-dom/cjs/react-dom.development.js:27628:9)
      at scheduleUpdateOnFiber (node_modules/react-dom/cjs/react-dom.development.js:25547:5)
      at setSearching (node_modules/react-dom/cjs/react-dom.development.js:16708:7)
      at src/components/InviteColleaguesDialog.tsx:64:7
      at callTimer (node_modules/@sinonjs/fake-timers/src/fake-timers-src.js:729:24)
      at doTickInner (node_modules/@sinonjs/fake-timers/src/fake-timers-src.js:1289:29)
      at doTick (node_modules/@sinonjs/fake-timers/src/fake-timers-src.js:1370:20)
      at Object.tick (node_modules/@sinonjs/fake-timers/src/fake-timers-src.js:1378:20)
      at FakeTimers.advanceTimersByTime (node_modules/@jest/fake-timers/build/modernFakeTimers.js:101:19)
      at Object.<anonymous> (src/components/InviteColleaguesDialog.test.tsx:433:10)

    console.error
      Warning: An update to InviteColleaguesDialog inside a test was not wrapped in act(...).
      
      When testing, code that causes React state updates should be wrapped into act(...):
      
      act(() => {
        /* fire events that update state */
      });
      /* assert on the output */
      
      This ensures that you're testing the behavior the user would see in the browser. Learn more at https://reactjs.org/link/wrap-tests-with-act
          at InviteColleaguesDialog (C:\Dev\EPA-final-project\client\src\components\InviteColleaguesDialog.tsx:42:3)

    [0m [90m 63 |[39m     [36mconst[39m delaySearch [33m=[39m setTimeout([36masync[39m () [33m=>[39m {
     [90m 64 |[39m       setSearching([36mtrue[39m)[33m;[39m
    [31m[1m>[22m[39m[90m 65 |[39m       setError([36mnull[39m)[33m;[39m
     [90m    |[39m       [31m[1m^[22m[39m
     [90m 66 |[39m
     [90m 67 |[39m       [36mtry[39m {
     [90m 68 |[39m         [36mconst[39m token [33m=[39m localStorage[33m.[39mgetItem([32m'token'[39m)[33m;[39m[0m

      at printWarning (node_modules/react-dom/cjs/react-dom.development.js:86:30)
      at error (node_modules/react-dom/cjs/react-dom.development.js:60:7)
      at warnIfUpdatesNotWrappedWithActDEV (node_modules/react-dom/cjs/react-dom.development.js:27628:9)
      at scheduleUpdateOnFiber (node_modules/react-dom/cjs/react-dom.development.js:25547:5)
      at setError (node_modules/react-dom/cjs/react-dom.development.js:16708:7)
      at src/components/InviteColleaguesDialog.tsx:65:7
      at callTimer (node_modules/@sinonjs/fake-timers/src/fake-timers-src.js:729:24)
      at doTickInner (node_modules/@sinonjs/fake-timers/src/fake-timers-src.js:1289:29)
      at doTick (node_modules/@sinonjs/fake-timers/src/fake-timers-src.js:1370:20)
      at Object.tick (node_modules/@sinonjs/fake-timers/src/fake-timers-src.js:1378:20)
      at FakeTimers.advanceTimersByTime (node_modules/@jest/fake-timers/build/modernFakeTimers.js:101:19)
      at Object.<anonymous> (src/components/InviteColleaguesDialog.test.tsx:433:10)

PASS src/pages/CreateEvent.test.tsx (34.514 s)
  ● Console

    console.warn
      ⚠️ React Router Future Flag Warning: React Router will begin wrapping state updates in `React.startTransition` in v7. You can use the `v7_startTransition` future flag to opt-in early. For more information, see https://reactrouter.com/v6/upgrading/future#v7_starttransition.

    [0m [90m 68 |[39m     [36mconst[39m store [33m=[39m createMockStore()[33m;[39m
     [90m 69 |[39m
    [31m[1m>[22m[39m[90m 70 |[39m     render(
     [90m    |[39m           [31m[1m^[22m[39m
     [90m 71 |[39m       [33m<[39m[33mProvider[39m store[33m=[39m{store}[33m>[39m
     [90m 72 |[39m         [33m<[39m[33mBrowserRouter[39m[33m>[39m
     [90m 73 |[39m           [33m<[39m[33mCreateEvent[39m [33m/[39m[33m>[39m[0m

      at warnOnce (node_modules/react-router/lib/deprecations.ts:9:13)
      at logDeprecation (node_modules/react-router/lib/deprecations.ts:14:3)
      at Object.logV6DeprecationWarnings [as UNSAFE_logV6DeprecationWarnings] (node_modules/react-router/lib/deprecations.ts:26:5)
      at node_modules/react-router-dom/index.tsx:816:25
      at commitHookEffectListMount (node_modules/react-dom/cjs/react-dom.development.js:23189:26)
      at commitPassiveMountOnFiber (node_modules/react-dom/cjs/react-dom.development.js:24970:11)
      at commitPassiveMountEffects_complete (node_modules/react-dom/cjs/react-dom.development.js:24930:9)
      at commitPassiveMountEffects_begin (node_modules/react-dom/cjs/react-dom.development.js:24917:7)
      at commitPassiveMountEffects (node_modules/react-dom/cjs/react-dom.development.js:24905:3)
      at flushPassiveEffectsImpl (node_modules/react-dom/cjs/react-dom.development.js:27078:3)
      at flushPassiveEffects (node_modules/react-dom/cjs/react-dom.development.js:27023:14)
      at performSyncWorkOnRoot (node_modules/react-dom/cjs/react-dom.development.js:26115:3)
      at flushSyncCallbacks (node_modules/react-dom/cjs/react-dom.development.js:12042:22)
      at commitRootImpl (node_modules/react-dom/cjs/react-dom.development.js:26998:3)
      at commitRoot (node_modules/react-dom/cjs/react-dom.development.js:26721:5)
      at finishConcurrentRender (node_modules/react-dom/cjs/react-dom.development.js:26020:9)
      at performConcurrentWorkOnRoot (node_modules/react-dom/cjs/react-dom.development.js:25848:7)
      at flushActQueue (node_modules/react/cjs/react.development.js:2667:24)
      at act (node_modules/react/cjs/react.development.js:2582:11)
      at node_modules/@testing-library/react/dist/act-compat.js:47:25
      at renderRoot (node_modules/@testing-library/react/dist/pure.js:190:26)
      at render (node_modules/@testing-library/react/dist/pure.js:292:10)
      at Object.<anonymous> (src/pages/CreateEvent.test.tsx:70:11)

    console.warn
      ⚠️ React Router Future Flag Warning: Relative route resolution within Splat routes is changing in v7. You can use the `v7_relativeSplatPath` future flag to opt-in early. For more information, see https://reactrouter.com/v6/upgrading/future#v7_relativesplatpath.

    [0m [90m 68 |[39m     [36mconst[39m store [33m=[39m createMockStore()[33m;[39m
     [90m 69 |[39m
    [31m[1m>[22m[39m[90m 70 |[39m     render(
     [90m    |[39m           [31m[1m^[22m[39m
     [90m 71 |[39m       [33m<[39m[33mProvider[39m store[33m=[39m{store}[33m>[39m
     [90m 72 |[39m         [33m<[39m[33mBrowserRouter[39m[33m>[39m
     [90m 73 |[39m           [33m<[39m[33mCreateEvent[39m [33m/[39m[33m>[39m[0m

      at warnOnce (node_modules/react-router/lib/deprecations.ts:9:13)
      at logDeprecation (node_modules/react-router/lib/deprecations.ts:14:3)
      at Object.logV6DeprecationWarnings [as UNSAFE_logV6DeprecationWarnings] (node_modules/react-router/lib/deprecations.ts:37:5)
      at node_modules/react-router-dom/index.tsx:816:25
      at commitHookEffectListMount (node_modules/react-dom/cjs/react-dom.development.js:23189:26)
      at commitPassiveMountOnFiber (node_modules/react-dom/cjs/react-dom.development.js:24970:11)
      at commitPassiveMountEffects_complete (node_modules/react-dom/cjs/react-dom.development.js:24930:9)
      at commitPassiveMountEffects_begin (node_modules/react-dom/cjs/react-dom.development.js:24917:7)
      at commitPassiveMountEffects (node_modules/react-dom/cjs/react-dom.development.js:24905:3)
      at flushPassiveEffectsImpl (node_modules/react-dom/cjs/react-dom.development.js:27078:3)
      at flushPassiveEffects (node_modules/react-dom/cjs/react-dom.development.js:27023:14)
      at performSyncWorkOnRoot (node_modules/react-dom/cjs/react-dom.development.js:26115:3)
      at flushSyncCallbacks (node_modules/react-dom/cjs/react-dom.development.js:12042:22)
      at commitRootImpl (node_modules/react-dom/cjs/react-dom.development.js:26998:3)
      at commitRoot (node_modules/react-dom/cjs/react-dom.development.js:26721:5)
      at finishConcurrentRender (node_modules/react-dom/cjs/react-dom.development.js:26020:9)
      at performConcurrentWorkOnRoot (node_modules/react-dom/cjs/react-dom.development.js:25848:7)
      at flushActQueue (node_modules/react/cjs/react.development.js:2667:24)
      at act (node_modules/react/cjs/react.development.js:2582:11)
      at node_modules/@testing-library/react/dist/act-compat.js:47:25
      at renderRoot (node_modules/@testing-library/react/dist/pure.js:190:26)
      at render (node_modules/@testing-library/react/dist/pure.js:292:10)
      at Object.<anonymous> (src/pages/CreateEvent.test.tsx:70:11)

    console.error
      Warning: An update to CreateEvent inside a test was not wrapped in act(...).
      
      When testing, code that causes React state updates should be wrapped into act(...):
      
      act(() => {
        /* fire events that update state */
      });
      /* assert on the output */
      
      This ensures that you're testing the behavior the user would see in the browser. Learn more at https://reactjs.org/link/wrap-tests-with-act
          at CreateEvent (C:\Dev\EPA-final-project\client\src\pages\CreateEvent.tsx:32:34)
          at Router (C:\Dev\EPA-final-project\client\node_modules\react-router\lib\components.tsx:421:13)
          at BrowserRouter (C:\Dev\EPA-final-project\client\node_modules\react-router-dom\index.tsx:789:3)
          at Provider (C:\Dev\EPA-final-project\client\node_modules\react-redux\src\components\Provider.tsx:60:11)

    [0m [90m 119 |[39m         [36mconst[39m response [33m=[39m [36mawait[39m axios[33m.[39m[36mget[39m([32m'http://localhost:5001/api/events/categories'[39m)[33m;[39m
     [90m 120 |[39m         [36mif[39m (response[33m.[39mdata[33m.[39msuccess) {
    [31m[1m>[22m[39m[90m 121 |[39m           setCategories(response[33m.[39mdata[33m.[39mdata)[33m;[39m
     [90m     |[39m           [31m[1m^[22m[39m
     [90m 122 |[39m         }
     [90m 123 |[39m       } [36mcatch[39m (error) {
     [90m 124 |[39m         console[33m.[39merror([32m'Failed to fetch categories:'[39m[33m,[39m error)[33m;[39m[0m

      at printWarning (node_modules/react-dom/cjs/react-dom.development.js:86:30)
      at error (node_modules/react-dom/cjs/react-dom.development.js:60:7)
      at warnIfUpdatesNotWrappedWithActDEV (node_modules/react-dom/cjs/react-dom.development.js:27628:9)
      at scheduleUpdateOnFiber (node_modules/react-dom/cjs/react-dom.development.js:25547:5)
      at setCategories (node_modules/react-dom/cjs/react-dom.development.js:16708:7)
      at fetchCategories (src/pages/CreateEvent.tsx:121:11)

    console.error
      Warning: An update to CreateEvent inside a test was not wrapped in act(...).
      
      When testing, code that causes React state updates should be wrapped into act(...):
      
      act(() => {
        /* fire events that update state */
      });
      /* assert on the output */
      
      This ensures that you're testing the behavior the user would see in the browser. Learn more at https://reactjs.org/link/wrap-tests-with-act
          at CreateEvent (C:\Dev\EPA-final-project\client\src\pages\CreateEvent.tsx:32:34)
          at Router (C:\Dev\EPA-final-project\client\node_modules\react-router\lib\components.tsx:421:13)
          at BrowserRouter (C:\Dev\EPA-final-project\client\node_modules\react-router-dom\index.tsx:789:3)
          at Provider (C:\Dev\EPA-final-project\client\node_modules\react-redux\src\components\Provider.tsx:60:11)

    [0m [90m 119 |[39m         [36mconst[39m response [33m=[39m [36mawait[39m axios[33m.[39m[36mget[39m([32m'http://localhost:5001/api/events/categories'[39m)[33m;[39m
     [90m 120 |[39m         [36mif[39m (response[33m.[39mdata[33m.[39msuccess) {
    [31m[1m>[22m[39m[90m 121 |[39m           setCategories(response[33m.[39mdata[33m.[39mdata)[33m;[39m
     [90m     |[39m           [31m[1m^[22m[39m
     [90m 122 |[39m         }
     [90m 123 |[39m       } [36mcatch[39m (error) {
     [90m 124 |[39m         console[33m.[39merror([32m'Failed to fetch categories:'[39m[33m,[39m error)[33m;[39m[0m

      at printWarning (node_modules/react-dom/cjs/react-dom.development.js:86:30)
      at error (node_modules/react-dom/cjs/react-dom.development.js:60:7)
      at warnIfUpdatesNotWrappedWithActDEV (node_modules/react-dom/cjs/react-dom.development.js:27628:9)
      at scheduleUpdateOnFiber (node_modules/react-dom/cjs/react-dom.development.js:25547:5)
      at setCategories (node_modules/react-dom/cjs/react-dom.development.js:16708:7)
      at fetchCategories (src/pages/CreateEvent.tsx:121:11)

    console.error
      Backend error: { response: { data: { message: 'Failed to create event' } } }

    [0m [90m 94 |[39m         }
     [90m 95 |[39m       } [36mcatch[39m (backendError[33m:[39m any) {
    [31m[1m>[22m[39m[90m 96 |[39m         console[33m.[39merror([32m'Backend error:'[39m[33m,[39m backendError)[33m;[39m
     [90m    |[39m                 [31m[1m^[22m[39m
     [90m 97 |[39m         
     [90m 98 |[39m         [36mif[39m (backendError[33m.[39mresponse) {
     [90m 99 |[39m           alert([32m`Error creating event: ${backendError.response.data.message || 'Unknown error'}`[39m)[33m;[39m[0m

      at handleSubmit (src/pages/CreateEvent.tsx:96:17)

    console.error
      Warning: An update to CreateEvent inside a test was not wrapped in act(...).
      
      When testing, code that causes React state updates should be wrapped into act(...):
      
      act(() => {
        /* fire events that update state */
      });
      /* assert on the output */
      
      This ensures that you're testing the behavior the user would see in the browser. Learn more at https://reactjs.org/link/wrap-tests-with-act
          at CreateEvent (C:\Dev\EPA-final-project\client\src\pages\CreateEvent.tsx:32:34)
          at Router (C:\Dev\EPA-final-project\client\node_modules\react-router\lib\components.tsx:421:13)
          at BrowserRouter (C:\Dev\EPA-final-project\client\node_modules\react-router-dom\index.tsx:789:3)
          at Provider (C:\Dev\EPA-final-project\client\node_modules\react-redux\src\components\Provider.tsx:60:11)

    [0m [90m 119 |[39m         [36mconst[39m response [33m=[39m [36mawait[39m axios[33m.[39m[36mget[39m([32m'http://localhost:5001/api/events/categories'[39m)[33m;[39m
     [90m 120 |[39m         [36mif[39m (response[33m.[39mdata[33m.[39msuccess) {
    [31m[1m>[22m[39m[90m 121 |[39m           setCategories(response[33m.[39mdata[33m.[39mdata)[33m;[39m
     [90m     |[39m           [31m[1m^[22m[39m
     [90m 122 |[39m         }
     [90m 123 |[39m       } [36mcatch[39m (error) {
     [90m 124 |[39m         console[33m.[39merror([32m'Failed to fetch categories:'[39m[33m,[39m error)[33m;[39m[0m

      at printWarning (node_modules/react-dom/cjs/react-dom.development.js:86:30)
      at error (node_modules/react-dom/cjs/react-dom.development.js:60:7)
      at warnIfUpdatesNotWrappedWithActDEV (node_modules/react-dom/cjs/react-dom.development.js:27628:9)
      at scheduleUpdateOnFiber (node_modules/react-dom/cjs/react-dom.development.js:25547:5)
      at setCategories (node_modules/react-dom/cjs/react-dom.development.js:16708:7)
      at fetchCategories (src/pages/CreateEvent.tsx:121:11)

    console.error
      Warning: An update to CreateEvent inside a test was not wrapped in act(...).
      
      When testing, code that causes React state updates should be wrapped into act(...):
      
      act(() => {
        /* fire events that update state */
      });
      /* assert on the output */
      
      This ensures that you're testing the behavior the user would see in the browser. Learn more at https://reactjs.org/link/wrap-tests-with-act
          at CreateEvent (C:\Dev\EPA-final-project\client\src\pages\CreateEvent.tsx:32:34)
          at Router (C:\Dev\EPA-final-project\client\node_modules\react-router\lib\components.tsx:421:13)
          at BrowserRouter (C:\Dev\EPA-final-project\client\node_modules\react-router-dom\index.tsx:789:3)
          at Provider (C:\Dev\EPA-final-project\client\node_modules\react-redux\src\components\Provider.tsx:60:11)

    [0m [90m 119 |[39m         [36mconst[39m response [33m=[39m [36mawait[39m axios[33m.[39m[36mget[39m([32m'http://localhost:5001/api/events/categories'[39m)[33m;[39m
     [90m 120 |[39m         [36mif[39m (response[33m.[39mdata[33m.[39msuccess) {
    [31m[1m>[22m[39m[90m 121 |[39m           setCategories(response[33m.[39mdata[33m.[39mdata)[33m;[39m
     [90m     |[39m           [31m[1m^[22m[39m
     [90m 122 |[39m         }
     [90m 123 |[39m       } [36mcatch[39m (error) {
     [90m 124 |[39m         console[33m.[39merror([32m'Failed to fetch categories:'[39m[33m,[39m error)[33m;[39m[0m

      at printWarning (node_modules/react-dom/cjs/react-dom.development.js:86:30)
      at error (node_modules/react-dom/cjs/react-dom.development.js:60:7)
      at warnIfUpdatesNotWrappedWithActDEV (node_modules/react-dom/cjs/react-dom.development.js:27628:9)
      at scheduleUpdateOnFiber (node_modules/react-dom/cjs/react-dom.development.js:25547:5)
      at setCategories (node_modules/react-dom/cjs/react-dom.development.js:16708:7)
      at fetchCategories (src/pages/CreateEvent.tsx:121:11)

    console.error
      Warning: An update to CreateEvent inside a test was not wrapped in act(...).
      
      When testing, code that causes React state updates should be wrapped into act(...):
      
      act(() => {
        /* fire events that update state */
      });
      /* assert on the output */
      
      This ensures that you're testing the behavior the user would see in the browser. Learn more at https://reactjs.org/link/wrap-tests-with-act
          at CreateEvent (C:\Dev\EPA-final-project\client\src\pages\CreateEvent.tsx:32:34)
          at Router (C:\Dev\EPA-final-project\client\node_modules\react-router\lib\components.tsx:421:13)
          at BrowserRouter (C:\Dev\EPA-final-project\client\node_modules\react-router-dom\index.tsx:789:3)
          at Provider (C:\Dev\EPA-final-project\client\node_modules\react-redux\src\components\Provider.tsx:60:11)

    [0m [90m 119 |[39m         [36mconst[39m response [33m=[39m [36mawait[39m axios[33m.[39m[36mget[39m([32m'http://localhost:5001/api/events/categories'[39m)[33m;[39m
     [90m 120 |[39m         [36mif[39m (response[33m.[39mdata[33m.[39msuccess) {
    [31m[1m>[22m[39m[90m 121 |[39m           setCategories(response[33m.[39mdata[33m.[39mdata)[33m;[39m
     [90m     |[39m           [31m[1m^[22m[39m
     [90m 122 |[39m         }
     [90m 123 |[39m       } [36mcatch[39m (error) {
     [90m 124 |[39m         console[33m.[39merror([32m'Failed to fetch categories:'[39m[33m,[39m error)[33m;[39m[0m

      at printWarning (node_modules/react-dom/cjs/react-dom.development.js:86:30)
      at error (node_modules/react-dom/cjs/react-dom.development.js:60:7)
      at warnIfUpdatesNotWrappedWithActDEV (node_modules/react-dom/cjs/react-dom.development.js:27628:9)
      at scheduleUpdateOnFiber (node_modules/react-dom/cjs/react-dom.development.js:25547:5)
      at setCategories (node_modules/react-dom/cjs/react-dom.development.js:16708:7)
      at fetchCategories (src/pages/CreateEvent.tsx:121:11)

    console.error
      Warning: An update to CreateEvent inside a test was not wrapped in act(...).
      
      When testing, code that causes React state updates should be wrapped into act(...):
      
      act(() => {
        /* fire events that update state */
      });
      /* assert on the output */
      
      This ensures that you're testing the behavior the user would see in the browser. Learn more at https://reactjs.org/link/wrap-tests-with-act
          at CreateEvent (C:\Dev\EPA-final-project\client\src\pages\CreateEvent.tsx:32:34)
          at Router (C:\Dev\EPA-final-project\client\node_modules\react-router\lib\components.tsx:421:13)
          at BrowserRouter (C:\Dev\EPA-final-project\client\node_modules\react-router-dom\index.tsx:789:3)
          at Provider (C:\Dev\EPA-final-project\client\node_modules\react-redux\src\components\Provider.tsx:60:11)

    [0m [90m 119 |[39m         [36mconst[39m response [33m=[39m [36mawait[39m axios[33m.[39m[36mget[39m([32m'http://localhost:5001/api/events/categories'[39m)[33m;[39m
     [90m 120 |[39m         [36mif[39m (response[33m.[39mdata[33m.[39msuccess) {
    [31m[1m>[22m[39m[90m 121 |[39m           setCategories(response[33m.[39mdata[33m.[39mdata)[33m;[39m
     [90m     |[39m           [31m[1m^[22m[39m
     [90m 122 |[39m         }
     [90m 123 |[39m       } [36mcatch[39m (error) {
     [90m 124 |[39m         console[33m.[39merror([32m'Failed to fetch categories:'[39m[33m,[39m error)[33m;[39m[0m

      at printWarning (node_modules/react-dom/cjs/react-dom.development.js:86:30)
      at error (node_modules/react-dom/cjs/react-dom.development.js:60:7)
      at warnIfUpdatesNotWrappedWithActDEV (node_modules/react-dom/cjs/react-dom.development.js:27628:9)
      at scheduleUpdateOnFiber (node_modules/react-dom/cjs/react-dom.development.js:25547:5)
      at setCategories (node_modules/react-dom/cjs/react-dom.development.js:16708:7)
      at fetchCategories (src/pages/CreateEvent.tsx:121:11)

    console.error
      Warning: An update to CreateEvent inside a test was not wrapped in act(...).
      
      When testing, code that causes React state updates should be wrapped into act(...):
      
      act(() => {
        /* fire events that update state */
      });
      /* assert on the output */
      
      This ensures that you're testing the behavior the user would see in the browser. Learn more at https://reactjs.org/link/wrap-tests-with-act
          at CreateEvent (C:\Dev\EPA-final-project\client\src\pages\CreateEvent.tsx:32:34)
          at Router (C:\Dev\EPA-final-project\client\node_modules\react-router\lib\components.tsx:421:13)
          at BrowserRouter (C:\Dev\EPA-final-project\client\node_modules\react-router-dom\index.tsx:789:3)
          at Provider (C:\Dev\EPA-final-project\client\node_modules\react-redux\src\components\Provider.tsx:60:11)

    [0m [90m 119 |[39m         [36mconst[39m response [33m=[39m [36mawait[39m axios[33m.[39m[36mget[39m([32m'http://localhost:5001/api/events/categories'[39m)[33m;[39m
     [90m 120 |[39m         [36mif[39m (response[33m.[39mdata[33m.[39msuccess) {
    [31m[1m>[22m[39m[90m 121 |[39m           setCategories(response[33m.[39mdata[33m.[39mdata)[33m;[39m
     [90m     |[39m           [31m[1m^[22m[39m
     [90m 122 |[39m         }
     [90m 123 |[39m       } [36mcatch[39m (error) {
     [90m 124 |[39m         console[33m.[39merror([32m'Failed to fetch categories:'[39m[33m,[39m error)[33m;[39m[0m

      at printWarning (node_modules/react-dom/cjs/react-dom.development.js:86:30)
      at error (node_modules/react-dom/cjs/react-dom.development.js:60:7)
      at warnIfUpdatesNotWrappedWithActDEV (node_modules/react-dom/cjs/react-dom.development.js:27628:9)
      at scheduleUpdateOnFiber (node_modules/react-dom/cjs/react-dom.development.js:25547:5)
      at setCategories (node_modules/react-dom/cjs/react-dom.development.js:16708:7)
      at fetchCategories (src/pages/CreateEvent.tsx:121:11)

    console.error
      Warning: An update to CreateEvent inside a test was not wrapped in act(...).
      
      When testing, code that causes React state updates should be wrapped into act(...):
      
      act(() => {
        /* fire events that update state */
      });
      /* assert on the output */
      
      This ensures that you're testing the behavior the user would see in the browser. Learn more at https://reactjs.org/link/wrap-tests-with-act
          at CreateEvent (C:\Dev\EPA-final-project\client\src\pages\CreateEvent.tsx:32:34)
          at Router (C:\Dev\EPA-final-project\client\node_modules\react-router\lib\components.tsx:421:13)
          at BrowserRouter (C:\Dev\EPA-final-project\client\node_modules\react-router-dom\index.tsx:789:3)
          at Provider (C:\Dev\EPA-final-project\client\node_modules\react-redux\src\components\Provider.tsx:60:11)

    [0m [90m 119 |[39m         [36mconst[39m response [33m=[39m [36mawait[39m axios[33m.[39m[36mget[39m([32m'http://localhost:5001/api/events/categories'[39m)[33m;[39m
     [90m 120 |[39m         [36mif[39m (response[33m.[39mdata[33m.[39msuccess) {
    [31m[1m>[22m[39m[90m 121 |[39m           setCategories(response[33m.[39mdata[33m.[39mdata)[33m;[39m
     [90m     |[39m           [31m[1m^[22m[39m
     [90m 122 |[39m         }
     [90m 123 |[39m       } [36mcatch[39m (error) {
     [90m 124 |[39m         console[33m.[39merror([32m'Failed to fetch categories:'[39m[33m,[39m error)[33m;[39m[0m

      at printWarning (node_modules/react-dom/cjs/react-dom.development.js:86:30)
      at error (node_modules/react-dom/cjs/react-dom.development.js:60:7)
      at warnIfUpdatesNotWrappedWithActDEV (node_modules/react-dom/cjs/react-dom.development.js:27628:9)
      at scheduleUpdateOnFiber (node_modules/react-dom/cjs/react-dom.development.js:25547:5)
      at setCategories (node_modules/react-dom/cjs/react-dom.development.js:16708:7)
      at fetchCategories (src/pages/CreateEvent.tsx:121:11)

    console.error
      Warning: An update to CreateEvent inside a test was not wrapped in act(...).
      
      When testing, code that causes React state updates should be wrapped into act(...):
      
      act(() => {
        /* fire events that update state */
      });
      /* assert on the output */
      
      This ensures that you're testing the behavior the user would see in the browser. Learn more at https://reactjs.org/link/wrap-tests-with-act
          at CreateEvent (C:\Dev\EPA-final-project\client\src\pages\CreateEvent.tsx:32:34)
          at Router (C:\Dev\EPA-final-project\client\node_modules\react-router\lib\components.tsx:421:13)
          at BrowserRouter (C:\Dev\EPA-final-project\client\node_modules\react-router-dom\index.tsx:789:3)
          at Provider (C:\Dev\EPA-final-project\client\node_modules\react-redux\src\components\Provider.tsx:60:11)

    [0m [90m 119 |[39m         [36mconst[39m response [33m=[39m [36mawait[39m axios[33m.[39m[36mget[39m([32m'http://localhost:5001/api/events/categories'[39m)[33m;[39m
     [90m 120 |[39m         [36mif[39m (response[33m.[39mdata[33m.[39msuccess) {
    [31m[1m>[22m[39m[90m 121 |[39m           setCategories(response[33m.[39mdata[33m.[39mdata)[33m;[39m
     [90m     |[39m           [31m[1m^[22m[39m
     [90m 122 |[39m         }
     [90m 123 |[39m       } [36mcatch[39m (error) {
     [90m 124 |[39m         console[33m.[39merror([32m'Failed to fetch categories:'[39m[33m,[39m error)[33m;[39m[0m

      at printWarning (node_modules/react-dom/cjs/react-dom.development.js:86:30)
      at error (node_modules/react-dom/cjs/react-dom.development.js:60:7)
      at warnIfUpdatesNotWrappedWithActDEV (node_modules/react-dom/cjs/react-dom.development.js:27628:9)
      at scheduleUpdateOnFiber (node_modules/react-dom/cjs/react-dom.development.js:25547:5)
      at setCategories (node_modules/react-dom/cjs/react-dom.development.js:16708:7)
      at fetchCategories (src/pages/CreateEvent.tsx:121:11)

    console.error
      Warning: An update to CreateEvent inside a test was not wrapped in act(...).
      
      When testing, code that causes React state updates should be wrapped into act(...):
      
      act(() => {
        /* fire events that update state */
      });
      /* assert on the output */
      
      This ensures that you're testing the behavior the user would see in the browser. Learn more at https://reactjs.org/link/wrap-tests-with-act
          at CreateEvent (C:\Dev\EPA-final-project\client\src\pages\CreateEvent.tsx:32:34)
          at Router (C:\Dev\EPA-final-project\client\node_modules\react-router\lib\components.tsx:421:13)
          at BrowserRouter (C:\Dev\EPA-final-project\client\node_modules\react-router-dom\index.tsx:789:3)
          at Provider (C:\Dev\EPA-final-project\client\node_modules\react-redux\src\components\Provider.tsx:60:11)

    [0m [90m 119 |[39m         [36mconst[39m response [33m=[39m [36mawait[39m axios[33m.[39m[36mget[39m([32m'http://localhost:5001/api/events/categories'[39m)[33m;[39m
     [90m 120 |[39m         [36mif[39m (response[33m.[39mdata[33m.[39msuccess) {
    [31m[1m>[22m[39m[90m 121 |[39m           setCategories(response[33m.[39mdata[33m.[39mdata)[33m;[39m
     [90m     |[39m           [31m[1m^[22m[39m
     [90m 122 |[39m         }
     [90m 123 |[39m       } [36mcatch[39m (error) {
     [90m 124 |[39m         console[33m.[39merror([32m'Failed to fetch categories:'[39m[33m,[39m error)[33m;[39m[0m

      at printWarning (node_modules/react-dom/cjs/react-dom.development.js:86:30)
      at error (node_modules/react-dom/cjs/react-dom.development.js:60:7)
      at warnIfUpdatesNotWrappedWithActDEV (node_modules/react-dom/cjs/react-dom.development.js:27628:9)
      at scheduleUpdateOnFiber (node_modules/react-dom/cjs/react-dom.development.js:25547:5)
      at setCategories (node_modules/react-dom/cjs/react-dom.development.js:16708:7)
      at fetchCategories (src/pages/CreateEvent.tsx:121:11)

    console.error
      Warning: An update to CreateEvent inside a test was not wrapped in act(...).
      
      When testing, code that causes React state updates should be wrapped into act(...):
      
      act(() => {
        /* fire events that update state */
      });
      /* assert on the output */
      
      This ensures that you're testing the behavior the user would see in the browser. Learn more at https://reactjs.org/link/wrap-tests-with-act
          at CreateEvent (C:\Dev\EPA-final-project\client\src\pages\CreateEvent.tsx:32:34)
          at Router (C:\Dev\EPA-final-project\client\node_modules\react-router\lib\components.tsx:421:13)
          at BrowserRouter (C:\Dev\EPA-final-project\client\node_modules\react-router-dom\index.tsx:789:3)
          at Provider (C:\Dev\EPA-final-project\client\node_modules\react-redux\src\components\Provider.tsx:60:11)

    [0m [90m 119 |[39m         [36mconst[39m response [33m=[39m [36mawait[39m axios[33m.[39m[36mget[39m([32m'http://localhost:5001/api/events/categories'[39m)[33m;[39m
     [90m 120 |[39m         [36mif[39m (response[33m.[39mdata[33m.[39msuccess) {
    [31m[1m>[22m[39m[90m 121 |[39m           setCategories(response[33m.[39mdata[33m.[39mdata)[33m;[39m
     [90m     |[39m           [31m[1m^[22m[39m
     [90m 122 |[39m         }
     [90m 123 |[39m       } [36mcatch[39m (error) {
     [90m 124 |[39m         console[33m.[39merror([32m'Failed to fetch categories:'[39m[33m,[39m error)[33m;[39m[0m

      at printWarning (node_modules/react-dom/cjs/react-dom.development.js:86:30)
      at error (node_modules/react-dom/cjs/react-dom.development.js:60:7)
      at warnIfUpdatesNotWrappedWithActDEV (node_modules/react-dom/cjs/react-dom.development.js:27628:9)
      at scheduleUpdateOnFiber (node_modules/react-dom/cjs/react-dom.development.js:25547:5)
      at setCategories (node_modules/react-dom/cjs/react-dom.development.js:16708:7)
      at fetchCategories (src/pages/CreateEvent.tsx:121:11)

PASS src/pages/Login.test.tsx (19.551 s)
  ● Console

    console.warn
      ⚠️ React Router Future Flag Warning: React Router will begin wrapping state updates in `React.startTransition` in v7. You can use the `v7_startTransition` future flag to opt-in early. For more information, see https://reactrouter.com/v6/upgrading/future#v7_starttransition.

    [0m [90m 33 |[39m     [36mconst[39m store [33m=[39m createMockStore()[33m;[39m
     [90m 34 |[39m
    [31m[1m>[22m[39m[90m 35 |[39m     render(
     [90m    |[39m           [31m[1m^[22m[39m
     [90m 36 |[39m       [33m<[39m[33mProvider[39m store[33m=[39m{store}[33m>[39m
     [90m 37 |[39m         [33m<[39m[33mBrowserRouter[39m[33m>[39m
     [90m 38 |[39m           [33m<[39m[33mLogin[39m [33m/[39m[33m>[39m[0m

      at warnOnce (node_modules/react-router/lib/deprecations.ts:9:13)
      at logDeprecation (node_modules/react-router/lib/deprecations.ts:14:3)
      at Object.logV6DeprecationWarnings [as UNSAFE_logV6DeprecationWarnings] (node_modules/react-router/lib/deprecations.ts:26:5)
      at node_modules/react-router-dom/index.tsx:816:25
      at commitHookEffectListMount (node_modules/react-dom/cjs/react-dom.development.js:23189:26)
      at commitPassiveMountOnFiber (node_modules/react-dom/cjs/react-dom.development.js:24970:11)
      at commitPassiveMountEffects_complete (node_modules/react-dom/cjs/react-dom.development.js:24930:9)
      at commitPassiveMountEffects_begin (node_modules/react-dom/cjs/react-dom.development.js:24917:7)
      at commitPassiveMountEffects (node_modules/react-dom/cjs/react-dom.development.js:24905:3)
      at flushPassiveEffectsImpl (node_modules/react-dom/cjs/react-dom.development.js:27078:3)
      at flushPassiveEffects (node_modules/react-dom/cjs/react-dom.development.js:27023:14)
      at node_modules/react-dom/cjs/react-dom.development.js:26808:9
      at flushActQueue (node_modules/react/cjs/react.development.js:2667:24)
      at act (node_modules/react/cjs/react.development.js:2582:11)
      at node_modules/@testing-library/react/dist/act-compat.js:47:25
      at renderRoot (node_modules/@testing-library/react/dist/pure.js:190:26)
      at render (node_modules/@testing-library/react/dist/pure.js:292:10)
      at Object.<anonymous> (src/pages/Login.test.tsx:35:11)

    console.warn
      ⚠️ React Router Future Flag Warning: Relative route resolution within Splat routes is changing in v7. You can use the `v7_relativeSplatPath` future flag to opt-in early. For more information, see https://reactrouter.com/v6/upgrading/future#v7_relativesplatpath.

    [0m [90m 33 |[39m     [36mconst[39m store [33m=[39m createMockStore()[33m;[39m
     [90m 34 |[39m
    [31m[1m>[22m[39m[90m 35 |[39m     render(
     [90m    |[39m           [31m[1m^[22m[39m
     [90m 36 |[39m       [33m<[39m[33mProvider[39m store[33m=[39m{store}[33m>[39m
     [90m 37 |[39m         [33m<[39m[33mBrowserRouter[39m[33m>[39m
     [90m 38 |[39m           [33m<[39m[33mLogin[39m [33m/[39m[33m>[39m[0m

      at warnOnce (node_modules/react-router/lib/deprecations.ts:9:13)
      at logDeprecation (node_modules/react-router/lib/deprecations.ts:14:3)
      at Object.logV6DeprecationWarnings [as UNSAFE_logV6DeprecationWarnings] (node_modules/react-router/lib/deprecations.ts:37:5)
      at node_modules/react-router-dom/index.tsx:816:25
      at commitHookEffectListMount (node_modules/react-dom/cjs/react-dom.development.js:23189:26)
      at commitPassiveMountOnFiber (node_modules/react-dom/cjs/react-dom.development.js:24970:11)
      at commitPassiveMountEffects_complete (node_modules/react-dom/cjs/react-dom.development.js:24930:9)
      at commitPassiveMountEffects_begin (node_modules/react-dom/cjs/react-dom.development.js:24917:7)
      at commitPassiveMountEffects (node_modules/react-dom/cjs/react-dom.development.js:24905:3)
      at flushPassiveEffectsImpl (node_modules/react-dom/cjs/react-dom.development.js:27078:3)
      at flushPassiveEffects (node_modules/react-dom/cjs/react-dom.development.js:27023:14)
      at node_modules/react-dom/cjs/react-dom.development.js:26808:9
      at flushActQueue (node_modules/react/cjs/react.development.js:2667:24)
      at act (node_modules/react/cjs/react.development.js:2582:11)
      at node_modules/@testing-library/react/dist/act-compat.js:47:25
      at renderRoot (node_modules/@testing-library/react/dist/pure.js:190:26)
      at render (node_modules/@testing-library/react/dist/pure.js:292:10)
      at Object.<anonymous> (src/pages/Login.test.tsx:35:11)

    console.error
      Auth error: Error: Invalid credentials
          at handleSubmit (C:\Dev\EPA-final-project\client\src\pages\Login.tsx:90:15)

    [0m [90m 101 |[39m       }
     [90m 102 |[39m     } [36mcatch[39m (error[33m:[39m any) {
    [31m[1m>[22m[39m[90m 103 |[39m       console[33m.[39merror([32m'Auth error:'[39m[33m,[39m error)[33m;[39m
     [90m     |[39m               [31m[1m^[22m[39m
     [90m 104 |[39m       
     [90m 105 |[39m       [90m// Handle different types of errors with user-friendly messages[39m
     [90m 106 |[39m       [36mif[39m (error[33m.[39mmessage[33m?[39m[33m.[39mincludes([32m'fetch'[39m) [33m||[39m error[33m.[39mmessage[33m?[39m[33m.[39mincludes([32m'Failed to fetch'[39m)) {[0m

      at handleSubmit (src/pages/Login.tsx:103:15)

    console.error
      Auth error: Error: Failed to fetch
          at Object.<anonymous> (C:\Dev\EPA-final-project\client\src\pages\Login.test.tsx:354:55)
          at Promise.then.completed (C:\Dev\EPA-final-project\client\node_modules\jest-circus\build\utils.js:391:28)
          at new Promise (<anonymous>)
          at callAsyncCircusFn (C:\Dev\EPA-final-project\client\node_modules\jest-circus\build\utils.js:316:10)
          at _callCircusTest (C:\Dev\EPA-final-project\client\node_modules\jest-circus\build\run.js:218:40)
          at _runTest (C:\Dev\EPA-final-project\client\node_modules\jest-circus\build\run.js:155:3)
          at _runTestsForDescribeBlock (C:\Dev\EPA-final-project\client\node_modules\jest-circus\build\run.js:66:9)
          at _runTestsForDescribeBlock (C:\Dev\EPA-final-project\client\node_modules\jest-circus\build\run.js:60:9)
          at run (C:\Dev\EPA-final-project\client\node_modules\jest-circus\build\run.js:25:3)
          at runAndTransformResultsToJestFormat (C:\Dev\EPA-final-project\client\node_modules\jest-circus\build\legacy-code-todo-rewrite\jestAdapterInit.js:170:21)
          at jestAdapter (C:\Dev\EPA-final-project\client\node_modules\jest-circus\build\legacy-code-todo-rewrite\jestAdapter.js:82:19)
          at runTestInternal (C:\Dev\EPA-final-project\client\node_modules\jest-runner\build\runTest.js:389:16)
          at runTest (C:\Dev\EPA-final-project\client\node_modules\jest-runner\build\runTest.js:475:34)
          at Object.worker (C:\Dev\EPA-final-project\client\node_modules\jest-runner\build\testWorker.js:133:12)

    [0m [90m 101 |[39m       }
     [90m 102 |[39m     } [36mcatch[39m (error[33m:[39m any) {
    [31m[1m>[22m[39m[90m 103 |[39m       console[33m.[39merror([32m'Auth error:'[39m[33m,[39m error)[33m;[39m
     [90m     |[39m               [31m[1m^[22m[39m
     [90m 104 |[39m       
     [90m 105 |[39m       [90m// Handle different types of errors with user-friendly messages[39m
     [90m 106 |[39m       [36mif[39m (error[33m.[39mmessage[33m?[39m[33m.[39mincludes([32m'fetch'[39m) [33m||[39m error[33m.[39mmessage[33m?[39m[33m.[39mincludes([32m'Failed to fetch'[39m)) {[0m

      at handleSubmit (src/pages/Login.tsx:103:15)

PASS src/pages/EventDetail.test.tsx (8.573 s)
  ● Console

    console.warn
      ⚠️ React Router Future Flag Warning: React Router will begin wrapping state updates in `React.startTransition` in v7. You can use the `v7_startTransition` future flag to opt-in early. For more information, see https://reactrouter.com/v6/upgrading/future#v7_starttransition.

    [0m [90m 94 |[39m     [36mconst[39m store [33m=[39m createMockStore({ id[33m:[39m [35m1[39m[33m,[39m email[33m:[39m [32m'test@pwc.com'[39m[33m,[39m firstName[33m:[39m [32m'Test'[39m[33m,[39m lastName[33m:[39m [32m'User'[39m[33m,[39m role[33m:[39m [32m'employee'[39m })[33m;[39m
     [90m 95 |[39m
    [31m[1m>[22m[39m[90m 96 |[39m     render(
     [90m    |[39m           [31m[1m^[22m[39m
     [90m 97 |[39m       [33m<[39m[33mProvider[39m store[33m=[39m{store}[33m>[39m
     [90m 98 |[39m         [33m<[39m[33mBrowserRouter[39m[33m>[39m
     [90m 99 |[39m           [33m<[39m[33mEventDetail[39m [33m/[39m[33m>[39m[0m

      at warnOnce (node_modules/react-router/lib/deprecations.ts:9:13)
      at logDeprecation (node_modules/react-router/lib/deprecations.ts:14:3)
      at Object.logV6DeprecationWarnings [as UNSAFE_logV6DeprecationWarnings] (node_modules/react-router/lib/deprecations.ts:26:5)
      at node_modules/react-router-dom/index.tsx:816:25
      at commitHookEffectListMount (node_modules/react-dom/cjs/react-dom.development.js:23189:26)
      at commitPassiveMountOnFiber (node_modules/react-dom/cjs/react-dom.development.js:24970:11)
      at commitPassiveMountEffects_complete (node_modules/react-dom/cjs/react-dom.development.js:24930:9)
      at commitPassiveMountEffects_begin (node_modules/react-dom/cjs/react-dom.development.js:24917:7)
      at commitPassiveMountEffects (node_modules/react-dom/cjs/react-dom.development.js:24905:3)
      at flushPassiveEffectsImpl (node_modules/react-dom/cjs/react-dom.development.js:27078:3)
      at flushPassiveEffects (node_modules/react-dom/cjs/react-dom.development.js:27023:14)
      at node_modules/react-dom/cjs/react-dom.development.js:26808:9
      at flushActQueue (node_modules/react/cjs/react.development.js:2667:24)
      at act (node_modules/react/cjs/react.development.js:2582:11)
      at node_modules/@testing-library/react/dist/act-compat.js:47:25
      at renderRoot (node_modules/@testing-library/react/dist/pure.js:190:26)
      at render (node_modules/@testing-library/react/dist/pure.js:292:10)
      at Object.<anonymous> (src/pages/EventDetail.test.tsx:96:11)

    console.warn
      ⚠️ React Router Future Flag Warning: Relative route resolution within Splat routes is changing in v7. You can use the `v7_relativeSplatPath` future flag to opt-in early. For more information, see https://reactrouter.com/v6/upgrading/future#v7_relativesplatpath.

    [0m [90m 94 |[39m     [36mconst[39m store [33m=[39m createMockStore({ id[33m:[39m [35m1[39m[33m,[39m email[33m:[39m [32m'test@pwc.com'[39m[33m,[39m firstName[33m:[39m [32m'Test'[39m[33m,[39m lastName[33m:[39m [32m'User'[39m[33m,[39m role[33m:[39m [32m'employee'[39m })[33m;[39m
     [90m 95 |[39m
    [31m[1m>[22m[39m[90m 96 |[39m     render(
     [90m    |[39m           [31m[1m^[22m[39m
     [90m 97 |[39m       [33m<[39m[33mProvider[39m store[33m=[39m{store}[33m>[39m
     [90m 98 |[39m         [33m<[39m[33mBrowserRouter[39m[33m>[39m
     [90m 99 |[39m           [33m<[39m[33mEventDetail[39m [33m/[39m[33m>[39m[0m

      at warnOnce (node_modules/react-router/lib/deprecations.ts:9:13)
      at logDeprecation (node_modules/react-router/lib/deprecations.ts:14:3)
      at Object.logV6DeprecationWarnings [as UNSAFE_logV6DeprecationWarnings] (node_modules/react-router/lib/deprecations.ts:37:5)
      at node_modules/react-router-dom/index.tsx:816:25
      at commitHookEffectListMount (node_modules/react-dom/cjs/react-dom.development.js:23189:26)
      at commitPassiveMountOnFiber (node_modules/react-dom/cjs/react-dom.development.js:24970:11)
      at commitPassiveMountEffects_complete (node_modules/react-dom/cjs/react-dom.development.js:24930:9)
      at commitPassiveMountEffects_begin (node_modules/react-dom/cjs/react-dom.development.js:24917:7)
      at commitPassiveMountEffects (node_modules/react-dom/cjs/react-dom.development.js:24905:3)
      at flushPassiveEffectsImpl (node_modules/react-dom/cjs/react-dom.development.js:27078:3)
      at flushPassiveEffects (node_modules/react-dom/cjs/react-dom.development.js:27023:14)
      at node_modules/react-dom/cjs/react-dom.development.js:26808:9
      at flushActQueue (node_modules/react/cjs/react.development.js:2667:24)
      at act (node_modules/react/cjs/react.development.js:2582:11)
      at node_modules/@testing-library/react/dist/act-compat.js:47:25
      at renderRoot (node_modules/@testing-library/react/dist/pure.js:190:26)
      at render (node_modules/@testing-library/react/dist/pure.js:292:10)
      at Object.<anonymous> (src/pages/EventDetail.test.tsx:96:11)

    console.error
      Error fetching event: Error: Network error
          at Object.<anonymous> (C:\Dev\EPA-final-project\client\src\pages\EventDetail.test.tsx:284:43)
          at Promise.then.completed (C:\Dev\EPA-final-project\client\node_modules\jest-circus\build\utils.js:391:28)
          at new Promise (<anonymous>)
          at callAsyncCircusFn (C:\Dev\EPA-final-project\client\node_modules\jest-circus\build\utils.js:316:10)
          at _callCircusTest (C:\Dev\EPA-final-project\client\node_modules\jest-circus\build\run.js:218:40)
          at _runTest (C:\Dev\EPA-final-project\client\node_modules\jest-circus\build\run.js:155:3)
          at _runTestsForDescribeBlock (C:\Dev\EPA-final-project\client\node_modules\jest-circus\build\run.js:66:9)
          at _runTestsForDescribeBlock (C:\Dev\EPA-final-project\client\node_modules\jest-circus\build\run.js:60:9)
          at run (C:\Dev\EPA-final-project\client\node_modules\jest-circus\build\run.js:25:3)
          at runAndTransformResultsToJestFormat (C:\Dev\EPA-final-project\client\node_modules\jest-circus\build\legacy-code-todo-rewrite\jestAdapterInit.js:170:21)
          at jestAdapter (C:\Dev\EPA-final-project\client\node_modules\jest-circus\build\legacy-code-todo-rewrite\jestAdapter.js:82:19)
          at runTestInternal (C:\Dev\EPA-final-project\client\node_modules\jest-runner\build\runTest.js:389:16)
          at runTest (C:\Dev\EPA-final-project\client\node_modules\jest-runner\build\runTest.js:475:34)
          at Object.worker (C:\Dev\EPA-final-project\client\node_modules\jest-runner\build\testWorker.js:133:12)

    [0m [90m 80 |[39m       }
     [90m 81 |[39m     } [36mcatch[39m (err[33m:[39m any) {
    [31m[1m>[22m[39m[90m 82 |[39m       console[33m.[39merror([32m'Error fetching event:'[39m[33m,[39m err)[33m;[39m
     [90m    |[39m               [31m[1m^[22m[39m
     [90m 83 |[39m       setError([32m'Failed to fetch event details'[39m)[33m;[39m
     [90m 84 |[39m     } [36mfinally[39m {
     [90m 85 |[39m       setLoading([36mfalse[39m)[33m;[39m[0m

      at fetchEvent (src/pages/EventDetail.tsx:82:15)

PASS src/components/Layout.test.tsx (8.072 s)
  ● Console

    console.warn
      ⚠️ React Router Future Flag Warning: React Router will begin wrapping state updates in `React.startTransition` in v7. You can use the `v7_startTransition` future flag to opt-in early. For more information, see https://reactrouter.com/v6/upgrading/future#v7_starttransition.

    [0m [90m 43 |[39m     [36mconst[39m store [33m=[39m createMockStore()[33m;[39m
     [90m 44 |[39m
    [31m[1m>[22m[39m[90m 45 |[39m     render(
     [90m    |[39m           [31m[1m^[22m[39m
     [90m 46 |[39m       [33m<[39m[33mProvider[39m store[33m=[39m{store}[33m>[39m
     [90m 47 |[39m         [33m<[39m[33mBrowserRouter[39m[33m>[39m
     [90m 48 |[39m           [33m<[39m[33mLayout[39m[33m>[39m[0m

      at warnOnce (node_modules/react-router/lib/deprecations.ts:9:13)
      at logDeprecation (node_modules/react-router/lib/deprecations.ts:14:3)
      at Object.logV6DeprecationWarnings [as UNSAFE_logV6DeprecationWarnings] (node_modules/react-router/lib/deprecations.ts:26:5)
      at node_modules/react-router-dom/index.tsx:816:25
      at commitHookEffectListMount (node_modules/react-dom/cjs/react-dom.development.js:23189:26)
      at commitPassiveMountOnFiber (node_modules/react-dom/cjs/react-dom.development.js:24970:11)
      at commitPassiveMountEffects_complete (node_modules/react-dom/cjs/react-dom.development.js:24930:9)
      at commitPassiveMountEffects_begin (node_modules/react-dom/cjs/react-dom.development.js:24917:7)
      at commitPassiveMountEffects (node_modules/react-dom/cjs/react-dom.development.js:24905:3)
      at flushPassiveEffectsImpl (node_modules/react-dom/cjs/react-dom.development.js:27078:3)
      at flushPassiveEffects (node_modules/react-dom/cjs/react-dom.development.js:27023:14)
      at node_modules/react-dom/cjs/react-dom.development.js:26808:9
      at flushActQueue (node_modules/react/cjs/react.development.js:2667:24)
      at act (node_modules/react/cjs/react.development.js:2582:11)
      at node_modules/@testing-library/react/dist/act-compat.js:47:25
      at renderRoot (node_modules/@testing-library/react/dist/pure.js:190:26)
      at render (node_modules/@testing-library/react/dist/pure.js:292:10)
      at Object.<anonymous> (src/components/Layout.test.tsx:45:11)

    console.warn
      ⚠️ React Router Future Flag Warning: Relative route resolution within Splat routes is changing in v7. You can use the `v7_relativeSplatPath` future flag to opt-in early. For more information, see https://reactrouter.com/v6/upgrading/future#v7_relativesplatpath.

    [0m [90m 43 |[39m     [36mconst[39m store [33m=[39m createMockStore()[33m;[39m
     [90m 44 |[39m
    [31m[1m>[22m[39m[90m 45 |[39m     render(
     [90m    |[39m           [31m[1m^[22m[39m
     [90m 46 |[39m       [33m<[39m[33mProvider[39m store[33m=[39m{store}[33m>[39m
     [90m 47 |[39m         [33m<[39m[33mBrowserRouter[39m[33m>[39m
     [90m 48 |[39m           [33m<[39m[33mLayout[39m[33m>[39m[0m

      at warnOnce (node_modules/react-router/lib/deprecations.ts:9:13)
      at logDeprecation (node_modules/react-router/lib/deprecations.ts:14:3)
      at Object.logV6DeprecationWarnings [as UNSAFE_logV6DeprecationWarnings] (node_modules/react-router/lib/deprecations.ts:37:5)
      at node_modules/react-router-dom/index.tsx:816:25
      at commitHookEffectListMount (node_modules/react-dom/cjs/react-dom.development.js:23189:26)
      at commitPassiveMountOnFiber (node_modules/react-dom/cjs/react-dom.development.js:24970:11)
      at commitPassiveMountEffects_complete (node_modules/react-dom/cjs/react-dom.development.js:24930:9)
      at commitPassiveMountEffects_begin (node_modules/react-dom/cjs/react-dom.development.js:24917:7)
      at commitPassiveMountEffects (node_modules/react-dom/cjs/react-dom.development.js:24905:3)
      at flushPassiveEffectsImpl (node_modules/react-dom/cjs/react-dom.development.js:27078:3)
      at flushPassiveEffects (node_modules/react-dom/cjs/react-dom.development.js:27023:14)
      at node_modules/react-dom/cjs/react-dom.development.js:26808:9
      at flushActQueue (node_modules/react/cjs/react.development.js:2667:24)
      at act (node_modules/react/cjs/react.development.js:2582:11)
      at node_modules/@testing-library/react/dist/act-compat.js:47:25
      at renderRoot (node_modules/@testing-library/react/dist/pure.js:190:26)
      at render (node_modules/@testing-library/react/dist/pure.js:292:10)
      at Object.<anonymous> (src/components/Layout.test.tsx:45:11)

PASS src/components/FeedbackSection.test.tsx (11.904 s)
  ● Console

    console.error
      Warning: An update to FeedbackSection inside a test was not wrapped in act(...).
      
      When testing, code that causes React state updates should be wrapped into act(...):
      
      act(() => {
        /* fire events that update state */
      });
      /* assert on the output */
      
      This ensures that you're testing the behavior the user would see in the browser. Learn more at https://reactjs.org/link/wrap-tests-with-act
          at FeedbackSection (C:\Dev\EPA-final-project\client\src\components\FeedbackSection.tsx:52:60)

    [0m [90m 77 |[39m       [36mif[39m (response[33m.[39mdata[33m.[39msuccess [33m&&[39m response[33m.[39mdata[33m.[39mdata) {
     [90m 78 |[39m         [36mconst[39m feedback [33m=[39m response[33m.[39mdata[33m.[39mdata[33m;[39m
    [31m[1m>[22m[39m[90m 79 |[39m         setMyFeedback(feedback)[33m;[39m
     [90m    |[39m         [31m[1m^[22m[39m
     [90m 80 |[39m         setRating(feedback[33m.[39m[33mRating[39m)[33m;[39m
     [90m 81 |[39m         setComment(feedback[33m.[39m[33mComment[39m [33m||[39m [32m''[39m)[33m;[39m
     [90m 82 |[39m         setWouldRecommend(feedback[33m.[39m[33mWouldRecommend[39m)[33m;[39m[0m

      at printWarning (node_modules/react-dom/cjs/react-dom.development.js:86:30)
      at error (node_modules/react-dom/cjs/react-dom.development.js:60:7)
      at warnIfUpdatesNotWrappedWithActDEV (node_modules/react-dom/cjs/react-dom.development.js:27628:9)
      at scheduleUpdateOnFiber (node_modules/react-dom/cjs/react-dom.development.js:25547:5)
      at setMyFeedback (node_modules/react-dom/cjs/react-dom.development.js:16708:7)
      at fetchMyFeedback (src/components/FeedbackSection.tsx:79:9)

    console.error
      Warning: An update to FeedbackSection inside a test was not wrapped in act(...).
      
      When testing, code that causes React state updates should be wrapped into act(...):
      
      act(() => {
        /* fire events that update state */
      });
      /* assert on the output */
      
      This ensures that you're testing the behavior the user would see in the browser. Learn more at https://reactjs.org/link/wrap-tests-with-act
          at FeedbackSection (C:\Dev\EPA-final-project\client\src\components\FeedbackSection.tsx:52:60)

    [0m [90m 78 |[39m         [36mconst[39m feedback [33m=[39m response[33m.[39mdata[33m.[39mdata[33m;[39m
     [90m 79 |[39m         setMyFeedback(feedback)[33m;[39m
    [31m[1m>[22m[39m[90m 80 |[39m         setRating(feedback[33m.[39m[33mRating[39m)[33m;[39m
     [90m    |[39m         [31m[1m^[22m[39m
     [90m 81 |[39m         setComment(feedback[33m.[39m[33mComment[39m [33m||[39m [32m''[39m)[33m;[39m
     [90m 82 |[39m         setWouldRecommend(feedback[33m.[39m[33mWouldRecommend[39m)[33m;[39m
     [90m 83 |[39m       }[0m

      at printWarning (node_modules/react-dom/cjs/react-dom.development.js:86:30)
      at error (node_modules/react-dom/cjs/react-dom.development.js:60:7)
      at warnIfUpdatesNotWrappedWithActDEV (node_modules/react-dom/cjs/react-dom.development.js:27628:9)
      at scheduleUpdateOnFiber (node_modules/react-dom/cjs/react-dom.development.js:25547:5)
      at setRating (node_modules/react-dom/cjs/react-dom.development.js:16708:7)
      at fetchMyFeedback (src/components/FeedbackSection.tsx:80:9)

    console.error
      Warning: An update to FeedbackSection inside a test was not wrapped in act(...).
      
      When testing, code that causes React state updates should be wrapped into act(...):
      
      act(() => {
        /* fire events that update state */
      });
      /* assert on the output */
      
      This ensures that you're testing the behavior the user would see in the browser. Learn more at https://reactjs.org/link/wrap-tests-with-act
          at FeedbackSection (C:\Dev\EPA-final-project\client\src\components\FeedbackSection.tsx:52:60)

    [0m [90m 79 |[39m         setMyFeedback(feedback)[33m;[39m
     [90m 80 |[39m         setRating(feedback[33m.[39m[33mRating[39m)[33m;[39m
    [31m[1m>[22m[39m[90m 81 |[39m         setComment(feedback[33m.[39m[33mComment[39m [33m||[39m [32m''[39m)[33m;[39m
     [90m    |[39m         [31m[1m^[22m[39m
     [90m 82 |[39m         setWouldRecommend(feedback[33m.[39m[33mWouldRecommend[39m)[33m;[39m
     [90m 83 |[39m       }
     [90m 84 |[39m     } [36mcatch[39m (error) {[0m

      at printWarning (node_modules/react-dom/cjs/react-dom.development.js:86:30)
      at error (node_modules/react-dom/cjs/react-dom.development.js:60:7)
      at warnIfUpdatesNotWrappedWithActDEV (node_modules/react-dom/cjs/react-dom.development.js:27628:9)
      at scheduleUpdateOnFiber (node_modules/react-dom/cjs/react-dom.development.js:25547:5)
      at setComment (node_modules/react-dom/cjs/react-dom.development.js:16708:7)
      at fetchMyFeedback (src/components/FeedbackSection.tsx:81:9)

    console.error
      Warning: An update to FeedbackSection inside a test was not wrapped in act(...).
      
      When testing, code that causes React state updates should be wrapped into act(...):
      
      act(() => {
        /* fire events that update state */
      });
      /* assert on the output */
      
      This ensures that you're testing the behavior the user would see in the browser. Learn more at https://reactjs.org/link/wrap-tests-with-act
          at FeedbackSection (C:\Dev\EPA-final-project\client\src\components\FeedbackSection.tsx:52:60)

    [0m [90m 80 |[39m         setRating(feedback[33m.[39m[33mRating[39m)[33m;[39m
     [90m 81 |[39m         setComment(feedback[33m.[39m[33mComment[39m [33m||[39m [32m''[39m)[33m;[39m
    [31m[1m>[22m[39m[90m 82 |[39m         setWouldRecommend(feedback[33m.[39m[33mWouldRecommend[39m)[33m;[39m
     [90m    |[39m         [31m[1m^[22m[39m
     [90m 83 |[39m       }
     [90m 84 |[39m     } [36mcatch[39m (error) {
     [90m 85 |[39m       console[33m.[39merror([32m'Error fetching my feedback:'[39m[33m,[39m error)[33m;[39m[0m

      at printWarning (node_modules/react-dom/cjs/react-dom.development.js:86:30)
      at error (node_modules/react-dom/cjs/react-dom.development.js:60:7)
      at warnIfUpdatesNotWrappedWithActDEV (node_modules/react-dom/cjs/react-dom.development.js:27628:9)
      at scheduleUpdateOnFiber (node_modules/react-dom/cjs/react-dom.development.js:25547:5)
      at setWouldRecommend (node_modules/react-dom/cjs/react-dom.development.js:16708:7)
      at fetchMyFeedback (src/components/FeedbackSection.tsx:82:9)

    console.error
      Warning: An update to FeedbackSection inside a test was not wrapped in act(...).
      
      When testing, code that causes React state updates should be wrapped into act(...):
      
      act(() => {
        /* fire events that update state */
      });
      /* assert on the output */
      
      This ensures that you're testing the behavior the user would see in the browser. Learn more at https://reactjs.org/link/wrap-tests-with-act
          at FeedbackSection (C:\Dev\EPA-final-project\client\src\components\FeedbackSection.tsx:52:60)

    [0m [90m 91 |[39m       [36mconst[39m response [33m=[39m [36mawait[39m axios[33m.[39m[36mget[39m([32m`http://localhost:5001/api/events/${eventId}/feedback`[39m)[33m;[39m
     [90m 92 |[39m       [36mif[39m (response[33m.[39mdata[33m.[39msuccess) {
    [31m[1m>[22m[39m[90m 93 |[39m         setAllFeedback(response[33m.[39mdata[33m.[39mdata)[33m;[39m
     [90m    |[39m         [31m[1m^[22m[39m
     [90m 94 |[39m       }
     [90m 95 |[39m     } [36mcatch[39m (error) {
     [90m 96 |[39m       console[33m.[39merror([32m'Error fetching feedback:'[39m[33m,[39m error)[33m;[39m[0m

      at printWarning (node_modules/react-dom/cjs/react-dom.development.js:86:30)
      at error (node_modules/react-dom/cjs/react-dom.development.js:60:7)
      at warnIfUpdatesNotWrappedWithActDEV (node_modules/react-dom/cjs/react-dom.development.js:27628:9)
      at scheduleUpdateOnFiber (node_modules/react-dom/cjs/react-dom.development.js:25547:5)
      at setAllFeedback (node_modules/react-dom/cjs/react-dom.development.js:16708:7)
      at fetchAllFeedback (src/components/FeedbackSection.tsx:93:9)

    console.error
      Warning: An update to FeedbackSection inside a test was not wrapped in act(...).
      
      When testing, code that causes React state updates should be wrapped into act(...):
      
      act(() => {
        /* fire events that update state */
      });
      /* assert on the output */
      
      This ensures that you're testing the behavior the user would see in the browser. Learn more at https://reactjs.org/link/wrap-tests-with-act
          at FeedbackSection (C:\Dev\EPA-final-project\client\src\components\FeedbackSection.tsx:52:60)

    [0m [90m 102 |[39m       [36mconst[39m response [33m=[39m [36mawait[39m axios[33m.[39m[36mget[39m([32m`http://localhost:5001/api/events/${eventId}/feedback/stats`[39m)[33m;[39m
     [90m 103 |[39m       [36mif[39m (response[33m.[39mdata[33m.[39msuccess) {
    [31m[1m>[22m[39m[90m 104 |[39m         setStats(response[33m.[39mdata[33m.[39mdata)[33m;[39m
     [90m     |[39m         [31m[1m^[22m[39m
     [90m 105 |[39m       }
     [90m 106 |[39m     } [36mcatch[39m (error) {
     [90m 107 |[39m       console[33m.[39merror([32m'Error fetching stats:'[39m[33m,[39m error)[33m;[39m[0m

      at printWarning (node_modules/react-dom/cjs/react-dom.development.js:86:30)
      at error (node_modules/react-dom/cjs/react-dom.development.js:60:7)
      at warnIfUpdatesNotWrappedWithActDEV (node_modules/react-dom/cjs/react-dom.development.js:27628:9)
      at scheduleUpdateOnFiber (node_modules/react-dom/cjs/react-dom.development.js:25547:5)
      at setStats (node_modules/react-dom/cjs/react-dom.development.js:16708:7)
      at fetchStats (src/components/FeedbackSection.tsx:104:9)

    console.error
      Warning: An update to FeedbackSection inside a test was not wrapped in act(...).
      
      When testing, code that causes React state updates should be wrapped into act(...):
      
      act(() => {
        /* fire events that update state */
      });
      /* assert on the output */
      
      This ensures that you're testing the behavior the user would see in the browser. Learn more at https://reactjs.org/link/wrap-tests-with-act
          at FeedbackSection (C:\Dev\EPA-final-project\client\src\components\FeedbackSection.tsx:52:60)

    [0m [90m 77 |[39m       [36mif[39m (response[33m.[39mdata[33m.[39msuccess [33m&&[39m response[33m.[39mdata[33m.[39mdata) {
     [90m 78 |[39m         [36mconst[39m feedback [33m=[39m response[33m.[39mdata[33m.[39mdata[33m;[39m
    [31m[1m>[22m[39m[90m 79 |[39m         setMyFeedback(feedback)[33m;[39m
     [90m    |[39m         [31m[1m^[22m[39m
     [90m 80 |[39m         setRating(feedback[33m.[39m[33mRating[39m)[33m;[39m
     [90m 81 |[39m         setComment(feedback[33m.[39m[33mComment[39m [33m||[39m [32m''[39m)[33m;[39m
     [90m 82 |[39m         setWouldRecommend(feedback[33m.[39m[33mWouldRecommend[39m)[33m;[39m[0m

      at printWarning (node_modules/react-dom/cjs/react-dom.development.js:86:30)
      at error (node_modules/react-dom/cjs/react-dom.development.js:60:7)
      at warnIfUpdatesNotWrappedWithActDEV (node_modules/react-dom/cjs/react-dom.development.js:27628:9)
      at scheduleUpdateOnFiber (node_modules/react-dom/cjs/react-dom.development.js:25547:5)
      at setMyFeedback (node_modules/react-dom/cjs/react-dom.development.js:16708:7)
      at fetchMyFeedback (src/components/FeedbackSection.tsx:79:9)

    console.error
      Warning: An update to FeedbackSection inside a test was not wrapped in act(...).
      
      When testing, code that causes React state updates should be wrapped into act(...):
      
      act(() => {
        /* fire events that update state */
      });
      /* assert on the output */
      
      This ensures that you're testing the behavior the user would see in the browser. Learn more at https://reactjs.org/link/wrap-tests-with-act
          at FeedbackSection (C:\Dev\EPA-final-project\client\src\components\FeedbackSection.tsx:52:60)

    [0m [90m 78 |[39m         [36mconst[39m feedback [33m=[39m response[33m.[39mdata[33m.[39mdata[33m;[39m
     [90m 79 |[39m         setMyFeedback(feedback)[33m;[39m
    [31m[1m>[22m[39m[90m 80 |[39m         setRating(feedback[33m.[39m[33mRating[39m)[33m;[39m
     [90m    |[39m         [31m[1m^[22m[39m
     [90m 81 |[39m         setComment(feedback[33m.[39m[33mComment[39m [33m||[39m [32m''[39m)[33m;[39m
     [90m 82 |[39m         setWouldRecommend(feedback[33m.[39m[33mWouldRecommend[39m)[33m;[39m
     [90m 83 |[39m       }[0m

      at printWarning (node_modules/react-dom/cjs/react-dom.development.js:86:30)
      at error (node_modules/react-dom/cjs/react-dom.development.js:60:7)
      at warnIfUpdatesNotWrappedWithActDEV (node_modules/react-dom/cjs/react-dom.development.js:27628:9)
      at scheduleUpdateOnFiber (node_modules/react-dom/cjs/react-dom.development.js:25547:5)
      at setRating (node_modules/react-dom/cjs/react-dom.development.js:16708:7)
      at fetchMyFeedback (src/components/FeedbackSection.tsx:80:9)

    console.error
      Warning: An update to FeedbackSection inside a test was not wrapped in act(...).
      
      When testing, code that causes React state updates should be wrapped into act(...):
      
      act(() => {
        /* fire events that update state */
      });
      /* assert on the output */
      
      This ensures that you're testing the behavior the user would see in the browser. Learn more at https://reactjs.org/link/wrap-tests-with-act
          at FeedbackSection (C:\Dev\EPA-final-project\client\src\components\FeedbackSection.tsx:52:60)

    [0m [90m 79 |[39m         setMyFeedback(feedback)[33m;[39m
     [90m 80 |[39m         setRating(feedback[33m.[39m[33mRating[39m)[33m;[39m
    [31m[1m>[22m[39m[90m 81 |[39m         setComment(feedback[33m.[39m[33mComment[39m [33m||[39m [32m''[39m)[33m;[39m
     [90m    |[39m         [31m[1m^[22m[39m
     [90m 82 |[39m         setWouldRecommend(feedback[33m.[39m[33mWouldRecommend[39m)[33m;[39m
     [90m 83 |[39m       }
     [90m 84 |[39m     } [36mcatch[39m (error) {[0m

      at printWarning (node_modules/react-dom/cjs/react-dom.development.js:86:30)
      at error (node_modules/react-dom/cjs/react-dom.development.js:60:7)
      at warnIfUpdatesNotWrappedWithActDEV (node_modules/react-dom/cjs/react-dom.development.js:27628:9)
      at scheduleUpdateOnFiber (node_modules/react-dom/cjs/react-dom.development.js:25547:5)
      at setComment (node_modules/react-dom/cjs/react-dom.development.js:16708:7)
      at fetchMyFeedback (src/components/FeedbackSection.tsx:81:9)

    console.error
      Warning: An update to FeedbackSection inside a test was not wrapped in act(...).
      
      When testing, code that causes React state updates should be wrapped into act(...):
      
      act(() => {
        /* fire events that update state */
      });
      /* assert on the output */
      
      This ensures that you're testing the behavior the user would see in the browser. Learn more at https://reactjs.org/link/wrap-tests-with-act
          at FeedbackSection (C:\Dev\EPA-final-project\client\src\components\FeedbackSection.tsx:52:60)

    [0m [90m 80 |[39m         setRating(feedback[33m.[39m[33mRating[39m)[33m;[39m
     [90m 81 |[39m         setComment(feedback[33m.[39m[33mComment[39m [33m||[39m [32m''[39m)[33m;[39m
    [31m[1m>[22m[39m[90m 82 |[39m         setWouldRecommend(feedback[33m.[39m[33mWouldRecommend[39m)[33m;[39m
     [90m    |[39m         [31m[1m^[22m[39m
     [90m 83 |[39m       }
     [90m 84 |[39m     } [36mcatch[39m (error) {
     [90m 85 |[39m       console[33m.[39merror([32m'Error fetching my feedback:'[39m[33m,[39m error)[33m;[39m[0m

      at printWarning (node_modules/react-dom/cjs/react-dom.development.js:86:30)
      at error (node_modules/react-dom/cjs/react-dom.development.js:60:7)
      at warnIfUpdatesNotWrappedWithActDEV (node_modules/react-dom/cjs/react-dom.development.js:27628:9)
      at scheduleUpdateOnFiber (node_modules/react-dom/cjs/react-dom.development.js:25547:5)
      at setWouldRecommend (node_modules/react-dom/cjs/react-dom.development.js:16708:7)
      at fetchMyFeedback (src/components/FeedbackSection.tsx:82:9)

    console.error
      Warning: An update to FeedbackSection inside a test was not wrapped in act(...).
      
      When testing, code that causes React state updates should be wrapped into act(...):
      
      act(() => {
        /* fire events that update state */
      });
      /* assert on the output */
      
      This ensures that you're testing the behavior the user would see in the browser. Learn more at https://reactjs.org/link/wrap-tests-with-act
          at FeedbackSection (C:\Dev\EPA-final-project\client\src\components\FeedbackSection.tsx:52:60)

    [0m [90m 91 |[39m       [36mconst[39m response [33m=[39m [36mawait[39m axios[33m.[39m[36mget[39m([32m`http://localhost:5001/api/events/${eventId}/feedback`[39m)[33m;[39m
     [90m 92 |[39m       [36mif[39m (response[33m.[39mdata[33m.[39msuccess) {
    [31m[1m>[22m[39m[90m 93 |[39m         setAllFeedback(response[33m.[39mdata[33m.[39mdata)[33m;[39m
     [90m    |[39m         [31m[1m^[22m[39m
     [90m 94 |[39m       }
     [90m 95 |[39m     } [36mcatch[39m (error) {
     [90m 96 |[39m       console[33m.[39merror([32m'Error fetching feedback:'[39m[33m,[39m error)[33m;[39m[0m

      at printWarning (node_modules/react-dom/cjs/react-dom.development.js:86:30)
      at error (node_modules/react-dom/cjs/react-dom.development.js:60:7)
      at warnIfUpdatesNotWrappedWithActDEV (node_modules/react-dom/cjs/react-dom.development.js:27628:9)
      at scheduleUpdateOnFiber (node_modules/react-dom/cjs/react-dom.development.js:25547:5)
      at setAllFeedback (node_modules/react-dom/cjs/react-dom.development.js:16708:7)
      at fetchAllFeedback (src/components/FeedbackSection.tsx:93:9)

    console.error
      Warning: An update to FeedbackSection inside a test was not wrapped in act(...).
      
      When testing, code that causes React state updates should be wrapped into act(...):
      
      act(() => {
        /* fire events that update state */
      });
      /* assert on the output */
      
      This ensures that you're testing the behavior the user would see in the browser. Learn more at https://reactjs.org/link/wrap-tests-with-act
          at FeedbackSection (C:\Dev\EPA-final-project\client\src\components\FeedbackSection.tsx:52:60)

    [0m [90m 102 |[39m       [36mconst[39m response [33m=[39m [36mawait[39m axios[33m.[39m[36mget[39m([32m`http://localhost:5001/api/events/${eventId}/feedback/stats`[39m)[33m;[39m
     [90m 103 |[39m       [36mif[39m (response[33m.[39mdata[33m.[39msuccess) {
    [31m[1m>[22m[39m[90m 104 |[39m         setStats(response[33m.[39mdata[33m.[39mdata)[33m;[39m
     [90m     |[39m         [31m[1m^[22m[39m
     [90m 105 |[39m       }
     [90m 106 |[39m     } [36mcatch[39m (error) {
     [90m 107 |[39m       console[33m.[39merror([32m'Error fetching stats:'[39m[33m,[39m error)[33m;[39m[0m

      at printWarning (node_modules/react-dom/cjs/react-dom.development.js:86:30)
      at error (node_modules/react-dom/cjs/react-dom.development.js:60:7)
      at warnIfUpdatesNotWrappedWithActDEV (node_modules/react-dom/cjs/react-dom.development.js:27628:9)
      at scheduleUpdateOnFiber (node_modules/react-dom/cjs/react-dom.development.js:25547:5)
      at setStats (node_modules/react-dom/cjs/react-dom.development.js:16708:7)
      at fetchStats (src/components/FeedbackSection.tsx:104:9)

    console.error
      Warning: An update to FeedbackSection inside a test was not wrapped in act(...).
      
      When testing, code that causes React state updates should be wrapped into act(...):
      
      act(() => {
        /* fire events that update state */
      });
      /* assert on the output */
      
      This ensures that you're testing the behavior the user would see in the browser. Learn more at https://reactjs.org/link/wrap-tests-with-act
          at FeedbackSection (C:\Dev\EPA-final-project\client\src\components\FeedbackSection.tsx:52:60)

    [0m [90m 77 |[39m       [36mif[39m (response[33m.[39mdata[33m.[39msuccess [33m&&[39m response[33m.[39mdata[33m.[39mdata) {
     [90m 78 |[39m         [36mconst[39m feedback [33m=[39m response[33m.[39mdata[33m.[39mdata[33m;[39m
    [31m[1m>[22m[39m[90m 79 |[39m         setMyFeedback(feedback)[33m;[39m
     [90m    |[39m         [31m[1m^[22m[39m
     [90m 80 |[39m         setRating(feedback[33m.[39m[33mRating[39m)[33m;[39m
     [90m 81 |[39m         setComment(feedback[33m.[39m[33mComment[39m [33m||[39m [32m''[39m)[33m;[39m
     [90m 82 |[39m         setWouldRecommend(feedback[33m.[39m[33mWouldRecommend[39m)[33m;[39m[0m

      at printWarning (node_modules/react-dom/cjs/react-dom.development.js:86:30)
      at error (node_modules/react-dom/cjs/react-dom.development.js:60:7)
      at warnIfUpdatesNotWrappedWithActDEV (node_modules/react-dom/cjs/react-dom.development.js:27628:9)
      at scheduleUpdateOnFiber (node_modules/react-dom/cjs/react-dom.development.js:25547:5)
      at setMyFeedback (node_modules/react-dom/cjs/react-dom.development.js:16708:7)
      at fetchMyFeedback (src/components/FeedbackSection.tsx:79:9)

    console.error
      Warning: An update to FeedbackSection inside a test was not wrapped in act(...).
      
      When testing, code that causes React state updates should be wrapped into act(...):
      
      act(() => {
        /* fire events that update state */
      });
      /* assert on the output */
      
      This ensures that you're testing the behavior the user would see in the browser. Learn more at https://reactjs.org/link/wrap-tests-with-act
          at FeedbackSection (C:\Dev\EPA-final-project\client\src\components\FeedbackSection.tsx:52:60)

    [0m [90m 78 |[39m         [36mconst[39m feedback [33m=[39m response[33m.[39mdata[33m.[39mdata[33m;[39m
     [90m 79 |[39m         setMyFeedback(feedback)[33m;[39m
    [31m[1m>[22m[39m[90m 80 |[39m         setRating(feedback[33m.[39m[33mRating[39m)[33m;[39m
     [90m    |[39m         [31m[1m^[22m[39m
     [90m 81 |[39m         setComment(feedback[33m.[39m[33mComment[39m [33m||[39m [32m''[39m)[33m;[39m
     [90m 82 |[39m         setWouldRecommend(feedback[33m.[39m[33mWouldRecommend[39m)[33m;[39m
     [90m 83 |[39m       }[0m

      at printWarning (node_modules/react-dom/cjs/react-dom.development.js:86:30)
      at error (node_modules/react-dom/cjs/react-dom.development.js:60:7)
      at warnIfUpdatesNotWrappedWithActDEV (node_modules/react-dom/cjs/react-dom.development.js:27628:9)
      at scheduleUpdateOnFiber (node_modules/react-dom/cjs/react-dom.development.js:25547:5)
      at setRating (node_modules/react-dom/cjs/react-dom.development.js:16708:7)
      at fetchMyFeedback (src/components/FeedbackSection.tsx:80:9)

    console.error
      Warning: An update to FeedbackSection inside a test was not wrapped in act(...).
      
      When testing, code that causes React state updates should be wrapped into act(...):
      
      act(() => {
        /* fire events that update state */
      });
      /* assert on the output */
      
      This ensures that you're testing the behavior the user would see in the browser. Learn more at https://reactjs.org/link/wrap-tests-with-act
          at FeedbackSection (C:\Dev\EPA-final-project\client\src\components\FeedbackSection.tsx:52:60)

    [0m [90m 79 |[39m         setMyFeedback(feedback)[33m;[39m
     [90m 80 |[39m         setRating(feedback[33m.[39m[33mRating[39m)[33m;[39m
    [31m[1m>[22m[39m[90m 81 |[39m         setComment(feedback[33m.[39m[33mComment[39m [33m||[39m [32m''[39m)[33m;[39m
     [90m    |[39m         [31m[1m^[22m[39m
     [90m 82 |[39m         setWouldRecommend(feedback[33m.[39m[33mWouldRecommend[39m)[33m;[39m
     [90m 83 |[39m       }
     [90m 84 |[39m     } [36mcatch[39m (error) {[0m

      at printWarning (node_modules/react-dom/cjs/react-dom.development.js:86:30)
      at error (node_modules/react-dom/cjs/react-dom.development.js:60:7)
      at warnIfUpdatesNotWrappedWithActDEV (node_modules/react-dom/cjs/react-dom.development.js:27628:9)
      at scheduleUpdateOnFiber (node_modules/react-dom/cjs/react-dom.development.js:25547:5)
      at setComment (node_modules/react-dom/cjs/react-dom.development.js:16708:7)
      at fetchMyFeedback (src/components/FeedbackSection.tsx:81:9)

    console.error
      Warning: An update to FeedbackSection inside a test was not wrapped in act(...).
      
      When testing, code that causes React state updates should be wrapped into act(...):
      
      act(() => {
        /* fire events that update state */
      });
      /* assert on the output */
      
      This ensures that you're testing the behavior the user would see in the browser. Learn more at https://reactjs.org/link/wrap-tests-with-act
          at FeedbackSection (C:\Dev\EPA-final-project\client\src\components\FeedbackSection.tsx:52:60)

    [0m [90m 80 |[39m         setRating(feedback[33m.[39m[33mRating[39m)[33m;[39m
     [90m 81 |[39m         setComment(feedback[33m.[39m[33mComment[39m [33m||[39m [32m''[39m)[33m;[39m
    [31m[1m>[22m[39m[90m 82 |[39m         setWouldRecommend(feedback[33m.[39m[33mWouldRecommend[39m)[33m;[39m
     [90m    |[39m         [31m[1m^[22m[39m
     [90m 83 |[39m       }
     [90m 84 |[39m     } [36mcatch[39m (error) {
     [90m 85 |[39m       console[33m.[39merror([32m'Error fetching my feedback:'[39m[33m,[39m error)[33m;[39m[0m

      at printWarning (node_modules/react-dom/cjs/react-dom.development.js:86:30)
      at error (node_modules/react-dom/cjs/react-dom.development.js:60:7)
      at warnIfUpdatesNotWrappedWithActDEV (node_modules/react-dom/cjs/react-dom.development.js:27628:9)
      at scheduleUpdateOnFiber (node_modules/react-dom/cjs/react-dom.development.js:25547:5)
      at setWouldRecommend (node_modules/react-dom/cjs/react-dom.development.js:16708:7)
      at fetchMyFeedback (src/components/FeedbackSection.tsx:82:9)

    console.error
      Warning: An update to FeedbackSection inside a test was not wrapped in act(...).
      
      When testing, code that causes React state updates should be wrapped into act(...):
      
      act(() => {
        /* fire events that update state */
      });
      /* assert on the output */
      
      This ensures that you're testing the behavior the user would see in the browser. Learn more at https://reactjs.org/link/wrap-tests-with-act
          at FeedbackSection (C:\Dev\EPA-final-project\client\src\components\FeedbackSection.tsx:52:60)

    [0m [90m 91 |[39m       [36mconst[39m response [33m=[39m [36mawait[39m axios[33m.[39m[36mget[39m([32m`http://localhost:5001/api/events/${eventId}/feedback`[39m)[33m;[39m
     [90m 92 |[39m       [36mif[39m (response[33m.[39mdata[33m.[39msuccess) {
    [31m[1m>[22m[39m[90m 93 |[39m         setAllFeedback(response[33m.[39mdata[33m.[39mdata)[33m;[39m
     [90m    |[39m         [31m[1m^[22m[39m
     [90m 94 |[39m       }
     [90m 95 |[39m     } [36mcatch[39m (error) {
     [90m 96 |[39m       console[33m.[39merror([32m'Error fetching feedback:'[39m[33m,[39m error)[33m;[39m[0m

      at printWarning (node_modules/react-dom/cjs/react-dom.development.js:86:30)
      at error (node_modules/react-dom/cjs/react-dom.development.js:60:7)
      at warnIfUpdatesNotWrappedWithActDEV (node_modules/react-dom/cjs/react-dom.development.js:27628:9)
      at scheduleUpdateOnFiber (node_modules/react-dom/cjs/react-dom.development.js:25547:5)
      at setAllFeedback (node_modules/react-dom/cjs/react-dom.development.js:16708:7)
      at fetchAllFeedback (src/components/FeedbackSection.tsx:93:9)

    console.error
      Warning: An update to FeedbackSection inside a test was not wrapped in act(...).
      
      When testing, code that causes React state updates should be wrapped into act(...):
      
      act(() => {
        /* fire events that update state */
      });
      /* assert on the output */
      
      This ensures that you're testing the behavior the user would see in the browser. Learn more at https://reactjs.org/link/wrap-tests-with-act
          at FeedbackSection (C:\Dev\EPA-final-project\client\src\components\FeedbackSection.tsx:52:60)

    [0m [90m 102 |[39m       [36mconst[39m response [33m=[39m [36mawait[39m axios[33m.[39m[36mget[39m([32m`http://localhost:5001/api/events/${eventId}/feedback/stats`[39m)[33m;[39m
     [90m 103 |[39m       [36mif[39m (response[33m.[39mdata[33m.[39msuccess) {
    [31m[1m>[22m[39m[90m 104 |[39m         setStats(response[33m.[39mdata[33m.[39mdata)[33m;[39m
     [90m     |[39m         [31m[1m^[22m[39m
     [90m 105 |[39m       }
     [90m 106 |[39m     } [36mcatch[39m (error) {
     [90m 107 |[39m       console[33m.[39merror([32m'Error fetching stats:'[39m[33m,[39m error)[33m;[39m[0m

      at printWarning (node_modules/react-dom/cjs/react-dom.development.js:86:30)
      at error (node_modules/react-dom/cjs/react-dom.development.js:60:7)
      at warnIfUpdatesNotWrappedWithActDEV (node_modules/react-dom/cjs/react-dom.development.js:27628:9)
      at scheduleUpdateOnFiber (node_modules/react-dom/cjs/react-dom.development.js:25547:5)
      at setStats (node_modules/react-dom/cjs/react-dom.development.js:16708:7)
      at fetchStats (src/components/FeedbackSection.tsx:104:9)

    console.error
      Warning: A component is changing a controlled input to be uncontrolled. This is likely caused by the value changing from a defined to undefined, which should not happen. Decide between using a controlled or uncontrolled input element for the lifetime of the component. More info: https://reactjs.org/link/controlled-components
          at input
          at C:\Dev\EPA-final-project\client\node_modules\@emotion\react\dist\emotion-element-a1829a1e.cjs.js:58:23
          at span
          at C:\Dev\EPA-final-project\client\node_modules\@emotion\react\dist\emotion-element-a1829a1e.cjs.js:58:23
          at ButtonBase (C:\Dev\EPA-final-project\client\node_modules\@mui\material\node\ButtonBase\ButtonBase.js:94:59)
          at C:\Dev\EPA-final-project\client\node_modules\@emotion\react\dist\emotion-element-a1829a1e.cjs.js:58:23
          at SwitchBase (C:\Dev\EPA-final-project\client\node_modules\@mui\material\node\internal\SwitchBase.js:72:7)
          at C:\Dev\EPA-final-project\client\node_modules\@emotion\react\dist\emotion-element-a1829a1e.cjs.js:58:23
          at Checkbox (C:\Dev\EPA-final-project\client\node_modules\@mui\material\node\Checkbox\Checkbox.js:78:59)
          at label
          at C:\Dev\EPA-final-project\client\node_modules\@emotion\react\dist\emotion-element-a1829a1e.cjs.js:58:23
          at FormControlLabel (C:\Dev\EPA-final-project\client\node_modules\@mui\material\node\FormControlLabel\FormControlLabel.js:106:59)
          at div
          at C:\Dev\EPA-final-project\client\node_modules\@emotion\react\dist\emotion-element-a1829a1e.cjs.js:58:23
          at Paper (C:\Dev\EPA-final-project\client\node_modules\@mui\material\node\Paper\Paper.js:70:59)
          at div
          at C:\Dev\EPA-final-project\client\node_modules\@emotion\react\dist\emotion-element-a1829a1e.cjs.js:58:23
          at Box (C:\Dev\EPA-final-project\client\node_modules\@mui\system\createBox.js:31:41)
          at FeedbackSection (C:\Dev\EPA-final-project\client\src\components\FeedbackSection.tsx:52:60)

      at printWarning (node_modules/react-dom/cjs/react-dom.development.js:86:30)
      at error (node_modules/react-dom/cjs/react-dom.development.js:60:7)
      at updateWrapper (node_modules/react-dom/cjs/react-dom.development.js:1819:7)
      at updateProperties (node_modules/react-dom/cjs/react-dom.development.js:10151:7)
      at commitUpdate (node_modules/react-dom/cjs/react-dom.development.js:11047:3)
      at commitMutationEffectsOnFiber (node_modules/react-dom/cjs/react-dom.development.js:24428:19)
      at recursivelyTraverseMutationEffects (node_modules/react-dom/cjs/react-dom.development.js:24312:7)
      at commitMutationEffectsOnFiber (node_modules/react-dom/cjs/react-dom.development.js:24332:9)
      at recursivelyTraverseMutationEffects (node_modules/react-dom/cjs/react-dom.development.js:24312:7)
      at commitMutationEffectsOnFiber (node_modules/react-dom/cjs/react-dom.development.js:24615:9)
      at recursivelyTraverseMutationEffects (node_modules/react-dom/cjs/react-dom.development.js:24312:7)
      at commitMutationEffectsOnFiber (node_modules/react-dom/cjs/react-dom.development.js:24385:9)
      at recursivelyTraverseMutationEffects (node_modules/react-dom/cjs/react-dom.development.js:24312:7)
      at commitMutationEffectsOnFiber (node_modules/react-dom/cjs/react-dom.development.js:24332:9)
      at recursivelyTraverseMutationEffects (node_modules/react-dom/cjs/react-dom.development.js:24312:7)
      at commitMutationEffectsOnFiber (node_modules/react-dom/cjs/react-dom.development.js:24332:9)
      at recursivelyTraverseMutationEffects (node_modules/react-dom/cjs/react-dom.development.js:24312:7)
      at commitMutationEffectsOnFiber (node_modules/react-dom/cjs/react-dom.development.js:24332:9)
      at recursivelyTraverseMutationEffects (node_modules/react-dom/cjs/react-dom.development.js:24312:7)
      at commitMutationEffectsOnFiber (node_modules/react-dom/cjs/react-dom.development.js:24332:9)
      at recursivelyTraverseMutationEffects (node_modules/react-dom/cjs/react-dom.development.js:24312:7)
      at commitMutationEffectsOnFiber (node_modules/react-dom/cjs/react-dom.development.js:24332:9)
      at recursivelyTraverseMutationEffects (node_modules/react-dom/cjs/react-dom.development.js:24312:7)
      at commitMutationEffectsOnFiber (node_modules/react-dom/cjs/react-dom.development.js:24332:9)
      at recursivelyTraverseMutationEffects (node_modules/react-dom/cjs/react-dom.development.js:24312:7)
      at commitMutationEffectsOnFiber (node_modules/react-dom/cjs/react-dom.development.js:24385:9)
      at recursivelyTraverseMutationEffects (node_modules/react-dom/cjs/react-dom.development.js:24312:7)
      at commitMutationEffectsOnFiber (node_modules/react-dom/cjs/react-dom.development.js:24332:9)
      at recursivelyTraverseMutationEffects (node_modules/react-dom/cjs/react-dom.development.js:24312:7)
      at commitMutationEffectsOnFiber (node_modules/react-dom/cjs/react-dom.development.js:24332:9)
      at recursivelyTraverseMutationEffects (node_modules/react-dom/cjs/react-dom.development.js:24312:7)
      at commitMutationEffectsOnFiber (node_modules/react-dom/cjs/react-dom.development.js:24385:9)
      at recursivelyTraverseMutationEffects (node_modules/react-dom/cjs/react-dom.development.js:24312:7)
      at commitMutationEffectsOnFiber (node_modules/react-dom/cjs/react-dom.development.js:24332:9)
      at recursivelyTraverseMutationEffects (node_modules/react-dom/cjs/react-dom.development.js:24312:7)
      at commitMutationEffectsOnFiber (node_modules/react-dom/cjs/react-dom.development.js:24332:9)
      at recursivelyTraverseMutationEffects (node_modules/react-dom/cjs/react-dom.development.js:24312:7)
      at commitMutationEffectsOnFiber (node_modules/react-dom/cjs/react-dom.development.js:24385:9)
      at recursivelyTraverseMutationEffects (node_modules/react-dom/cjs/react-dom.development.js:24312:7)
      at commitMutationEffectsOnFiber (node_modules/react-dom/cjs/react-dom.development.js:24332:9)
      at recursivelyTraverseMutationEffects (node_modules/react-dom/cjs/react-dom.development.js:24312:7)
      at commitMutationEffectsOnFiber (node_modules/react-dom/cjs/react-dom.development.js:24332:9)
      at recursivelyTraverseMutationEffects (node_modules/react-dom/cjs/react-dom.development.js:24312:7)
      at commitMutationEffectsOnFiber (node_modules/react-dom/cjs/react-dom.development.js:24332:9)
      at recursivelyTraverseMutationEffects (node_modules/react-dom/cjs/react-dom.development.js:24312:7)
      at commitMutationEffectsOnFiber (node_modules/react-dom/cjs/react-dom.development.js:24471:9)
      at commitMutationEffects (node_modules/react-dom/cjs/react-dom.development.js:24282:3)
      at commitRootImpl (node_modules/react-dom/cjs/react-dom.development.js:26849:5)

    console.error
      MUI: A component is changing the controlled value state of Rating to be uncontrolled.
      Elements should not switch from uncontrolled to controlled (or vice versa).
      Decide between using a controlled or uncontrolled Rating element for the lifetime of the component.
      The nature of the state is determined during the first render. It's considered controlled if the value is not `undefined`.
      More info: https://fb.me/react-controlled-components

      at node_modules/@mui/utils/useControlled/useControlled.js:27:17
      at commitHookEffectListMount (node_modules/react-dom/cjs/react-dom.development.js:23189:26)
      at commitPassiveMountOnFiber (node_modules/react-dom/cjs/react-dom.development.js:24970:11)
      at commitPassiveMountEffects_complete (node_modules/react-dom/cjs/react-dom.development.js:24930:9)
      at commitPassiveMountEffects_begin (node_modules/react-dom/cjs/react-dom.development.js:24917:7)
      at commitPassiveMountEffects (node_modules/react-dom/cjs/react-dom.development.js:24905:3)
      at flushPassiveEffectsImpl (node_modules/react-dom/cjs/react-dom.development.js:27078:3)
      at flushPassiveEffects (node_modules/react-dom/cjs/react-dom.development.js:27023:14)
      at performSyncWorkOnRoot (node_modules/react-dom/cjs/react-dom.development.js:26115:3)
      at flushSyncCallbacks (node_modules/react-dom/cjs/react-dom.development.js:12042:22)
      at commitRootImpl (node_modules/react-dom/cjs/react-dom.development.js:26998:3)
      at commitRoot (node_modules/react-dom/cjs/react-dom.development.js:26721:5)
      at finishConcurrentRender (node_modules/react-dom/cjs/react-dom.development.js:26020:9)
      at performConcurrentWorkOnRoot (node_modules/react-dom/cjs/react-dom.development.js:25848:7)
      at workLoop (node_modules/scheduler/cjs/scheduler.development.js:266:34)
      at flushWork (node_modules/scheduler/cjs/scheduler.development.js:239:14)
      at performWorkUntilDeadline (node_modules/scheduler/cjs/scheduler.development.js:533:21)
      at Timeout.task [as _onTimeout] (node_modules/jsdom/lib/jsdom/browser/Window.js:516:19)

    console.error
      MUI: A component is changing the controlled checked state of SwitchBase to be uncontrolled.
      Elements should not switch from uncontrolled to controlled (or vice versa).
      Decide between using a controlled or uncontrolled SwitchBase element for the lifetime of the component.
      The nature of the state is determined during the first render. It's considered controlled if the value is not `undefined`.
      More info: https://fb.me/react-controlled-components

      at node_modules/@mui/utils/useControlled/useControlled.js:27:17
      at commitHookEffectListMount (node_modules/react-dom/cjs/react-dom.development.js:23189:26)
      at commitPassiveMountOnFiber (node_modules/react-dom/cjs/react-dom.development.js:24970:11)
      at commitPassiveMountEffects_complete (node_modules/react-dom/cjs/react-dom.development.js:24930:9)
      at commitPassiveMountEffects_begin (node_modules/react-dom/cjs/react-dom.development.js:24917:7)
      at commitPassiveMountEffects (node_modules/react-dom/cjs/react-dom.development.js:24905:3)
      at flushPassiveEffectsImpl (node_modules/react-dom/cjs/react-dom.development.js:27078:3)
      at flushPassiveEffects (node_modules/react-dom/cjs/react-dom.development.js:27023:14)
      at performSyncWorkOnRoot (node_modules/react-dom/cjs/react-dom.development.js:26115:3)
      at flushSyncCallbacks (node_modules/react-dom/cjs/react-dom.development.js:12042:22)
      at commitRootImpl (node_modules/react-dom/cjs/react-dom.development.js:26998:3)
      at commitRoot (node_modules/react-dom/cjs/react-dom.development.js:26721:5)
      at finishConcurrentRender (node_modules/react-dom/cjs/react-dom.development.js:26020:9)
      at performConcurrentWorkOnRoot (node_modules/react-dom/cjs/react-dom.development.js:25848:7)
      at workLoop (node_modules/scheduler/cjs/scheduler.development.js:266:34)
      at flushWork (node_modules/scheduler/cjs/scheduler.development.js:239:14)
      at performWorkUntilDeadline (node_modules/scheduler/cjs/scheduler.development.js:533:21)
      at Timeout.task [as _onTimeout] (node_modules/jsdom/lib/jsdom/browser/Window.js:516:19)

    console.error
      Warning: An update to FeedbackSection inside a test was not wrapped in act(...).
      
      When testing, code that causes React state updates should be wrapped into act(...):
      
      act(() => {
        /* fire events that update state */
      });
      /* assert on the output */
      
      This ensures that you're testing the behavior the user would see in the browser. Learn more at https://reactjs.org/link/wrap-tests-with-act
          at FeedbackSection (C:\Dev\EPA-final-project\client\src\components\FeedbackSection.tsx:52:60)

    [0m [90m 77 |[39m       [36mif[39m (response[33m.[39mdata[33m.[39msuccess [33m&&[39m response[33m.[39mdata[33m.[39mdata) {
     [90m 78 |[39m         [36mconst[39m feedback [33m=[39m response[33m.[39mdata[33m.[39mdata[33m;[39m
    [31m[1m>[22m[39m[90m 79 |[39m         setMyFeedback(feedback)[33m;[39m
     [90m    |[39m         [31m[1m^[22m[39m
     [90m 80 |[39m         setRating(feedback[33m.[39m[33mRating[39m)[33m;[39m
     [90m 81 |[39m         setComment(feedback[33m.[39m[33mComment[39m [33m||[39m [32m''[39m)[33m;[39m
     [90m 82 |[39m         setWouldRecommend(feedback[33m.[39m[33mWouldRecommend[39m)[33m;[39m[0m

      at printWarning (node_modules/react-dom/cjs/react-dom.development.js:86:30)
      at error (node_modules/react-dom/cjs/react-dom.development.js:60:7)
      at warnIfUpdatesNotWrappedWithActDEV (node_modules/react-dom/cjs/react-dom.development.js:27628:9)
      at scheduleUpdateOnFiber (node_modules/react-dom/cjs/react-dom.development.js:25547:5)
      at setMyFeedback (node_modules/react-dom/cjs/react-dom.development.js:16708:7)
      at fetchMyFeedback (src/components/FeedbackSection.tsx:79:9)

    console.error
      Warning: An update to FeedbackSection inside a test was not wrapped in act(...).
      
      When testing, code that causes React state updates should be wrapped into act(...):
      
      act(() => {
        /* fire events that update state */
      });
      /* assert on the output */
      
      This ensures that you're testing the behavior the user would see in the browser. Learn more at https://reactjs.org/link/wrap-tests-with-act
          at FeedbackSection (C:\Dev\EPA-final-project\client\src\components\FeedbackSection.tsx:52:60)

    [0m [90m 78 |[39m         [36mconst[39m feedback [33m=[39m response[33m.[39mdata[33m.[39mdata[33m;[39m
     [90m 79 |[39m         setMyFeedback(feedback)[33m;[39m
    [31m[1m>[22m[39m[90m 80 |[39m         setRating(feedback[33m.[39m[33mRating[39m)[33m;[39m
     [90m    |[39m         [31m[1m^[22m[39m
     [90m 81 |[39m         setComment(feedback[33m.[39m[33mComment[39m [33m||[39m [32m''[39m)[33m;[39m
     [90m 82 |[39m         setWouldRecommend(feedback[33m.[39m[33mWouldRecommend[39m)[33m;[39m
     [90m 83 |[39m       }[0m

      at printWarning (node_modules/react-dom/cjs/react-dom.development.js:86:30)
      at error (node_modules/react-dom/cjs/react-dom.development.js:60:7)
      at warnIfUpdatesNotWrappedWithActDEV (node_modules/react-dom/cjs/react-dom.development.js:27628:9)
      at scheduleUpdateOnFiber (node_modules/react-dom/cjs/react-dom.development.js:25547:5)
      at setRating (node_modules/react-dom/cjs/react-dom.development.js:16708:7)
      at fetchMyFeedback (src/components/FeedbackSection.tsx:80:9)

    console.error
      Warning: An update to FeedbackSection inside a test was not wrapped in act(...).
      
      When testing, code that causes React state updates should be wrapped into act(...):
      
      act(() => {
        /* fire events that update state */
      });
      /* assert on the output */
      
      This ensures that you're testing the behavior the user would see in the browser. Learn more at https://reactjs.org/link/wrap-tests-with-act
          at FeedbackSection (C:\Dev\EPA-final-project\client\src\components\FeedbackSection.tsx:52:60)

    [0m [90m 79 |[39m         setMyFeedback(feedback)[33m;[39m
     [90m 80 |[39m         setRating(feedback[33m.[39m[33mRating[39m)[33m;[39m
    [31m[1m>[22m[39m[90m 81 |[39m         setComment(feedback[33m.[39m[33mComment[39m [33m||[39m [32m''[39m)[33m;[39m
     [90m    |[39m         [31m[1m^[22m[39m
     [90m 82 |[39m         setWouldRecommend(feedback[33m.[39m[33mWouldRecommend[39m)[33m;[39m
     [90m 83 |[39m       }
     [90m 84 |[39m     } [36mcatch[39m (error) {[0m

      at printWarning (node_modules/react-dom/cjs/react-dom.development.js:86:30)
      at error (node_modules/react-dom/cjs/react-dom.development.js:60:7)
      at warnIfUpdatesNotWrappedWithActDEV (node_modules/react-dom/cjs/react-dom.development.js:27628:9)
      at scheduleUpdateOnFiber (node_modules/react-dom/cjs/react-dom.development.js:25547:5)
      at setComment (node_modules/react-dom/cjs/react-dom.development.js:16708:7)
      at fetchMyFeedback (src/components/FeedbackSection.tsx:81:9)

    console.error
      Warning: An update to FeedbackSection inside a test was not wrapped in act(...).
      
      When testing, code that causes React state updates should be wrapped into act(...):
      
      act(() => {
        /* fire events that update state */
      });
      /* assert on the output */
      
      This ensures that you're testing the behavior the user would see in the browser. Learn more at https://reactjs.org/link/wrap-tests-with-act
          at FeedbackSection (C:\Dev\EPA-final-project\client\src\components\FeedbackSection.tsx:52:60)

    [0m [90m 80 |[39m         setRating(feedback[33m.[39m[33mRating[39m)[33m;[39m
     [90m 81 |[39m         setComment(feedback[33m.[39m[33mComment[39m [33m||[39m [32m''[39m)[33m;[39m
    [31m[1m>[22m[39m[90m 82 |[39m         setWouldRecommend(feedback[33m.[39m[33mWouldRecommend[39m)[33m;[39m
     [90m    |[39m         [31m[1m^[22m[39m
     [90m 83 |[39m       }
     [90m 84 |[39m     } [36mcatch[39m (error) {
     [90m 85 |[39m       console[33m.[39merror([32m'Error fetching my feedback:'[39m[33m,[39m error)[33m;[39m[0m

      at printWarning (node_modules/react-dom/cjs/react-dom.development.js:86:30)
      at error (node_modules/react-dom/cjs/react-dom.development.js:60:7)
      at warnIfUpdatesNotWrappedWithActDEV (node_modules/react-dom/cjs/react-dom.development.js:27628:9)
      at scheduleUpdateOnFiber (node_modules/react-dom/cjs/react-dom.development.js:25547:5)
      at setWouldRecommend (node_modules/react-dom/cjs/react-dom.development.js:16708:7)
      at fetchMyFeedback (src/components/FeedbackSection.tsx:82:9)

    console.error
      Warning: An update to FeedbackSection inside a test was not wrapped in act(...).
      
      When testing, code that causes React state updates should be wrapped into act(...):
      
      act(() => {
        /* fire events that update state */
      });
      /* assert on the output */
      
      This ensures that you're testing the behavior the user would see in the browser. Learn more at https://reactjs.org/link/wrap-tests-with-act
          at FeedbackSection (C:\Dev\EPA-final-project\client\src\components\FeedbackSection.tsx:52:60)

    [0m [90m 91 |[39m       [36mconst[39m response [33m=[39m [36mawait[39m axios[33m.[39m[36mget[39m([32m`http://localhost:5001/api/events/${eventId}/feedback`[39m)[33m;[39m
     [90m 92 |[39m       [36mif[39m (response[33m.[39mdata[33m.[39msuccess) {
    [31m[1m>[22m[39m[90m 93 |[39m         setAllFeedback(response[33m.[39mdata[33m.[39mdata)[33m;[39m
     [90m    |[39m         [31m[1m^[22m[39m
     [90m 94 |[39m       }
     [90m 95 |[39m     } [36mcatch[39m (error) {
     [90m 96 |[39m       console[33m.[39merror([32m'Error fetching feedback:'[39m[33m,[39m error)[33m;[39m[0m

      at printWarning (node_modules/react-dom/cjs/react-dom.development.js:86:30)
      at error (node_modules/react-dom/cjs/react-dom.development.js:60:7)
      at warnIfUpdatesNotWrappedWithActDEV (node_modules/react-dom/cjs/react-dom.development.js:27628:9)
      at scheduleUpdateOnFiber (node_modules/react-dom/cjs/react-dom.development.js:25547:5)
      at setAllFeedback (node_modules/react-dom/cjs/react-dom.development.js:16708:7)
      at fetchAllFeedback (src/components/FeedbackSection.tsx:93:9)

    console.error
      Warning: An update to FeedbackSection inside a test was not wrapped in act(...).
      
      When testing, code that causes React state updates should be wrapped into act(...):
      
      act(() => {
        /* fire events that update state */
      });
      /* assert on the output */
      
      This ensures that you're testing the behavior the user would see in the browser. Learn more at https://reactjs.org/link/wrap-tests-with-act
          at FeedbackSection (C:\Dev\EPA-final-project\client\src\components\FeedbackSection.tsx:52:60)

    [0m [90m 102 |[39m       [36mconst[39m response [33m=[39m [36mawait[39m axios[33m.[39m[36mget[39m([32m`http://localhost:5001/api/events/${eventId}/feedback/stats`[39m)[33m;[39m
     [90m 103 |[39m       [36mif[39m (response[33m.[39mdata[33m.[39msuccess) {
    [31m[1m>[22m[39m[90m 104 |[39m         setStats(response[33m.[39mdata[33m.[39mdata)[33m;[39m
     [90m     |[39m         [31m[1m^[22m[39m
     [90m 105 |[39m       }
     [90m 106 |[39m     } [36mcatch[39m (error) {
     [90m 107 |[39m       console[33m.[39merror([32m'Error fetching stats:'[39m[33m,[39m error)[33m;[39m[0m

      at printWarning (node_modules/react-dom/cjs/react-dom.development.js:86:30)
      at error (node_modules/react-dom/cjs/react-dom.development.js:60:7)
      at warnIfUpdatesNotWrappedWithActDEV (node_modules/react-dom/cjs/react-dom.development.js:27628:9)
      at scheduleUpdateOnFiber (node_modules/react-dom/cjs/react-dom.development.js:25547:5)
      at setStats (node_modules/react-dom/cjs/react-dom.development.js:16708:7)
      at fetchStats (src/components/FeedbackSection.tsx:104:9)

    console.error
      Warning: An update to FeedbackSection inside a test was not wrapped in act(...).
      
      When testing, code that causes React state updates should be wrapped into act(...):
      
      act(() => {
        /* fire events that update state */
      });
      /* assert on the output */
      
      This ensures that you're testing the behavior the user would see in the browser. Learn more at https://reactjs.org/link/wrap-tests-with-act
          at FeedbackSection (C:\Dev\EPA-final-project\client\src\components\FeedbackSection.tsx:52:60)

    [0m [90m 77 |[39m       [36mif[39m (response[33m.[39mdata[33m.[39msuccess [33m&&[39m response[33m.[39mdata[33m.[39mdata) {
     [90m 78 |[39m         [36mconst[39m feedback [33m=[39m response[33m.[39mdata[33m.[39mdata[33m;[39m
    [31m[1m>[22m[39m[90m 79 |[39m         setMyFeedback(feedback)[33m;[39m
     [90m    |[39m         [31m[1m^[22m[39m
     [90m 80 |[39m         setRating(feedback[33m.[39m[33mRating[39m)[33m;[39m
     [90m 81 |[39m         setComment(feedback[33m.[39m[33mComment[39m [33m||[39m [32m''[39m)[33m;[39m
     [90m 82 |[39m         setWouldRecommend(feedback[33m.[39m[33mWouldRecommend[39m)[33m;[39m[0m

      at printWarning (node_modules/react-dom/cjs/react-dom.development.js:86:30)
      at error (node_modules/react-dom/cjs/react-dom.development.js:60:7)
      at warnIfUpdatesNotWrappedWithActDEV (node_modules/react-dom/cjs/react-dom.development.js:27628:9)
      at scheduleUpdateOnFiber (node_modules/react-dom/cjs/react-dom.development.js:25547:5)
      at setMyFeedback (node_modules/react-dom/cjs/react-dom.development.js:16708:7)
      at fetchMyFeedback (src/components/FeedbackSection.tsx:79:9)

    console.error
      Warning: An update to FeedbackSection inside a test was not wrapped in act(...).
      
      When testing, code that causes React state updates should be wrapped into act(...):
      
      act(() => {
        /* fire events that update state */
      });
      /* assert on the output */
      
      This ensures that you're testing the behavior the user would see in the browser. Learn more at https://reactjs.org/link/wrap-tests-with-act
          at FeedbackSection (C:\Dev\EPA-final-project\client\src\components\FeedbackSection.tsx:52:60)

    [0m [90m 78 |[39m         [36mconst[39m feedback [33m=[39m response[33m.[39mdata[33m.[39mdata[33m;[39m
     [90m 79 |[39m         setMyFeedback(feedback)[33m;[39m
    [31m[1m>[22m[39m[90m 80 |[39m         setRating(feedback[33m.[39m[33mRating[39m)[33m;[39m
     [90m    |[39m         [31m[1m^[22m[39m
     [90m 81 |[39m         setComment(feedback[33m.[39m[33mComment[39m [33m||[39m [32m''[39m)[33m;[39m
     [90m 82 |[39m         setWouldRecommend(feedback[33m.[39m[33mWouldRecommend[39m)[33m;[39m
     [90m 83 |[39m       }[0m

      at printWarning (node_modules/react-dom/cjs/react-dom.development.js:86:30)
      at error (node_modules/react-dom/cjs/react-dom.development.js:60:7)
      at warnIfUpdatesNotWrappedWithActDEV (node_modules/react-dom/cjs/react-dom.development.js:27628:9)
      at scheduleUpdateOnFiber (node_modules/react-dom/cjs/react-dom.development.js:25547:5)
      at setRating (node_modules/react-dom/cjs/react-dom.development.js:16708:7)
      at fetchMyFeedback (src/components/FeedbackSection.tsx:80:9)

    console.error
      Warning: An update to FeedbackSection inside a test was not wrapped in act(...).
      
      When testing, code that causes React state updates should be wrapped into act(...):
      
      act(() => {
        /* fire events that update state */
      });
      /* assert on the output */
      
      This ensures that you're testing the behavior the user would see in the browser. Learn more at https://reactjs.org/link/wrap-tests-with-act
          at FeedbackSection (C:\Dev\EPA-final-project\client\src\components\FeedbackSection.tsx:52:60)

    [0m [90m 79 |[39m         setMyFeedback(feedback)[33m;[39m
     [90m 80 |[39m         setRating(feedback[33m.[39m[33mRating[39m)[33m;[39m
    [31m[1m>[22m[39m[90m 81 |[39m         setComment(feedback[33m.[39m[33mComment[39m [33m||[39m [32m''[39m)[33m;[39m
     [90m    |[39m         [31m[1m^[22m[39m
     [90m 82 |[39m         setWouldRecommend(feedback[33m.[39m[33mWouldRecommend[39m)[33m;[39m
     [90m 83 |[39m       }
     [90m 84 |[39m     } [36mcatch[39m (error) {[0m

      at printWarning (node_modules/react-dom/cjs/react-dom.development.js:86:30)
      at error (node_modules/react-dom/cjs/react-dom.development.js:60:7)
      at warnIfUpdatesNotWrappedWithActDEV (node_modules/react-dom/cjs/react-dom.development.js:27628:9)
      at scheduleUpdateOnFiber (node_modules/react-dom/cjs/react-dom.development.js:25547:5)
      at setComment (node_modules/react-dom/cjs/react-dom.development.js:16708:7)
      at fetchMyFeedback (src/components/FeedbackSection.tsx:81:9)

    console.error
      Warning: An update to FeedbackSection inside a test was not wrapped in act(...).
      
      When testing, code that causes React state updates should be wrapped into act(...):
      
      act(() => {
        /* fire events that update state */
      });
      /* assert on the output */
      
      This ensures that you're testing the behavior the user would see in the browser. Learn more at https://reactjs.org/link/wrap-tests-with-act
          at FeedbackSection (C:\Dev\EPA-final-project\client\src\components\FeedbackSection.tsx:52:60)

    [0m [90m 80 |[39m         setRating(feedback[33m.[39m[33mRating[39m)[33m;[39m
     [90m 81 |[39m         setComment(feedback[33m.[39m[33mComment[39m [33m||[39m [32m''[39m)[33m;[39m
    [31m[1m>[22m[39m[90m 82 |[39m         setWouldRecommend(feedback[33m.[39m[33mWouldRecommend[39m)[33m;[39m
     [90m    |[39m         [31m[1m^[22m[39m
     [90m 83 |[39m       }
     [90m 84 |[39m     } [36mcatch[39m (error) {
     [90m 85 |[39m       console[33m.[39merror([32m'Error fetching my feedback:'[39m[33m,[39m error)[33m;[39m[0m

      at printWarning (node_modules/react-dom/cjs/react-dom.development.js:86:30)
      at error (node_modules/react-dom/cjs/react-dom.development.js:60:7)
      at warnIfUpdatesNotWrappedWithActDEV (node_modules/react-dom/cjs/react-dom.development.js:27628:9)
      at scheduleUpdateOnFiber (node_modules/react-dom/cjs/react-dom.development.js:25547:5)
      at setWouldRecommend (node_modules/react-dom/cjs/react-dom.development.js:16708:7)
      at fetchMyFeedback (src/components/FeedbackSection.tsx:82:9)

    console.error
      Warning: An update to FeedbackSection inside a test was not wrapped in act(...).
      
      When testing, code that causes React state updates should be wrapped into act(...):
      
      act(() => {
        /* fire events that update state */
      });
      /* assert on the output */
      
      This ensures that you're testing the behavior the user would see in the browser. Learn more at https://reactjs.org/link/wrap-tests-with-act
          at FeedbackSection (C:\Dev\EPA-final-project\client\src\components\FeedbackSection.tsx:52:60)

    [0m [90m 91 |[39m       [36mconst[39m response [33m=[39m [36mawait[39m axios[33m.[39m[36mget[39m([32m`http://localhost:5001/api/events/${eventId}/feedback`[39m)[33m;[39m
     [90m 92 |[39m       [36mif[39m (response[33m.[39mdata[33m.[39msuccess) {
    [31m[1m>[22m[39m[90m 93 |[39m         setAllFeedback(response[33m.[39mdata[33m.[39mdata)[33m;[39m
     [90m    |[39m         [31m[1m^[22m[39m
     [90m 94 |[39m       }
     [90m 95 |[39m     } [36mcatch[39m (error) {
     [90m 96 |[39m       console[33m.[39merror([32m'Error fetching feedback:'[39m[33m,[39m error)[33m;[39m[0m

      at printWarning (node_modules/react-dom/cjs/react-dom.development.js:86:30)
      at error (node_modules/react-dom/cjs/react-dom.development.js:60:7)
      at warnIfUpdatesNotWrappedWithActDEV (node_modules/react-dom/cjs/react-dom.development.js:27628:9)
      at scheduleUpdateOnFiber (node_modules/react-dom/cjs/react-dom.development.js:25547:5)
      at setAllFeedback (node_modules/react-dom/cjs/react-dom.development.js:16708:7)
      at fetchAllFeedback (src/components/FeedbackSection.tsx:93:9)

    console.error
      Warning: An update to FeedbackSection inside a test was not wrapped in act(...).
      
      When testing, code that causes React state updates should be wrapped into act(...):
      
      act(() => {
        /* fire events that update state */
      });
      /* assert on the output */
      
      This ensures that you're testing the behavior the user would see in the browser. Learn more at https://reactjs.org/link/wrap-tests-with-act
          at FeedbackSection (C:\Dev\EPA-final-project\client\src\components\FeedbackSection.tsx:52:60)

    [0m [90m 102 |[39m       [36mconst[39m response [33m=[39m [36mawait[39m axios[33m.[39m[36mget[39m([32m`http://localhost:5001/api/events/${eventId}/feedback/stats`[39m)[33m;[39m
     [90m 103 |[39m       [36mif[39m (response[33m.[39mdata[33m.[39msuccess) {
    [31m[1m>[22m[39m[90m 104 |[39m         setStats(response[33m.[39mdata[33m.[39mdata)[33m;[39m
     [90m     |[39m         [31m[1m^[22m[39m
     [90m 105 |[39m       }
     [90m 106 |[39m     } [36mcatch[39m (error) {
     [90m 107 |[39m       console[33m.[39merror([32m'Error fetching stats:'[39m[33m,[39m error)[33m;[39m[0m

      at printWarning (node_modules/react-dom/cjs/react-dom.development.js:86:30)
      at error (node_modules/react-dom/cjs/react-dom.development.js:60:7)
      at warnIfUpdatesNotWrappedWithActDEV (node_modules/react-dom/cjs/react-dom.development.js:27628:9)
      at scheduleUpdateOnFiber (node_modules/react-dom/cjs/react-dom.development.js:25547:5)
      at setStats (node_modules/react-dom/cjs/react-dom.development.js:16708:7)
      at fetchStats (src/components/FeedbackSection.tsx:104:9)

    console.error
      MUI: A component is changing the controlled value state of Rating to be uncontrolled.
      Elements should not switch from uncontrolled to controlled (or vice versa).
      Decide between using a controlled or uncontrolled Rating element for the lifetime of the component.
      The nature of the state is determined during the first render. It's considered controlled if the value is not `undefined`.
      More info: https://fb.me/react-controlled-components

      at node_modules/@mui/utils/useControlled/useControlled.js:27:17
      at commitHookEffectListMount (node_modules/react-dom/cjs/react-dom.development.js:23189:26)
      at commitPassiveMountOnFiber (node_modules/react-dom/cjs/react-dom.development.js:24970:11)
      at commitPassiveMountEffects_complete (node_modules/react-dom/cjs/react-dom.development.js:24930:9)
      at commitPassiveMountEffects_begin (node_modules/react-dom/cjs/react-dom.development.js:24917:7)
      at commitPassiveMountEffects (node_modules/react-dom/cjs/react-dom.development.js:24905:3)
      at flushPassiveEffectsImpl (node_modules/react-dom/cjs/react-dom.development.js:27078:3)
      at flushPassiveEffects (node_modules/react-dom/cjs/react-dom.development.js:27023:14)
      at performSyncWorkOnRoot (node_modules/react-dom/cjs/react-dom.development.js:26115:3)
      at flushSyncCallbacks (node_modules/react-dom/cjs/react-dom.development.js:12042:22)
      at flushSync (node_modules/react-dom/cjs/react-dom.development.js:26240:7)
      at ReactDOMRoot.Object.<anonymous>.ReactDOMHydrationRoot.unmount.ReactDOMRoot.unmount [as unmount] (node_modules/react-dom/cjs/react-dom.development.js:29375:5)
      at Object.unmount (node_modules/@testing-library/react/dist/pure.js:164:12)
      at node_modules/@testing-library/react/dist/pure.js:308:12
      at node_modules/@testing-library/react/dist/act-compat.js:48:24
      at act (node_modules/react/cjs/react.development.js:2512:16)
      at node_modules/@testing-library/react/dist/act-compat.js:47:25
      at node_modules/@testing-library/react/dist/pure.js:307:28
          at Array.forEach (<anonymous>)
      at cleanup (node_modules/@testing-library/react/dist/pure.js:303:22)
      at Object.<anonymous> (node_modules/@testing-library/react/dist/index.js:28:25)

    console.error
      MUI: A component is changing the controlled checked state of SwitchBase to be uncontrolled.
      Elements should not switch from uncontrolled to controlled (or vice versa).
      Decide between using a controlled or uncontrolled SwitchBase element for the lifetime of the component.
      The nature of the state is determined during the first render. It's considered controlled if the value is not `undefined`.
      More info: https://fb.me/react-controlled-components

      at node_modules/@mui/utils/useControlled/useControlled.js:27:17
      at commitHookEffectListMount (node_modules/react-dom/cjs/react-dom.development.js:23189:26)
      at commitPassiveMountOnFiber (node_modules/react-dom/cjs/react-dom.development.js:24970:11)
      at commitPassiveMountEffects_complete (node_modules/react-dom/cjs/react-dom.development.js:24930:9)
      at commitPassiveMountEffects_begin (node_modules/react-dom/cjs/react-dom.development.js:24917:7)
      at commitPassiveMountEffects (node_modules/react-dom/cjs/react-dom.development.js:24905:3)
      at flushPassiveEffectsImpl (node_modules/react-dom/cjs/react-dom.development.js:27078:3)
      at flushPassiveEffects (node_modules/react-dom/cjs/react-dom.development.js:27023:14)
      at performSyncWorkOnRoot (node_modules/react-dom/cjs/react-dom.development.js:26115:3)
      at flushSyncCallbacks (node_modules/react-dom/cjs/react-dom.development.js:12042:22)
      at flushSync (node_modules/react-dom/cjs/react-dom.development.js:26240:7)
      at ReactDOMRoot.Object.<anonymous>.ReactDOMHydrationRoot.unmount.ReactDOMRoot.unmount [as unmount] (node_modules/react-dom/cjs/react-dom.development.js:29375:5)
      at Object.unmount (node_modules/@testing-library/react/dist/pure.js:164:12)
      at node_modules/@testing-library/react/dist/pure.js:308:12
      at node_modules/@testing-library/react/dist/act-compat.js:48:24
      at act (node_modules/react/cjs/react.development.js:2512:16)
      at node_modules/@testing-library/react/dist/act-compat.js:47:25
      at node_modules/@testing-library/react/dist/pure.js:307:28
          at Array.forEach (<anonymous>)
      at cleanup (node_modules/@testing-library/react/dist/pure.js:303:22)
      at Object.<anonymous> (node_modules/@testing-library/react/dist/index.js:28:25)

    console.error
      MUI: A component is changing the controlled value state of Rating to be uncontrolled.
      Elements should not switch from uncontrolled to controlled (or vice versa).
      Decide between using a controlled or uncontrolled Rating element for the lifetime of the component.
      The nature of the state is determined during the first render. It's considered controlled if the value is not `undefined`.
      More info: https://fb.me/react-controlled-components

      at node_modules/@mui/utils/useControlled/useControlled.js:27:17
      at commitHookEffectListMount (node_modules/react-dom/cjs/react-dom.development.js:23189:26)
      at commitPassiveMountOnFiber (node_modules/react-dom/cjs/react-dom.development.js:24970:11)
      at commitPassiveMountEffects_complete (node_modules/react-dom/cjs/react-dom.development.js:24930:9)
      at commitPassiveMountEffects_begin (node_modules/react-dom/cjs/react-dom.development.js:24917:7)
      at commitPassiveMountEffects (node_modules/react-dom/cjs/react-dom.development.js:24905:3)
      at flushPassiveEffectsImpl (node_modules/react-dom/cjs/react-dom.development.js:27078:3)
      at flushPassiveEffects (node_modules/react-dom/cjs/react-dom.development.js:27023:14)
      at performSyncWorkOnRoot (node_modules/react-dom/cjs/react-dom.development.js:26115:3)
      at flushSyncCallbacks (node_modules/react-dom/cjs/react-dom.development.js:12042:22)
      at commitRootImpl (node_modules/react-dom/cjs/react-dom.development.js:26998:3)
      at commitRoot (node_modules/react-dom/cjs/react-dom.development.js:26721:5)
      at finishConcurrentRender (node_modules/react-dom/cjs/react-dom.development.js:26020:9)
      at performConcurrentWorkOnRoot (node_modules/react-dom/cjs/react-dom.development.js:25848:7)
      at workLoop (node_modules/scheduler/cjs/scheduler.development.js:266:34)
      at flushWork (node_modules/scheduler/cjs/scheduler.development.js:239:14)
      at performWorkUntilDeadline (node_modules/scheduler/cjs/scheduler.development.js:533:21)
      at Timeout.task [as _onTimeout] (node_modules/jsdom/lib/jsdom/browser/Window.js:516:19)

    console.error
      MUI: A component is changing the controlled checked state of SwitchBase to be uncontrolled.
      Elements should not switch from uncontrolled to controlled (or vice versa).
      Decide between using a controlled or uncontrolled SwitchBase element for the lifetime of the component.
      The nature of the state is determined during the first render. It's considered controlled if the value is not `undefined`.
      More info: https://fb.me/react-controlled-components

      at node_modules/@mui/utils/useControlled/useControlled.js:27:17
      at commitHookEffectListMount (node_modules/react-dom/cjs/react-dom.development.js:23189:26)
      at commitPassiveMountOnFiber (node_modules/react-dom/cjs/react-dom.development.js:24970:11)
      at commitPassiveMountEffects_complete (node_modules/react-dom/cjs/react-dom.development.js:24930:9)
      at commitPassiveMountEffects_begin (node_modules/react-dom/cjs/react-dom.development.js:24917:7)
      at commitPassiveMountEffects (node_modules/react-dom/cjs/react-dom.development.js:24905:3)
      at flushPassiveEffectsImpl (node_modules/react-dom/cjs/react-dom.development.js:27078:3)
      at flushPassiveEffects (node_modules/react-dom/cjs/react-dom.development.js:27023:14)
      at performSyncWorkOnRoot (node_modules/react-dom/cjs/react-dom.development.js:26115:3)
      at flushSyncCallbacks (node_modules/react-dom/cjs/react-dom.development.js:12042:22)
      at commitRootImpl (node_modules/react-dom/cjs/react-dom.development.js:26998:3)
      at commitRoot (node_modules/react-dom/cjs/react-dom.development.js:26721:5)
      at finishConcurrentRender (node_modules/react-dom/cjs/react-dom.development.js:26020:9)
      at performConcurrentWorkOnRoot (node_modules/react-dom/cjs/react-dom.development.js:25848:7)
      at workLoop (node_modules/scheduler/cjs/scheduler.development.js:266:34)
      at flushWork (node_modules/scheduler/cjs/scheduler.development.js:239:14)
      at performWorkUntilDeadline (node_modules/scheduler/cjs/scheduler.development.js:533:21)
      at Timeout.task [as _onTimeout] (node_modules/jsdom/lib/jsdom/browser/Window.js:516:19)

    console.error
      Warning: An update to FeedbackSection inside a test was not wrapped in act(...).
      
      When testing, code that causes React state updates should be wrapped into act(...):
      
      act(() => {
        /* fire events that update state */
      });
      /* assert on the output */
      
      This ensures that you're testing the behavior the user would see in the browser. Learn more at https://reactjs.org/link/wrap-tests-with-act
          at FeedbackSection (C:\Dev\EPA-final-project\client\src\components\FeedbackSection.tsx:52:60)

    [0m [90m 77 |[39m       [36mif[39m (response[33m.[39mdata[33m.[39msuccess [33m&&[39m response[33m.[39mdata[33m.[39mdata) {
     [90m 78 |[39m         [36mconst[39m feedback [33m=[39m response[33m.[39mdata[33m.[39mdata[33m;[39m
    [31m[1m>[22m[39m[90m 79 |[39m         setMyFeedback(feedback)[33m;[39m
     [90m    |[39m         [31m[1m^[22m[39m
     [90m 80 |[39m         setRating(feedback[33m.[39m[33mRating[39m)[33m;[39m
     [90m 81 |[39m         setComment(feedback[33m.[39m[33mComment[39m [33m||[39m [32m''[39m)[33m;[39m
     [90m 82 |[39m         setWouldRecommend(feedback[33m.[39m[33mWouldRecommend[39m)[33m;[39m[0m

      at printWarning (node_modules/react-dom/cjs/react-dom.development.js:86:30)
      at error (node_modules/react-dom/cjs/react-dom.development.js:60:7)
      at warnIfUpdatesNotWrappedWithActDEV (node_modules/react-dom/cjs/react-dom.development.js:27628:9)
      at scheduleUpdateOnFiber (node_modules/react-dom/cjs/react-dom.development.js:25547:5)
      at setMyFeedback (node_modules/react-dom/cjs/react-dom.development.js:16708:7)
      at fetchMyFeedback (src/components/FeedbackSection.tsx:79:9)

    console.error
      Warning: An update to FeedbackSection inside a test was not wrapped in act(...).
      
      When testing, code that causes React state updates should be wrapped into act(...):
      
      act(() => {
        /* fire events that update state */
      });
      /* assert on the output */
      
      This ensures that you're testing the behavior the user would see in the browser. Learn more at https://reactjs.org/link/wrap-tests-with-act
          at FeedbackSection (C:\Dev\EPA-final-project\client\src\components\FeedbackSection.tsx:52:60)

    [0m [90m 78 |[39m         [36mconst[39m feedback [33m=[39m response[33m.[39mdata[33m.[39mdata[33m;[39m
     [90m 79 |[39m         setMyFeedback(feedback)[33m;[39m
    [31m[1m>[22m[39m[90m 80 |[39m         setRating(feedback[33m.[39m[33mRating[39m)[33m;[39m
     [90m    |[39m         [31m[1m^[22m[39m
     [90m 81 |[39m         setComment(feedback[33m.[39m[33mComment[39m [33m||[39m [32m''[39m)[33m;[39m
     [90m 82 |[39m         setWouldRecommend(feedback[33m.[39m[33mWouldRecommend[39m)[33m;[39m
     [90m 83 |[39m       }[0m

      at printWarning (node_modules/react-dom/cjs/react-dom.development.js:86:30)
      at error (node_modules/react-dom/cjs/react-dom.development.js:60:7)
      at warnIfUpdatesNotWrappedWithActDEV (node_modules/react-dom/cjs/react-dom.development.js:27628:9)
      at scheduleUpdateOnFiber (node_modules/react-dom/cjs/react-dom.development.js:25547:5)
      at setRating (node_modules/react-dom/cjs/react-dom.development.js:16708:7)
      at fetchMyFeedback (src/components/FeedbackSection.tsx:80:9)

    console.error
      Warning: An update to FeedbackSection inside a test was not wrapped in act(...).
      
      When testing, code that causes React state updates should be wrapped into act(...):
      
      act(() => {
        /* fire events that update state */
      });
      /* assert on the output */
      
      This ensures that you're testing the behavior the user would see in the browser. Learn more at https://reactjs.org/link/wrap-tests-with-act
          at FeedbackSection (C:\Dev\EPA-final-project\client\src\components\FeedbackSection.tsx:52:60)

    [0m [90m 79 |[39m         setMyFeedback(feedback)[33m;[39m
     [90m 80 |[39m         setRating(feedback[33m.[39m[33mRating[39m)[33m;[39m
    [31m[1m>[22m[39m[90m 81 |[39m         setComment(feedback[33m.[39m[33mComment[39m [33m||[39m [32m''[39m)[33m;[39m
     [90m    |[39m         [31m[1m^[22m[39m
     [90m 82 |[39m         setWouldRecommend(feedback[33m.[39m[33mWouldRecommend[39m)[33m;[39m
     [90m 83 |[39m       }
     [90m 84 |[39m     } [36mcatch[39m (error) {[0m

      at printWarning (node_modules/react-dom/cjs/react-dom.development.js:86:30)
      at error (node_modules/react-dom/cjs/react-dom.development.js:60:7)
      at warnIfUpdatesNotWrappedWithActDEV (node_modules/react-dom/cjs/react-dom.development.js:27628:9)
      at scheduleUpdateOnFiber (node_modules/react-dom/cjs/react-dom.development.js:25547:5)
      at setComment (node_modules/react-dom/cjs/react-dom.development.js:16708:7)
      at fetchMyFeedback (src/components/FeedbackSection.tsx:81:9)

    console.error
      Warning: An update to FeedbackSection inside a test was not wrapped in act(...).
      
      When testing, code that causes React state updates should be wrapped into act(...):
      
      act(() => {
        /* fire events that update state */
      });
      /* assert on the output */
      
      This ensures that you're testing the behavior the user would see in the browser. Learn more at https://reactjs.org/link/wrap-tests-with-act
          at FeedbackSection (C:\Dev\EPA-final-project\client\src\components\FeedbackSection.tsx:52:60)

    [0m [90m 80 |[39m         setRating(feedback[33m.[39m[33mRating[39m)[33m;[39m
     [90m 81 |[39m         setComment(feedback[33m.[39m[33mComment[39m [33m||[39m [32m''[39m)[33m;[39m
    [31m[1m>[22m[39m[90m 82 |[39m         setWouldRecommend(feedback[33m.[39m[33mWouldRecommend[39m)[33m;[39m
     [90m    |[39m         [31m[1m^[22m[39m
     [90m 83 |[39m       }
     [90m 84 |[39m     } [36mcatch[39m (error) {
     [90m 85 |[39m       console[33m.[39merror([32m'Error fetching my feedback:'[39m[33m,[39m error)[33m;[39m[0m

      at printWarning (node_modules/react-dom/cjs/react-dom.development.js:86:30)
      at error (node_modules/react-dom/cjs/react-dom.development.js:60:7)
      at warnIfUpdatesNotWrappedWithActDEV (node_modules/react-dom/cjs/react-dom.development.js:27628:9)
      at scheduleUpdateOnFiber (node_modules/react-dom/cjs/react-dom.development.js:25547:5)
      at setWouldRecommend (node_modules/react-dom/cjs/react-dom.development.js:16708:7)
      at fetchMyFeedback (src/components/FeedbackSection.tsx:82:9)

    console.error
      Warning: An update to FeedbackSection inside a test was not wrapped in act(...).
      
      When testing, code that causes React state updates should be wrapped into act(...):
      
      act(() => {
        /* fire events that update state */
      });
      /* assert on the output */
      
      This ensures that you're testing the behavior the user would see in the browser. Learn more at https://reactjs.org/link/wrap-tests-with-act
          at FeedbackSection (C:\Dev\EPA-final-project\client\src\components\FeedbackSection.tsx:52:60)

    [0m [90m 91 |[39m       [36mconst[39m response [33m=[39m [36mawait[39m axios[33m.[39m[36mget[39m([32m`http://localhost:5001/api/events/${eventId}/feedback`[39m)[33m;[39m
     [90m 92 |[39m       [36mif[39m (response[33m.[39mdata[33m.[39msuccess) {
    [31m[1m>[22m[39m[90m 93 |[39m         setAllFeedback(response[33m.[39mdata[33m.[39mdata)[33m;[39m
     [90m    |[39m         [31m[1m^[22m[39m
     [90m 94 |[39m       }
     [90m 95 |[39m     } [36mcatch[39m (error) {
     [90m 96 |[39m       console[33m.[39merror([32m'Error fetching feedback:'[39m[33m,[39m error)[33m;[39m[0m

      at printWarning (node_modules/react-dom/cjs/react-dom.development.js:86:30)
      at error (node_modules/react-dom/cjs/react-dom.development.js:60:7)
      at warnIfUpdatesNotWrappedWithActDEV (node_modules/react-dom/cjs/react-dom.development.js:27628:9)
      at scheduleUpdateOnFiber (node_modules/react-dom/cjs/react-dom.development.js:25547:5)
      at setAllFeedback (node_modules/react-dom/cjs/react-dom.development.js:16708:7)
      at fetchAllFeedback (src/components/FeedbackSection.tsx:93:9)

    console.error
      Warning: An update to FeedbackSection inside a test was not wrapped in act(...).
      
      When testing, code that causes React state updates should be wrapped into act(...):
      
      act(() => {
        /* fire events that update state */
      });
      /* assert on the output */
      
      This ensures that you're testing the behavior the user would see in the browser. Learn more at https://reactjs.org/link/wrap-tests-with-act
          at FeedbackSection (C:\Dev\EPA-final-project\client\src\components\FeedbackSection.tsx:52:60)

    [0m [90m 102 |[39m       [36mconst[39m response [33m=[39m [36mawait[39m axios[33m.[39m[36mget[39m([32m`http://localhost:5001/api/events/${eventId}/feedback/stats`[39m)[33m;[39m
     [90m 103 |[39m       [36mif[39m (response[33m.[39mdata[33m.[39msuccess) {
    [31m[1m>[22m[39m[90m 104 |[39m         setStats(response[33m.[39mdata[33m.[39mdata)[33m;[39m
     [90m     |[39m         [31m[1m^[22m[39m
     [90m 105 |[39m       }
     [90m 106 |[39m     } [36mcatch[39m (error) {
     [90m 107 |[39m       console[33m.[39merror([32m'Error fetching stats:'[39m[33m,[39m error)[33m;[39m[0m

      at printWarning (node_modules/react-dom/cjs/react-dom.development.js:86:30)
      at error (node_modules/react-dom/cjs/react-dom.development.js:60:7)
      at warnIfUpdatesNotWrappedWithActDEV (node_modules/react-dom/cjs/react-dom.development.js:27628:9)
      at scheduleUpdateOnFiber (node_modules/react-dom/cjs/react-dom.development.js:25547:5)
      at setStats (node_modules/react-dom/cjs/react-dom.development.js:16708:7)
      at fetchStats (src/components/FeedbackSection.tsx:104:9)

PASS src/components/SimpleEventCard.test.tsx (6.365 s)
  ● Console

    console.warn
      ⚠️ React Router Future Flag Warning: React Router will begin wrapping state updates in `React.startTransition` in v7. You can use the `v7_startTransition` future flag to opt-in early. For more information, see https://reactrouter.com/v6/upgrading/future#v7_starttransition.

    [0m [90m 64 |[39m     [36mconst[39m store [33m=[39m createMockStore()[33m;[39m
     [90m 65 |[39m
    [31m[1m>[22m[39m[90m 66 |[39m     render(
     [90m    |[39m           [31m[1m^[22m[39m
     [90m 67 |[39m       [33m<[39m[33mProvider[39m store[33m=[39m{store}[33m>[39m
     [90m 68 |[39m         [33m<[39m[33mBrowserRouter[39m[33m>[39m
     [90m 69 |[39m           [33m<[39m[33mSimpleEventCard[39m event[33m=[39m{mockEvent} [33m/[39m[33m>[39m[0m

      at warnOnce (node_modules/react-router/lib/deprecations.ts:9:13)
      at logDeprecation (node_modules/react-router/lib/deprecations.ts:14:3)
      at Object.logV6DeprecationWarnings [as UNSAFE_logV6DeprecationWarnings] (node_modules/react-router/lib/deprecations.ts:26:5)
      at node_modules/react-router-dom/index.tsx:816:25
      at commitHookEffectListMount (node_modules/react-dom/cjs/react-dom.development.js:23189:26)
      at commitPassiveMountOnFiber (node_modules/react-dom/cjs/react-dom.development.js:24970:11)
      at commitPassiveMountEffects_complete (node_modules/react-dom/cjs/react-dom.development.js:24930:9)
      at commitPassiveMountEffects_begin (node_modules/react-dom/cjs/react-dom.development.js:24917:7)
      at commitPassiveMountEffects (node_modules/react-dom/cjs/react-dom.development.js:24905:3)
      at flushPassiveEffectsImpl (node_modules/react-dom/cjs/react-dom.development.js:27078:3)
      at flushPassiveEffects (node_modules/react-dom/cjs/react-dom.development.js:27023:14)
      at node_modules/react-dom/cjs/react-dom.development.js:26808:9
      at flushActQueue (node_modules/react/cjs/react.development.js:2667:24)
      at act (node_modules/react/cjs/react.development.js:2582:11)
      at node_modules/@testing-library/react/dist/act-compat.js:47:25
      at renderRoot (node_modules/@testing-library/react/dist/pure.js:190:26)
      at render (node_modules/@testing-library/react/dist/pure.js:292:10)
      at Object.<anonymous> (src/components/SimpleEventCard.test.tsx:66:11)

    console.warn
      ⚠️ React Router Future Flag Warning: Relative route resolution within Splat routes is changing in v7. You can use the `v7_relativeSplatPath` future flag to opt-in early. For more information, see https://reactrouter.com/v6/upgrading/future#v7_relativesplatpath.

    [0m [90m 64 |[39m     [36mconst[39m store [33m=[39m createMockStore()[33m;[39m
     [90m 65 |[39m
    [31m[1m>[22m[39m[90m 66 |[39m     render(
     [90m    |[39m           [31m[1m^[22m[39m
     [90m 67 |[39m       [33m<[39m[33mProvider[39m store[33m=[39m{store}[33m>[39m
     [90m 68 |[39m         [33m<[39m[33mBrowserRouter[39m[33m>[39m
     [90m 69 |[39m           [33m<[39m[33mSimpleEventCard[39m event[33m=[39m{mockEvent} [33m/[39m[33m>[39m[0m

      at warnOnce (node_modules/react-router/lib/deprecations.ts:9:13)
      at logDeprecation (node_modules/react-router/lib/deprecations.ts:14:3)
      at Object.logV6DeprecationWarnings [as UNSAFE_logV6DeprecationWarnings] (node_modules/react-router/lib/deprecations.ts:37:5)
      at node_modules/react-router-dom/index.tsx:816:25
      at commitHookEffectListMount (node_modules/react-dom/cjs/react-dom.development.js:23189:26)
      at commitPassiveMountOnFiber (node_modules/react-dom/cjs/react-dom.development.js:24970:11)
      at commitPassiveMountEffects_complete (node_modules/react-dom/cjs/react-dom.development.js:24930:9)
      at commitPassiveMountEffects_begin (node_modules/react-dom/cjs/react-dom.development.js:24917:7)
      at commitPassiveMountEffects (node_modules/react-dom/cjs/react-dom.development.js:24905:3)
      at flushPassiveEffectsImpl (node_modules/react-dom/cjs/react-dom.development.js:27078:3)
      at flushPassiveEffects (node_modules/react-dom/cjs/react-dom.development.js:27023:14)
      at node_modules/react-dom/cjs/react-dom.development.js:26808:9
      at flushActQueue (node_modules/react/cjs/react.development.js:2667:24)
      at act (node_modules/react/cjs/react.development.js:2582:11)
      at node_modules/@testing-library/react/dist/act-compat.js:47:25
      at renderRoot (node_modules/@testing-library/react/dist/pure.js:190:26)
      at render (node_modules/@testing-library/react/dist/pure.js:292:10)
      at Object.<anonymous> (src/components/SimpleEventCard.test.tsx:66:11)

    console.error
      Error joining event: { response: { data: { message: 'Event is full' } } }

    [0m [90m 68 |[39m       }
     [90m 69 |[39m     } [36mcatch[39m (error[33m:[39m any) {
    [31m[1m>[22m[39m[90m 70 |[39m       console[33m.[39merror([32m'Error joining event:'[39m[33m,[39m error)[33m;[39m
     [90m    |[39m               [31m[1m^[22m[39m
     [90m 71 |[39m       [36mif[39m (error[33m.[39mresponse[33m?[39m[33m.[39mdata[33m?[39m[33m.[39mmessage) {
     [90m 72 |[39m         alert(error[33m.[39mresponse[33m.[39mdata[33m.[39mmessage)[33m;[39m
     [90m 73 |[39m       } [36melse[39m {[0m

      at handleJoinEvent (src/components/SimpleEventCard.tsx:70:15)

    console.error
      Error joining event: Error: Network error
          at Object.<anonymous> (C:\Dev\EPA-final-project\client\src\components\SimpleEventCard.test.tsx:292:44)
          at Promise.then.completed (C:\Dev\EPA-final-project\client\node_modules\jest-circus\build\utils.js:391:28)
          at new Promise (<anonymous>)
          at callAsyncCircusFn (C:\Dev\EPA-final-project\client\node_modules\jest-circus\build\utils.js:316:10)
          at _callCircusTest (C:\Dev\EPA-final-project\client\node_modules\jest-circus\build\run.js:218:40)
          at _runTest (C:\Dev\EPA-final-project\client\node_modules\jest-circus\build\run.js:155:3)
          at _runTestsForDescribeBlock (C:\Dev\EPA-final-project\client\node_modules\jest-circus\build\run.js:66:9)
          at _runTestsForDescribeBlock (C:\Dev\EPA-final-project\client\node_modules\jest-circus\build\run.js:60:9)
          at run (C:\Dev\EPA-final-project\client\node_modules\jest-circus\build\run.js:25:3)
          at runAndTransformResultsToJestFormat (C:\Dev\EPA-final-project\client\node_modules\jest-circus\build\legacy-code-todo-rewrite\jestAdapterInit.js:170:21)
          at jestAdapter (C:\Dev\EPA-final-project\client\node_modules\jest-circus\build\legacy-code-todo-rewrite\jestAdapter.js:82:19)
          at runTestInternal (C:\Dev\EPA-final-project\client\node_modules\jest-runner\build\runTest.js:389:16)
          at runTest (C:\Dev\EPA-final-project\client\node_modules\jest-runner\build\runTest.js:475:34)
          at Object.worker (C:\Dev\EPA-final-project\client\node_modules\jest-runner\build\testWorker.js:133:12)

    [0m [90m 68 |[39m       }
     [90m 69 |[39m     } [36mcatch[39m (error[33m:[39m any) {
    [31m[1m>[22m[39m[90m 70 |[39m       console[33m.[39merror([32m'Error joining event:'[39m[33m,[39m error)[33m;[39m
     [90m    |[39m               [31m[1m^[22m[39m
     [90m 71 |[39m       [36mif[39m (error[33m.[39mresponse[33m?[39m[33m.[39mdata[33m?[39m[33m.[39mmessage) {
     [90m 72 |[39m         alert(error[33m.[39mresponse[33m.[39mdata[33m.[39mmessage)[33m;[39m
     [90m 73 |[39m       } [36melse[39m {[0m

      at handleJoinEvent (src/components/SimpleEventCard.tsx:70:15)

    console.error
      Error joining event: TypeError: Cannot read properties of undefined (reading 'data')
          at handleJoinEvent (C:\Dev\EPA-final-project\client\src\components\SimpleEventCard.tsx:64:20)

    [0m [90m 68 |[39m       }
     [90m 69 |[39m     } [36mcatch[39m (error[33m:[39m any) {
    [31m[1m>[22m[39m[90m 70 |[39m       console[33m.[39merror([32m'Error joining event:'[39m[33m,[39m error)[33m;[39m
     [90m    |[39m               [31m[1m^[22m[39m
     [90m 71 |[39m       [36mif[39m (error[33m.[39mresponse[33m?[39m[33m.[39mdata[33m?[39m[33m.[39mmessage) {
     [90m 72 |[39m         alert(error[33m.[39mresponse[33m.[39mdata[33m.[39mmessage)[33m;[39m
     [90m 73 |[39m       } [36melse[39m {[0m

      at handleJoinEvent (src/components/SimpleEventCard.tsx:70:15)

    console.error
      Warning: An update to SimpleEventCard inside a test was not wrapped in act(...).
      
      When testing, code that causes React state updates should be wrapped into act(...):
      
      act(() => {
        /* fire events that update state */
      });
      /* assert on the output */
      
      This ensures that you're testing the behavior the user would see in the browser. Learn more at https://reactjs.org/link/wrap-tests-with-act
          at SimpleEventCard (C:\Dev\EPA-final-project\client\src\components\SimpleEventCard.tsx:20:60)
          at Router (C:\Dev\EPA-final-project\client\node_modules\react-router\lib\components.tsx:421:13)
          at BrowserRouter (C:\Dev\EPA-final-project\client\node_modules\react-router-dom\index.tsx:789:3)
          at Provider (C:\Dev\EPA-final-project\client\node_modules\react-redux\src\components\Provider.tsx:60:11)

    [0m [90m 75 |[39m       }
     [90m 76 |[39m     } [36mfinally[39m {
    [31m[1m>[22m[39m[90m 77 |[39m       setIsLoading([36mfalse[39m)[33m;[39m
     [90m    |[39m       [31m[1m^[22m[39m
     [90m 78 |[39m     }
     [90m 79 |[39m   }[33m;[39m
     [90m 80 |[39m[0m

      at printWarning (node_modules/react-dom/cjs/react-dom.development.js:86:30)
      at error (node_modules/react-dom/cjs/react-dom.development.js:60:7)
      at warnIfUpdatesNotWrappedWithActDEV (node_modules/react-dom/cjs/react-dom.development.js:27628:9)
      at scheduleUpdateOnFiber (node_modules/react-dom/cjs/react-dom.development.js:25547:5)
      at setIsLoading (node_modules/react-dom/cjs/react-dom.development.js:16708:7)
      at handleJoinEvent (src/components/SimpleEventCard.tsx:77:7)

PASS src/components/InvitationCard.test.tsx (7.991 s)
  ● Console

    console.error
      Error responding to invitation: { response: { data: { message: 'Event is already full' } } }

    [0m [90m 46 |[39m       }
     [90m 47 |[39m     } [36mcatch[39m (err[33m:[39m any) {
    [31m[1m>[22m[39m[90m 48 |[39m       console[33m.[39merror([32m'Error responding to invitation:'[39m[33m,[39m err)[33m;[39m
     [90m    |[39m               [31m[1m^[22m[39m
     [90m 49 |[39m       setError(err[33m.[39mresponse[33m?[39m[33m.[39mdata[33m?[39m[33m.[39mmessage [33m||[39m [32m'Failed to respond to invitation'[39m)[33m;[39m
     [90m 50 |[39m     } [36mfinally[39m {
     [90m 51 |[39m       setLoading([36mfalse[39m)[33m;[39m[0m

      at handleRespond (src/components/InvitationCard.tsx:48:15)

    console.error
      Error responding to invitation: TypeError: Cannot read properties of undefined (reading 'data')
          at handleRespond (C:\Dev\EPA-final-project\client\src\components\InvitationCard.tsx:44:20)

    [0m [90m 46 |[39m       }
     [90m 47 |[39m     } [36mcatch[39m (err[33m:[39m any) {
    [31m[1m>[22m[39m[90m 48 |[39m       console[33m.[39merror([32m'Error responding to invitation:'[39m[33m,[39m err)[33m;[39m
     [90m    |[39m               [31m[1m^[22m[39m
     [90m 49 |[39m       setError(err[33m.[39mresponse[33m?[39m[33m.[39mdata[33m?[39m[33m.[39mmessage [33m||[39m [32m'Failed to respond to invitation'[39m)[33m;[39m
     [90m 50 |[39m     } [36mfinally[39m {
     [90m 51 |[39m       setLoading([36mfalse[39m)[33m;[39m[0m

      at handleRespond (src/components/InvitationCard.tsx:48:15)

    console.error
      Error responding to invitation: Error: Network error
          at Object.<anonymous> (C:\Dev\EPA-final-project\client\src\components\InvitationCard.test.tsx:133:43)
          at Promise.then.completed (C:\Dev\EPA-final-project\client\node_modules\jest-circus\build\utils.js:391:28)
          at new Promise (<anonymous>)
          at callAsyncCircusFn (C:\Dev\EPA-final-project\client\node_modules\jest-circus\build\utils.js:316:10)
          at _callCircusTest (C:\Dev\EPA-final-project\client\node_modules\jest-circus\build\run.js:218:40)
          at _runTest (C:\Dev\EPA-final-project\client\node_modules\jest-circus\build\run.js:155:3)
          at _runTestsForDescribeBlock (C:\Dev\EPA-final-project\client\node_modules\jest-circus\build\run.js:66:9)
          at _runTestsForDescribeBlock (C:\Dev\EPA-final-project\client\node_modules\jest-circus\build\run.js:60:9)
          at run (C:\Dev\EPA-final-project\client\node_modules\jest-circus\build\run.js:25:3)
          at runAndTransformResultsToJestFormat (C:\Dev\EPA-final-project\client\node_modules\jest-circus\build\legacy-code-todo-rewrite\jestAdapterInit.js:170:21)
          at jestAdapter (C:\Dev\EPA-final-project\client\node_modules\jest-circus\build\legacy-code-todo-rewrite\jestAdapter.js:82:19)
          at runTestInternal (C:\Dev\EPA-final-project\client\node_modules\jest-runner\build\runTest.js:389:16)
          at runTest (C:\Dev\EPA-final-project\client\node_modules\jest-runner\build\runTest.js:475:34)
          at Object.worker (C:\Dev\EPA-final-project\client\node_modules\jest-runner\build\testWorker.js:133:12)

    [0m [90m 46 |[39m       }
     [90m 47 |[39m     } [36mcatch[39m (err[33m:[39m any) {
    [31m[1m>[22m[39m[90m 48 |[39m       console[33m.[39merror([32m'Error responding to invitation:'[39m[33m,[39m err)[33m;[39m
     [90m    |[39m               [31m[1m^[22m[39m
     [90m 49 |[39m       setError(err[33m.[39mresponse[33m?[39m[33m.[39mdata[33m?[39m[33m.[39mmessage [33m||[39m [32m'Failed to respond to invitation'[39m)[33m;[39m
     [90m 50 |[39m     } [36mfinally[39m {
     [90m 51 |[39m       setLoading([36mfalse[39m)[33m;[39m[0m

      at handleRespond (src/components/InvitationCard.tsx:48:15)

PASS src/components/NotificationBell.test.tsx (7.87 s)
  ● Console

    console.warn
      ⚠️ React Router Future Flag Warning: React Router will begin wrapping state updates in `React.startTransition` in v7. You can use the `v7_startTransition` future flag to opt-in early. For more information, see https://reactrouter.com/v6/upgrading/future#v7_starttransition.

    [0m [90m 30 |[39m     })[33m;[39m
     [90m 31 |[39m
    [31m[1m>[22m[39m[90m 32 |[39m     render(
     [90m    |[39m           [31m[1m^[22m[39m
     [90m 33 |[39m       [33m<[39m[33mBrowserRouter[39m[33m>[39m
     [90m 34 |[39m         [33m<[39m[33mNotificationBell[39m [33m/[39m[33m>[39m
     [90m 35 |[39m       [33m<[39m[33m/[39m[33mBrowserRouter[39m[33m>[39m[0m

      at warnOnce (node_modules/react-router/lib/deprecations.ts:9:13)
      at logDeprecation (node_modules/react-router/lib/deprecations.ts:14:3)
      at Object.logV6DeprecationWarnings [as UNSAFE_logV6DeprecationWarnings] (node_modules/react-router/lib/deprecations.ts:26:5)
      at node_modules/react-router-dom/index.tsx:816:25
      at commitHookEffectListMount (node_modules/react-dom/cjs/react-dom.development.js:23189:26)
      at commitPassiveMountOnFiber (node_modules/react-dom/cjs/react-dom.development.js:24970:11)
      at commitPassiveMountEffects_complete (node_modules/react-dom/cjs/react-dom.development.js:24930:9)
      at commitPassiveMountEffects_begin (node_modules/react-dom/cjs/react-dom.development.js:24917:7)
      at commitPassiveMountEffects (node_modules/react-dom/cjs/react-dom.development.js:24905:3)
      at flushPassiveEffectsImpl (node_modules/react-dom/cjs/react-dom.development.js:27078:3)
      at flushPassiveEffects (node_modules/react-dom/cjs/react-dom.development.js:27023:14)
      at node_modules/react-dom/cjs/react-dom.development.js:26808:9
      at flushActQueue (node_modules/react/cjs/react.development.js:2667:24)
      at act (node_modules/react/cjs/react.development.js:2582:11)
      at node_modules/@testing-library/react/dist/act-compat.js:47:25
      at renderRoot (node_modules/@testing-library/react/dist/pure.js:190:26)
      at render (node_modules/@testing-library/react/dist/pure.js:292:10)
      at Object.<anonymous> (src/components/NotificationBell.test.tsx:32:11)

    console.warn
      ⚠️ React Router Future Flag Warning: Relative route resolution within Splat routes is changing in v7. You can use the `v7_relativeSplatPath` future flag to opt-in early. For more information, see https://reactrouter.com/v6/upgrading/future#v7_relativesplatpath.

    [0m [90m 30 |[39m     })[33m;[39m
     [90m 31 |[39m
    [31m[1m>[22m[39m[90m 32 |[39m     render(
     [90m    |[39m           [31m[1m^[22m[39m
     [90m 33 |[39m       [33m<[39m[33mBrowserRouter[39m[33m>[39m
     [90m 34 |[39m         [33m<[39m[33mNotificationBell[39m [33m/[39m[33m>[39m
     [90m 35 |[39m       [33m<[39m[33m/[39m[33mBrowserRouter[39m[33m>[39m[0m

      at warnOnce (node_modules/react-router/lib/deprecations.ts:9:13)
      at logDeprecation (node_modules/react-router/lib/deprecations.ts:14:3)
      at Object.logV6DeprecationWarnings [as UNSAFE_logV6DeprecationWarnings] (node_modules/react-router/lib/deprecations.ts:37:5)
      at node_modules/react-router-dom/index.tsx:816:25
      at commitHookEffectListMount (node_modules/react-dom/cjs/react-dom.development.js:23189:26)
      at commitPassiveMountOnFiber (node_modules/react-dom/cjs/react-dom.development.js:24970:11)
      at commitPassiveMountEffects_complete (node_modules/react-dom/cjs/react-dom.development.js:24930:9)
      at commitPassiveMountEffects_begin (node_modules/react-dom/cjs/react-dom.development.js:24917:7)
      at commitPassiveMountEffects (node_modules/react-dom/cjs/react-dom.development.js:24905:3)
      at flushPassiveEffectsImpl (node_modules/react-dom/cjs/react-dom.development.js:27078:3)
      at flushPassiveEffects (node_modules/react-dom/cjs/react-dom.development.js:27023:14)
      at node_modules/react-dom/cjs/react-dom.development.js:26808:9
      at flushActQueue (node_modules/react/cjs/react.development.js:2667:24)
      at act (node_modules/react/cjs/react.development.js:2582:11)
      at node_modules/@testing-library/react/dist/act-compat.js:47:25
      at renderRoot (node_modules/@testing-library/react/dist/pure.js:190:26)
      at render (node_modules/@testing-library/react/dist/pure.js:292:10)
      at Object.<anonymous> (src/components/NotificationBell.test.tsx:32:11)

    console.error
      Error fetching notifications: TypeError: Cannot read properties of undefined (reading 'data')
          at fetchNotifications (C:\Dev\EPA-final-project\client\src\components\NotificationBell.tsx:61:20)
          at handleClick (C:\Dev\EPA-final-project\client\src\components\NotificationBell.tsx:88:9)

    [0m [90m 63 |[39m       }
     [90m 64 |[39m     } [36mcatch[39m (error) {
    [31m[1m>[22m[39m[90m 65 |[39m       console[33m.[39merror([32m'Error fetching notifications:'[39m[33m,[39m error)[33m;[39m
     [90m    |[39m               [31m[1m^[22m[39m
     [90m 66 |[39m     }
     [90m 67 |[39m   }[33m;[39m
     [90m 68 |[39m[0m

      at fetchNotifications (src/components/NotificationBell.tsx:65:15)
      at handleClick (src/components/NotificationBell.tsx:88:9)

    console.error
      Warning: validateDOMNesting(...): <p> cannot appear as a descendant of <p>.
          at p
          at C:\Dev\EPA-final-project\client\node_modules\@emotion\react\dist\emotion-element-a1829a1e.cjs.js:58:23
          at Typography (C:\Dev\EPA-final-project\client\node_modules\@mui\material\node\Typography\Typography.js:92:64)
          at p
          at C:\Dev\EPA-final-project\client\node_modules\@emotion\react\dist\emotion-element-a1829a1e.cjs.js:58:23
          at Typography (C:\Dev\EPA-final-project\client\node_modules\@mui\material\node\Typography\Typography.js:92:64)
          at div
          at C:\Dev\EPA-final-project\client\node_modules\@emotion\react\dist\emotion-element-a1829a1e.cjs.js:58:23
          at ListItemText (C:\Dev\EPA-final-project\client\node_modules\@mui\material\node\ListItemText\ListItemText.js:66:59)
          at li
          at C:\Dev\EPA-final-project\client\node_modules\@emotion\react\dist\emotion-element-a1829a1e.cjs.js:58:23
          at ButtonBase (C:\Dev\EPA-final-project\client\node_modules\@mui\material\node\ButtonBase\ButtonBase.js:94:59)
          at C:\Dev\EPA-final-project\client\node_modules\@emotion\react\dist\emotion-element-a1829a1e.cjs.js:58:23
          at MenuItem (C:\Dev\EPA-final-project\client\node_modules\@mui\material\node\MenuItem\MenuItem.js:137:59)
          at ul
          at C:\Dev\EPA-final-project\client\node_modules\@emotion\react\dist\emotion-element-a1829a1e.cjs.js:58:23
          at List (C:\Dev\EPA-final-project\client\node_modules\@mui\material\node\List\List.js:58:59)
          at MenuList (C:\Dev\EPA-final-project\client\node_modules\@mui\material\node\MenuList\MenuList.js:94:7)
          at C:\Dev\EPA-final-project\client\node_modules\@emotion\react\dist\emotion-element-a1829a1e.cjs.js:58:23
          at div
          at C:\Dev\EPA-final-project\client\node_modules\@emotion\react\dist\emotion-element-a1829a1e.cjs.js:58:23
          at Paper (C:\Dev\EPA-final-project\client\node_modules\@mui\material\node\Paper\Paper.js:70:59)
          at C:\Dev\EPA-final-project\client\node_modules\@emotion\react\dist\emotion-element-a1829a1e.cjs.js:58:23
          at Transition (C:\Dev\EPA-final-project\client\node_modules\react-transition-group\cjs\Transition.js:135:30)
          at Grow (C:\Dev\EPA-final-project\client\node_modules\@mui\material\node\Grow\Grow.js:51:7)
          at FocusTrap (C:\Dev\EPA-final-project\client\node_modules\@mui\material\node\Unstable_TrapFocus\FocusTrap.js:86:5)
          at div
          at C:\Dev\EPA-final-project\client\node_modules\@emotion\react\dist\emotion-element-a1829a1e.cjs.js:58:23
          at Portal (C:\Dev\EPA-final-project\client\node_modules\@mui\material\node\Portal\Portal.js:34:5)
          at Modal (C:\Dev\EPA-final-project\client\node_modules\@mui\material\node\Modal\Modal.js:88:59)
          at C:\Dev\EPA-final-project\client\node_modules\@emotion\react\dist\emotion-element-a1829a1e.cjs.js:58:23
          at Popover (C:\Dev\EPA-final-project\client\node_modules\@mui\material\node\Popover\Popover.js:102:59)
          at C:\Dev\EPA-final-project\client\node_modules\@emotion\react\dist\emotion-element-a1829a1e.cjs.js:58:23
          at Menu (C:\Dev\EPA-final-project\client\node_modules\@mui\material\node\Menu\Menu.js:76:59)
          at NotificationBell (C:\Dev\EPA-final-project\client\src\components\NotificationBell.tsx:30:43)
          at Router (C:\Dev\EPA-final-project\client\node_modules\react-router\lib\components.tsx:421:13)
          at BrowserRouter (C:\Dev\EPA-final-project\client\node_modules\react-router-dom\index.tsx:789:3)

      at printWarning (node_modules/react-dom/cjs/react-dom.development.js:86:30)
      at error (node_modules/react-dom/cjs/react-dom.development.js:60:7)
      at validateDOMNesting (node_modules/react-dom/cjs/react-dom.development.js:10849:7)
      at createInstance (node_modules/react-dom/cjs/react-dom.development.js:10930:5)
      at completeWork (node_modules/react-dom/cjs/react-dom.development.js:22226:28)
      at completeUnitOfWork (node_modules/react-dom/cjs/react-dom.development.js:26632:16)
      at performUnitOfWork (node_modules/react-dom/cjs/react-dom.development.js:26607:5)
      at workLoopSync (node_modules/react-dom/cjs/react-dom.development.js:26505:5)
      at renderRootSync (node_modules/react-dom/cjs/react-dom.development.js:26473:7)
      at performConcurrentWorkOnRoot (node_modules/react-dom/cjs/react-dom.development.js:25777:74)
      at workLoop (node_modules/scheduler/cjs/scheduler.development.js:266:34)
      at flushWork (node_modules/scheduler/cjs/scheduler.development.js:239:14)
      at performWorkUntilDeadline (node_modules/scheduler/cjs/scheduler.development.js:533:21)
      at Timeout.task [as _onTimeout] (node_modules/jsdom/lib/jsdom/browser/Window.js:516:19)

PASS src/components/ProtectedRoute.test.tsx
  ● Console

    console.warn
      ⚠️ React Router Future Flag Warning: React Router will begin wrapping state updates in `React.startTransition` in v7. You can use the `v7_startTransition` future flag to opt-in early. For more information, see https://reactrouter.com/v6/upgrading/future#v7_starttransition.

    [0m [90m 33 |[39m     })[33m;[39m
     [90m 34 |[39m
    [31m[1m>[22m[39m[90m 35 |[39m     render(
     [90m    |[39m           [31m[1m^[22m[39m
     [90m 36 |[39m       [33m<[39m[33mProvider[39m store[33m=[39m{store}[33m>[39m
     [90m 37 |[39m         [33m<[39m[33mBrowserRouter[39m[33m>[39m
     [90m 38 |[39m           [33m<[39m[33mProtectedRoute[39m[33m>[39m[0m

      at warnOnce (node_modules/react-router/lib/deprecations.ts:9:13)
      at logDeprecation (node_modules/react-router/lib/deprecations.ts:14:3)
      at Object.logV6DeprecationWarnings [as UNSAFE_logV6DeprecationWarnings] (node_modules/react-router/lib/deprecations.ts:26:5)
      at node_modules/react-router-dom/index.tsx:816:25
      at commitHookEffectListMount (node_modules/react-dom/cjs/react-dom.development.js:23189:26)
      at commitPassiveMountOnFiber (node_modules/react-dom/cjs/react-dom.development.js:24970:11)
      at commitPassiveMountEffects_complete (node_modules/react-dom/cjs/react-dom.development.js:24930:9)
      at commitPassiveMountEffects_begin (node_modules/react-dom/cjs/react-dom.development.js:24917:7)
      at commitPassiveMountEffects (node_modules/react-dom/cjs/react-dom.development.js:24905:3)
      at flushPassiveEffectsImpl (node_modules/react-dom/cjs/react-dom.development.js:27078:3)
      at flushPassiveEffects (node_modules/react-dom/cjs/react-dom.development.js:27023:14)
      at node_modules/react-dom/cjs/react-dom.development.js:26808:9
      at flushActQueue (node_modules/react/cjs/react.development.js:2667:24)
      at act (node_modules/react/cjs/react.development.js:2582:11)
      at node_modules/@testing-library/react/dist/act-compat.js:47:25
      at renderRoot (node_modules/@testing-library/react/dist/pure.js:190:26)
      at render (node_modules/@testing-library/react/dist/pure.js:292:10)
      at Object.<anonymous> (src/components/ProtectedRoute.test.tsx:35:11)

    console.warn
      ⚠️ React Router Future Flag Warning: Relative route resolution within Splat routes is changing in v7. You can use the `v7_relativeSplatPath` future flag to opt-in early. For more information, see https://reactrouter.com/v6/upgrading/future#v7_relativesplatpath.

    [0m [90m 33 |[39m     })[33m;[39m
     [90m 34 |[39m
    [31m[1m>[22m[39m[90m 35 |[39m     render(
     [90m    |[39m           [31m[1m^[22m[39m
     [90m 36 |[39m       [33m<[39m[33mProvider[39m store[33m=[39m{store}[33m>[39m
     [90m 37 |[39m         [33m<[39m[33mBrowserRouter[39m[33m>[39m
     [90m 38 |[39m           [33m<[39m[33mProtectedRoute[39m[33m>[39m[0m

      at warnOnce (node_modules/react-router/lib/deprecations.ts:9:13)
      at logDeprecation (node_modules/react-router/lib/deprecations.ts:14:3)
      at Object.logV6DeprecationWarnings [as UNSAFE_logV6DeprecationWarnings] (node_modules/react-router/lib/deprecations.ts:37:5)
      at node_modules/react-router-dom/index.tsx:816:25
      at commitHookEffectListMount (node_modules/react-dom/cjs/react-dom.development.js:23189:26)
      at commitPassiveMountOnFiber (node_modules/react-dom/cjs/react-dom.development.js:24970:11)
      at commitPassiveMountEffects_complete (node_modules/react-dom/cjs/react-dom.development.js:24930:9)
      at commitPassiveMountEffects_begin (node_modules/react-dom/cjs/react-dom.development.js:24917:7)
      at commitPassiveMountEffects (node_modules/react-dom/cjs/react-dom.development.js:24905:3)
      at flushPassiveEffectsImpl (node_modules/react-dom/cjs/react-dom.development.js:27078:3)
      at flushPassiveEffects (node_modules/react-dom/cjs/react-dom.development.js:27023:14)
      at node_modules/react-dom/cjs/react-dom.development.js:26808:9
      at flushActQueue (node_modules/react/cjs/react.development.js:2667:24)
      at act (node_modules/react/cjs/react.development.js:2582:11)
      at node_modules/@testing-library/react/dist/act-compat.js:47:25
      at renderRoot (node_modules/@testing-library/react/dist/pure.js:190:26)
      at render (node_modules/@testing-library/react/dist/pure.js:292:10)
      at Object.<anonymous> (src/components/ProtectedRoute.test.tsx:35:11)

PASS src/components/EventCard.test.tsx
  ● Console

    console.warn
      ⚠️ React Router Future Flag Warning: React Router will begin wrapping state updates in `React.startTransition` in v7. You can use the `v7_startTransition` future flag to opt-in early. For more information, see https://reactrouter.com/v6/upgrading/future#v7_starttransition.

    [0m [90m 59 |[39m     [36mconst[39m store [33m=[39m createMockStore()[33m;[39m
     [90m 60 |[39m
    [31m[1m>[22m[39m[90m 61 |[39m     render(
     [90m    |[39m           [31m[1m^[22m[39m
     [90m 62 |[39m       [33m<[39m[33mProvider[39m store[33m=[39m{store}[33m>[39m
     [90m 63 |[39m         [33m<[39m[33mBrowserRouter[39m[33m>[39m
     [90m 64 |[39m           [33m<[39m[33mEventCard[39m event[33m=[39m{mockEvent} [33m/[39m[33m>[39m[0m

      at warnOnce (node_modules/react-router/lib/deprecations.ts:9:13)
      at logDeprecation (node_modules/react-router/lib/deprecations.ts:14:3)
      at Object.logV6DeprecationWarnings [as UNSAFE_logV6DeprecationWarnings] (node_modules/react-router/lib/deprecations.ts:26:5)
      at node_modules/react-router-dom/index.tsx:816:25
      at commitHookEffectListMount (node_modules/react-dom/cjs/react-dom.development.js:23189:26)
      at commitPassiveMountOnFiber (node_modules/react-dom/cjs/react-dom.development.js:24970:11)
      at commitPassiveMountEffects_complete (node_modules/react-dom/cjs/react-dom.development.js:24930:9)
      at commitPassiveMountEffects_begin (node_modules/react-dom/cjs/react-dom.development.js:24917:7)
      at commitPassiveMountEffects (node_modules/react-dom/cjs/react-dom.development.js:24905:3)
      at flushPassiveEffectsImpl (node_modules/react-dom/cjs/react-dom.development.js:27078:3)
      at flushPassiveEffects (node_modules/react-dom/cjs/react-dom.development.js:27023:14)
      at node_modules/react-dom/cjs/react-dom.development.js:26808:9
      at flushActQueue (node_modules/react/cjs/react.development.js:2667:24)
      at act (node_modules/react/cjs/react.development.js:2582:11)
      at node_modules/@testing-library/react/dist/act-compat.js:47:25
      at renderRoot (node_modules/@testing-library/react/dist/pure.js:190:26)
      at render (node_modules/@testing-library/react/dist/pure.js:292:10)
      at Object.<anonymous> (src/components/EventCard.test.tsx:61:11)

    console.warn
      ⚠️ React Router Future Flag Warning: Relative route resolution within Splat routes is changing in v7. You can use the `v7_relativeSplatPath` future flag to opt-in early. For more information, see https://reactrouter.com/v6/upgrading/future#v7_relativesplatpath.

    [0m [90m 59 |[39m     [36mconst[39m store [33m=[39m createMockStore()[33m;[39m
     [90m 60 |[39m
    [31m[1m>[22m[39m[90m 61 |[39m     render(
     [90m    |[39m           [31m[1m^[22m[39m
     [90m 62 |[39m       [33m<[39m[33mProvider[39m store[33m=[39m{store}[33m>[39m
     [90m 63 |[39m         [33m<[39m[33mBrowserRouter[39m[33m>[39m
     [90m 64 |[39m           [33m<[39m[33mEventCard[39m event[33m=[39m{mockEvent} [33m/[39m[33m>[39m[0m

      at warnOnce (node_modules/react-router/lib/deprecations.ts:9:13)
      at logDeprecation (node_modules/react-router/lib/deprecations.ts:14:3)
      at Object.logV6DeprecationWarnings [as UNSAFE_logV6DeprecationWarnings] (node_modules/react-router/lib/deprecations.ts:37:5)
      at node_modules/react-router-dom/index.tsx:816:25
      at commitHookEffectListMount (node_modules/react-dom/cjs/react-dom.development.js:23189:26)
      at commitPassiveMountOnFiber (node_modules/react-dom/cjs/react-dom.development.js:24970:11)
      at commitPassiveMountEffects_complete (node_modules/react-dom/cjs/react-dom.development.js:24930:9)
      at commitPassiveMountEffects_begin (node_modules/react-dom/cjs/react-dom.development.js:24917:7)
      at commitPassiveMountEffects (node_modules/react-dom/cjs/react-dom.development.js:24905:3)
      at flushPassiveEffectsImpl (node_modules/react-dom/cjs/react-dom.development.js:27078:3)
      at flushPassiveEffects (node_modules/react-dom/cjs/react-dom.development.js:27023:14)
      at node_modules/react-dom/cjs/react-dom.development.js:26808:9
      at flushActQueue (node_modules/react/cjs/react.development.js:2667:24)
      at act (node_modules/react/cjs/react.development.js:2582:11)
      at node_modules/@testing-library/react/dist/act-compat.js:47:25
      at renderRoot (node_modules/@testing-library/react/dist/pure.js:190:26)
      at render (node_modules/@testing-library/react/dist/pure.js:292:10)
      at Object.<anonymous> (src/components/EventCard.test.tsx:61:11)

PASS src/pages/Events.test.tsx (8.934 s)
  ● Console

    console.warn
      ⚠️ React Router Future Flag Warning: React Router will begin wrapping state updates in `React.startTransition` in v7. You can use the `v7_startTransition` future flag to opt-in early. For more information, see https://reactrouter.com/v6/upgrading/future#v7_starttransition.

    [0m [90m 138 |[39m     [36mconst[39m store [33m=[39m createMockStore()[33m;[39m
     [90m 139 |[39m
    [31m[1m>[22m[39m[90m 140 |[39m     render(
     [90m     |[39m           [31m[1m^[22m[39m
     [90m 141 |[39m       [33m<[39m[33mProvider[39m store[33m=[39m{store}[33m>[39m
     [90m 142 |[39m         [33m<[39m[33mBrowserRouter[39m[33m>[39m
     [90m 143 |[39m           [33m<[39m[33mEvents[39m [33m/[39m[33m>[39m[0m

      at warnOnce (node_modules/react-router/lib/deprecations.ts:9:13)
      at logDeprecation (node_modules/react-router/lib/deprecations.ts:14:3)
      at Object.logV6DeprecationWarnings [as UNSAFE_logV6DeprecationWarnings] (node_modules/react-router/lib/deprecations.ts:26:5)
      at node_modules/react-router-dom/index.tsx:816:25
      at commitHookEffectListMount (node_modules/react-dom/cjs/react-dom.development.js:23189:26)
      at commitPassiveMountOnFiber (node_modules/react-dom/cjs/react-dom.development.js:24970:11)
      at commitPassiveMountEffects_complete (node_modules/react-dom/cjs/react-dom.development.js:24930:9)
      at commitPassiveMountEffects_begin (node_modules/react-dom/cjs/react-dom.development.js:24917:7)
      at commitPassiveMountEffects (node_modules/react-dom/cjs/react-dom.development.js:24905:3)
      at flushPassiveEffectsImpl (node_modules/react-dom/cjs/react-dom.development.js:27078:3)
      at flushPassiveEffects (node_modules/react-dom/cjs/react-dom.development.js:27023:14)
      at performSyncWorkOnRoot (node_modules/react-dom/cjs/react-dom.development.js:26115:3)
      at flushSyncCallbacks (node_modules/react-dom/cjs/react-dom.development.js:12042:22)
      at commitRootImpl (node_modules/react-dom/cjs/react-dom.development.js:26998:3)
      at commitRoot (node_modules/react-dom/cjs/react-dom.development.js:26721:5)
      at finishConcurrentRender (node_modules/react-dom/cjs/react-dom.development.js:26020:9)
      at performConcurrentWorkOnRoot (node_modules/react-dom/cjs/react-dom.development.js:25848:7)
      at flushActQueue (node_modules/react/cjs/react.development.js:2667:24)
      at act (node_modules/react/cjs/react.development.js:2582:11)
      at node_modules/@testing-library/react/dist/act-compat.js:47:25
      at renderRoot (node_modules/@testing-library/react/dist/pure.js:190:26)
      at render (node_modules/@testing-library/react/dist/pure.js:292:10)
      at Object.<anonymous> (src/pages/Events.test.tsx:140:11)

    console.warn
      ⚠️ React Router Future Flag Warning: Relative route resolution within Splat routes is changing in v7. You can use the `v7_relativeSplatPath` future flag to opt-in early. For more information, see https://reactrouter.com/v6/upgrading/future#v7_relativesplatpath.

    [0m [90m 138 |[39m     [36mconst[39m store [33m=[39m createMockStore()[33m;[39m
     [90m 139 |[39m
    [31m[1m>[22m[39m[90m 140 |[39m     render(
     [90m     |[39m           [31m[1m^[22m[39m
     [90m 141 |[39m       [33m<[39m[33mProvider[39m store[33m=[39m{store}[33m>[39m
     [90m 142 |[39m         [33m<[39m[33mBrowserRouter[39m[33m>[39m
     [90m 143 |[39m           [33m<[39m[33mEvents[39m [33m/[39m[33m>[39m[0m

      at warnOnce (node_modules/react-router/lib/deprecations.ts:9:13)
      at logDeprecation (node_modules/react-router/lib/deprecations.ts:14:3)
      at Object.logV6DeprecationWarnings [as UNSAFE_logV6DeprecationWarnings] (node_modules/react-router/lib/deprecations.ts:37:5)
      at node_modules/react-router-dom/index.tsx:816:25
      at commitHookEffectListMount (node_modules/react-dom/cjs/react-dom.development.js:23189:26)
      at commitPassiveMountOnFiber (node_modules/react-dom/cjs/react-dom.development.js:24970:11)
      at commitPassiveMountEffects_complete (node_modules/react-dom/cjs/react-dom.development.js:24930:9)
      at commitPassiveMountEffects_begin (node_modules/react-dom/cjs/react-dom.development.js:24917:7)
      at commitPassiveMountEffects (node_modules/react-dom/cjs/react-dom.development.js:24905:3)
      at flushPassiveEffectsImpl (node_modules/react-dom/cjs/react-dom.development.js:27078:3)
      at flushPassiveEffects (node_modules/react-dom/cjs/react-dom.development.js:27023:14)
      at performSyncWorkOnRoot (node_modules/react-dom/cjs/react-dom.development.js:26115:3)
      at flushSyncCallbacks (node_modules/react-dom/cjs/react-dom.development.js:12042:22)
      at commitRootImpl (node_modules/react-dom/cjs/react-dom.development.js:26998:3)
      at commitRoot (node_modules/react-dom/cjs/react-dom.development.js:26721:5)
      at finishConcurrentRender (node_modules/react-dom/cjs/react-dom.development.js:26020:9)
      at performConcurrentWorkOnRoot (node_modules/react-dom/cjs/react-dom.development.js:25848:7)
      at flushActQueue (node_modules/react/cjs/react.development.js:2667:24)
      at act (node_modules/react/cjs/react.development.js:2582:11)
      at node_modules/@testing-library/react/dist/act-compat.js:47:25
      at renderRoot (node_modules/@testing-library/react/dist/pure.js:190:26)
      at render (node_modules/@testing-library/react/dist/pure.js:292:10)
      at Object.<anonymous> (src/pages/Events.test.tsx:140:11)

    console.error
      Warning: An update to Events inside a test was not wrapped in act(...).
      
      When testing, code that causes React state updates should be wrapped into act(...):
      
      act(() => {
        /* fire events that update state */
      });
      /* assert on the output */
      
      This ensures that you're testing the behavior the user would see in the browser. Learn more at https://reactjs.org/link/wrap-tests-with-act
          at Events (C:\Dev\EPA-final-project\client\src\pages\Events.tsx:30:39)
          at Router (C:\Dev\EPA-final-project\client\node_modules\react-router\lib\components.tsx:421:13)
          at BrowserRouter (C:\Dev\EPA-final-project\client\node_modules\react-router-dom\index.tsx:789:3)
          at Provider (C:\Dev\EPA-final-project\client\node_modules\react-redux\src\components\Provider.tsx:60:11)

    [0m [90m 42 |[39m         [36mconst[39m data [33m=[39m [36mawait[39m response[33m.[39mjson()[33m;[39m
     [90m 43 |[39m         [36mif[39m (data[33m.[39msuccess) {
    [31m[1m>[22m[39m[90m 44 |[39m           setCategories(data[33m.[39mdata)[33m;[39m
     [90m    |[39m           [31m[1m^[22m[39m
     [90m 45 |[39m         }
     [90m 46 |[39m       } [36mcatch[39m (error) {
     [90m 47 |[39m         console[33m.[39merror([32m'Failed to fetch categories:'[39m[33m,[39m error)[33m;[39m[0m

      at printWarning (node_modules/react-dom/cjs/react-dom.development.js:86:30)
      at error (node_modules/react-dom/cjs/react-dom.development.js:60:7)
      at warnIfUpdatesNotWrappedWithActDEV (node_modules/react-dom/cjs/react-dom.development.js:27628:9)
      at scheduleUpdateOnFiber (node_modules/react-dom/cjs/react-dom.development.js:25547:5)
      at setCategories (node_modules/react-dom/cjs/react-dom.development.js:16708:7)
      at fetchCategories (src/pages/Events.tsx:44:11)

    console.error
      Warning: An update to Events inside a test was not wrapped in act(...).
      
      When testing, code that causes React state updates should be wrapped into act(...):
      
      act(() => {
        /* fire events that update state */
      });
      /* assert on the output */
      
      This ensures that you're testing the behavior the user would see in the browser. Learn more at https://reactjs.org/link/wrap-tests-with-act
          at Events (C:\Dev\EPA-final-project\client\src\pages\Events.tsx:30:39)
          at Router (C:\Dev\EPA-final-project\client\node_modules\react-router\lib\components.tsx:421:13)
          at BrowserRouter (C:\Dev\EPA-final-project\client\node_modules\react-router-dom\index.tsx:789:3)
          at Provider (C:\Dev\EPA-final-project\client\node_modules\react-redux\src\components\Provider.tsx:60:11)

    [0m [90m 42 |[39m         [36mconst[39m data [33m=[39m [36mawait[39m response[33m.[39mjson()[33m;[39m
     [90m 43 |[39m         [36mif[39m (data[33m.[39msuccess) {
    [31m[1m>[22m[39m[90m 44 |[39m           setCategories(data[33m.[39mdata)[33m;[39m
     [90m    |[39m           [31m[1m^[22m[39m
     [90m 45 |[39m         }
     [90m 46 |[39m       } [36mcatch[39m (error) {
     [90m 47 |[39m         console[33m.[39merror([32m'Failed to fetch categories:'[39m[33m,[39m error)[33m;[39m[0m

      at printWarning (node_modules/react-dom/cjs/react-dom.development.js:86:30)
      at error (node_modules/react-dom/cjs/react-dom.development.js:60:7)
      at warnIfUpdatesNotWrappedWithActDEV (node_modules/react-dom/cjs/react-dom.development.js:27628:9)
      at scheduleUpdateOnFiber (node_modules/react-dom/cjs/react-dom.development.js:25547:5)
      at setCategories (node_modules/react-dom/cjs/react-dom.development.js:16708:7)
      at fetchCategories (src/pages/Events.tsx:44:11)

    console.error
      Warning: An update to Events inside a test was not wrapped in act(...).
      
      When testing, code that causes React state updates should be wrapped into act(...):
      
      act(() => {
        /* fire events that update state */
      });
      /* assert on the output */
      
      This ensures that you're testing the behavior the user would see in the browser. Learn more at https://reactjs.org/link/wrap-tests-with-act
          at Events (C:\Dev\EPA-final-project\client\src\pages\Events.tsx:30:39)
          at Router (C:\Dev\EPA-final-project\client\node_modules\react-router\lib\components.tsx:421:13)
          at BrowserRouter (C:\Dev\EPA-final-project\client\node_modules\react-router-dom\index.tsx:789:3)
          at Provider (C:\Dev\EPA-final-project\client\node_modules\react-redux\src\components\Provider.tsx:60:11)

    [0m [90m 42 |[39m         [36mconst[39m data [33m=[39m [36mawait[39m response[33m.[39mjson()[33m;[39m
     [90m 43 |[39m         [36mif[39m (data[33m.[39msuccess) {
    [31m[1m>[22m[39m[90m 44 |[39m           setCategories(data[33m.[39mdata)[33m;[39m
     [90m    |[39m           [31m[1m^[22m[39m
     [90m 45 |[39m         }
     [90m 46 |[39m       } [36mcatch[39m (error) {
     [90m 47 |[39m         console[33m.[39merror([32m'Failed to fetch categories:'[39m[33m,[39m error)[33m;[39m[0m

      at printWarning (node_modules/react-dom/cjs/react-dom.development.js:86:30)
      at error (node_modules/react-dom/cjs/react-dom.development.js:60:7)
      at warnIfUpdatesNotWrappedWithActDEV (node_modules/react-dom/cjs/react-dom.development.js:27628:9)
      at scheduleUpdateOnFiber (node_modules/react-dom/cjs/react-dom.development.js:25547:5)
      at setCategories (node_modules/react-dom/cjs/react-dom.development.js:16708:7)
      at fetchCategories (src/pages/Events.tsx:44:11)

    console.error
      Warning: An update to Events inside a test was not wrapped in act(...).
      
      When testing, code that causes React state updates should be wrapped into act(...):
      
      act(() => {
        /* fire events that update state */
      });
      /* assert on the output */
      
      This ensures that you're testing the behavior the user would see in the browser. Learn more at https://reactjs.org/link/wrap-tests-with-act
          at Events (C:\Dev\EPA-final-project\client\src\pages\Events.tsx:30:39)
          at Router (C:\Dev\EPA-final-project\client\node_modules\react-router\lib\components.tsx:421:13)
          at BrowserRouter (C:\Dev\EPA-final-project\client\node_modules\react-router-dom\index.tsx:789:3)
          at Provider (C:\Dev\EPA-final-project\client\node_modules\react-redux\src\components\Provider.tsx:60:11)

    [0m [90m 42 |[39m         [36mconst[39m data [33m=[39m [36mawait[39m response[33m.[39mjson()[33m;[39m
     [90m 43 |[39m         [36mif[39m (data[33m.[39msuccess) {
    [31m[1m>[22m[39m[90m 44 |[39m           setCategories(data[33m.[39mdata)[33m;[39m
     [90m    |[39m           [31m[1m^[22m[39m
     [90m 45 |[39m         }
     [90m 46 |[39m       } [36mcatch[39m (error) {
     [90m 47 |[39m         console[33m.[39merror([32m'Failed to fetch categories:'[39m[33m,[39m error)[33m;[39m[0m

      at printWarning (node_modules/react-dom/cjs/react-dom.development.js:86:30)
      at error (node_modules/react-dom/cjs/react-dom.development.js:60:7)
      at warnIfUpdatesNotWrappedWithActDEV (node_modules/react-dom/cjs/react-dom.development.js:27628:9)
      at scheduleUpdateOnFiber (node_modules/react-dom/cjs/react-dom.development.js:25547:5)
      at setCategories (node_modules/react-dom/cjs/react-dom.development.js:16708:7)
      at fetchCategories (src/pages/Events.tsx:44:11)

    console.error
      Warning: An update to Events inside a test was not wrapped in act(...).
      
      When testing, code that causes React state updates should be wrapped into act(...):
      
      act(() => {
        /* fire events that update state */
      });
      /* assert on the output */
      
      This ensures that you're testing the behavior the user would see in the browser. Learn more at https://reactjs.org/link/wrap-tests-with-act
          at Events (C:\Dev\EPA-final-project\client\src\pages\Events.tsx:30:39)
          at Router (C:\Dev\EPA-final-project\client\node_modules\react-router\lib\components.tsx:421:13)
          at BrowserRouter (C:\Dev\EPA-final-project\client\node_modules\react-router-dom\index.tsx:789:3)
          at Provider (C:\Dev\EPA-final-project\client\node_modules\react-redux\src\components\Provider.tsx:60:11)

    [0m [90m 42 |[39m         [36mconst[39m data [33m=[39m [36mawait[39m response[33m.[39mjson()[33m;[39m
     [90m 43 |[39m         [36mif[39m (data[33m.[39msuccess) {
    [31m[1m>[22m[39m[90m 44 |[39m           setCategories(data[33m.[39mdata)[33m;[39m
     [90m    |[39m           [31m[1m^[22m[39m
     [90m 45 |[39m         }
     [90m 46 |[39m       } [36mcatch[39m (error) {
     [90m 47 |[39m         console[33m.[39merror([32m'Failed to fetch categories:'[39m[33m,[39m error)[33m;[39m[0m

      at printWarning (node_modules/react-dom/cjs/react-dom.development.js:86:30)
      at error (node_modules/react-dom/cjs/react-dom.development.js:60:7)
      at warnIfUpdatesNotWrappedWithActDEV (node_modules/react-dom/cjs/react-dom.development.js:27628:9)
      at scheduleUpdateOnFiber (node_modules/react-dom/cjs/react-dom.development.js:25547:5)
      at setCategories (node_modules/react-dom/cjs/react-dom.development.js:16708:7)
      at fetchCategories (src/pages/Events.tsx:44:11)

    console.error
      Warning: An update to Events inside a test was not wrapped in act(...).
      
      When testing, code that causes React state updates should be wrapped into act(...):
      
      act(() => {
        /* fire events that update state */
      });
      /* assert on the output */
      
      This ensures that you're testing the behavior the user would see in the browser. Learn more at https://reactjs.org/link/wrap-tests-with-act
          at Events (C:\Dev\EPA-final-project\client\src\pages\Events.tsx:30:39)
          at Router (C:\Dev\EPA-final-project\client\node_modules\react-router\lib\components.tsx:421:13)
          at BrowserRouter (C:\Dev\EPA-final-project\client\node_modules\react-router-dom\index.tsx:789:3)
          at Provider (C:\Dev\EPA-final-project\client\node_modules\react-redux\src\components\Provider.tsx:60:11)

    [0m [90m 42 |[39m         [36mconst[39m data [33m=[39m [36mawait[39m response[33m.[39mjson()[33m;[39m
     [90m 43 |[39m         [36mif[39m (data[33m.[39msuccess) {
    [31m[1m>[22m[39m[90m 44 |[39m           setCategories(data[33m.[39mdata)[33m;[39m
     [90m    |[39m           [31m[1m^[22m[39m
     [90m 45 |[39m         }
     [90m 46 |[39m       } [36mcatch[39m (error) {
     [90m 47 |[39m         console[33m.[39merror([32m'Failed to fetch categories:'[39m[33m,[39m error)[33m;[39m[0m

      at printWarning (node_modules/react-dom/cjs/react-dom.development.js:86:30)
      at error (node_modules/react-dom/cjs/react-dom.development.js:60:7)
      at warnIfUpdatesNotWrappedWithActDEV (node_modules/react-dom/cjs/react-dom.development.js:27628:9)
      at scheduleUpdateOnFiber (node_modules/react-dom/cjs/react-dom.development.js:25547:5)
      at setCategories (node_modules/react-dom/cjs/react-dom.development.js:16708:7)
      at fetchCategories (src/pages/Events.tsx:44:11)

    console.error
      Warning: An update to Events inside a test was not wrapped in act(...).
      
      When testing, code that causes React state updates should be wrapped into act(...):
      
      act(() => {
        /* fire events that update state */
      });
      /* assert on the output */
      
      This ensures that you're testing the behavior the user would see in the browser. Learn more at https://reactjs.org/link/wrap-tests-with-act
          at Events (C:\Dev\EPA-final-project\client\src\pages\Events.tsx:30:39)
          at Router (C:\Dev\EPA-final-project\client\node_modules\react-router\lib\components.tsx:421:13)
          at BrowserRouter (C:\Dev\EPA-final-project\client\node_modules\react-router-dom\index.tsx:789:3)
          at Provider (C:\Dev\EPA-final-project\client\node_modules\react-redux\src\components\Provider.tsx:60:11)

    [0m [90m 42 |[39m         [36mconst[39m data [33m=[39m [36mawait[39m response[33m.[39mjson()[33m;[39m
     [90m 43 |[39m         [36mif[39m (data[33m.[39msuccess) {
    [31m[1m>[22m[39m[90m 44 |[39m           setCategories(data[33m.[39mdata)[33m;[39m
     [90m    |[39m           [31m[1m^[22m[39m
     [90m 45 |[39m         }
     [90m 46 |[39m       } [36mcatch[39m (error) {
     [90m 47 |[39m         console[33m.[39merror([32m'Failed to fetch categories:'[39m[33m,[39m error)[33m;[39m[0m

      at printWarning (node_modules/react-dom/cjs/react-dom.development.js:86:30)
      at error (node_modules/react-dom/cjs/react-dom.development.js:60:7)
      at warnIfUpdatesNotWrappedWithActDEV (node_modules/react-dom/cjs/react-dom.development.js:27628:9)
      at scheduleUpdateOnFiber (node_modules/react-dom/cjs/react-dom.development.js:25547:5)
      at setCategories (node_modules/react-dom/cjs/react-dom.development.js:16708:7)
      at fetchCategories (src/pages/Events.tsx:44:11)

    console.error
      Warning: An update to Events inside a test was not wrapped in act(...).
      
      When testing, code that causes React state updates should be wrapped into act(...):
      
      act(() => {
        /* fire events that update state */
      });
      /* assert on the output */
      
      This ensures that you're testing the behavior the user would see in the browser. Learn more at https://reactjs.org/link/wrap-tests-with-act
          at Events (C:\Dev\EPA-final-project\client\src\pages\Events.tsx:30:39)
          at Router (C:\Dev\EPA-final-project\client\node_modules\react-router\lib\components.tsx:421:13)
          at BrowserRouter (C:\Dev\EPA-final-project\client\node_modules\react-router-dom\index.tsx:789:3)
          at Provider (C:\Dev\EPA-final-project\client\node_modules\react-redux\src\components\Provider.tsx:60:11)

    [0m [90m 42 |[39m         [36mconst[39m data [33m=[39m [36mawait[39m response[33m.[39mjson()[33m;[39m
     [90m 43 |[39m         [36mif[39m (data[33m.[39msuccess) {
    [31m[1m>[22m[39m[90m 44 |[39m           setCategories(data[33m.[39mdata)[33m;[39m
     [90m    |[39m           [31m[1m^[22m[39m
     [90m 45 |[39m         }
     [90m 46 |[39m       } [36mcatch[39m (error) {
     [90m 47 |[39m         console[33m.[39merror([32m'Failed to fetch categories:'[39m[33m,[39m error)[33m;[39m[0m

      at printWarning (node_modules/react-dom/cjs/react-dom.development.js:86:30)
      at error (node_modules/react-dom/cjs/react-dom.development.js:60:7)
      at warnIfUpdatesNotWrappedWithActDEV (node_modules/react-dom/cjs/react-dom.development.js:27628:9)
      at scheduleUpdateOnFiber (node_modules/react-dom/cjs/react-dom.development.js:25547:5)
      at setCategories (node_modules/react-dom/cjs/react-dom.development.js:16708:7)
      at fetchCategories (src/pages/Events.tsx:44:11)

    console.error
      Warning: An update to Events inside a test was not wrapped in act(...).
      
      When testing, code that causes React state updates should be wrapped into act(...):
      
      act(() => {
        /* fire events that update state */
      });
      /* assert on the output */
      
      This ensures that you're testing the behavior the user would see in the browser. Learn more at https://reactjs.org/link/wrap-tests-with-act
          at Events (C:\Dev\EPA-final-project\client\src\pages\Events.tsx:30:39)
          at Router (C:\Dev\EPA-final-project\client\node_modules\react-router\lib\components.tsx:421:13)
          at BrowserRouter (C:\Dev\EPA-final-project\client\node_modules\react-router-dom\index.tsx:789:3)
          at Provider (C:\Dev\EPA-final-project\client\node_modules\react-redux\src\components\Provider.tsx:60:11)

    [0m [90m 42 |[39m         [36mconst[39m data [33m=[39m [36mawait[39m response[33m.[39mjson()[33m;[39m
     [90m 43 |[39m         [36mif[39m (data[33m.[39msuccess) {
    [31m[1m>[22m[39m[90m 44 |[39m           setCategories(data[33m.[39mdata)[33m;[39m
     [90m    |[39m           [31m[1m^[22m[39m
     [90m 45 |[39m         }
     [90m 46 |[39m       } [36mcatch[39m (error) {
     [90m 47 |[39m         console[33m.[39merror([32m'Failed to fetch categories:'[39m[33m,[39m error)[33m;[39m[0m

      at printWarning (node_modules/react-dom/cjs/react-dom.development.js:86:30)
      at error (node_modules/react-dom/cjs/react-dom.development.js:60:7)
      at warnIfUpdatesNotWrappedWithActDEV (node_modules/react-dom/cjs/react-dom.development.js:27628:9)
      at scheduleUpdateOnFiber (node_modules/react-dom/cjs/react-dom.development.js:25547:5)
      at setCategories (node_modules/react-dom/cjs/react-dom.development.js:16708:7)
      at fetchCategories (src/pages/Events.tsx:44:11)

    console.error
      Warning: An update to Events inside a test was not wrapped in act(...).
      
      When testing, code that causes React state updates should be wrapped into act(...):
      
      act(() => {
        /* fire events that update state */
      });
      /* assert on the output */
      
      This ensures that you're testing the behavior the user would see in the browser. Learn more at https://reactjs.org/link/wrap-tests-with-act
          at Events (C:\Dev\EPA-final-project\client\src\pages\Events.tsx:30:39)
          at Router (C:\Dev\EPA-final-project\client\node_modules\react-router\lib\components.tsx:421:13)
          at BrowserRouter (C:\Dev\EPA-final-project\client\node_modules\react-router-dom\index.tsx:789:3)
          at Provider (C:\Dev\EPA-final-project\client\node_modules\react-redux\src\components\Provider.tsx:60:11)

    [0m [90m 42 |[39m         [36mconst[39m data [33m=[39m [36mawait[39m response[33m.[39mjson()[33m;[39m
     [90m 43 |[39m         [36mif[39m (data[33m.[39msuccess) {
    [31m[1m>[22m[39m[90m 44 |[39m           setCategories(data[33m.[39mdata)[33m;[39m
     [90m    |[39m           [31m[1m^[22m[39m
     [90m 45 |[39m         }
     [90m 46 |[39m       } [36mcatch[39m (error) {
     [90m 47 |[39m         console[33m.[39merror([32m'Failed to fetch categories:'[39m[33m,[39m error)[33m;[39m[0m

      at printWarning (node_modules/react-dom/cjs/react-dom.development.js:86:30)
      at error (node_modules/react-dom/cjs/react-dom.development.js:60:7)
      at warnIfUpdatesNotWrappedWithActDEV (node_modules/react-dom/cjs/react-dom.development.js:27628:9)
      at scheduleUpdateOnFiber (node_modules/react-dom/cjs/react-dom.development.js:25547:5)
      at setCategories (node_modules/react-dom/cjs/react-dom.development.js:16708:7)
      at fetchCategories (src/pages/Events.tsx:44:11)

FAIL src/pages/Ideas.test.tsx (21.409 s)
  ● Console

    console.warn
      ⚠️ React Router Future Flag Warning: React Router will begin wrapping state updates in `React.startTransition` in v7. You can use the `v7_startTransition` future flag to opt-in early. For more information, see https://reactrouter.com/v6/upgrading/future#v7_starttransition.

    [0m [90m 103 |[39m     [36mconst[39m store [33m=[39m createMockStore()[33m;[39m
     [90m 104 |[39m
    [31m[1m>[22m[39m[90m 105 |[39m     render(
     [90m     |[39m           [31m[1m^[22m[39m
     [90m 106 |[39m       [33m<[39m[33mProvider[39m store[33m=[39m{store}[33m>[39m
     [90m 107 |[39m         [33m<[39m[33mBrowserRouter[39m[33m>[39m
     [90m 108 |[39m           [33m<[39m[33mIdeas[39m [33m/[39m[33m>[39m[0m

      at warnOnce (node_modules/react-router/lib/deprecations.ts:9:13)
      at logDeprecation (node_modules/react-router/lib/deprecations.ts:14:3)
      at Object.logV6DeprecationWarnings [as UNSAFE_logV6DeprecationWarnings] (node_modules/react-router/lib/deprecations.ts:26:5)
      at node_modules/react-router-dom/index.tsx:816:25
      at commitHookEffectListMount (node_modules/react-dom/cjs/react-dom.development.js:23189:26)
      at commitPassiveMountOnFiber (node_modules/react-dom/cjs/react-dom.development.js:24970:11)
      at commitPassiveMountEffects_complete (node_modules/react-dom/cjs/react-dom.development.js:24930:9)
      at commitPassiveMountEffects_begin (node_modules/react-dom/cjs/react-dom.development.js:24917:7)
      at commitPassiveMountEffects (node_modules/react-dom/cjs/react-dom.development.js:24905:3)
      at flushPassiveEffectsImpl (node_modules/react-dom/cjs/react-dom.development.js:27078:3)
      at flushPassiveEffects (node_modules/react-dom/cjs/react-dom.development.js:27023:14)
      at node_modules/react-dom/cjs/react-dom.development.js:26808:9
      at flushActQueue (node_modules/react/cjs/react.development.js:2667:24)
      at act (node_modules/react/cjs/react.development.js:2582:11)
      at node_modules/@testing-library/react/dist/act-compat.js:47:25
      at renderRoot (node_modules/@testing-library/react/dist/pure.js:190:26)
      at render (node_modules/@testing-library/react/dist/pure.js:292:10)
      at Object.<anonymous> (src/pages/Ideas.test.tsx:105:11)

    console.warn
      ⚠️ React Router Future Flag Warning: Relative route resolution within Splat routes is changing in v7. You can use the `v7_relativeSplatPath` future flag to opt-in early. For more information, see https://reactrouter.com/v6/upgrading/future#v7_relativesplatpath.

    [0m [90m 103 |[39m     [36mconst[39m store [33m=[39m createMockStore()[33m;[39m
     [90m 104 |[39m
    [31m[1m>[22m[39m[90m 105 |[39m     render(
     [90m     |[39m           [31m[1m^[22m[39m
     [90m 106 |[39m       [33m<[39m[33mProvider[39m store[33m=[39m{store}[33m>[39m
     [90m 107 |[39m         [33m<[39m[33mBrowserRouter[39m[33m>[39m
     [90m 108 |[39m           [33m<[39m[33mIdeas[39m [33m/[39m[33m>[39m[0m

      at warnOnce (node_modules/react-router/lib/deprecations.ts:9:13)
      at logDeprecation (node_modules/react-router/lib/deprecations.ts:14:3)
      at Object.logV6DeprecationWarnings [as UNSAFE_logV6DeprecationWarnings] (node_modules/react-router/lib/deprecations.ts:37:5)
      at node_modules/react-router-dom/index.tsx:816:25
      at commitHookEffectListMount (node_modules/react-dom/cjs/react-dom.development.js:23189:26)
      at commitPassiveMountOnFiber (node_modules/react-dom/cjs/react-dom.development.js:24970:11)
      at commitPassiveMountEffects_complete (node_modules/react-dom/cjs/react-dom.development.js:24930:9)
      at commitPassiveMountEffects_begin (node_modules/react-dom/cjs/react-dom.development.js:24917:7)
      at commitPassiveMountEffects (node_modules/react-dom/cjs/react-dom.development.js:24905:3)
      at flushPassiveEffectsImpl (node_modules/react-dom/cjs/react-dom.development.js:27078:3)
      at flushPassiveEffects (node_modules/react-dom/cjs/react-dom.development.js:27023:14)
      at node_modules/react-dom/cjs/react-dom.development.js:26808:9
      at flushActQueue (node_modules/react/cjs/react.development.js:2667:24)
      at act (node_modules/react/cjs/react.development.js:2582:11)
      at node_modules/@testing-library/react/dist/act-compat.js:47:25
      at renderRoot (node_modules/@testing-library/react/dist/pure.js:190:26)
      at render (node_modules/@testing-library/react/dist/pure.js:292:10)
      at Object.<anonymous> (src/pages/Ideas.test.tsx:105:11)

    console.error
      Warning: An update to Ideas inside a test was not wrapped in act(...).
      
      When testing, code that causes React state updates should be wrapped into act(...):
      
      act(() => {
        /* fire events that update state */
      });
      /* assert on the output */
      
      This ensures that you're testing the behavior the user would see in the browser. Learn more at https://reactjs.org/link/wrap-tests-with-act
          at Ideas (C:\Dev\EPA-final-project\client\src\pages\Ideas.tsx:46:37)
          at Router (C:\Dev\EPA-final-project\client\node_modules\react-router\lib\components.tsx:421:13)
          at BrowserRouter (C:\Dev\EPA-final-project\client\node_modules\react-router-dom\index.tsx:789:3)
          at Provider (C:\Dev\EPA-final-project\client\node_modules\react-redux\src\components\Provider.tsx:60:11)

    [0m [90m 68 |[39m         [90m// SQL Server already returns the correct format with uppercase properties[39m
     [90m 69 |[39m         [36mconst[39m ideas [33m=[39m [33mArray[39m[33m.[39misArray(response[33m.[39mdata[33m.[39mdata) [33m?[39m response[33m.[39mdata[33m.[39mdata [33m:[39m [][33m;[39m
    [31m[1m>[22m[39m[90m 70 |[39m         setIdeas(ideas)[33m;[39m
     [90m    |[39m         [31m[1m^[22m[39m
     [90m 71 |[39m       }
     [90m 72 |[39m     } [36mcatch[39m (err[33m:[39m any) {
     [90m 73 |[39m       console[33m.[39merror([32m'Error fetching ideas:'[39m[33m,[39m err)[33m;[39m[0m

      at printWarning (node_modules/react-dom/cjs/react-dom.development.js:86:30)
      at error (node_modules/react-dom/cjs/react-dom.development.js:60:7)
      at warnIfUpdatesNotWrappedWithActDEV (node_modules/react-dom/cjs/react-dom.development.js:27628:9)
      at scheduleUpdateOnFiber (node_modules/react-dom/cjs/react-dom.development.js:25547:5)
      at setIdeas (node_modules/react-dom/cjs/react-dom.development.js:16708:7)
      at fetchIdeas (src/pages/Ideas.tsx:70:9)

    console.error
      Warning: An update to Ideas inside a test was not wrapped in act(...).
      
      When testing, code that causes React state updates should be wrapped into act(...):
      
      act(() => {
        /* fire events that update state */
      });
      /* assert on the output */
      
      This ensures that you're testing the behavior the user would see in the browser. Learn more at https://reactjs.org/link/wrap-tests-with-act
          at Ideas (C:\Dev\EPA-final-project\client\src\pages\Ideas.tsx:46:37)
          at Router (C:\Dev\EPA-final-project\client\node_modules\react-router\lib\components.tsx:421:13)
          at BrowserRouter (C:\Dev\EPA-final-project\client\node_modules\react-router-dom\index.tsx:789:3)
          at Provider (C:\Dev\EPA-final-project\client\node_modules\react-redux\src\components\Provider.tsx:60:11)

    [0m [90m 74 |[39m       setError([32m'Failed to fetch ideas'[39m)[33m;[39m
     [90m 75 |[39m     } [36mfinally[39m {
    [31m[1m>[22m[39m[90m 76 |[39m       setLoading([36mfalse[39m)[33m;[39m
     [90m    |[39m       [31m[1m^[22m[39m
     [90m 77 |[39m     }
     [90m 78 |[39m   }[33m;[39m
     [90m 79 |[39m[0m

      at printWarning (node_modules/react-dom/cjs/react-dom.development.js:86:30)
      at error (node_modules/react-dom/cjs/react-dom.development.js:60:7)
      at warnIfUpdatesNotWrappedWithActDEV (node_modules/react-dom/cjs/react-dom.development.js:27628:9)
      at scheduleUpdateOnFiber (node_modules/react-dom/cjs/react-dom.development.js:25547:5)
      at setLoading (node_modules/react-dom/cjs/react-dom.development.js:16708:7)
      at fetchIdeas (src/pages/Ideas.tsx:76:7)

    console.error
      Warning: An update to Ideas inside a test was not wrapped in act(...).
      
      When testing, code that causes React state updates should be wrapped into act(...):
      
      act(() => {
        /* fire events that update state */
      });
      /* assert on the output */
      
      This ensures that you're testing the behavior the user would see in the browser. Learn more at https://reactjs.org/link/wrap-tests-with-act
          at Ideas (C:\Dev\EPA-final-project\client\src\pages\Ideas.tsx:46:37)
          at Router (C:\Dev\EPA-final-project\client\node_modules\react-router\lib\components.tsx:421:13)
          at BrowserRouter (C:\Dev\EPA-final-project\client\node_modules\react-router-dom\index.tsx:789:3)
          at Provider (C:\Dev\EPA-final-project\client\node_modules\react-redux\src\components\Provider.tsx:60:11)

    [0m [90m 68 |[39m         [90m// SQL Server already returns the correct format with uppercase properties[39m
     [90m 69 |[39m         [36mconst[39m ideas [33m=[39m [33mArray[39m[33m.[39misArray(response[33m.[39mdata[33m.[39mdata) [33m?[39m response[33m.[39mdata[33m.[39mdata [33m:[39m [][33m;[39m
    [31m[1m>[22m[39m[90m 70 |[39m         setIdeas(ideas)[33m;[39m
     [90m    |[39m         [31m[1m^[22m[39m
     [90m 71 |[39m       }
     [90m 72 |[39m     } [36mcatch[39m (err[33m:[39m any) {
     [90m 73 |[39m       console[33m.[39merror([32m'Error fetching ideas:'[39m[33m,[39m err)[33m;[39m[0m

      at printWarning (node_modules/react-dom/cjs/react-dom.development.js:86:30)
      at error (node_modules/react-dom/cjs/react-dom.development.js:60:7)
      at warnIfUpdatesNotWrappedWithActDEV (node_modules/react-dom/cjs/react-dom.development.js:27628:9)
      at scheduleUpdateOnFiber (node_modules/react-dom/cjs/react-dom.development.js:25547:5)
      at setIdeas (node_modules/react-dom/cjs/react-dom.development.js:16708:7)
      at fetchIdeas (src/pages/Ideas.tsx:70:9)

    console.error
      Warning: An update to Ideas inside a test was not wrapped in act(...).
      
      When testing, code that causes React state updates should be wrapped into act(...):
      
      act(() => {
        /* fire events that update state */
      });
      /* assert on the output */
      
      This ensures that you're testing the behavior the user would see in the browser. Learn more at https://reactjs.org/link/wrap-tests-with-act
          at Ideas (C:\Dev\EPA-final-project\client\src\pages\Ideas.tsx:46:37)
          at Router (C:\Dev\EPA-final-project\client\node_modules\react-router\lib\components.tsx:421:13)
          at BrowserRouter (C:\Dev\EPA-final-project\client\node_modules\react-router-dom\index.tsx:789:3)
          at Provider (C:\Dev\EPA-final-project\client\node_modules\react-redux\src\components\Provider.tsx:60:11)

    [0m [90m 74 |[39m       setError([32m'Failed to fetch ideas'[39m)[33m;[39m
     [90m 75 |[39m     } [36mfinally[39m {
    [31m[1m>[22m[39m[90m 76 |[39m       setLoading([36mfalse[39m)[33m;[39m
     [90m    |[39m       [31m[1m^[22m[39m
     [90m 77 |[39m     }
     [90m 78 |[39m   }[33m;[39m
     [90m 79 |[39m[0m

      at printWarning (node_modules/react-dom/cjs/react-dom.development.js:86:30)
      at error (node_modules/react-dom/cjs/react-dom.development.js:60:7)
      at warnIfUpdatesNotWrappedWithActDEV (node_modules/react-dom/cjs/react-dom.development.js:27628:9)
      at scheduleUpdateOnFiber (node_modules/react-dom/cjs/react-dom.development.js:25547:5)
      at setLoading (node_modules/react-dom/cjs/react-dom.development.js:16708:7)
      at fetchIdeas (src/pages/Ideas.tsx:76:7)

    console.error
      Warning: An update to Ideas inside a test was not wrapped in act(...).
      
      When testing, code that causes React state updates should be wrapped into act(...):
      
      act(() => {
        /* fire events that update state */
      });
      /* assert on the output */
      
      This ensures that you're testing the behavior the user would see in the browser. Learn more at https://reactjs.org/link/wrap-tests-with-act
          at Ideas (C:\Dev\EPA-final-project\client\src\pages\Ideas.tsx:46:37)
          at Router (C:\Dev\EPA-final-project\client\node_modules\react-router\lib\components.tsx:421:13)
          at BrowserRouter (C:\Dev\EPA-final-project\client\node_modules\react-router-dom\index.tsx:789:3)
          at Provider (C:\Dev\EPA-final-project\client\node_modules\react-redux\src\components\Provider.tsx:60:11)

    [0m [90m 68 |[39m         [90m// SQL Server already returns the correct format with uppercase properties[39m
     [90m 69 |[39m         [36mconst[39m ideas [33m=[39m [33mArray[39m[33m.[39misArray(response[33m.[39mdata[33m.[39mdata) [33m?[39m response[33m.[39mdata[33m.[39mdata [33m:[39m [][33m;[39m
    [31m[1m>[22m[39m[90m 70 |[39m         setIdeas(ideas)[33m;[39m
     [90m    |[39m         [31m[1m^[22m[39m
     [90m 71 |[39m       }
     [90m 72 |[39m     } [36mcatch[39m (err[33m:[39m any) {
     [90m 73 |[39m       console[33m.[39merror([32m'Error fetching ideas:'[39m[33m,[39m err)[33m;[39m[0m

      at printWarning (node_modules/react-dom/cjs/react-dom.development.js:86:30)
      at error (node_modules/react-dom/cjs/react-dom.development.js:60:7)
      at warnIfUpdatesNotWrappedWithActDEV (node_modules/react-dom/cjs/react-dom.development.js:27628:9)
      at scheduleUpdateOnFiber (node_modules/react-dom/cjs/react-dom.development.js:25547:5)
      at setIdeas (node_modules/react-dom/cjs/react-dom.development.js:16708:7)
      at fetchIdeas (src/pages/Ideas.tsx:70:9)

    console.error
      Warning: An update to Ideas inside a test was not wrapped in act(...).
      
      When testing, code that causes React state updates should be wrapped into act(...):
      
      act(() => {
        /* fire events that update state */
      });
      /* assert on the output */
      
      This ensures that you're testing the behavior the user would see in the browser. Learn more at https://reactjs.org/link/wrap-tests-with-act
          at Ideas (C:\Dev\EPA-final-project\client\src\pages\Ideas.tsx:46:37)
          at Router (C:\Dev\EPA-final-project\client\node_modules\react-router\lib\components.tsx:421:13)
          at BrowserRouter (C:\Dev\EPA-final-project\client\node_modules\react-router-dom\index.tsx:789:3)
          at Provider (C:\Dev\EPA-final-project\client\node_modules\react-redux\src\components\Provider.tsx:60:11)

    [0m [90m 74 |[39m       setError([32m'Failed to fetch ideas'[39m)[33m;[39m
     [90m 75 |[39m     } [36mfinally[39m {
    [31m[1m>[22m[39m[90m 76 |[39m       setLoading([36mfalse[39m)[33m;[39m
     [90m    |[39m       [31m[1m^[22m[39m
     [90m 77 |[39m     }
     [90m 78 |[39m   }[33m;[39m
     [90m 79 |[39m[0m

      at printWarning (node_modules/react-dom/cjs/react-dom.development.js:86:30)
      at error (node_modules/react-dom/cjs/react-dom.development.js:60:7)
      at warnIfUpdatesNotWrappedWithActDEV (node_modules/react-dom/cjs/react-dom.development.js:27628:9)
      at scheduleUpdateOnFiber (node_modules/react-dom/cjs/react-dom.development.js:25547:5)
      at setLoading (node_modules/react-dom/cjs/react-dom.development.js:16708:7)
      at fetchIdeas (src/pages/Ideas.tsx:76:7)

    console.error
      Error fetching ideas: Error: Network error
          at Object.<anonymous> (C:\Dev\EPA-final-project\client\src\pages\Ideas.test.tsx:187:39)
          at Promise.then.completed (C:\Dev\EPA-final-project\client\node_modules\jest-circus\build\utils.js:391:28)
          at new Promise (<anonymous>)
          at callAsyncCircusFn (C:\Dev\EPA-final-project\client\node_modules\jest-circus\build\utils.js:316:10)
          at _callCircusTest (C:\Dev\EPA-final-project\client\node_modules\jest-circus\build\run.js:218:40)
          at _runTest (C:\Dev\EPA-final-project\client\node_modules\jest-circus\build\run.js:155:3)
          at _runTestsForDescribeBlock (C:\Dev\EPA-final-project\client\node_modules\jest-circus\build\run.js:66:9)
          at _runTestsForDescribeBlock (C:\Dev\EPA-final-project\client\node_modules\jest-circus\build\run.js:60:9)
          at run (C:\Dev\EPA-final-project\client\node_modules\jest-circus\build\run.js:25:3)
          at runAndTransformResultsToJestFormat (C:\Dev\EPA-final-project\client\node_modules\jest-circus\build\legacy-code-todo-rewrite\jestAdapterInit.js:170:21)
          at jestAdapter (C:\Dev\EPA-final-project\client\node_modules\jest-circus\build\legacy-code-todo-rewrite\jestAdapter.js:82:19)
          at runTestInternal (C:\Dev\EPA-final-project\client\node_modules\jest-runner\build\runTest.js:389:16)
          at runTest (C:\Dev\EPA-final-project\client\node_modules\jest-runner\build\runTest.js:475:34)
          at Object.worker (C:\Dev\EPA-final-project\client\node_modules\jest-runner\build\testWorker.js:133:12)

    [0m [90m 71 |[39m       }
     [90m 72 |[39m     } [36mcatch[39m (err[33m:[39m any) {
    [31m[1m>[22m[39m[90m 73 |[39m       console[33m.[39merror([32m'Error fetching ideas:'[39m[33m,[39m err)[33m;[39m
     [90m    |[39m               [31m[1m^[22m[39m
     [90m 74 |[39m       setError([32m'Failed to fetch ideas'[39m)[33m;[39m
     [90m 75 |[39m     } [36mfinally[39m {
     [90m 76 |[39m       setLoading([36mfalse[39m)[33m;[39m[0m

      at fetchIdeas (src/pages/Ideas.tsx:73:15)

    console.error
      Warning: An update to Ideas inside a test was not wrapped in act(...).
      
      When testing, code that causes React state updates should be wrapped into act(...):
      
      act(() => {
        /* fire events that update state */
      });
      /* assert on the output */
      
      This ensures that you're testing the behavior the user would see in the browser. Learn more at https://reactjs.org/link/wrap-tests-with-act
          at Ideas (C:\Dev\EPA-final-project\client\src\pages\Ideas.tsx:46:37)
          at Router (C:\Dev\EPA-final-project\client\node_modules\react-router\lib\components.tsx:421:13)
          at BrowserRouter (C:\Dev\EPA-final-project\client\node_modules\react-router-dom\index.tsx:789:3)
          at Provider (C:\Dev\EPA-final-project\client\node_modules\react-redux\src\components\Provider.tsx:60:11)

    [0m [90m 68 |[39m         [90m// SQL Server already returns the correct format with uppercase properties[39m
     [90m 69 |[39m         [36mconst[39m ideas [33m=[39m [33mArray[39m[33m.[39misArray(response[33m.[39mdata[33m.[39mdata) [33m?[39m response[33m.[39mdata[33m.[39mdata [33m:[39m [][33m;[39m
    [31m[1m>[22m[39m[90m 70 |[39m         setIdeas(ideas)[33m;[39m
     [90m    |[39m         [31m[1m^[22m[39m
     [90m 71 |[39m       }
     [90m 72 |[39m     } [36mcatch[39m (err[33m:[39m any) {
     [90m 73 |[39m       console[33m.[39merror([32m'Error fetching ideas:'[39m[33m,[39m err)[33m;[39m[0m

      at printWarning (node_modules/react-dom/cjs/react-dom.development.js:86:30)
      at error (node_modules/react-dom/cjs/react-dom.development.js:60:7)
      at warnIfUpdatesNotWrappedWithActDEV (node_modules/react-dom/cjs/react-dom.development.js:27628:9)
      at scheduleUpdateOnFiber (node_modules/react-dom/cjs/react-dom.development.js:25547:5)
      at setIdeas (node_modules/react-dom/cjs/react-dom.development.js:16708:7)
      at fetchIdeas (src/pages/Ideas.tsx:70:9)

    console.error
      Warning: An update to Ideas inside a test was not wrapped in act(...).
      
      When testing, code that causes React state updates should be wrapped into act(...):
      
      act(() => {
        /* fire events that update state */
      });
      /* assert on the output */
      
      This ensures that you're testing the behavior the user would see in the browser. Learn more at https://reactjs.org/link/wrap-tests-with-act
          at Ideas (C:\Dev\EPA-final-project\client\src\pages\Ideas.tsx:46:37)
          at Router (C:\Dev\EPA-final-project\client\node_modules\react-router\lib\components.tsx:421:13)
          at BrowserRouter (C:\Dev\EPA-final-project\client\node_modules\react-router-dom\index.tsx:789:3)
          at Provider (C:\Dev\EPA-final-project\client\node_modules\react-redux\src\components\Provider.tsx:60:11)

    [0m [90m 74 |[39m       setError([32m'Failed to fetch ideas'[39m)[33m;[39m
     [90m 75 |[39m     } [36mfinally[39m {
    [31m[1m>[22m[39m[90m 76 |[39m       setLoading([36mfalse[39m)[33m;[39m
     [90m    |[39m       [31m[1m^[22m[39m
     [90m 77 |[39m     }
     [90m 78 |[39m   }[33m;[39m
     [90m 79 |[39m[0m

      at printWarning (node_modules/react-dom/cjs/react-dom.development.js:86:30)
      at error (node_modules/react-dom/cjs/react-dom.development.js:60:7)
      at warnIfUpdatesNotWrappedWithActDEV (node_modules/react-dom/cjs/react-dom.development.js:27628:9)
      at scheduleUpdateOnFiber (node_modules/react-dom/cjs/react-dom.development.js:25547:5)
      at setLoading (node_modules/react-dom/cjs/react-dom.development.js:16708:7)
      at fetchIdeas (src/pages/Ideas.tsx:76:7)

  ● Ideas Page › should render page title and description

    TestingLibraryElementError: Unable to find an element with the text: Community Ideas. This could be because the text is broken up by multiple elements. In this case, you can provide a function for your text matcher to make your matcher more flexible.

    Ignored nodes: comments, script, style
    [36m<body>[39m
      [36m<div>[39m
        [36m<div[39m
          [33mclass[39m=[32m"MuiContainer-root MuiContainer-maxWidthLg css-1oqqzyl-MuiContainer-root"[39m
        [36m>[39m
          [36m<div[39m
            [33mclass[39m=[32m"MuiBox-root css-14h3iqr"[39m
          [36m>[39m
            [36m<span[39m
              [33mclass[39m=[32m"MuiCircularProgress-root MuiCircularProgress-indeterminate MuiCircularProgress-colorPrimary css-18lrjg1-MuiCircularProgress-root"[39m
              [33mrole[39m=[32m"progressbar"[39m
              [33mstyle[39m=[32m"width: 40px; height: 40px;"[39m
            [36m>[39m
              [36m<svg[39m
                [33mclass[39m=[32m"MuiCircularProgress-svg css-1idz92c-MuiCircularProgress-svg"[39m
                [33mviewBox[39m=[32m"22 22 44 44"[39m
              [36m>[39m
                [36m<circle[39m
                  [33mclass[39m=[32m"MuiCircularProgress-circle MuiCircularProgress-circleIndeterminate css-176wh8e-MuiCircularProgress-circle"[39m
                  [33mcx[39m=[32m"44"[39m
                  [33mcy[39m=[32m"44"[39m
                  [33mfill[39m=[32m"none"[39m
                  [33mr[39m=[32m"20.2"[39m
                  [33mstroke-width[39m=[32m"3.6"[39m
                [36m/>[39m
              [36m</svg>[39m
            [36m</span>[39m
          [36m</div>[39m
        [36m</div>[39m
      [36m</div>[39m
    [36m</body>[39m

    [0m [90m 111 |[39m     )[33m;[39m
     [90m 112 |[39m
    [31m[1m>[22m[39m[90m 113 |[39m     expect(screen[33m.[39mgetByText([32m'Community Ideas'[39m))[33m.[39mtoBeInTheDocument()[33m;[39m
     [90m     |[39m                   [31m[1m^[22m[39m
     [90m 114 |[39m     expect(screen[33m.[39mgetByText([35m/Share your ideas for PwC One Firm One Day/i[39m))[33m.[39mtoBeInTheDocument()[33m;[39m
     [90m 115 |[39m   })[33m;[39m
     [90m 116 |[39m[0m

      at Object.getElementError (node_modules/@testing-library/dom/dist/config.js:37:19)
      at node_modules/@testing-library/dom/dist/query-helpers.js:76:38
      at node_modules/@testing-library/dom/dist/query-helpers.js:52:17
      at getByText (node_modules/@testing-library/dom/dist/query-helpers.js:95:19)
      at Object.<anonymous> (src/pages/Ideas.test.tsx:113:19)

  ● Ideas Page › should display submit idea button when user is logged in

    TestingLibraryElementError: Unable to find an element with the text: Submit Idea. This could be because the text is broken up by multiple elements. In this case, you can provide a function for your text matcher to make your matcher more flexible.

    Ignored nodes: comments, script, style
    [36m<body>[39m
      [36m<div>[39m
        [36m<div[39m
          [33mclass[39m=[32m"MuiContainer-root MuiContainer-maxWidthLg css-1oqqzyl-MuiContainer-root"[39m
        [36m>[39m
          [36m<div[39m
            [33mclass[39m=[32m"MuiBox-root css-14h3iqr"[39m
          [36m>[39m
            [36m<span[39m
              [33mclass[39m=[32m"MuiCircularProgress-root MuiCircularProgress-indeterminate MuiCircularProgress-colorPrimary css-18lrjg1-MuiCircularProgress-root"[39m
              [33mrole[39m=[32m"progressbar"[39m
              [33mstyle[39m=[32m"width: 40px; height: 40px;"[39m
            [36m>[39m
              [36m<svg[39m
                [33mclass[39m=[32m"MuiCircularProgress-svg css-1idz92c-MuiCircularProgress-svg"[39m
                [33mviewBox[39m=[32m"22 22 44 44"[39m
              [36m>[39m
                [36m<circle[39m
                  [33mclass[39m=[32m"MuiCircularProgress-circle MuiCircularProgress-circleIndeterminate css-176wh8e-MuiCircularProgress-circle"[39m
                  [33mcx[39m=[32m"44"[39m
                  [33mcy[39m=[32m"44"[39m
                  [33mfill[39m=[32m"none"[39m
                  [33mr[39m=[32m"20.2"[39m
                  [33mstroke-width[39m=[32m"3.6"[39m
                [36m/>[39m
              [36m</svg>[39m
            [36m</span>[39m
          [36m</div>[39m
        [36m</div>[39m
      [36m</div>[39m
    [36m</body>[39m

    [0m [90m 126 |[39m     )[33m;[39m
     [90m 127 |[39m
    [31m[1m>[22m[39m[90m 128 |[39m     expect(screen[33m.[39mgetByText([32m'Submit Idea'[39m))[33m.[39mtoBeInTheDocument()[33m;[39m
     [90m     |[39m                   [31m[1m^[22m[39m
     [90m 129 |[39m   })[33m;[39m
     [90m 130 |[39m
     [90m 131 |[39m   it([32m'should not display submit idea button when user is not logged in'[39m[33m,[39m () [33m=>[39m {[0m

      at Object.getElementError (node_modules/@testing-library/dom/dist/config.js:37:19)
      at node_modules/@testing-library/dom/dist/query-helpers.js:76:38
      at node_modules/@testing-library/dom/dist/query-helpers.js:52:17
      at getByText (node_modules/@testing-library/dom/dist/query-helpers.js:95:19)
      at Object.<anonymous> (src/pages/Ideas.test.tsx:128:19)

  ● Ideas Page › should filter ideas by category

    TestingLibraryElementError: Found a label with the text of: /Category/i, however no form control was found associated to that label. Make sure you're using the "for" attribute or "aria-labelledby" attribute correctly.

    Ignored nodes: comments, script, style
    [36m<body>[39m
      [36m<div>[39m
        [36m<div[39m
          [33mclass[39m=[32m"MuiContainer-root MuiContainer-maxWidthLg css-1oqqzyl-MuiContainer-root"[39m
        [36m>[39m
          [36m<div[39m
            [33mclass[39m=[32m"MuiBox-root css-zitybv"[39m
          [36m>[39m
            [36m<div[39m
              [33mclass[39m=[32m"MuiBox-root css-4c94nt"[39m
            [36m>[39m
              [36m<div[39m
                [33mclass[39m=[32m"MuiBox-root css-0"[39m
              [36m>[39m
                [36m<h1[39m
                  [33mclass[39m=[32m"MuiTypography-root MuiTypography-h4 MuiTypography-gutterBottom css-1vw6mcs-MuiTypography-root"[39m
                [36m>[39m
                  [0mCommunity Ideas[0m
                [36m</h1>[39m
                [36m<h6[39m
                  [33mclass[39m=[32m"MuiTypography-root MuiTypography-subtitle1 css-ecpxie-MuiTypography-root"[39m
                [36m>[39m
                  [0mShare your ideas for PwC One Firm One Day volunteer initiatives[0m
                [36m</h6>[39m
              [36m</div>[39m
              [36m<button[39m
                [33mclass[39m=[32m"MuiButtonBase-root MuiButton-root MuiButton-contained MuiButton-containedPrimary MuiButton-sizeLarge MuiButton-containedSizeLarge MuiButton-colorPrimary MuiButton-root MuiButton-contained MuiButton-containedPrimary MuiButton-sizeLarge MuiButton-containedSizeLarge MuiButton-colorPrimary css-jh47zj-MuiButtonBase-root-MuiButton-root"[39m
                [33mtabindex[39m=[32m"0"[39m
                [33mtype[39m=[32m"button"[39m
              [36m>[39m
                [0mSubmit Idea[0m
                [36m<span[39m
                  [33mclass[39m=[32m"MuiTouchRipple-root css-8je8zh-MuiTouchRipple-root"[39m
                [36m/>[39m
              [36m</button>[39m
            [36m</div>[39m
            [36m<div[39m
              [33mclass[39m=[32m"MuiBox-root css-19x4egf"[39m
            [36m>[39m
              [36m<div[39m
                [33mclass[39m=[32m"MuiFormControl-root MuiTextField-root css-18bz3y-MuiFormControl-root-MuiTextField-root"[39m
              [36m>[39m
                [36m<label[39m
                  [33mclass[39m=[32m"MuiFormLabel-root MuiInputLabel-root MuiInputLabel-formControl MuiInputLabel-animated MuiInputLabel-sizeSmall MuiInputLabel-outlined MuiFormLabel-colorPrimary MuiInputLabel-root MuiInputLabel-formControl MuiInputLabel-animated MuiInputLabel-sizeSmall MuiInputLabel-outlined css-1pysi21-MuiFormLabel-root-MuiInputLabel-root"[39m
                  [33mdata-shrink[39m=[32m"false"[39m
                  [33mfor[39m=[32m":r6:"[39m
                  [33mid[39m=[32m":r6:-label"[39m
                [36m>[39m
                  [0mSearch[0m
                [36m</label>[39m
                [36m<div[39m
                  [33mclass[39m=[32m"MuiInputBase-root MuiOutlinedInput-root MuiInputBase-colorPrimary MuiInputBase-formControl MuiInputBase-sizeSmall css-9ddj71-MuiInputBase-root-MuiOutlinedInput-root"[39m
                [36m>[39m
                  [36m<input[39m
                    [33maria-invalid[39m=[32m"false"[39m
                    [33mclass[39m=[32m"MuiInputBase-input MuiOutlinedInput-input MuiInputBase-inputSizeSmall css-1n4twyu-MuiInputBase-input-MuiOutlinedInput-input"[39m
                    [33mid[39m=[32m":r6:"[39m
                    [33mplaceholder[39m=[32m"Search ideas..."[39m
                    [33mtype[39m=[32m"text"[39m
                    [33mvalue[39m=[32m""[39m
                  [36m/>[39m
                  [36m<fieldset[39m
                    [33maria-hidden[39m=[32m"true"[39m
                    [33mclass[39m=[32m"MuiOutlinedInput-notchedOutline css-r01yff-MuiNotchedOutlined-root-MuiOutlinedInput-notchedOutline"[39m
                  [36m>[39m
                    [36m<legend[39m
                      [33mclass[39m=[32m"css-njhac4-MuiNotchedOutlined-root"[39m
                    [36m>[39m
                      [36m<span>[39m
                        [0mSearch[0m
                      [36m</span>[39m
                    [36m</legend>[39m
                  [36m</fieldset>[39m
                [36m</div>[39m
              [36m</div>[39m
              [36m<div[39m
                [33mclass[39m=[32m"MuiFormControl-root css-dru9rs-MuiFormControl-root"[39m
              [36m>[39m
                [36m<label[39m
                  [33mclass[39m=[32m"MuiFormLabel-root MuiInputLabel-root MuiInputLabel-formControl MuiInputLabel-animated MuiInputLabel-sizeSmall MuiInputLabel-outlined MuiFormLabel-colorPrimary MuiInputLabel-root MuiInputLabel-formControl MuiInputLabel-animated MuiInputLabel-sizeSmall MuiInputLabel-outlined css-1pysi21-MuiFormLabel-root-MuiInputLabel-root"[39m
                  [33mdata-shrink[39m=[32m"false"[39m
                [36m>[39m
                  [0mCategory[0m
                [36m</label>[39m
                [36m<div[39m
                  [33mclass[39m=[32m"MuiInputBase-root MuiOutlinedInput-root MuiInputBase-colorPrimary MuiInputBase-formControl MuiInputBase-sizeSmall css-1yk1gt9-MuiInputBase-root-MuiOutlinedInput-root-MuiSelect-root"[39m
                [36m>[39m
                  [36m<div[39m
                    [33maria-controls[39m=[32m":r7:"[39m
                    [33maria-expanded[39m=[32m"false"[39m
                    [33maria-haspopup[39m=[32m"listbox"[39m
                    [33mclass[39m=[32m"MuiSelect-select MuiSelect-outlined MuiInputBase-input MuiOutlinedInput-input MuiInputBase-inputSizeSmall css-jedpe8-MuiSelect-select-MuiInputBase-input-MuiOutlinedInput-input"[39m
                    [33mrole[39m=[32m"combobox"[39m
                    [33mtabindex[39m=[32m"0"[39m
                  [36m>[39m
                    [36m<span[39m
                      [33mclass[39m=[32m"notranslate"[39m
                    [36m>[39m
                      [0m​[0m
                    [36m</span>[39m
                  [36m</div>[39m
                  [36m<input[39m
                    [33maria-hidden[39m=[32m"true"[39m
                    [33maria-invalid[39m=[32m"false"[39m
                    [33mclass[39m=[32m"MuiSelect-nativeInput css-yf8vq0-MuiSelect-nativeInput"[39m
                    [33mtabindex[39m=[32m"-1"[39m
                    [33mvalue[39m=[32m""[39m
                  [36m/>[39m
                  [36m<svg[39m
                    [33maria-hidden[39m=[32m"true"[39m
                    [33mclass[39m=[32m"MuiSvgIcon-root MuiSvgIcon-fontSizeMedium MuiSelect-icon MuiSelect-iconOutlined css-hfutr2-MuiSvgIcon-root-MuiSelect-icon"[39m
                    [33mdata-testid[39m=[32m"ArrowDropDownIcon"[39m
                    [33mfocusable[39m=[32m"false"[39m
                    [33mviewBox[39m=[32m"0 0 24 24"[39m
                  [36m>[39m
                    [36m<path[39m
                      [33md[39m=[32m"M7 10l5 5 5-5z"[39m
                    [36m/>[39m
                  [36m</svg>[39m
                  [36m<fieldset[39m
                    [33maria-hidden[39m=[32m"true"[39m
                    [33mclass[39m=[32m"MuiOutlinedInput-notchedOutline css-r01yff-MuiNotchedOutlined-root-MuiOutlinedInput-notchedOutline"[39m
                  [36m...

    [0m [90m 238 |[39m     })[33m;[39m
     [90m 239 |[39m
    [31m[1m>[22m[39m[90m 240 |[39m     [36mconst[39m categoryFilter [33m=[39m screen[33m.[39mgetByLabelText([35m/Category/i[39m)[33m;[39m
     [90m     |[39m                                   [31m[1m^[22m[39m
     [90m 241 |[39m     fireEvent[33m.[39mchange(categoryFilter[33m,[39m { target[33m:[39m { value[33m:[39m [32m'Environment'[39m } })[33m;[39m
     [90m 242 |[39m
     [90m 243 |[39m     expect(screen[33m.[39mgetByText([32m'Community Garden'[39m))[33m.[39mtoBeInTheDocument()[33m;[39m[0m

      at Object.getElementError (node_modules/@testing-library/dom/dist/config.js:37:19)
      at getAllByLabelText (node_modules/@testing-library/dom/dist/queries/label-text.js:108:40)
      at node_modules/@testing-library/dom/dist/query-helpers.js:52:17
      at getByLabelText (node_modules/@testing-library/dom/dist/query-helpers.js:95:19)
      at Object.<anonymous> (src/pages/Ideas.test.tsx:240:35)

  ● Ideas Page › should filter ideas by status

    TestingLibraryElementError: Found a label with the text of: /Status/i, however no form control was found associated to that label. Make sure you're using the "for" attribute or "aria-labelledby" attribute correctly.

    Ignored nodes: comments, script, style
    [36m<body>[39m
      [36m<div>[39m
        [36m<div[39m
          [33mclass[39m=[32m"MuiContainer-root MuiContainer-maxWidthLg css-1oqqzyl-MuiContainer-root"[39m
        [36m>[39m
          [36m<div[39m
            [33mclass[39m=[32m"MuiBox-root css-zitybv"[39m
          [36m>[39m
            [36m<div[39m
              [33mclass[39m=[32m"MuiBox-root css-4c94nt"[39m
            [36m>[39m
              [36m<div[39m
                [33mclass[39m=[32m"MuiBox-root css-0"[39m
              [36m>[39m
                [36m<h1[39m
                  [33mclass[39m=[32m"MuiTypography-root MuiTypography-h4 MuiTypography-gutterBottom css-1vw6mcs-MuiTypography-root"[39m
                [36m>[39m
                  [0mCommunity Ideas[0m
                [36m</h1>[39m
                [36m<h6[39m
                  [33mclass[39m=[32m"MuiTypography-root MuiTypography-subtitle1 css-ecpxie-MuiTypography-root"[39m
                [36m>[39m
                  [0mShare your ideas for PwC One Firm One Day volunteer initiatives[0m
                [36m</h6>[39m
              [36m</div>[39m
              [36m<button[39m
                [33mclass[39m=[32m"MuiButtonBase-root MuiButton-root MuiButton-contained MuiButton-containedPrimary MuiButton-sizeLarge MuiButton-containedSizeLarge MuiButton-colorPrimary MuiButton-root MuiButton-contained MuiButton-containedPrimary MuiButton-sizeLarge MuiButton-containedSizeLarge MuiButton-colorPrimary css-jh47zj-MuiButtonBase-root-MuiButton-root"[39m
                [33mtabindex[39m=[32m"0"[39m
                [33mtype[39m=[32m"button"[39m
              [36m>[39m
                [0mSubmit Idea[0m
                [36m<span[39m
                  [33mclass[39m=[32m"MuiTouchRipple-root css-8je8zh-MuiTouchRipple-root"[39m
                [36m/>[39m
              [36m</button>[39m
            [36m</div>[39m
            [36m<div[39m
              [33mclass[39m=[32m"MuiBox-root css-19x4egf"[39m
            [36m>[39m
              [36m<div[39m
                [33mclass[39m=[32m"MuiFormControl-root MuiTextField-root css-18bz3y-MuiFormControl-root-MuiTextField-root"[39m
              [36m>[39m
                [36m<label[39m
                  [33mclass[39m=[32m"MuiFormLabel-root MuiInputLabel-root MuiInputLabel-formControl MuiInputLabel-animated MuiInputLabel-sizeSmall MuiInputLabel-outlined MuiFormLabel-colorPrimary MuiInputLabel-root MuiInputLabel-formControl MuiInputLabel-animated MuiInputLabel-sizeSmall MuiInputLabel-outlined css-1pysi21-MuiFormLabel-root-MuiInputLabel-root"[39m
                  [33mdata-shrink[39m=[32m"false"[39m
                  [33mfor[39m=[32m":r9:"[39m
                  [33mid[39m=[32m":r9:-label"[39m
                [36m>[39m
                  [0mSearch[0m
                [36m</label>[39m
                [36m<div[39m
                  [33mclass[39m=[32m"MuiInputBase-root MuiOutlinedInput-root MuiInputBase-colorPrimary MuiInputBase-formControl MuiInputBase-sizeSmall css-9ddj71-MuiInputBase-root-MuiOutlinedInput-root"[39m
                [36m>[39m
                  [36m<input[39m
                    [33maria-invalid[39m=[32m"false"[39m
                    [33mclass[39m=[32m"MuiInputBase-input MuiOutlinedInput-input MuiInputBase-inputSizeSmall css-1n4twyu-MuiInputBase-input-MuiOutlinedInput-input"[39m
                    [33mid[39m=[32m":r9:"[39m
                    [33mplaceholder[39m=[32m"Search ideas..."[39m
                    [33mtype[39m=[32m"text"[39m
                    [33mvalue[39m=[32m""[39m
                  [36m/>[39m
                  [36m<fieldset[39m
                    [33maria-hidden[39m=[32m"true"[39m
                    [33mclass[39m=[32m"MuiOutlinedInput-notchedOutline css-r01yff-MuiNotchedOutlined-root-MuiOutlinedInput-notchedOutline"[39m
                  [36m>[39m
                    [36m<legend[39m
                      [33mclass[39m=[32m"css-njhac4-MuiNotchedOutlined-root"[39m
                    [36m>[39m
                      [36m<span>[39m
                        [0mSearch[0m
                      [36m</span>[39m
                    [36m</legend>[39m
                  [36m</fieldset>[39m
                [36m</div>[39m
              [36m</div>[39m
              [36m<div[39m
                [33mclass[39m=[32m"MuiFormControl-root css-dru9rs-MuiFormControl-root"[39m
              [36m>[39m
                [36m<label[39m
                  [33mclass[39m=[32m"MuiFormLabel-root MuiInputLabel-root MuiInputLabel-formControl MuiInputLabel-animated MuiInputLabel-sizeSmall MuiInputLabel-outlined MuiFormLabel-colorPrimary MuiInputLabel-root MuiInputLabel-formControl MuiInputLabel-animated MuiInputLabel-sizeSmall MuiInputLabel-outlined css-1pysi21-MuiFormLabel-root-MuiInputLabel-root"[39m
                  [33mdata-shrink[39m=[32m"false"[39m
                [36m>[39m
                  [0mCategory[0m
                [36m</label>[39m
                [36m<div[39m
                  [33mclass[39m=[32m"MuiInputBase-root MuiOutlinedInput-root MuiInputBase-colorPrimary MuiInputBase-formControl MuiInputBase-sizeSmall css-1yk1gt9-MuiInputBase-root-MuiOutlinedInput-root-MuiSelect-root"[39m
                [36m>[39m
                  [36m<div[39m
                    [33maria-controls[39m=[32m":ra:"[39m
                    [33maria-expanded[39m=[32m"false"[39m
                    [33maria-haspopup[39m=[32m"listbox"[39m
                    [33mclass[39m=[32m"MuiSelect-select MuiSelect-outlined MuiInputBase-input MuiOutlinedInput-input MuiInputBase-inputSizeSmall css-jedpe8-MuiSelect-select-MuiInputBase-input-MuiOutlinedInput-input"[39m
                    [33mrole[39m=[32m"combobox"[39m
                    [33mtabindex[39m=[32m"0"[39m
                  [36m>[39m
                    [36m<span[39m
                      [33mclass[39m=[32m"notranslate"[39m
                    [36m>[39m
                      [0m​[0m
                    [36m</span>[39m
                  [36m</div>[39m
                  [36m<input[39m
                    [33maria-hidden[39m=[32m"true"[39m
                    [33maria-invalid[39m=[32m"false"[39m
                    [33mclass[39m=[32m"MuiSelect-nativeInput css-yf8vq0-MuiSelect-nativeInput"[39m
                    [33mtabindex[39m=[32m"-1"[39m
                    [33mvalue[39m=[32m""[39m
                  [36m/>[39m
                  [36m<svg[39m
                    [33maria-hidden[39m=[32m"true"[39m
                    [33mclass[39m=[32m"MuiSvgIcon-root MuiSvgIcon-fontSizeMedium MuiSelect-icon MuiSelect-iconOutlined css-hfutr2-MuiSvgIcon-root-MuiSelect-icon"[39m
                    [33mdata-testid[39m=[32m"ArrowDropDownIcon"[39m
                    [33mfocusable[39m=[32m"false"[39m
                    [33mviewBox[39m=[32m"0 0 24 24"[39m
                  [36m>[39m
                    [36m<path[39m
                      [33md[39m=[32m"M7 10l5 5 5-5z"[39m
                    [36m/>[39m
                  [36m</svg>[39m
                  [36m<fieldset[39m
                    [33maria-hidden[39m=[32m"true"[39m
                    [33mclass[39m=[32m"MuiOutlinedInput-notchedOutline css-r01yff-MuiNotchedOutlined-root-MuiOutlinedInput-notchedOutline"[39m
                  [36m...

    [0m [90m 260 |[39m     })[33m;[39m
     [90m 261 |[39m
    [31m[1m>[22m[39m[90m 262 |[39m     [36mconst[39m statusFilter [33m=[39m screen[33m.[39mgetByLabelText([35m/Status/i[39m)[33m;[39m
     [90m     |[39m                                 [31m[1m^[22m[39m
     [90m 263 |[39m     fireEvent[33m.[39mchange(statusFilter[33m,[39m { target[33m:[39m { value[33m:[39m [32m'approved'[39m } })[33m;[39m
     [90m 264 |[39m
     [90m 265 |[39m     expect(screen[33m.[39mqueryByText([32m'Community Garden'[39m))[33m.[39mnot[33m.[39mtoBeInTheDocument()[33m;[39m[0m

      at Object.getElementError (node_modules/@testing-library/dom/dist/config.js:37:19)
      at getAllByLabelText (node_modules/@testing-library/dom/dist/queries/label-text.js:108:40)
      at node_modules/@testing-library/dom/dist/query-helpers.js:52:17
      at getByLabelText (node_modules/@testing-library/dom/dist/query-helpers.js:95:19)
      at Object.<anonymous> (src/pages/Ideas.test.tsx:262:33)

  ● Ideas Page › should navigate to create idea page when submit button clicked

    TestingLibraryElementError: Unable to find an element with the text: Submit Idea. This could be because the text is broken up by multiple elements. In this case, you can provide a function for your text matcher to make your matcher more flexible.

    Ignored nodes: comments, script, style
    [36m<body>[39m
      [36m<div>[39m
        [36m<div[39m
          [33mclass[39m=[32m"MuiContainer-root MuiContainer-maxWidthLg css-1oqqzyl-MuiContainer-root"[39m
        [36m>[39m
          [36m<div[39m
            [33mclass[39m=[32m"MuiBox-root css-14h3iqr"[39m
          [36m>[39m
            [36m<span[39m
              [33mclass[39m=[32m"MuiCircularProgress-root MuiCircularProgress-indeterminate MuiCircularProgress-colorPrimary css-18lrjg1-MuiCircularProgress-root"[39m
              [33mrole[39m=[32m"progressbar"[39m
              [33mstyle[39m=[32m"width: 40px; height: 40px;"[39m
            [36m>[39m
              [36m<svg[39m
                [33mclass[39m=[32m"MuiCircularProgress-svg css-1idz92c-MuiCircularProgress-svg"[39m
                [33mviewBox[39m=[32m"22 22 44 44"[39m
              [36m>[39m
                [36m<circle[39m
                  [33mclass[39m=[32m"MuiCircularProgress-circle MuiCircularProgress-circleIndeterminate css-176wh8e-MuiCircularProgress-circle"[39m
                  [33mcx[39m=[32m"44"[39m
                  [33mcy[39m=[32m"44"[39m
                  [33mfill[39m=[32m"none"[39m
                  [33mr[39m=[32m"20.2"[39m
                  [33mstroke-width[39m=[32m"3.6"[39m
                [36m/>[39m
              [36m</svg>[39m
            [36m</span>[39m
          [36m</div>[39m
        [36m</div>[39m
      [36m</div>[39m
    [36m</body>[39m

    [0m [90m 406 |[39m     )[33m;[39m
     [90m 407 |[39m
    [31m[1m>[22m[39m[90m 408 |[39m     [36mconst[39m submitButton [33m=[39m screen[33m.[39mgetByText([32m'Submit Idea'[39m)[33m;[39m
     [90m     |[39m                                 [31m[1m^[22m[39m
     [90m 409 |[39m     fireEvent[33m.[39mclick(submitButton)[33m;[39m
     [90m 410 |[39m   })[33m;[39m
     [90m 411 |[39m[0m

      at Object.getElementError (node_modules/@testing-library/dom/dist/config.js:37:19)
      at node_modules/@testing-library/dom/dist/query-helpers.js:76:38
      at node_modules/@testing-library/dom/dist/query-helpers.js:52:17
      at getByText (node_modules/@testing-library/dom/dist/query-helpers.js:95:19)
      at Object.<anonymous> (src/pages/Ideas.test.tsx:408:33)

FAIL src/pages/AdminDashboard.test.tsx (22.873 s)
  ● Console

    console.warn
      ⚠️ React Router Future Flag Warning: React Router will begin wrapping state updates in `React.startTransition` in v7. You can use the `v7_startTransition` future flag to opt-in early. For more information, see https://reactrouter.com/v6/upgrading/future#v7_starttransition.

    [0m [90m 85 |[39m     [36mconst[39m store [33m=[39m createMockStore()[33m;[39m
     [90m 86 |[39m
    [31m[1m>[22m[39m[90m 87 |[39m     render(
     [90m    |[39m           [31m[1m^[22m[39m
     [90m 88 |[39m       [33m<[39m[33mProvider[39m store[33m=[39m{store}[33m>[39m
     [90m 89 |[39m         [33m<[39m[33mBrowserRouter[39m[33m>[39m
     [90m 90 |[39m           [33m<[39m[33mAdminDashboard[39m [33m/[39m[33m>[39m[0m

      at warnOnce (node_modules/react-router/lib/deprecations.ts:9:13)
      at logDeprecation (node_modules/react-router/lib/deprecations.ts:14:3)
      at Object.logV6DeprecationWarnings [as UNSAFE_logV6DeprecationWarnings] (node_modules/react-router/lib/deprecations.ts:26:5)
      at node_modules/react-router-dom/index.tsx:816:25
      at commitHookEffectListMount (node_modules/react-dom/cjs/react-dom.development.js:23189:26)
      at commitPassiveMountOnFiber (node_modules/react-dom/cjs/react-dom.development.js:24970:11)
      at commitPassiveMountEffects_complete (node_modules/react-dom/cjs/react-dom.development.js:24930:9)
      at commitPassiveMountEffects_begin (node_modules/react-dom/cjs/react-dom.development.js:24917:7)
      at commitPassiveMountEffects (node_modules/react-dom/cjs/react-dom.development.js:24905:3)
      at flushPassiveEffectsImpl (node_modules/react-dom/cjs/react-dom.development.js:27078:3)
      at flushPassiveEffects (node_modules/react-dom/cjs/react-dom.development.js:27023:14)
      at node_modules/react-dom/cjs/react-dom.development.js:26808:9
      at flushActQueue (node_modules/react/cjs/react.development.js:2667:24)
      at act (node_modules/react/cjs/react.development.js:2582:11)
      at node_modules/@testing-library/react/dist/act-compat.js:47:25
      at renderRoot (node_modules/@testing-library/react/dist/pure.js:190:26)
      at render (node_modules/@testing-library/react/dist/pure.js:292:10)
      at Object.<anonymous> (src/pages/AdminDashboard.test.tsx:87:11)

    console.warn
      ⚠️ React Router Future Flag Warning: Relative route resolution within Splat routes is changing in v7. You can use the `v7_relativeSplatPath` future flag to opt-in early. For more information, see https://reactrouter.com/v6/upgrading/future#v7_relativesplatpath.

    [0m [90m 85 |[39m     [36mconst[39m store [33m=[39m createMockStore()[33m;[39m
     [90m 86 |[39m
    [31m[1m>[22m[39m[90m 87 |[39m     render(
     [90m    |[39m           [31m[1m^[22m[39m
     [90m 88 |[39m       [33m<[39m[33mProvider[39m store[33m=[39m{store}[33m>[39m
     [90m 89 |[39m         [33m<[39m[33mBrowserRouter[39m[33m>[39m
     [90m 90 |[39m           [33m<[39m[33mAdminDashboard[39m [33m/[39m[33m>[39m[0m

      at warnOnce (node_modules/react-router/lib/deprecations.ts:9:13)
      at logDeprecation (node_modules/react-router/lib/deprecations.ts:14:3)
      at Object.logV6DeprecationWarnings [as UNSAFE_logV6DeprecationWarnings] (node_modules/react-router/lib/deprecations.ts:37:5)
      at node_modules/react-router-dom/index.tsx:816:25
      at commitHookEffectListMount (node_modules/react-dom/cjs/react-dom.development.js:23189:26)
      at commitPassiveMountOnFiber (node_modules/react-dom/cjs/react-dom.development.js:24970:11)
      at commitPassiveMountEffects_complete (node_modules/react-dom/cjs/react-dom.development.js:24930:9)
      at commitPassiveMountEffects_begin (node_modules/react-dom/cjs/react-dom.development.js:24917:7)
      at commitPassiveMountEffects (node_modules/react-dom/cjs/react-dom.development.js:24905:3)
      at flushPassiveEffectsImpl (node_modules/react-dom/cjs/react-dom.development.js:27078:3)
      at flushPassiveEffects (node_modules/react-dom/cjs/react-dom.development.js:27023:14)
      at node_modules/react-dom/cjs/react-dom.development.js:26808:9
      at flushActQueue (node_modules/react/cjs/react.development.js:2667:24)
      at act (node_modules/react/cjs/react.development.js:2582:11)
      at node_modules/@testing-library/react/dist/act-compat.js:47:25
      at renderRoot (node_modules/@testing-library/react/dist/pure.js:190:26)
      at render (node_modules/@testing-library/react/dist/pure.js:292:10)
      at Object.<anonymous> (src/pages/AdminDashboard.test.tsx:87:11)

    console.error
      Warning: An update to AdminDashboard inside a test was not wrapped in act(...).
      
      When testing, code that causes React state updates should be wrapped into act(...):
      
      act(() => {
        /* fire events that update state */
      });
      /* assert on the output */
      
      This ensures that you're testing the behavior the user would see in the browser. Learn more at https://reactjs.org/link/wrap-tests-with-act
          at AdminDashboard (C:\Dev\EPA-final-project\client\src\pages\AdminDashboard.tsx:57:37)
          at Router (C:\Dev\EPA-final-project\client\node_modules\react-router\lib\components.tsx:421:13)
          at BrowserRouter (C:\Dev\EPA-final-project\client\node_modules\react-router-dom\index.tsx:789:3)
          at Provider (C:\Dev\EPA-final-project\client\node_modules\react-redux\src\components\Provider.tsx:60:11)

    [0m [90m 89 |[39m
     [90m 90 |[39m       [36mif[39m (statsResponse[33m.[39mdata[33m.[39msuccess) {
    [31m[1m>[22m[39m[90m 91 |[39m         setStats(statsResponse[33m.[39mdata[33m.[39mdata)[33m;[39m
     [90m    |[39m         [31m[1m^[22m[39m
     [90m 92 |[39m       }
     [90m 93 |[39m
     [90m 94 |[39m       [36mif[39m (pendingResponse[33m.[39mdata[33m.[39msuccess) {[0m

      at printWarning (node_modules/react-dom/cjs/react-dom.development.js:86:30)
      at error (node_modules/react-dom/cjs/react-dom.development.js:60:7)
      at warnIfUpdatesNotWrappedWithActDEV (node_modules/react-dom/cjs/react-dom.development.js:27628:9)
      at scheduleUpdateOnFiber (node_modules/react-dom/cjs/react-dom.development.js:25547:5)
      at setStats (node_modules/react-dom/cjs/react-dom.development.js:16708:7)
      at fetchDashboardData (src/pages/AdminDashboard.tsx:91:9)

    console.error
      Warning: An update to AdminDashboard inside a test was not wrapped in act(...).
      
      When testing, code that causes React state updates should be wrapped into act(...):
      
      act(() => {
        /* fire events that update state */
      });
      /* assert on the output */
      
      This ensures that you're testing the behavior the user would see in the browser. Learn more at https://reactjs.org/link/wrap-tests-with-act
          at AdminDashboard (C:\Dev\EPA-final-project\client\src\pages\AdminDashboard.tsx:57:37)
          at Router (C:\Dev\EPA-final-project\client\node_modules\react-router\lib\components.tsx:421:13)
          at BrowserRouter (C:\Dev\EPA-final-project\client\node_modules\react-router-dom\index.tsx:789:3)
          at Provider (C:\Dev\EPA-final-project\client\node_modules\react-redux\src\components\Provider.tsx:60:11)

    [0m [90m 93 |[39m
     [90m 94 |[39m       [36mif[39m (pendingResponse[33m.[39mdata[33m.[39msuccess) {
    [31m[1m>[22m[39m[90m 95 |[39m         setPendingIdeas(pendingResponse[33m.[39mdata[33m.[39mdata)[33m;[39m
     [90m    |[39m         [31m[1m^[22m[39m
     [90m 96 |[39m       }
     [90m 97 |[39m
     [90m 98 |[39m       [36mif[39m (approvedResponse[33m.[39mdata[33m.[39msuccess) {[0m

      at printWarning (node_modules/react-dom/cjs/react-dom.development.js:86:30)
      at error (node_modules/react-dom/cjs/react-dom.development.js:60:7)
      at warnIfUpdatesNotWrappedWithActDEV (node_modules/react-dom/cjs/react-dom.development.js:27628:9)
      at scheduleUpdateOnFiber (node_modules/react-dom/cjs/react-dom.development.js:25547:5)
      at setPendingIdeas (node_modules/react-dom/cjs/react-dom.development.js:16708:7)
      at fetchDashboardData (src/pages/AdminDashboard.tsx:95:9)

    console.error
      Warning: An update to AdminDashboard inside a test was not wrapped in act(...).
      
      When testing, code that causes React state updates should be wrapped into act(...):
      
      act(() => {
        /* fire events that update state */
      });
      /* assert on the output */
      
      This ensures that you're testing the behavior the user would see in the browser. Learn more at https://reactjs.org/link/wrap-tests-with-act
          at AdminDashboard (C:\Dev\EPA-final-project\client\src\pages\AdminDashboard.tsx:57:37)
          at Router (C:\Dev\EPA-final-project\client\node_modules\react-router\lib\components.tsx:421:13)
          at BrowserRouter (C:\Dev\EPA-final-project\client\node_modules\react-router-dom\index.tsx:789:3)
          at Provider (C:\Dev\EPA-final-project\client\node_modules\react-redux\src\components\Provider.tsx:60:11)

    [0m [90m  97 |[39m
     [90m  98 |[39m       [36mif[39m (approvedResponse[33m.[39mdata[33m.[39msuccess) {
    [31m[1m>[22m[39m[90m  99 |[39m         setApprovedIdeas(approvedResponse[33m.[39mdata[33m.[39mdata)[33m;[39m
     [90m     |[39m         [31m[1m^[22m[39m
     [90m 100 |[39m       }
     [90m 101 |[39m     } [36mcatch[39m (err[33m:[39m any) {
     [90m 102 |[39m       console[33m.[39merror([32m'Error fetching dashboard data:'[39m[33m,[39m err)[33m;[39m[0m

      at printWarning (node_modules/react-dom/cjs/react-dom.development.js:86:30)
      at error (node_modules/react-dom/cjs/react-dom.development.js:60:7)
      at warnIfUpdatesNotWrappedWithActDEV (node_modules/react-dom/cjs/react-dom.development.js:27628:9)
      at scheduleUpdateOnFiber (node_modules/react-dom/cjs/react-dom.development.js:25547:5)
      at setApprovedIdeas (node_modules/react-dom/cjs/react-dom.development.js:16708:7)
      at fetchDashboardData (src/pages/AdminDashboard.tsx:99:9)

    console.error
      Warning: An update to AdminDashboard inside a test was not wrapped in act(...).
      
      When testing, code that causes React state updates should be wrapped into act(...):
      
      act(() => {
        /* fire events that update state */
      });
      /* assert on the output */
      
      This ensures that you're testing the behavior the user would see in the browser. Learn more at https://reactjs.org/link/wrap-tests-with-act
          at AdminDashboard (C:\Dev\EPA-final-project\client\src\pages\AdminDashboard.tsx:57:37)
          at Router (C:\Dev\EPA-final-project\client\node_modules\react-router\lib\components.tsx:421:13)
          at BrowserRouter (C:\Dev\EPA-final-project\client\node_modules\react-router-dom\index.tsx:789:3)
          at Provider (C:\Dev\EPA-final-project\client\node_modules\react-redux\src\components\Provider.tsx:60:11)

    [0m [90m 103 |[39m       setError([32m'Failed to load dashboard data'[39m)[33m;[39m
     [90m 104 |[39m     } [36mfinally[39m {
    [31m[1m>[22m[39m[90m 105 |[39m       setLoading([36mfalse[39m)[33m;[39m
     [90m     |[39m       [31m[1m^[22m[39m
     [90m 106 |[39m     }
     [90m 107 |[39m   }[33m;[39m
     [90m 108 |[39m[0m

      at printWarning (node_modules/react-dom/cjs/react-dom.development.js:86:30)
      at error (node_modules/react-dom/cjs/react-dom.development.js:60:7)
      at warnIfUpdatesNotWrappedWithActDEV (node_modules/react-dom/cjs/react-dom.development.js:27628:9)
      at scheduleUpdateOnFiber (node_modules/react-dom/cjs/react-dom.development.js:25547:5)
      at setLoading (node_modules/react-dom/cjs/react-dom.development.js:16708:7)
      at fetchDashboardData (src/pages/AdminDashboard.tsx:105:7)

    console.error
      Error fetching dashboard data: Error: Failed to fetch
          at Object.<anonymous> (C:\Dev\EPA-final-project\client\src\pages\AdminDashboard.test.tsx:140:39)
          at Promise.then.completed (C:\Dev\EPA-final-project\client\node_modules\jest-circus\build\utils.js:391:28)
          at new Promise (<anonymous>)
          at callAsyncCircusFn (C:\Dev\EPA-final-project\client\node_modules\jest-circus\build\utils.js:316:10)
          at _callCircusTest (C:\Dev\EPA-final-project\client\node_modules\jest-circus\build\run.js:218:40)
          at _runTest (C:\Dev\EPA-final-project\client\node_modules\jest-circus\build\run.js:155:3)
          at _runTestsForDescribeBlock (C:\Dev\EPA-final-project\client\node_modules\jest-circus\build\run.js:66:9)
          at _runTestsForDescribeBlock (C:\Dev\EPA-final-project\client\node_modules\jest-circus\build\run.js:60:9)
          at run (C:\Dev\EPA-final-project\client\node_modules\jest-circus\build\run.js:25:3)
          at runAndTransformResultsToJestFormat (C:\Dev\EPA-final-project\client\node_modules\jest-circus\build\legacy-code-todo-rewrite\jestAdapterInit.js:170:21)
          at jestAdapter (C:\Dev\EPA-final-project\client\node_modules\jest-circus\build\legacy-code-todo-rewrite\jestAdapter.js:82:19)
          at runTestInternal (C:\Dev\EPA-final-project\client\node_modules\jest-runner\build\runTest.js:389:16)
          at runTest (C:\Dev\EPA-final-project\client\node_modules\jest-runner\build\runTest.js:475:34)
          at Object.worker (C:\Dev\EPA-final-project\client\node_modules\jest-runner\build\testWorker.js:133:12)

    [0m [90m 100 |[39m       }
     [90m 101 |[39m     } [36mcatch[39m (err[33m:[39m any) {
    [31m[1m>[22m[39m[90m 102 |[39m       console[33m.[39merror([32m'Error fetching dashboard data:'[39m[33m,[39m err)[33m;[39m
     [90m     |[39m               [31m[1m^[22m[39m
     [90m 103 |[39m       setError([32m'Failed to load dashboard data'[39m)[33m;[39m
     [90m 104 |[39m     } [36mfinally[39m {
     [90m 105 |[39m       setLoading([36mfalse[39m)[33m;[39m[0m

      at fetchDashboardData (src/pages/AdminDashboard.tsx:102:15)

  ● AdminDashboard › should render admin dashboard title

    TestingLibraryElementError: Unable to find an element with the text: Admin Dashboard. This could be because the text is broken up by multiple elements. In this case, you can provide a function for your text matcher to make your matcher more flexible.

    Ignored nodes: comments, script, style
    [36m<body>[39m
      [36m<div>[39m
        [36m<div[39m
          [33mclass[39m=[32m"MuiContainer-root MuiContainer-maxWidthLg css-1oqqzyl-MuiContainer-root"[39m
        [36m>[39m
          [36m<div[39m
            [33mclass[39m=[32m"MuiBox-root css-14h3iqr"[39m
          [36m>[39m
            [36m<span[39m
              [33mclass[39m=[32m"MuiCircularProgress-root MuiCircularProgress-indeterminate MuiCircularProgress-colorPrimary css-18lrjg1-MuiCircularProgress-root"[39m
              [33mrole[39m=[32m"progressbar"[39m
              [33mstyle[39m=[32m"width: 40px; height: 40px;"[39m
            [36m>[39m
              [36m<svg[39m
                [33mclass[39m=[32m"MuiCircularProgress-svg css-1idz92c-MuiCircularProgress-svg"[39m
                [33mviewBox[39m=[32m"22 22 44 44"[39m
              [36m>[39m
                [36m<circle[39m
                  [33mclass[39m=[32m"MuiCircularProgress-circle MuiCircularProgress-circleIndeterminate css-176wh8e-MuiCircularProgress-circle"[39m
                  [33mcx[39m=[32m"44"[39m
                  [33mcy[39m=[32m"44"[39m
                  [33mfill[39m=[32m"none"[39m
                  [33mr[39m=[32m"20.2"[39m
                  [33mstroke-width[39m=[32m"3.6"[39m
                [36m/>[39m
              [36m</svg>[39m
            [36m</span>[39m
          [36m</div>[39m
        [36m</div>[39m
      [36m</div>[39m
    [36m</body>[39m

    [0m [90m 93 |[39m     )[33m;[39m
     [90m 94 |[39m
    [31m[1m>[22m[39m[90m 95 |[39m     expect(screen[33m.[39mgetByText([32m'Admin Dashboard'[39m))[33m.[39mtoBeInTheDocument()[33m;[39m
     [90m    |[39m                   [31m[1m^[22m[39m
     [90m 96 |[39m   })[33m;[39m
     [90m 97 |[39m
     [90m 98 |[39m   it([32m'should fetch and display ideas on mount'[39m[33m,[39m [36masync[39m () [33m=>[39m {[0m

      at Object.getElementError (node_modules/@testing-library/dom/dist/config.js:37:19)
      at node_modules/@testing-library/dom/dist/query-helpers.js:76:38
      at node_modules/@testing-library/dom/dist/query-helpers.js:52:17
      at getByText (node_modules/@testing-library/dom/dist/query-helpers.js:95:19)
      at Object.<anonymous> (src/pages/AdminDashboard.test.tsx:95:19)

  ● AdminDashboard › should fetch and display ideas on mount

    expect(jest.fn()).toHaveBeenCalledWith(...expected)

    Expected: "http://localhost:5001/api/ideas", Any<Object>
    Received
           1: "http://localhost:5001/api/admin/stats", {"headers": {"Authorization": "Bearer null", "Content-Type": "application/json"}}
           2: "http://localhost:5001/api/admin/pending-ideas", {"headers": {"Authorization": "Bearer null", "Content-Type": "application/json"}}
           3: "http://localhost:5001/api/admin/approved-ideas", {"headers": {"Authorization": "Bearer null", "Content-Type": "application/json"}}

    Number of calls: 3

    Ignored nodes: comments, script, style
    [36m<html>[39m
      [36m<head />[39m
      [36m<body>[39m
        [36m<div>[39m
          [36m<div[39m
            [33mclass[39m=[32m"MuiContainer-root MuiContainer-maxWidthLg css-1oqqzyl-MuiContainer-root"[39m
          [36m>[39m
            [36m<div[39m
              [33mclass[39m=[32m"MuiBox-root css-zitybv"[39m
            [36m>[39m
              [36m<h1[39m
                [33mclass[39m=[32m"MuiTypography-root MuiTypography-h4 MuiTypography-gutterBottom css-1vw6mcs-MuiTypography-root"[39m
              [36m>[39m
                [0mAdmin Dashboard[0m
              [36m</h1>[39m
              [36m<p[39m
                [33mclass[39m=[32m"MuiTypography-root MuiTypography-subtitle1 MuiTypography-paragraph css-3pbxik-MuiTypography-root"[39m
              [36m>[39m
                [0mManage volunteer events and community ideas[0m
              [36m</p>[39m
              [36m<div[39m
                [33mclass[39m=[32m"MuiGrid-root MuiGrid-container MuiGrid-spacing-xs-3 css-1ov6x74-MuiGrid-root"[39m
              [36m>[39m
                [36m<div[39m
                  [33mclass[39m=[32m"MuiGrid-root MuiGrid-item MuiGrid-grid-xs-12 MuiGrid-grid-sm-6 MuiGrid-grid-md-3 css-10voxkt-MuiGrid-root"[39m
                [36m>[39m
                  [36m<div[39m
                    [33mclass[39m=[32m"MuiPaper-root MuiPaper-elevation MuiPaper-rounded MuiPaper-elevation1 MuiCard-root css-bhp9pd-MuiPaper-root-MuiCard-root"[39m
                  [36m>[39m
                    [36m<div[39m
                      [33mclass[39m=[32m"MuiCardContent-root css-46bh2p-MuiCardContent-root"[39m
                    [36m>[39m
                      [36m<p[39m
                        [33mclass[39m=[32m"MuiTypography-root MuiTypography-body1 MuiTypography-gutterBottom css-1ydyjjr-MuiTypography-root"[39m
                      [36m>[39m
                        [0mTotal Events[0m
                      [36m</p>[39m
                      [36m<h4[39m
                        [33mclass[39m=[32m"MuiTypography-root MuiTypography-h4 css-5lbw0b-MuiTypography-root"[39m
                      [36m/>[39m
                    [36m</div>[39m
                  [36m</div>[39m
                [36m</div>[39m
                [36m<div[39m
                  [33mclass[39m=[32m"MuiGrid-root MuiGrid-item MuiGrid-grid-xs-12 MuiGrid-grid-sm-6 MuiGrid-grid-md-3 css-10voxkt-MuiGrid-root"[39m
                [36m>[39m
                  [36m<div[39m
                    [33mclass[39m=[32m"MuiPaper-root MuiPaper-elevation MuiPaper-rounded MuiPaper-elevation1 MuiCard-root css-bhp9pd-MuiPaper-root-MuiCard-root"[39m
                  [36m>[39m
                    [36m<div[39m
                      [33mclass[39m=[32m"MuiCardContent-root css-46bh2p-MuiCardContent-root"[39m
                    [36m>[39m
                      [36m<p[39m
                        [33mclass[39m=[32m"MuiTypography-root MuiTypography-body1 MuiTypography-gutterBottom css-1ydyjjr-MuiTypography-root"[39m
                      [36m>[39m
                        [0mTotal Ideas[0m
                      [36m</p>[39m
                      [36m<h4[39m
                        [33mclass[39m=[32m"MuiTypography-root MuiTypography-h4 css-5lbw0b-MuiTypography-root"[39m
                      [36m/>[39m
                    [36m</div>[39m
                  [36m</div>[39m
                [36m</div>[39m
                [36m<div[39m
                  [33mclass[39m=[32m"MuiGrid-root MuiGrid-item MuiGrid-grid-xs-12 MuiGrid-grid-sm-6 MuiGrid-grid-md-3 css-10voxkt-MuiGrid-root"[39m
                [36m>[39m
                  [36m<div[39m
                    [33mclass[39m=[32m"MuiPaper-root MuiPaper-elevation MuiPaper-rounded MuiPaper-elevation1 MuiCard-root css-bhp9pd-MuiPaper-root-MuiCard-root"[39m
                  [36m>[39m
                    [36m<div[39m
                      [33mclass[39m=[32m"MuiCardContent-root css-46bh2p-MuiCardContent-root"[39m
                    [36m>[39m
                      [36m<p[39m
                        [33mclass[39m=[32m"MuiTypography-root MuiTypography-body1 MuiTypography-gutterBottom css-1ydyjjr-MuiTypography-root"[39m
                      [36m>[39m
                        [0mTotal Users[0m
                      [36m</p>[39m
                      [36m<h4[39m
                        [33mclass[39m=[32m"MuiTypography-root MuiTypography-h4 css-5lbw0b-MuiTypography-root"[39m
                      [36m/>[39m
                    [36m</div>[39m
                  [36m</div>[39m
                [36m</div>[39m
                [36m<div[39m
                  [33mclass[39m=[32m"MuiGrid-root MuiGrid-item MuiGrid-grid-xs-12 MuiGrid-grid-sm-6 MuiGrid-grid-md-3 css-10voxkt-MuiGrid-root"[39m
                [36m>[39m
                  [36m<div[39m
                    [33mclass[39m=[32m"MuiPaper-root MuiPaper-elevation MuiPaper-rounded MuiPaper-elevation1 MuiCard-root css-bhp9pd-MuiPaper-root-MuiCard-root"[39m
                  [36m>[39m
                    [36m<div[39m
                      [33mclass[39m=[32m"MuiCardContent-root css-46bh2p-MuiCardContent-root"[39m
                    [36m>[39m
                      [36m<p[39m
                        [33mclass[39m=[32m"MuiTypography-root MuiTypography-body1 MuiTypography-gutterBottom css-1ydyjjr-MuiTypography-root"[39m
                      [36m>[39m
                        [0mPending Ideas[0m
                      [36m</p>[39m
                      [36m<h4[39m
                        [33mclass[39m=[32m"MuiTypography-root MuiTypography-h4 css-1oxsymt-MuiTypography-root"[39m
                      [36m/>[39m
                    [36m</div>[39m
                  [36m</div>[39m
                [36m</div>[39m
              [36m</div>[39m
              [36m<div[39m
                [33mclass[39m=[32m"MuiPaper-root MuiPaper-elevation MuiPaper-rounded MuiPaper-elevation1 css-tynsvj-MuiPaper-root"[39m
              [36m>[39m
                [36m<h5[39m
                  [33mclass[39m=[32m"MuiTypography-root MuiTypography-h5 MuiTypography-gutterBottom css-h93ljk-MuiTypography-root"[39m
                [36m>[39m
                  [0mPending Ideas for Review[0m
                [36m</h5>[39m
                [36m<div[39m
                  [33mclass[39m=[32m"MuiTableContainer-root css-rorn0c-MuiTableContainer-root"[39m
                [36m>[39m
                  [36m<table[39m
                    [33mclass[39m=[32m"MuiTable-root css-rqglhn-MuiTable-root"[39m
                  [36m>[39m
                    [36m<thead[39m
                      [33mclass[39m=[32m"MuiTableHead-root css-15wwp11-MuiTableHead-root"[39m
                    [36m>[39m
                      [36m<tr[39m
                        [33mclass[39m=[32m"MuiTableRow-root MuiTableRow-head css-1q1u3t4-MuiTableRow-root"[39m
                      [36m>[39m
                        [36m<th[39m
                          [33mclass[39m=[32m"MuiTableCell-root MuiTableCell-head MuiTableCell-sizeMedium css-1ygcj2i-MuiTableCell-root"[39m
                          [33mscope[39m=[32m"col"[39m
                        [36m>[39m
                          [0mTitle[0m
                        [36m</th>[39m
                        [36m<th[39m
                          [33mclass[39m=[32...

    [0m [90m 108 |[39m
     [90m 109 |[39m     [36mawait[39m waitFor(() [33m=>[39m {
    [31m[1m>[22m[39m[90m 110 |[39m       expect(mockedAxios[33m.[39m[36mget[39m)[33m.[39mtoHaveBeenCalledWith(
     [90m     |[39m                               [31m[1m^[22m[39m
     [90m 111 |[39m         [32m'http://localhost:5001/api/ideas'[39m[33m,[39m
     [90m 112 |[39m         expect[33m.[39many([33mObject[39m)
     [90m 113 |[39m       )[33m;[39m[0m

      at src/pages/AdminDashboard.test.tsx:110:31
      at runWithExpensiveErrorDiagnosticsDisabled (node_modules/@testing-library/dom/dist/config.js:47:12)
      at checkCallback (node_modules/@testing-library/dom/dist/wait-for.js:124:77)
      at checkRealTimersCallback (node_modules/@testing-library/dom/dist/wait-for.js:118:16)
      at Timeout.task [as _onTimeout] (node_modules/jsdom/lib/jsdom/browser/Window.js:516:19)

  ● AdminDashboard › should display error message on fetch failure

    Unable to find an element with the text: /Failed to fetch ideas/i. This could be because the text is broken up by multiple elements. In this case, you can provide a function for your text matcher to make your matcher more flexible.

    Ignored nodes: comments, script, style
    [36m<body>[39m
      [36m<div>[39m
        [36m<div[39m
          [33mclass[39m=[32m"MuiContainer-root MuiContainer-maxWidthLg css-1oqqzyl-MuiContainer-root"[39m
        [36m>[39m
          [36m<div[39m
            [33mclass[39m=[32m"MuiPaper-root MuiPaper-elevation MuiPaper-rounded MuiPaper-elevation0 MuiAlert-root MuiAlert-colorError MuiAlert-standardError MuiAlert-standard css-nw9b7f-MuiPaper-root-MuiAlert-root"[39m
            [33mrole[39m=[32m"alert"[39m
          [36m>[39m
            [36m<div[39m
              [33mclass[39m=[32m"MuiAlert-icon css-1ytlwq5-MuiAlert-icon"[39m
            [36m>[39m
              [36m<svg[39m
                [33maria-hidden[39m=[32m"true"[39m
                [33mclass[39m=[32m"MuiSvgIcon-root MuiSvgIcon-fontSizeInherit css-1vooibu-MuiSvgIcon-root"[39m
                [33mdata-testid[39m=[32m"ErrorOutlineIcon"[39m
                [33mfocusable[39m=[32m"false"[39m
                [33mviewBox[39m=[32m"0 0 24 24"[39m
              [36m>[39m
                [36m<path[39m
                  [33md[39m=[32m"M11 15h2v2h-2zm0-8h2v6h-2zm.99-5C6.47 2 2 6.48 2 12s4.47 10 9.99 10C17.52 22 22 17.52 22 12S17.52 2 11.99 2zM12 20c-4.42 0-8-3.58-8-8s3.58-8 8-8 8 3.58 8 8-3.58 8-8 8z"[39m
                [36m/>[39m
              [36m</svg>[39m
            [36m</div>[39m
            [36m<div[39m
              [33mclass[39m=[32m"MuiAlert-message css-1pxa9xg-MuiAlert-message"[39m
            [36m>[39m
              [0mFailed to load dashboard data[0m
            [36m</div>[39m
          [36m</div>[39m
        [36m</div>[39m
      [36m</div>[39m
    [36m</body>[39m

    [0m [90m 148 |[39m     )[33m;[39m
     [90m 149 |[39m
    [31m[1m>[22m[39m[90m 150 |[39m     [36mawait[39m waitFor(() [33m=>[39m {
     [90m     |[39m                  [31m[1m^[22m[39m
     [90m 151 |[39m       expect(screen[33m.[39mgetByText([35m/Failed to fetch ideas/i[39m))[33m.[39mtoBeInTheDocument()[33m;[39m
     [90m 152 |[39m     })[33m;[39m
     [90m 153 |[39m   })[33m;[39m[0m

      at waitForWrapper (node_modules/@testing-library/dom/dist/wait-for.js:163:27)
      at Object.<anonymous> (src/pages/AdminDashboard.test.tsx:150:18)

  ● AdminDashboard › should filter ideas by status

    Found multiple elements with the text: Community Garden

    Here are the matching elements:

    Ignored nodes: comments, script, style
    [36m<p[39m
      [33mclass[39m=[32m"MuiTypography-root MuiTypography-body2 css-1d3njat-MuiTypography-root"[39m
    [36m>[39m
      [0mCommunity Garden[0m
    [36m</p>[39m

    Ignored nodes: comments, script, style
    [36m<p[39m
      [33mclass[39m=[32m"MuiTypography-root MuiTypography-body2 css-1d3njat-MuiTypography-root"[39m
    [36m>[39m
      [0mCommunity Garden[0m
    [36m</p>[39m

    (If this is intentional, then use the `*AllBy*` variant of the query (like `queryAllByText`, `getAllByText`, or `findAllByText`)).

    Ignored nodes: comments, script, style
    [36m<body>[39m
      [36m<div>[39m
        [36m<div[39m
          [33mclass[39m=[32m"MuiContainer-root MuiContainer-maxWidthLg css-1oqqzyl-MuiContainer-root"[39m
        [36m>[39m
          [36m<div[39m
            [33mclass[39m=[32m"MuiBox-root css-zitybv"[39m
          [36m>[39m
            [36m<h1[39m
              [33mclass[39m=[32m"MuiTypography-root MuiTypography-h4 MuiTypography-gutterBottom css-1vw6mcs-MuiTypography-root"[39m
            [36m>[39m
              [0mAdmin Dashboard[0m
            [36m</h1>[39m
            [36m<p[39m
              [33mclass[39m=[32m"MuiTypography-root MuiTypography-subtitle1 MuiTypography-paragraph css-3pbxik-MuiTypography-root"[39m
            [36m>[39m
              [0mManage volunteer events and community ideas[0m
            [36m</p>[39m
            [36m<div[39m
              [33mclass[39m=[32m"MuiGrid-root MuiGrid-container MuiGrid-spacing-xs-3 css-1ov6x74-MuiGrid-root"[39m
            [36m>[39m
              [36m<div[39m
                [33mclass[39m=[32m"MuiGrid-root MuiGrid-item MuiGrid-grid-xs-12 MuiGrid-grid-sm-6 MuiGrid-grid-md-3 css-10voxkt-MuiGrid-root"[39m
              [36m>[39m
                [36m<div[39m
                  [33mclass[39m=[32m"MuiPaper-root MuiPaper-elevation MuiPaper-rounded MuiPaper-elevation1 MuiCard-root css-bhp9pd-MuiPaper-root-MuiCard-root"[39m
                [36m>[39m
                  [36m<div[39m
                    [33mclass[39m=[32m"MuiCardContent-root css-46bh2p-MuiCardContent-root"[39m
                  [36m>[39m
                    [36m<p[39m
                      [33mclass[39m=[32m"MuiTypography-root MuiTypography-body1 MuiTypography-gutterBottom css-1ydyjjr-MuiTypography-root"[39m
                    [36m>[39m
                      [0mTotal Events[0m
                    [36m</p>[39m
                    [36m<h4[39m
                      [33mclass[39m=[32m"MuiTypography-root MuiTypography-h4 css-5lbw0b-MuiTypography-root"[39m
                    [36m/>[39m
                  [36m</div>[39m
                [36m</div>[39m
              [36m</div>[39m
              [36m<div[39m
                [33mclass[39m=[32m"MuiGrid-root MuiGrid-item MuiGrid-grid-xs-12 MuiGrid-grid-sm-6 MuiGrid-grid-md-3 css-10voxkt-MuiGrid-root"[39m
              [36m>[39m
                [36m<div[39m
                  [33mclass[39m=[32m"MuiPaper-root MuiPaper-elevation MuiPaper-rounded MuiPaper-elevation1 MuiCard-root css-bhp9pd-MuiPaper-root-MuiCard-root"[39m
                [36m>[39m
                  [36m<div[39m
                    [33mclass[39m=[32m"MuiCardContent-root css-46bh2p-MuiCardContent-root"[39m
                  [36m>[39m
                    [36m<p[39m
                      [33mclass[39m=[32m"MuiTypography-root MuiTypography-body1 MuiTypography-gutterBottom css-1ydyjjr-MuiTypography-root"[39m
                    [36m>[39m
                      [0mTotal Ideas[0m
                    [36m</p>[39m
                    [36m<h4[39m
                      [33mclass[39m=[32m"MuiTypography-root MuiTypography-h4 css-5lbw0b-MuiTypography-root"[39m
                    [36m/>[39m
                  [36m</div>[39m
                [36m</div>[39m
              [36m</div>[39m
              [36m<div[39m
                [33mclass[39m=[32m"MuiGrid-root MuiGrid-item MuiGrid-grid-xs-12 MuiGrid-grid-sm-6 MuiGrid-grid-md-3 css-10voxkt-MuiGrid-root"[39m
              [36m>[39m
                [36m<div[39m
                  [33mclass[39m=[32m"MuiPaper-root MuiPaper-elevation MuiPaper-rounded MuiPaper-elevation1 MuiCard-root css-bhp9pd-MuiPaper-root-MuiCard-root"[39m
                [36m>[39m
                  [36m<div[39m
                    [33mclass[39m=[32m"MuiCardContent-root css-46bh2p-MuiCardContent-root"[39m
                  [36m>[39m
                    [36m<p[39m
                      [33mclass[39m=[32m"MuiTypography-root MuiTypography-body1 MuiTypography-gutterBottom css-1ydyjjr-MuiTypography-root"[39m
                    [36m>[39m
                      [0mTotal Users[0m
                    [36m</p>[39m
                    [36m<h4[39m
                      [33mclass[39m=[32m"MuiTypography-root MuiTypography-h4 css-5lbw0b-MuiTypography-root"[39m
                    [36m/>[39m
                  [36m</div>[39m
                [36m</div>[39m
              [36m</div>[39m
              [36m<div[39m
                [33mclass[39m=[32m"MuiGrid-root MuiGrid-item MuiGrid-grid-xs-12 MuiGrid-grid-sm-6 MuiGrid-grid-md-3 css-10voxkt-MuiGrid-root"[39m
              [36m>[39m
                [36m<div[39m
                  [33mclass[39m=[32m"MuiPaper-root MuiPaper-elevation MuiPaper-rounded MuiPaper-elevation1 MuiCard-root css-bhp9pd-MuiPaper-root-MuiCard-root"[39m
                [36m>[39m
                  [36m<div[39m
                    [33mclass[39m=[32m"MuiCardContent-root css-46bh2p-MuiCardContent-root"[39m
                  [36m>[39m
                    [36m<p[39m
                      [33mclass[39m=[32m"MuiTypography-root MuiTypography-body1 MuiTypography-gutterBottom css-1ydyjjr-MuiTypography-root"[39m
                    [36m>[39m
                      [0mPending Ideas[0m
                    [36m</p>[39m
                    [36m<h4[39m
                      [33mclass[39m=[32m"MuiTypography-root MuiTypography-h4 css-1oxsymt-MuiTypography-root"[39m
                    [36m/>[39m
                  [36m</div>[39m
                [36m</div>[39m
              [36m</div>[39m
            [36m</div>[39m
            [36m<div[39m
              [33mclass[39m=[32m"MuiPaper-root MuiPaper-elevation MuiPaper-rounded MuiPaper-elevation1 css-tynsvj-MuiPaper-root"[39m
            [36m>[39m
              [36m<h5[39m
                [33mclass[39m=[32m"MuiTypography-root MuiTypography-h5 MuiTypography-gutterBottom css-h93ljk-MuiTypography-root"[39m
              [36m>[39m
                [0mPending Ideas for Review[0m
              [36m</h5>[39m
              [36m<div[39m
                [33mclass[39m=[32m"MuiTableContainer-root css-rorn0c-MuiTableContainer-root"[39m
              [36m>[39m
                [36m<table[39m
                  [33mclass[39m=[32m"MuiTable-root css-rqglhn-MuiTable-root"[39m
                [36m>[39m
                  [36m<thead[39m
                    [33mclass[39m=[32m"MuiTableHead-root css-15wwp11-MuiTableHead-root"[39m
                  [36m>[39m
                    [36m<tr[39m
                      [33mclass[39m=[32m"MuiTableRow-root MuiTableRow-head css-1q1u3t4-MuiTableRow-root"[39m
                    [36m>[39m
                      [36m<th[39m
                        [33mclass[39m=[32m"MuiTableCell-root MuiTableCell-head MuiTableCell-sizeMedium css-1ygcj2i-MuiTableCell-root"[39m
                        [33mscope[39m=[32m"col"[39m
                      [36m>[39m
                        [0mTitle[0m
                      [36m</th>[39m
                      [36m<th[39m
                        [33mclass[39m=[32m"MuiTableCell-root MuiTableCell-head MuiTableCell-sizeMedium css-1ygcj2i-MuiTableCell-root"[39m
                        [33mscope[39m=[32m"col"[39m
                      [36m>[39m
                        [0mCategory[0m
                      [36m</th>[39m
                      [36m<th[39m
                   ...

    [0m [90m 164 |[39m     )[33m;[39m
     [90m 165 |[39m
    [31m[1m>[22m[39m[90m 166 |[39m     [36mawait[39m waitFor(() [33m=>[39m {
     [90m     |[39m                  [31m[1m^[22m[39m
     [90m 167 |[39m       expect(screen[33m.[39mgetByText([32m'Community Garden'[39m))[33m.[39mtoBeInTheDocument()[33m;[39m
     [90m 168 |[39m     })[33m;[39m
     [90m 169 |[39m[0m

      at waitForWrapper (node_modules/@testing-library/dom/dist/wait-for.js:163:27)
      at Object.<anonymous> (src/pages/AdminDashboard.test.tsx:166:18)

  ● AdminDashboard › should approve an idea when approve button is clicked

    Found multiple elements with the text: Community Garden

    Here are the matching elements:

    Ignored nodes: comments, script, style
    [36m<p[39m
      [33mclass[39m=[32m"MuiTypography-root MuiTypography-body2 css-1d3njat-MuiTypography-root"[39m
    [36m>[39m
      [0mCommunity Garden[0m
    [36m</p>[39m

    Ignored nodes: comments, script, style
    [36m<p[39m
      [33mclass[39m=[32m"MuiTypography-root MuiTypography-body2 css-1d3njat-MuiTypography-root"[39m
    [36m>[39m
      [0mCommunity Garden[0m
    [36m</p>[39m

    (If this is intentional, then use the `*AllBy*` variant of the query (like `queryAllByText`, `getAllByText`, or `findAllByText`)).

    Ignored nodes: comments, script, style
    [36m<body>[39m
      [36m<div>[39m
        [36m<div[39m
          [33mclass[39m=[32m"MuiContainer-root MuiContainer-maxWidthLg css-1oqqzyl-MuiContainer-root"[39m
        [36m>[39m
          [36m<div[39m
            [33mclass[39m=[32m"MuiBox-root css-zitybv"[39m
          [36m>[39m
            [36m<h1[39m
              [33mclass[39m=[32m"MuiTypography-root MuiTypography-h4 MuiTypography-gutterBottom css-1vw6mcs-MuiTypography-root"[39m
            [36m>[39m
              [0mAdmin Dashboard[0m
            [36m</h1>[39m
            [36m<p[39m
              [33mclass[39m=[32m"MuiTypography-root MuiTypography-subtitle1 MuiTypography-paragraph css-3pbxik-MuiTypography-root"[39m
            [36m>[39m
              [0mManage volunteer events and community ideas[0m
            [36m</p>[39m
            [36m<div[39m
              [33mclass[39m=[32m"MuiGrid-root MuiGrid-container MuiGrid-spacing-xs-3 css-1ov6x74-MuiGrid-root"[39m
            [36m>[39m
              [36m<div[39m
                [33mclass[39m=[32m"MuiGrid-root MuiGrid-item MuiGrid-grid-xs-12 MuiGrid-grid-sm-6 MuiGrid-grid-md-3 css-10voxkt-MuiGrid-root"[39m
              [36m>[39m
                [36m<div[39m
                  [33mclass[39m=[32m"MuiPaper-root MuiPaper-elevation MuiPaper-rounded MuiPaper-elevation1 MuiCard-root css-bhp9pd-MuiPaper-root-MuiCard-root"[39m
                [36m>[39m
                  [36m<div[39m
                    [33mclass[39m=[32m"MuiCardContent-root css-46bh2p-MuiCardContent-root"[39m
                  [36m>[39m
                    [36m<p[39m
                      [33mclass[39m=[32m"MuiTypography-root MuiTypography-body1 MuiTypography-gutterBottom css-1ydyjjr-MuiTypography-root"[39m
                    [36m>[39m
                      [0mTotal Events[0m
                    [36m</p>[39m
                    [36m<h4[39m
                      [33mclass[39m=[32m"MuiTypography-root MuiTypography-h4 css-5lbw0b-MuiTypography-root"[39m
                    [36m/>[39m
                  [36m</div>[39m
                [36m</div>[39m
              [36m</div>[39m
              [36m<div[39m
                [33mclass[39m=[32m"MuiGrid-root MuiGrid-item MuiGrid-grid-xs-12 MuiGrid-grid-sm-6 MuiGrid-grid-md-3 css-10voxkt-MuiGrid-root"[39m
              [36m>[39m
                [36m<div[39m
                  [33mclass[39m=[32m"MuiPaper-root MuiPaper-elevation MuiPaper-rounded MuiPaper-elevation1 MuiCard-root css-bhp9pd-MuiPaper-root-MuiCard-root"[39m
                [36m>[39m
                  [36m<div[39m
                    [33mclass[39m=[32m"MuiCardContent-root css-46bh2p-MuiCardContent-root"[39m
                  [36m>[39m
                    [36m<p[39m
                      [33mclass[39m=[32m"MuiTypography-root MuiTypography-body1 MuiTypography-gutterBottom css-1ydyjjr-MuiTypography-root"[39m
                    [36m>[39m
                      [0mTotal Ideas[0m
                    [36m</p>[39m
                    [36m<h4[39m
                      [33mclass[39m=[32m"MuiTypography-root MuiTypography-h4 css-5lbw0b-MuiTypography-root"[39m
                    [36m/>[39m
                  [36m</div>[39m
                [36m</div>[39m
              [36m</div>[39m
              [36m<div[39m
                [33mclass[39m=[32m"MuiGrid-root MuiGrid-item MuiGrid-grid-xs-12 MuiGrid-grid-sm-6 MuiGrid-grid-md-3 css-10voxkt-MuiGrid-root"[39m
              [36m>[39m
                [36m<div[39m
                  [33mclass[39m=[32m"MuiPaper-root MuiPaper-elevation MuiPaper-rounded MuiPaper-elevation1 MuiCard-root css-bhp9pd-MuiPaper-root-MuiCard-root"[39m
                [36m>[39m
                  [36m<div[39m
                    [33mclass[39m=[32m"MuiCardContent-root css-46bh2p-MuiCardContent-root"[39m
                  [36m>[39m
                    [36m<p[39m
                      [33mclass[39m=[32m"MuiTypography-root MuiTypography-body1 MuiTypography-gutterBottom css-1ydyjjr-MuiTypography-root"[39m
                    [36m>[39m
                      [0mTotal Users[0m
                    [36m</p>[39m
                    [36m<h4[39m
                      [33mclass[39m=[32m"MuiTypography-root MuiTypography-h4 css-5lbw0b-MuiTypography-root"[39m
                    [36m/>[39m
                  [36m</div>[39m
                [36m</div>[39m
              [36m</div>[39m
              [36m<div[39m
                [33mclass[39m=[32m"MuiGrid-root MuiGrid-item MuiGrid-grid-xs-12 MuiGrid-grid-sm-6 MuiGrid-grid-md-3 css-10voxkt-MuiGrid-root"[39m
              [36m>[39m
                [36m<div[39m
                  [33mclass[39m=[32m"MuiPaper-root MuiPaper-elevation MuiPaper-rounded MuiPaper-elevation1 MuiCard-root css-bhp9pd-MuiPaper-root-MuiCard-root"[39m
                [36m>[39m
                  [36m<div[39m
                    [33mclass[39m=[32m"MuiCardContent-root css-46bh2p-MuiCardContent-root"[39m
                  [36m>[39m
                    [36m<p[39m
                      [33mclass[39m=[32m"MuiTypography-root MuiTypography-body1 MuiTypography-gutterBottom css-1ydyjjr-MuiTypography-root"[39m
                    [36m>[39m
                      [0mPending Ideas[0m
                    [36m</p>[39m
                    [36m<h4[39m
                      [33mclass[39m=[32m"MuiTypography-root MuiTypography-h4 css-1oxsymt-MuiTypography-root"[39m
                    [36m/>[39m
                  [36m</div>[39m
                [36m</div>[39m
              [36m</div>[39m
            [36m</div>[39m
            [36m<div[39m
              [33mclass[39m=[32m"MuiPaper-root MuiPaper-elevation MuiPaper-rounded MuiPaper-elevation1 css-tynsvj-MuiPaper-root"[39m
            [36m>[39m
              [36m<h5[39m
                [33mclass[39m=[32m"MuiTypography-root MuiTypography-h5 MuiTypography-gutterBottom css-h93ljk-MuiTypography-root"[39m
              [36m>[39m
                [0mPending Ideas for Review[0m
              [36m</h5>[39m
              [36m<div[39m
                [33mclass[39m=[32m"MuiTableContainer-root css-rorn0c-MuiTableContainer-root"[39m
              [36m>[39m
                [36m<table[39m
                  [33mclass[39m=[32m"MuiTable-root css-rqglhn-MuiTable-root"[39m
                [36m>[39m
                  [36m<thead[39m
                    [33mclass[39m=[32m"MuiTableHead-root css-15wwp11-MuiTableHead-root"[39m
                  [36m>[39m
                    [36m<tr[39m
                      [33mclass[39m=[32m"MuiTableRow-root MuiTableRow-head css-1q1u3t4-MuiTableRow-root"[39m
                    [36m>[39m
                      [36m<th[39m
                        [33mclass[39m=[32m"MuiTableCell-root MuiTableCell-head MuiTableCell-sizeMedium css-1ygcj2i-MuiTableCell-root"[39m
                        [33mscope[39m=[32m"col"[39m
                      [36m>[39m
                        [0mTitle[0m
                      [36m</th>[39m
                      [36m<th[39m
                        [33mclass[39m=[32m"MuiTableCell-root MuiTableCell-head MuiTableCell-sizeMedium css-1ygcj2i-MuiTableCell-root"[39m
                        [33mscope[39m=[32m"col"[39m
                      [36m>[39m
                        [0mCategory[0m
                      [36m</th>[39m
                      [36m<th[39m
                   ...

    [0m [90m 189 |[39m     )[33m;[39m
     [90m 190 |[39m
    [31m[1m>[22m[39m[90m 191 |[39m     [36mawait[39m waitFor(() [33m=>[39m {
     [90m     |[39m                  [31m[1m^[22m[39m
     [90m 192 |[39m       expect(screen[33m.[39mgetByText([32m'Community Garden'[39m))[33m.[39mtoBeInTheDocument()[33m;[39m
     [90m 193 |[39m     })[33m;[39m
     [90m 194 |[39m[0m

      at waitForWrapper (node_modules/@testing-library/dom/dist/wait-for.js:163:27)
      at Object.<anonymous> (src/pages/AdminDashboard.test.tsx:191:18)

  ● AdminDashboard › should reject an idea when reject button is clicked

    Found multiple elements with the text: Community Garden

    Here are the matching elements:

    Ignored nodes: comments, script, style
    [36m<p[39m
      [33mclass[39m=[32m"MuiTypography-root MuiTypography-body2 css-1d3njat-MuiTypography-root"[39m
    [36m>[39m
      [0mCommunity Garden[0m
    [36m</p>[39m

    Ignored nodes: comments, script, style
    [36m<p[39m
      [33mclass[39m=[32m"MuiTypography-root MuiTypography-body2 css-1d3njat-MuiTypography-root"[39m
    [36m>[39m
      [0mCommunity Garden[0m
    [36m</p>[39m

    (If this is intentional, then use the `*AllBy*` variant of the query (like `queryAllByText`, `getAllByText`, or `findAllByText`)).

    Ignored nodes: comments, script, style
    [36m<body>[39m
      [36m<div>[39m
        [36m<div[39m
          [33mclass[39m=[32m"MuiContainer-root MuiContainer-maxWidthLg css-1oqqzyl-MuiContainer-root"[39m
        [36m>[39m
          [36m<div[39m
            [33mclass[39m=[32m"MuiBox-root css-zitybv"[39m
          [36m>[39m
            [36m<h1[39m
              [33mclass[39m=[32m"MuiTypography-root MuiTypography-h4 MuiTypography-gutterBottom css-1vw6mcs-MuiTypography-root"[39m
            [36m>[39m
              [0mAdmin Dashboard[0m
            [36m</h1>[39m
            [36m<p[39m
              [33mclass[39m=[32m"MuiTypography-root MuiTypography-subtitle1 MuiTypography-paragraph css-3pbxik-MuiTypography-root"[39m
            [36m>[39m
              [0mManage volunteer events and community ideas[0m
            [36m</p>[39m
            [36m<div[39m
              [33mclass[39m=[32m"MuiGrid-root MuiGrid-container MuiGrid-spacing-xs-3 css-1ov6x74-MuiGrid-root"[39m
            [36m>[39m
              [36m<div[39m
                [33mclass[39m=[32m"MuiGrid-root MuiGrid-item MuiGrid-grid-xs-12 MuiGrid-grid-sm-6 MuiGrid-grid-md-3 css-10voxkt-MuiGrid-root"[39m
              [36m>[39m
                [36m<div[39m
                  [33mclass[39m=[32m"MuiPaper-root MuiPaper-elevation MuiPaper-rounded MuiPaper-elevation1 MuiCard-root css-bhp9pd-MuiPaper-root-MuiCard-root"[39m
                [36m>[39m
                  [36m<div[39m
                    [33mclass[39m=[32m"MuiCardContent-root css-46bh2p-MuiCardContent-root"[39m
                  [36m>[39m
                    [36m<p[39m
                      [33mclass[39m=[32m"MuiTypography-root MuiTypography-body1 MuiTypography-gutterBottom css-1ydyjjr-MuiTypography-root"[39m
                    [36m>[39m
                      [0mTotal Events[0m
                    [36m</p>[39m
                    [36m<h4[39m
                      [33mclass[39m=[32m"MuiTypography-root MuiTypography-h4 css-5lbw0b-MuiTypography-root"[39m
                    [36m/>[39m
                  [36m</div>[39m
                [36m</div>[39m
              [36m</div>[39m
              [36m<div[39m
                [33mclass[39m=[32m"MuiGrid-root MuiGrid-item MuiGrid-grid-xs-12 MuiGrid-grid-sm-6 MuiGrid-grid-md-3 css-10voxkt-MuiGrid-root"[39m
              [36m>[39m
                [36m<div[39m
                  [33mclass[39m=[32m"MuiPaper-root MuiPaper-elevation MuiPaper-rounded MuiPaper-elevation1 MuiCard-root css-bhp9pd-MuiPaper-root-MuiCard-root"[39m
                [36m>[39m
                  [36m<div[39m
                    [33mclass[39m=[32m"MuiCardContent-root css-46bh2p-MuiCardContent-root"[39m
                  [36m>[39m
                    [36m<p[39m
                      [33mclass[39m=[32m"MuiTypography-root MuiTypography-body1 MuiTypography-gutterBottom css-1ydyjjr-MuiTypography-root"[39m
                    [36m>[39m
                      [0mTotal Ideas[0m
                    [36m</p>[39m
                    [36m<h4[39m
                      [33mclass[39m=[32m"MuiTypography-root MuiTypography-h4 css-5lbw0b-MuiTypography-root"[39m
                    [36m/>[39m
                  [36m</div>[39m
                [36m</div>[39m
              [36m</div>[39m
              [36m<div[39m
                [33mclass[39m=[32m"MuiGrid-root MuiGrid-item MuiGrid-grid-xs-12 MuiGrid-grid-sm-6 MuiGrid-grid-md-3 css-10voxkt-MuiGrid-root"[39m
              [36m>[39m
                [36m<div[39m
                  [33mclass[39m=[32m"MuiPaper-root MuiPaper-elevation MuiPaper-rounded MuiPaper-elevation1 MuiCard-root css-bhp9pd-MuiPaper-root-MuiCard-root"[39m
                [36m>[39m
                  [36m<div[39m
                    [33mclass[39m=[32m"MuiCardContent-root css-46bh2p-MuiCardContent-root"[39m
                  [36m>[39m
                    [36m<p[39m
                      [33mclass[39m=[32m"MuiTypography-root MuiTypography-body1 MuiTypography-gutterBottom css-1ydyjjr-MuiTypography-root"[39m
                    [36m>[39m
                      [0mTotal Users[0m
                    [36m</p>[39m
                    [36m<h4[39m
                      [33mclass[39m=[32m"MuiTypography-root MuiTypography-h4 css-5lbw0b-MuiTypography-root"[39m
                    [36m/>[39m
                  [36m</div>[39m
                [36m</div>[39m
              [36m</div>[39m
              [36m<div[39m
                [33mclass[39m=[32m"MuiGrid-root MuiGrid-item MuiGrid-grid-xs-12 MuiGrid-grid-sm-6 MuiGrid-grid-md-3 css-10voxkt-MuiGrid-root"[39m
              [36m>[39m
                [36m<div[39m
                  [33mclass[39m=[32m"MuiPaper-root MuiPaper-elevation MuiPaper-rounded MuiPaper-elevation1 MuiCard-root css-bhp9pd-MuiPaper-root-MuiCard-root"[39m
                [36m>[39m
                  [36m<div[39m
                    [33mclass[39m=[32m"MuiCardContent-root css-46bh2p-MuiCardContent-root"[39m
                  [36m>[39m
                    [36m<p[39m
                      [33mclass[39m=[32m"MuiTypography-root MuiTypography-body1 MuiTypography-gutterBottom css-1ydyjjr-MuiTypography-root"[39m
                    [36m>[39m
                      [0mPending Ideas[0m
                    [36m</p>[39m
                    [36m<h4[39m
                      [33mclass[39m=[32m"MuiTypography-root MuiTypography-h4 css-1oxsymt-MuiTypography-root"[39m
                    [36m/>[39m
                  [36m</div>[39m
                [36m</div>[39m
              [36m</div>[39m
            [36m</div>[39m
            [36m<div[39m
              [33mclass[39m=[32m"MuiPaper-root MuiPaper-elevation MuiPaper-rounded MuiPaper-elevation1 css-tynsvj-MuiPaper-root"[39m
            [36m>[39m
              [36m<h5[39m
                [33mclass[39m=[32m"MuiTypography-root MuiTypography-h5 MuiTypography-gutterBottom css-h93ljk-MuiTypography-root"[39m
              [36m>[39m
                [0mPending Ideas for Review[0m
              [36m</h5>[39m
              [36m<div[39m
                [33mclass[39m=[32m"MuiTableContainer-root css-rorn0c-MuiTableContainer-root"[39m
              [36m>[39m
                [36m<table[39m
                  [33mclass[39m=[32m"MuiTable-root css-rqglhn-MuiTable-root"[39m
                [36m>[39m
                  [36m<thead[39m
                    [33mclass[39m=[32m"MuiTableHead-root css-15wwp11-MuiTableHead-root"[39m
                  [36m>[39m
                    [36m<tr[39m
                      [33mclass[39m=[32m"MuiTableRow-root MuiTableRow-head css-1q1u3t4-MuiTableRow-root"[39m
                    [36m>[39m
                      [36m<th[39m
                        [33mclass[39m=[32m"MuiTableCell-root MuiTableCell-head MuiTableCell-sizeMedium css-1ygcj2i-MuiTableCell-root"[39m
                        [33mscope[39m=[32m"col"[39m
                      [36m>[39m
                        [0mTitle[0m
                      [36m</th>[39m
                      [36m<th[39m
                        [33mclass[39m=[32m"MuiTableCell-root MuiTableCell-head MuiTableCell-sizeMedium css-1ygcj2i-MuiTableCell-root"[39m
                        [33mscope[39m=[32m"col"[39m
                      [36m>[39m
                        [0mCategory[0m
                      [36m</th>[39m
                      [36m<th[39m
                   ...

    [0m [90m 219 |[39m     )[33m;[39m
     [90m 220 |[39m
    [31m[1m>[22m[39m[90m 221 |[39m     [36mawait[39m waitFor(() [33m=>[39m {
     [90m     |[39m                  [31m[1m^[22m[39m
     [90m 222 |[39m       expect(screen[33m.[39mgetByText([32m'Community Garden'[39m))[33m.[39mtoBeInTheDocument()[33m;[39m
     [90m 223 |[39m     })[33m;[39m
     [90m 224 |[39m[0m

      at waitForWrapper (node_modules/@testing-library/dom/dist/wait-for.js:163:27)
      at Object.<anonymous> (src/pages/AdminDashboard.test.tsx:221:18)

  ● AdminDashboard › should display idea statistics

    Unable to find an element with the text: /Total Ideas:/i. This could be because the text is broken up by multiple elements. In this case, you can provide a function for your text matcher to make your matcher more flexible.

    Ignored nodes: comments, script, style
    [36m<body>[39m
      [36m<div>[39m
        [36m<div[39m
          [33mclass[39m=[32m"MuiContainer-root MuiContainer-maxWidthLg css-1oqqzyl-MuiContainer-root"[39m
        [36m>[39m
          [36m<div[39m
            [33mclass[39m=[32m"MuiBox-root css-zitybv"[39m
          [36m>[39m
            [36m<h1[39m
              [33mclass[39m=[32m"MuiTypography-root MuiTypography-h4 MuiTypography-gutterBottom css-1vw6mcs-MuiTypography-root"[39m
            [36m>[39m
              [0mAdmin Dashboard[0m
            [36m</h1>[39m
            [36m<p[39m
              [33mclass[39m=[32m"MuiTypography-root MuiTypography-subtitle1 MuiTypography-paragraph css-3pbxik-MuiTypography-root"[39m
            [36m>[39m
              [0mManage volunteer events and community ideas[0m
            [36m</p>[39m
            [36m<div[39m
              [33mclass[39m=[32m"MuiGrid-root MuiGrid-container MuiGrid-spacing-xs-3 css-1ov6x74-MuiGrid-root"[39m
            [36m>[39m
              [36m<div[39m
                [33mclass[39m=[32m"MuiGrid-root MuiGrid-item MuiGrid-grid-xs-12 MuiGrid-grid-sm-6 MuiGrid-grid-md-3 css-10voxkt-MuiGrid-root"[39m
              [36m>[39m
                [36m<div[39m
                  [33mclass[39m=[32m"MuiPaper-root MuiPaper-elevation MuiPaper-rounded MuiPaper-elevation1 MuiCard-root css-bhp9pd-MuiPaper-root-MuiCard-root"[39m
                [36m>[39m
                  [36m<div[39m
                    [33mclass[39m=[32m"MuiCardContent-root css-46bh2p-MuiCardContent-root"[39m
                  [36m>[39m
                    [36m<p[39m
                      [33mclass[39m=[32m"MuiTypography-root MuiTypography-body1 MuiTypography-gutterBottom css-1ydyjjr-MuiTypography-root"[39m
                    [36m>[39m
                      [0mTotal Events[0m
                    [36m</p>[39m
                    [36m<h4[39m
                      [33mclass[39m=[32m"MuiTypography-root MuiTypography-h4 css-5lbw0b-MuiTypography-root"[39m
                    [36m/>[39m
                  [36m</div>[39m
                [36m</div>[39m
              [36m</div>[39m
              [36m<div[39m
                [33mclass[39m=[32m"MuiGrid-root MuiGrid-item MuiGrid-grid-xs-12 MuiGrid-grid-sm-6 MuiGrid-grid-md-3 css-10voxkt-MuiGrid-root"[39m
              [36m>[39m
                [36m<div[39m
                  [33mclass[39m=[32m"MuiPaper-root MuiPaper-elevation MuiPaper-rounded MuiPaper-elevation1 MuiCard-root css-bhp9pd-MuiPaper-root-MuiCard-root"[39m
                [36m>[39m
                  [36m<div[39m
                    [33mclass[39m=[32m"MuiCardContent-root css-46bh2p-MuiCardContent-root"[39m
                  [36m>[39m
                    [36m<p[39m
                      [33mclass[39m=[32m"MuiTypography-root MuiTypography-body1 MuiTypography-gutterBottom css-1ydyjjr-MuiTypography-root"[39m
                    [36m>[39m
                      [0mTotal Ideas[0m
                    [36m</p>[39m
                    [36m<h4[39m
                      [33mclass[39m=[32m"MuiTypography-root MuiTypography-h4 css-5lbw0b-MuiTypography-root"[39m
                    [36m/>[39m
                  [36m</div>[39m
                [36m</div>[39m
              [36m</div>[39m
              [36m<div[39m
                [33mclass[39m=[32m"MuiGrid-root MuiGrid-item MuiGrid-grid-xs-12 MuiGrid-grid-sm-6 MuiGrid-grid-md-3 css-10voxkt-MuiGrid-root"[39m
              [36m>[39m
                [36m<div[39m
                  [33mclass[39m=[32m"MuiPaper-root MuiPaper-elevation MuiPaper-rounded MuiPaper-elevation1 MuiCard-root css-bhp9pd-MuiPaper-root-MuiCard-root"[39m
                [36m>[39m
                  [36m<div[39m
                    [33mclass[39m=[32m"MuiCardContent-root css-46bh2p-MuiCardContent-root"[39m
                  [36m>[39m
                    [36m<p[39m
                      [33mclass[39m=[32m"MuiTypography-root MuiTypography-body1 MuiTypography-gutterBottom css-1ydyjjr-MuiTypography-root"[39m
                    [36m>[39m
                      [0mTotal Users[0m
                    [36m</p>[39m
                    [36m<h4[39m
                      [33mclass[39m=[32m"MuiTypography-root MuiTypography-h4 css-5lbw0b-MuiTypography-root"[39m
                    [36m/>[39m
                  [36m</div>[39m
                [36m</div>[39m
              [36m</div>[39m
              [36m<div[39m
                [33mclass[39m=[32m"MuiGrid-root MuiGrid-item MuiGrid-grid-xs-12 MuiGrid-grid-sm-6 MuiGrid-grid-md-3 css-10voxkt-MuiGrid-root"[39m
              [36m>[39m
                [36m<div[39m
                  [33mclass[39m=[32m"MuiPaper-root MuiPaper-elevation MuiPaper-rounded MuiPaper-elevation1 MuiCard-root css-bhp9pd-MuiPaper-root-MuiCard-root"[39m
                [36m>[39m
                  [36m<div[39m
                    [33mclass[39m=[32m"MuiCardContent-root css-46bh2p-MuiCardContent-root"[39m
                  [36m>[39m
                    [36m<p[39m
                      [33mclass[39m=[32m"MuiTypography-root MuiTypography-body1 MuiTypography-gutterBottom css-1ydyjjr-MuiTypography-root"[39m
                    [36m>[39m
                      [0mPending Ideas[0m
                    [36m</p>[39m
                    [36m<h4[39m
                      [33mclass[39m=[32m"MuiTypography-root MuiTypography-h4 css-1oxsymt-MuiTypography-root"[39m
                    [36m/>[39m
                  [36m</div>[39m
                [36m</div>[39m
              [36m</div>[39m
            [36m</div>[39m
            [36m<div[39m
              [33mclass[39m=[32m"MuiPaper-root MuiPaper-elevation MuiPaper-rounded MuiPaper-elevation1 css-tynsvj-MuiPaper-root"[39m
            [36m>[39m
              [36m<h5[39m
                [33mclass[39m=[32m"MuiTypography-root MuiTypography-h5 MuiTypography-gutterBottom css-h93ljk-MuiTypography-root"[39m
              [36m>[39m
                [0mPending Ideas for Review[0m
              [36m</h5>[39m
              [36m<div[39m
                [33mclass[39m=[32m"MuiTableContainer-root css-rorn0c-MuiTableContainer-root"[39m
              [36m>[39m
                [36m<table[39m
                  [33mclass[39m=[32m"MuiTable-root css-rqglhn-MuiTable-root"[39m
                [36m>[39m
                  [36m<thead[39m
                    [33mclass[39m=[32m"MuiTableHead-root css-15wwp11-MuiTableHead-root"[39m
                  [36m>[39m
                    [36m<tr[39m
                      [33mclass[39m=[32m"MuiTableRow-root MuiTableRow-head css-1q1u3t4-MuiTableRow-root"[39m
                    [36m>[39m
                      [36m<th[39m
                        [33mclass[39m=[32m"MuiTableCell-root MuiTableCell-head MuiTableCell-sizeMedium css-1ygcj2i-MuiTableCell-root"[39m
                        [33mscope[39m=[32m"col"[39m
                      [36m>[39m
                        [0mTitle[0m
                      [36m</th>[39m
                      [36m<th[39m
                        [33mclass[39m=[32m"MuiTableCell-root MuiTableCell-head MuiTableCell-sizeMedium css-1ygcj2i-MuiTableCell-root"[39m
                        [33mscope[39m=[32m"col"[39m
                      [36m>[39m
                        [0mCategory[0m
                      [36m</th>[39m
                      [36m<th[39m
                   ...

    [0m [90m 246 |[39m     )[33m;[39m
     [90m 247 |[39m
    [31m[1m>[22m[39m[90m 248 |[39m     [36mawait[39m waitFor(() [33m=>[39m {
     [90m     |[39m                  [31m[1m^[22m[39m
     [90m 249 |[39m       expect(screen[33m.[39mgetByText([35m/Total Ideas:/i[39m))[33m.[39mtoBeInTheDocument()[33m;[39m
     [90m 250 |[39m     })[33m;[39m
     [90m 251 |[39m[0m

      at waitForWrapper (node_modules/@testing-library/dom/dist/wait-for.js:163:27)
      at Object.<anonymous> (src/pages/AdminDashboard.test.tsx:248:18)

  ● AdminDashboard › should navigate to idea detail when clicking on idea

    Found multiple elements with the text: Community Garden

    Here are the matching elements:

    Ignored nodes: comments, script, style
    [36m<p[39m
      [33mclass[39m=[32m"MuiTypography-root MuiTypography-body2 css-1d3njat-MuiTypography-root"[39m
    [36m>[39m
      [0mCommunity Garden[0m
    [36m</p>[39m

    Ignored nodes: comments, script, style
    [36m<p[39m
      [33mclass[39m=[32m"MuiTypography-root MuiTypography-body2 css-1d3njat-MuiTypography-root"[39m
    [36m>[39m
      [0mCommunity Garden[0m
    [36m</p>[39m

    (If this is intentional, then use the `*AllBy*` variant of the query (like `queryAllByText`, `getAllByText`, or `findAllByText`)).

    Ignored nodes: comments, script, style
    [36m<body>[39m
      [36m<div>[39m
        [36m<div[39m
          [33mclass[39m=[32m"MuiContainer-root MuiContainer-maxWidthLg css-1oqqzyl-MuiContainer-root"[39m
        [36m>[39m
          [36m<div[39m
            [33mclass[39m=[32m"MuiBox-root css-zitybv"[39m
          [36m>[39m
            [36m<h1[39m
              [33mclass[39m=[32m"MuiTypography-root MuiTypography-h4 MuiTypography-gutterBottom css-1vw6mcs-MuiTypography-root"[39m
            [36m>[39m
              [0mAdmin Dashboard[0m
            [36m</h1>[39m
            [36m<p[39m
              [33mclass[39m=[32m"MuiTypography-root MuiTypography-subtitle1 MuiTypography-paragraph css-3pbxik-MuiTypography-root"[39m
            [36m>[39m
              [0mManage volunteer events and community ideas[0m
            [36m</p>[39m
            [36m<div[39m
              [33mclass[39m=[32m"MuiGrid-root MuiGrid-container MuiGrid-spacing-xs-3 css-1ov6x74-MuiGrid-root"[39m
            [36m>[39m
              [36m<div[39m
                [33mclass[39m=[32m"MuiGrid-root MuiGrid-item MuiGrid-grid-xs-12 MuiGrid-grid-sm-6 MuiGrid-grid-md-3 css-10voxkt-MuiGrid-root"[39m
              [36m>[39m
                [36m<div[39m
                  [33mclass[39m=[32m"MuiPaper-root MuiPaper-elevation MuiPaper-rounded MuiPaper-elevation1 MuiCard-root css-bhp9pd-MuiPaper-root-MuiCard-root"[39m
                [36m>[39m
                  [36m<div[39m
                    [33mclass[39m=[32m"MuiCardContent-root css-46bh2p-MuiCardContent-root"[39m
                  [36m>[39m
                    [36m<p[39m
                      [33mclass[39m=[32m"MuiTypography-root MuiTypography-body1 MuiTypography-gutterBottom css-1ydyjjr-MuiTypography-root"[39m
                    [36m>[39m
                      [0mTotal Events[0m
                    [36m</p>[39m
                    [36m<h4[39m
                      [33mclass[39m=[32m"MuiTypography-root MuiTypography-h4 css-5lbw0b-MuiTypography-root"[39m
                    [36m/>[39m
                  [36m</div>[39m
                [36m</div>[39m
              [36m</div>[39m
              [36m<div[39m
                [33mclass[39m=[32m"MuiGrid-root MuiGrid-item MuiGrid-grid-xs-12 MuiGrid-grid-sm-6 MuiGrid-grid-md-3 css-10voxkt-MuiGrid-root"[39m
              [36m>[39m
                [36m<div[39m
                  [33mclass[39m=[32m"MuiPaper-root MuiPaper-elevation MuiPaper-rounded MuiPaper-elevation1 MuiCard-root css-bhp9pd-MuiPaper-root-MuiCard-root"[39m
                [36m>[39m
                  [36m<div[39m
                    [33mclass[39m=[32m"MuiCardContent-root css-46bh2p-MuiCardContent-root"[39m
                  [36m>[39m
                    [36m<p[39m
                      [33mclass[39m=[32m"MuiTypography-root MuiTypography-body1 MuiTypography-gutterBottom css-1ydyjjr-MuiTypography-root"[39m
                    [36m>[39m
                      [0mTotal Ideas[0m
                    [36m</p>[39m
                    [36m<h4[39m
                      [33mclass[39m=[32m"MuiTypography-root MuiTypography-h4 css-5lbw0b-MuiTypography-root"[39m
                    [36m/>[39m
                  [36m</div>[39m
                [36m</div>[39m
              [36m</div>[39m
              [36m<div[39m
                [33mclass[39m=[32m"MuiGrid-root MuiGrid-item MuiGrid-grid-xs-12 MuiGrid-grid-sm-6 MuiGrid-grid-md-3 css-10voxkt-MuiGrid-root"[39m
              [36m>[39m
                [36m<div[39m
                  [33mclass[39m=[32m"MuiPaper-root MuiPaper-elevation MuiPaper-rounded MuiPaper-elevation1 MuiCard-root css-bhp9pd-MuiPaper-root-MuiCard-root"[39m
                [36m>[39m
                  [36m<div[39m
                    [33mclass[39m=[32m"MuiCardContent-root css-46bh2p-MuiCardContent-root"[39m
                  [36m>[39m
                    [36m<p[39m
                      [33mclass[39m=[32m"MuiTypography-root MuiTypography-body1 MuiTypography-gutterBottom css-1ydyjjr-MuiTypography-root"[39m
                    [36m>[39m
                      [0mTotal Users[0m
                    [36m</p>[39m
                    [36m<h4[39m
                      [33mclass[39m=[32m"MuiTypography-root MuiTypography-h4 css-5lbw0b-MuiTypography-root"[39m
                    [36m/>[39m
                  [36m</div>[39m
                [36m</div>[39m
              [36m</div>[39m
              [36m<div[39m
                [33mclass[39m=[32m"MuiGrid-root MuiGrid-item MuiGrid-grid-xs-12 MuiGrid-grid-sm-6 MuiGrid-grid-md-3 css-10voxkt-MuiGrid-root"[39m
              [36m>[39m
                [36m<div[39m
                  [33mclass[39m=[32m"MuiPaper-root MuiPaper-elevation MuiPaper-rounded MuiPaper-elevation1 MuiCard-root css-bhp9pd-MuiPaper-root-MuiCard-root"[39m
                [36m>[39m
                  [36m<div[39m
                    [33mclass[39m=[32m"MuiCardContent-root css-46bh2p-MuiCardContent-root"[39m
                  [36m>[39m
                    [36m<p[39m
                      [33mclass[39m=[32m"MuiTypography-root MuiTypography-body1 MuiTypography-gutterBottom css-1ydyjjr-MuiTypography-root"[39m
                    [36m>[39m
                      [0mPending Ideas[0m
                    [36m</p>[39m
                    [36m<h4[39m
                      [33mclass[39m=[32m"MuiTypography-root MuiTypography-h4 css-1oxsymt-MuiTypography-root"[39m
                    [36m/>[39m
                  [36m</div>[39m
                [36m</div>[39m
              [36m</div>[39m
            [36m</div>[39m
            [36m<div[39m
              [33mclass[39m=[32m"MuiPaper-root MuiPaper-elevation MuiPaper-rounded MuiPaper-elevation1 css-tynsvj-MuiPaper-root"[39m
            [36m>[39m
              [36m<h5[39m
                [33mclass[39m=[32m"MuiTypography-root MuiTypography-h5 MuiTypography-gutterBottom css-h93ljk-MuiTypography-root"[39m
              [36m>[39m
                [0mPending Ideas for Review[0m
              [36m</h5>[39m
              [36m<div[39m
                [33mclass[39m=[32m"MuiTableContainer-root css-rorn0c-MuiTableContainer-root"[39m
              [36m>[39m
                [36m<table[39m
                  [33mclass[39m=[32m"MuiTable-root css-rqglhn-MuiTable-root"[39m
                [36m>[39m
                  [36m<thead[39m
                    [33mclass[39m=[32m"MuiTableHead-root css-15wwp11-MuiTableHead-root"[39m
                  [36m>[39m
                    [36m<tr[39m
                      [33mclass[39m=[32m"MuiTableRow-root MuiTableRow-head css-1q1u3t4-MuiTableRow-root"[39m
                    [36m>[39m
                      [36m<th[39m
                        [33mclass[39m=[32m"MuiTableCell-root MuiTableCell-head MuiTableCell-sizeMedium css-1ygcj2i-MuiTableCell-root"[39m
                        [33mscope[39m=[32m"col"[39m
                      [36m>[39m
                        [0mTitle[0m
                      [36m</th>[39m
                      [36m<th[39m
                        [33mclass[39m=[32m"MuiTableCell-root MuiTableCell-head MuiTableCell-sizeMedium css-1ygcj2i-MuiTableCell-root"[39m
                        [33mscope[39m=[32m"col"[39m
                      [36m>[39m
                        [0mCategory[0m
                      [36m</th>[39m
                      [36m<th[39m
                   ...

    [0m [90m 264 |[39m     )[33m;[39m
     [90m 265 |[39m
    [31m[1m>[22m[39m[90m 266 |[39m     [36mawait[39m waitFor(() [33m=>[39m {
     [90m     |[39m                  [31m[1m^[22m[39m
     [90m 267 |[39m       expect(screen[33m.[39mgetByText([32m'Community Garden'[39m))[33m.[39mtoBeInTheDocument()[33m;[39m
     [90m 268 |[39m     })[33m;[39m
     [90m 269 |[39m[0m

      at waitForWrapper (node_modules/@testing-library/dom/dist/wait-for.js:163:27)
      at Object.<anonymous> (src/pages/AdminDashboard.test.tsx:266:18)

  ● AdminDashboard › should display net votes for each idea

    Found multiple elements with the text: /Net: 8/i

    Here are the matching elements:

    Ignored nodes: comments, script, style
    [36m<span[39m
      [33mclass[39m=[32m"MuiChip-label MuiChip-labelSmall css-wjsjww-MuiChip-label"[39m
    [36m>[39m
      [0mNet: 8[0m
    [36m</span>[39m

    Ignored nodes: comments, script, style
    [36m<span[39m
      [33mclass[39m=[32m"MuiChip-label MuiChip-labelSmall css-wjsjww-MuiChip-label"[39m
    [36m>[39m
      [0mNet: 8[0m
    [36m</span>[39m

    (If this is intentional, then use the `*AllBy*` variant of the query (like `queryAllByText`, `getAllByText`, or `findAllByText`)).

    Ignored nodes: comments, script, style
    [36m<body>[39m
      [36m<div>[39m
        [36m<div[39m
          [33mclass[39m=[32m"MuiContainer-root MuiContainer-maxWidthLg css-1oqqzyl-MuiContainer-root"[39m
        [36m>[39m
          [36m<div[39m
            [33mclass[39m=[32m"MuiBox-root css-zitybv"[39m
          [36m>[39m
            [36m<h1[39m
              [33mclass[39m=[32m"MuiTypography-root MuiTypography-h4 MuiTypography-gutterBottom css-1vw6mcs-MuiTypography-root"[39m
            [36m>[39m
              [0mAdmin Dashboard[0m
            [36m</h1>[39m
            [36m<p[39m
              [33mclass[39m=[32m"MuiTypography-root MuiTypography-subtitle1 MuiTypography-paragraph css-3pbxik-MuiTypography-root"[39m
            [36m>[39m
              [0mManage volunteer events and community ideas[0m
            [36m</p>[39m
            [36m<div[39m
              [33mclass[39m=[32m"MuiGrid-root MuiGrid-container MuiGrid-spacing-xs-3 css-1ov6x74-MuiGrid-root"[39m
            [36m>[39m
              [36m<div[39m
                [33mclass[39m=[32m"MuiGrid-root MuiGrid-item MuiGrid-grid-xs-12 MuiGrid-grid-sm-6 MuiGrid-grid-md-3 css-10voxkt-MuiGrid-root"[39m
              [36m>[39m
                [36m<div[39m
                  [33mclass[39m=[32m"MuiPaper-root MuiPaper-elevation MuiPaper-rounded MuiPaper-elevation1 MuiCard-root css-bhp9pd-MuiPaper-root-MuiCard-root"[39m
                [36m>[39m
                  [36m<div[39m
                    [33mclass[39m=[32m"MuiCardContent-root css-46bh2p-MuiCardContent-root"[39m
                  [36m>[39m
                    [36m<p[39m
                      [33mclass[39m=[32m"MuiTypography-root MuiTypography-body1 MuiTypography-gutterBottom css-1ydyjjr-MuiTypography-root"[39m
                    [36m>[39m
                      [0mTotal Events[0m
                    [36m</p>[39m
                    [36m<h4[39m
                      [33mclass[39m=[32m"MuiTypography-root MuiTypography-h4 css-5lbw0b-MuiTypography-root"[39m
                    [36m/>[39m
                  [36m</div>[39m
                [36m</div>[39m
              [36m</div>[39m
              [36m<div[39m
                [33mclass[39m=[32m"MuiGrid-root MuiGrid-item MuiGrid-grid-xs-12 MuiGrid-grid-sm-6 MuiGrid-grid-md-3 css-10voxkt-MuiGrid-root"[39m
              [36m>[39m
                [36m<div[39m
                  [33mclass[39m=[32m"MuiPaper-root MuiPaper-elevation MuiPaper-rounded MuiPaper-elevation1 MuiCard-root css-bhp9pd-MuiPaper-root-MuiCard-root"[39m
                [36m>[39m
                  [36m<div[39m
                    [33mclass[39m=[32m"MuiCardContent-root css-46bh2p-MuiCardContent-root"[39m
                  [36m>[39m
                    [36m<p[39m
                      [33mclass[39m=[32m"MuiTypography-root MuiTypography-body1 MuiTypography-gutterBottom css-1ydyjjr-MuiTypography-root"[39m
                    [36m>[39m
                      [0mTotal Ideas[0m
                    [36m</p>[39m
                    [36m<h4[39m
                      [33mclass[39m=[32m"MuiTypography-root MuiTypography-h4 css-5lbw0b-MuiTypography-root"[39m
                    [36m/>[39m
                  [36m</div>[39m
                [36m</div>[39m
              [36m</div>[39m
              [36m<div[39m
                [33mclass[39m=[32m"MuiGrid-root MuiGrid-item MuiGrid-grid-xs-12 MuiGrid-grid-sm-6 MuiGrid-grid-md-3 css-10voxkt-MuiGrid-root"[39m
              [36m>[39m
                [36m<div[39m
                  [33mclass[39m=[32m"MuiPaper-root MuiPaper-elevation MuiPaper-rounded MuiPaper-elevation1 MuiCard-root css-bhp9pd-MuiPaper-root-MuiCard-root"[39m
                [36m>[39m
                  [36m<div[39m
                    [33mclass[39m=[32m"MuiCardContent-root css-46bh2p-MuiCardContent-root"[39m
                  [36m>[39m
                    [36m<p[39m
                      [33mclass[39m=[32m"MuiTypography-root MuiTypography-body1 MuiTypography-gutterBottom css-1ydyjjr-MuiTypography-root"[39m
                    [36m>[39m
                      [0mTotal Users[0m
                    [36m</p>[39m
                    [36m<h4[39m
                      [33mclass[39m=[32m"MuiTypography-root MuiTypography-h4 css-5lbw0b-MuiTypography-root"[39m
                    [36m/>[39m
                  [36m</div>[39m
                [36m</div>[39m
              [36m</div>[39m
              [36m<div[39m
                [33mclass[39m=[32m"MuiGrid-root MuiGrid-item MuiGrid-grid-xs-12 MuiGrid-grid-sm-6 MuiGrid-grid-md-3 css-10voxkt-MuiGrid-root"[39m
              [36m>[39m
                [36m<div[39m
                  [33mclass[39m=[32m"MuiPaper-root MuiPaper-elevation MuiPaper-rounded MuiPaper-elevation1 MuiCard-root css-bhp9pd-MuiPaper-root-MuiCard-root"[39m
                [36m>[39m
                  [36m<div[39m
                    [33mclass[39m=[32m"MuiCardContent-root css-46bh2p-MuiCardContent-root"[39m
                  [36m>[39m
                    [36m<p[39m
                      [33mclass[39m=[32m"MuiTypography-root MuiTypography-body1 MuiTypography-gutterBottom css-1ydyjjr-MuiTypography-root"[39m
                    [36m>[39m
                      [0mPending Ideas[0m
                    [36m</p>[39m
                    [36m<h4[39m
                      [33mclass[39m=[32m"MuiTypography-root MuiTypography-h4 css-1oxsymt-MuiTypography-root"[39m
                    [36m/>[39m
                  [36m</div>[39m
                [36m</div>[39m
              [36m</div>[39m
            [36m</div>[39m
            [36m<div[39m
              [33mclass[39m=[32m"MuiPaper-root MuiPaper-elevation MuiPaper-rounded MuiPaper-elevation1 css-tynsvj-MuiPaper-root"[39m
            [36m>[39m
              [36m<h5[39m
                [33mclass[39m=[32m"MuiTypography-root MuiTypography-h5 MuiTypography-gutterBottom css-h93ljk-MuiTypography-root"[39m
              [36m>[39m
                [0mPending Ideas for Review[0m
              [36m</h5>[39m
              [36m<div[39m
                [33mclass[39m=[32m"MuiTableContainer-root css-rorn0c-MuiTableContainer-root"[39m
              [36m>[39m
                [36m<table[39m
                  [33mclass[39m=[32m"MuiTable-root css-rqglhn-MuiTable-root"[39m
                [36m>[39m
                  [36m<thead[39m
                    [33mclass[39m=[32m"MuiTableHead-root css-15wwp11-MuiTableHead-root"[39m
                  [36m>[39m
                    [36m<tr[39m
                      [33mclass[39m=[32m"MuiTableRow-root MuiTableRow-head css-1q1u3t4-MuiTableRow-root"[39m
                    [36m>[39m
                      [36m<th[39m
                        [33mclass[39m=[32m"MuiTableCell-root MuiTableCell-head MuiTableCell-sizeMedium css-1ygcj2i-MuiTableCell-root"[39m
                        [33mscope[39m=[32m"col"[39m
                      [36m>[39m
                        [0mTitle[0m
                      [36m</th>[39m
                      [36m<th[39m
                        [33mclass[39m=[32m"MuiTableCell-root MuiTableCell-head MuiTableCell-sizeMedium css-1ygcj2i-MuiTableCell-root"[39m
                        [33mscope[39m=[32m"col"[39m
                      [36m>[39m
                        [0mCategory[0m
                      [36m</th>[39m
                      [36m<th[39m
                   ...

    [0m [90m 289 |[39m     )[33m;[39m
     [90m 290 |[39m
    [31m[1m>[22m[39m[90m 291 |[39m     [36mawait[39m waitFor(() [33m=>[39m {
     [90m     |[39m                  [31m[1m^[22m[39m
     [90m 292 |[39m       expect(screen[33m.[39mgetByText([35m/Net: 8/i[39m))[33m.[39mtoBeInTheDocument()[33m;[39m
     [90m 293 |[39m       expect(screen[33m.[39mgetByText([35m/Net: 24/i[39m))[33m.[39mtoBeInTheDocument()[33m;[39m
     [90m 294 |[39m     })[33m;[39m[0m

      at waitForWrapper (node_modules/@testing-library/dom/dist/wait-for.js:163:27)
      at Object.<anonymous> (src/pages/AdminDashboard.test.tsx:291:18)

  ● AdminDashboard › should convert approved idea to event

    Found multiple elements with the text: Community Garden

    Here are the matching elements:

    Ignored nodes: comments, script, style
    [36m<p[39m
      [33mclass[39m=[32m"MuiTypography-root MuiTypography-body2 css-1d3njat-MuiTypography-root"[39m
    [36m>[39m
      [0mCommunity Garden[0m
    [36m</p>[39m

    Ignored nodes: comments, script, style
    [36m<p[39m
      [33mclass[39m=[32m"MuiTypography-root MuiTypography-body2 css-1d3njat-MuiTypography-root"[39m
    [36m>[39m
      [0mCommunity Garden[0m
    [36m</p>[39m

    (If this is intentional, then use the `*AllBy*` variant of the query (like `queryAllByText`, `getAllByText`, or `findAllByText`)).

    Ignored nodes: comments, script, style
    [36m<body>[39m
      [36m<div>[39m
        [36m<div[39m
          [33mclass[39m=[32m"MuiContainer-root MuiContainer-maxWidthLg css-1oqqzyl-MuiContainer-root"[39m
        [36m>[39m
          [36m<div[39m
            [33mclass[39m=[32m"MuiBox-root css-zitybv"[39m
          [36m>[39m
            [36m<h1[39m
              [33mclass[39m=[32m"MuiTypography-root MuiTypography-h4 MuiTypography-gutterBottom css-1vw6mcs-MuiTypography-root"[39m
            [36m>[39m
              [0mAdmin Dashboard[0m
            [36m</h1>[39m
            [36m<p[39m
              [33mclass[39m=[32m"MuiTypography-root MuiTypography-subtitle1 MuiTypography-paragraph css-3pbxik-MuiTypography-root"[39m
            [36m>[39m
              [0mManage volunteer events and community ideas[0m
            [36m</p>[39m
            [36m<div[39m
              [33mclass[39m=[32m"MuiGrid-root MuiGrid-container MuiGrid-spacing-xs-3 css-1ov6x74-MuiGrid-root"[39m
            [36m>[39m
              [36m<div[39m
                [33mclass[39m=[32m"MuiGrid-root MuiGrid-item MuiGrid-grid-xs-12 MuiGrid-grid-sm-6 MuiGrid-grid-md-3 css-10voxkt-MuiGrid-root"[39m
              [36m>[39m
                [36m<div[39m
                  [33mclass[39m=[32m"MuiPaper-root MuiPaper-elevation MuiPaper-rounded MuiPaper-elevation1 MuiCard-root css-bhp9pd-MuiPaper-root-MuiCard-root"[39m
                [36m>[39m
                  [36m<div[39m
                    [33mclass[39m=[32m"MuiCardContent-root css-46bh2p-MuiCardContent-root"[39m
                  [36m>[39m
                    [36m<p[39m
                      [33mclass[39m=[32m"MuiTypography-root MuiTypography-body1 MuiTypography-gutterBottom css-1ydyjjr-MuiTypography-root"[39m
                    [36m>[39m
                      [0mTotal Events[0m
                    [36m</p>[39m
                    [36m<h4[39m
                      [33mclass[39m=[32m"MuiTypography-root MuiTypography-h4 css-5lbw0b-MuiTypography-root"[39m
                    [36m/>[39m
                  [36m</div>[39m
                [36m</div>[39m
              [36m</div>[39m
              [36m<div[39m
                [33mclass[39m=[32m"MuiGrid-root MuiGrid-item MuiGrid-grid-xs-12 MuiGrid-grid-sm-6 MuiGrid-grid-md-3 css-10voxkt-MuiGrid-root"[39m
              [36m>[39m
                [36m<div[39m
                  [33mclass[39m=[32m"MuiPaper-root MuiPaper-elevation MuiPaper-rounded MuiPaper-elevation1 MuiCard-root css-bhp9pd-MuiPaper-root-MuiCard-root"[39m
                [36m>[39m
                  [36m<div[39m
                    [33mclass[39m=[32m"MuiCardContent-root css-46bh2p-MuiCardContent-root"[39m
                  [36m>[39m
                    [36m<p[39m
                      [33mclass[39m=[32m"MuiTypography-root MuiTypography-body1 MuiTypography-gutterBottom css-1ydyjjr-MuiTypography-root"[39m
                    [36m>[39m
                      [0mTotal Ideas[0m
                    [36m</p>[39m
                    [36m<h4[39m
                      [33mclass[39m=[32m"MuiTypography-root MuiTypography-h4 css-5lbw0b-MuiTypography-root"[39m
                    [36m/>[39m
                  [36m</div>[39m
                [36m</div>[39m
              [36m</div>[39m
              [36m<div[39m
                [33mclass[39m=[32m"MuiGrid-root MuiGrid-item MuiGrid-grid-xs-12 MuiGrid-grid-sm-6 MuiGrid-grid-md-3 css-10voxkt-MuiGrid-root"[39m
              [36m>[39m
                [36m<div[39m
                  [33mclass[39m=[32m"MuiPaper-root MuiPaper-elevation MuiPaper-rounded MuiPaper-elevation1 MuiCard-root css-bhp9pd-MuiPaper-root-MuiCard-root"[39m
                [36m>[39m
                  [36m<div[39m
                    [33mclass[39m=[32m"MuiCardContent-root css-46bh2p-MuiCardContent-root"[39m
                  [36m>[39m
                    [36m<p[39m
                      [33mclass[39m=[32m"MuiTypography-root MuiTypography-body1 MuiTypography-gutterBottom css-1ydyjjr-MuiTypography-root"[39m
                    [36m>[39m
                      [0mTotal Users[0m
                    [36m</p>[39m
                    [36m<h4[39m
                      [33mclass[39m=[32m"MuiTypography-root MuiTypography-h4 css-5lbw0b-MuiTypography-root"[39m
                    [36m/>[39m
                  [36m</div>[39m
                [36m</div>[39m
              [36m</div>[39m
              [36m<div[39m
                [33mclass[39m=[32m"MuiGrid-root MuiGrid-item MuiGrid-grid-xs-12 MuiGrid-grid-sm-6 MuiGrid-grid-md-3 css-10voxkt-MuiGrid-root"[39m
              [36m>[39m
                [36m<div[39m
                  [33mclass[39m=[32m"MuiPaper-root MuiPaper-elevation MuiPaper-rounded MuiPaper-elevation1 MuiCard-root css-bhp9pd-MuiPaper-root-MuiCard-root"[39m
                [36m>[39m
                  [36m<div[39m
                    [33mclass[39m=[32m"MuiCardContent-root css-46bh2p-MuiCardContent-root"[39m
                  [36m>[39m
                    [36m<p[39m
                      [33mclass[39m=[32m"MuiTypography-root MuiTypography-body1 MuiTypography-gutterBottom css-1ydyjjr-MuiTypography-root"[39m
                    [36m>[39m
                      [0mPending Ideas[0m
                    [36m</p>[39m
                    [36m<h4[39m
                      [33mclass[39m=[32m"MuiTypography-root MuiTypography-h4 css-1oxsymt-MuiTypography-root"[39m
                    [36m/>[39m
                  [36m</div>[39m
                [36m</div>[39m
              [36m</div>[39m
            [36m</div>[39m
            [36m<div[39m
              [33mclass[39m=[32m"MuiPaper-root MuiPaper-elevation MuiPaper-rounded MuiPaper-elevation1 css-tynsvj-MuiPaper-root"[39m
            [36m>[39m
              [36m<h5[39m
                [33mclass[39m=[32m"MuiTypography-root MuiTypography-h5 MuiTypography-gutterBottom css-h93ljk-MuiTypography-root"[39m
              [36m>[39m
                [0mPending Ideas for Review[0m
              [36m</h5>[39m
              [36m<div[39m
                [33mclass[39m=[32m"MuiTableContainer-root css-rorn0c-MuiTableContainer-root"[39m
              [36m>[39m
                [36m<table[39m
                  [33mclass[39m=[32m"MuiTable-root css-rqglhn-MuiTable-root"[39m
                [36m>[39m
                  [36m<thead[39m
                    [33mclass[39m=[32m"MuiTableHead-root css-15wwp11-MuiTableHead-root"[39m
                  [36m>[39m
                    [36m<tr[39m
                      [33mclass[39m=[32m"MuiTableRow-root MuiTableRow-head css-1q1u3t4-MuiTableRow-root"[39m
                    [36m>[39m
                      [36m<th[39m
                        [33mclass[39m=[32m"MuiTableCell-root MuiTableCell-head MuiTableCell-sizeMedium css-1ygcj2i-MuiTableCell-root"[39m
                        [33mscope[39m=[32m"col"[39m
                      [36m>[39m
                        [0mTitle[0m
                      [36m</th>[39m
                      [36m<th[39m
                        [33mclass[39m=[32m"MuiTableCell-root MuiTableCell-head MuiTableCell-sizeMedium css-1ygcj2i-MuiTableCell-root"[39m
                        [33mscope[39m=[32m"col"[39m
                      [36m>[39m
                        [0mCategory[0m
                      [36m</th>[39m
                      [36m<th[39m
                   ...

    [0m [90m 309 |[39m     )[33m;[39m
     [90m 310 |[39m
    [31m[1m>[22m[39m[90m 311 |[39m     [36mawait[39m waitFor(() [33m=>[39m {
     [90m     |[39m                  [31m[1m^[22m[39m
     [90m 312 |[39m       expect(screen[33m.[39mgetByText([32m'Community Garden'[39m))[33m.[39mtoBeInTheDocument()[33m;[39m
     [90m 313 |[39m     })[33m;[39m
     [90m 314 |[39m[0m

      at waitForWrapper (node_modules/@testing-library/dom/dist/wait-for.js:163:27)
      at Object.<anonymous> (src/pages/AdminDashboard.test.tsx:311:18)

  ● AdminDashboard › should refresh data after status change

    Found multiple elements with the text: Community Garden

    Here are the matching elements:

    Ignored nodes: comments, script, style
    [36m<p[39m
      [33mclass[39m=[32m"MuiTypography-root MuiTypography-body2 css-1d3njat-MuiTypography-root"[39m
    [36m>[39m
      [0mCommunity Garden[0m
    [36m</p>[39m

    Ignored nodes: comments, script, style
    [36m<p[39m
      [33mclass[39m=[32m"MuiTypography-root MuiTypography-body2 css-1d3njat-MuiTypography-root"[39m
    [36m>[39m
      [0mCommunity Garden[0m
    [36m</p>[39m

    (If this is intentional, then use the `*AllBy*` variant of the query (like `queryAllByText`, `getAllByText`, or `findAllByText`)).

    Ignored nodes: comments, script, style
    [36m<body>[39m
      [36m<div>[39m
        [36m<div[39m
          [33mclass[39m=[32m"MuiContainer-root MuiContainer-maxWidthLg css-1oqqzyl-MuiContainer-root"[39m
        [36m>[39m
          [36m<div[39m
            [33mclass[39m=[32m"MuiBox-root css-zitybv"[39m
          [36m>[39m
            [36m<h1[39m
              [33mclass[39m=[32m"MuiTypography-root MuiTypography-h4 MuiTypography-gutterBottom css-1vw6mcs-MuiTypography-root"[39m
            [36m>[39m
              [0mAdmin Dashboard[0m
            [36m</h1>[39m
            [36m<p[39m
              [33mclass[39m=[32m"MuiTypography-root MuiTypography-subtitle1 MuiTypography-paragraph css-3pbxik-MuiTypography-root"[39m
            [36m>[39m
              [0mManage volunteer events and community ideas[0m
            [36m</p>[39m
            [36m<div[39m
              [33mclass[39m=[32m"MuiGrid-root MuiGrid-container MuiGrid-spacing-xs-3 css-1ov6x74-MuiGrid-root"[39m
            [36m>[39m
              [36m<div[39m
                [33mclass[39m=[32m"MuiGrid-root MuiGrid-item MuiGrid-grid-xs-12 MuiGrid-grid-sm-6 MuiGrid-grid-md-3 css-10voxkt-MuiGrid-root"[39m
              [36m>[39m
                [36m<div[39m
                  [33mclass[39m=[32m"MuiPaper-root MuiPaper-elevation MuiPaper-rounded MuiPaper-elevation1 MuiCard-root css-bhp9pd-MuiPaper-root-MuiCard-root"[39m
                [36m>[39m
                  [36m<div[39m
                    [33mclass[39m=[32m"MuiCardContent-root css-46bh2p-MuiCardContent-root"[39m
                  [36m>[39m
                    [36m<p[39m
                      [33mclass[39m=[32m"MuiTypography-root MuiTypography-body1 MuiTypography-gutterBottom css-1ydyjjr-MuiTypography-root"[39m
                    [36m>[39m
                      [0mTotal Events[0m
                    [36m</p>[39m
                    [36m<h4[39m
                      [33mclass[39m=[32m"MuiTypography-root MuiTypography-h4 css-5lbw0b-MuiTypography-root"[39m
                    [36m/>[39m
                  [36m</div>[39m
                [36m</div>[39m
              [36m</div>[39m
              [36m<div[39m
                [33mclass[39m=[32m"MuiGrid-root MuiGrid-item MuiGrid-grid-xs-12 MuiGrid-grid-sm-6 MuiGrid-grid-md-3 css-10voxkt-MuiGrid-root"[39m
              [36m>[39m
                [36m<div[39m
                  [33mclass[39m=[32m"MuiPaper-root MuiPaper-elevation MuiPaper-rounded MuiPaper-elevation1 MuiCard-root css-bhp9pd-MuiPaper-root-MuiCard-root"[39m
                [36m>[39m
                  [36m<div[39m
                    [33mclass[39m=[32m"MuiCardContent-root css-46bh2p-MuiCardContent-root"[39m
                  [36m>[39m
                    [36m<p[39m
                      [33mclass[39m=[32m"MuiTypography-root MuiTypography-body1 MuiTypography-gutterBottom css-1ydyjjr-MuiTypography-root"[39m
                    [36m>[39m
                      [0mTotal Ideas[0m
                    [36m</p>[39m
                    [36m<h4[39m
                      [33mclass[39m=[32m"MuiTypography-root MuiTypography-h4 css-5lbw0b-MuiTypography-root"[39m
                    [36m/>[39m
                  [36m</div>[39m
                [36m</div>[39m
              [36m</div>[39m
              [36m<div[39m
                [33mclass[39m=[32m"MuiGrid-root MuiGrid-item MuiGrid-grid-xs-12 MuiGrid-grid-sm-6 MuiGrid-grid-md-3 css-10voxkt-MuiGrid-root"[39m
              [36m>[39m
                [36m<div[39m
                  [33mclass[39m=[32m"MuiPaper-root MuiPaper-elevation MuiPaper-rounded MuiPaper-elevation1 MuiCard-root css-bhp9pd-MuiPaper-root-MuiCard-root"[39m
                [36m>[39m
                  [36m<div[39m
                    [33mclass[39m=[32m"MuiCardContent-root css-46bh2p-MuiCardContent-root"[39m
                  [36m>[39m
                    [36m<p[39m
                      [33mclass[39m=[32m"MuiTypography-root MuiTypography-body1 MuiTypography-gutterBottom css-1ydyjjr-MuiTypography-root"[39m
                    [36m>[39m
                      [0mTotal Users[0m
                    [36m</p>[39m
                    [36m<h4[39m
                      [33mclass[39m=[32m"MuiTypography-root MuiTypography-h4 css-5lbw0b-MuiTypography-root"[39m
                    [36m/>[39m
                  [36m</div>[39m
                [36m</div>[39m
              [36m</div>[39m
              [36m<div[39m
                [33mclass[39m=[32m"MuiGrid-root MuiGrid-item MuiGrid-grid-xs-12 MuiGrid-grid-sm-6 MuiGrid-grid-md-3 css-10voxkt-MuiGrid-root"[39m
              [36m>[39m
                [36m<div[39m
                  [33mclass[39m=[32m"MuiPaper-root MuiPaper-elevation MuiPaper-rounded MuiPaper-elevation1 MuiCard-root css-bhp9pd-MuiPaper-root-MuiCard-root"[39m
                [36m>[39m
                  [36m<div[39m
                    [33mclass[39m=[32m"MuiCardContent-root css-46bh2p-MuiCardContent-root"[39m
                  [36m>[39m
                    [36m<p[39m
                      [33mclass[39m=[32m"MuiTypography-root MuiTypography-body1 MuiTypography-gutterBottom css-1ydyjjr-MuiTypography-root"[39m
                    [36m>[39m
                      [0mPending Ideas[0m
                    [36m</p>[39m
                    [36m<h4[39m
                      [33mclass[39m=[32m"MuiTypography-root MuiTypography-h4 css-1oxsymt-MuiTypography-root"[39m
                    [36m/>[39m
                  [36m</div>[39m
                [36m</div>[39m
              [36m</div>[39m
            [36m</div>[39m
            [36m<div[39m
              [33mclass[39m=[32m"MuiPaper-root MuiPaper-elevation MuiPaper-rounded MuiPaper-elevation1 css-tynsvj-MuiPaper-root"[39m
            [36m>[39m
              [36m<h5[39m
                [33mclass[39m=[32m"MuiTypography-root MuiTypography-h5 MuiTypography-gutterBottom css-h93ljk-MuiTypography-root"[39m
              [36m>[39m
                [0mPending Ideas for Review[0m
              [36m</h5>[39m
              [36m<div[39m
                [33mclass[39m=[32m"MuiTableContainer-root css-rorn0c-MuiTableContainer-root"[39m
              [36m>[39m
                [36m<table[39m
                  [33mclass[39m=[32m"MuiTable-root css-rqglhn-MuiTable-root"[39m
                [36m>[39m
                  [36m<thead[39m
                    [33mclass[39m=[32m"MuiTableHead-root css-15wwp11-MuiTableHead-root"[39m
                  [36m>[39m
                    [36m<tr[39m
                      [33mclass[39m=[32m"MuiTableRow-root MuiTableRow-head css-1q1u3t4-MuiTableRow-root"[39m
                    [36m>[39m
                      [36m<th[39m
                        [33mclass[39m=[32m"MuiTableCell-root MuiTableCell-head MuiTableCell-sizeMedium css-1ygcj2i-MuiTableCell-root"[39m
                        [33mscope[39m=[32m"col"[39m
                      [36m>[39m
                        [0mTitle[0m
                      [36m</th>[39m
                      [36m<th[39m
                        [33mclass[39m=[32m"MuiTableCell-root MuiTableCell-head MuiTableCell-sizeMedium css-1ygcj2i-MuiTableCell-root"[39m
                        [33mscope[39m=[32m"col"[39m
                      [36m>[39m
                        [0mCategory[0m
                      [36m</th>[39m
                      [36m<th[39m
                   ...

    [0m [90m 337 |[39m     )[33m;[39m
     [90m 338 |[39m
    [31m[1m>[22m[39m[90m 339 |[39m     [36mawait[39m waitFor(() [33m=>[39m {
     [90m     |[39m                  [31m[1m^[22m[39m
     [90m 340 |[39m       expect(screen[33m.[39mgetByText([32m'Community Garden'[39m))[33m.[39mtoBeInTheDocument()[33m;[39m
     [90m 341 |[39m     })[33m;[39m
     [90m 342 |[39m[0m

      at waitForWrapper (node_modules/@testing-library/dom/dist/wait-for.js:163:27)
      at Object.<anonymous> (src/pages/AdminDashboard.test.tsx:339:18)

FAIL src/store/authSlice.test.ts
  ● authSlice › should handle setUser action

    TypeError: (0 , _authSlice.setUser) is not a function

    [0m [90m 43 |[39m
     [90m 44 |[39m   it([32m'should handle setUser action'[39m[33m,[39m () [33m=>[39m {
    [31m[1m>[22m[39m[90m 45 |[39m     [36mconst[39m actual [33m=[39m authReducer(initialState[33m,[39m setUser(mockUser))[33m;[39m
     [90m    |[39m                                                     [31m[1m^[22m[39m
     [90m 46 |[39m     expect(actual[33m.[39muser)[33m.[39mtoEqual(mockUser)[33m;[39m
     [90m 47 |[39m     expect(actual[33m.[39misAuthenticated)[33m.[39mtoBe([36mtrue[39m)[33m;[39m
     [90m 48 |[39m   })[33m;[39m[0m

      at Object.<anonymous> (src/store/authSlice.test.ts:45:53)

  ● authSlice › should persist token when setting user

    TypeError: (0 , _authSlice.setUser) is not a function

    [0m [90m 55 |[39m     }[33m;[39m
     [90m 56 |[39m
    [31m[1m>[22m[39m[90m 57 |[39m     [36mconst[39m actual [33m=[39m authReducer(stateWithToken[33m,[39m setUser(mockUser))[33m;[39m
     [90m    |[39m                                                       [31m[1m^[22m[39m
     [90m 58 |[39m     expect(actual[33m.[39mtoken)[33m.[39mtoEqual(mockToken)[33m;[39m
     [90m 59 |[39m   })[33m;[39m
     [90m 60 |[39m[0m

      at Object.<anonymous> (src/store/authSlice.test.ts:57:55)

  ● authSlice › should update user when already authenticated

    TypeError: (0 , _authSlice.setUser) is not a function

    [0m [90m 84 |[39m
     [90m 85 |[39m     [36mconst[39m updatedUser [33m=[39m { [33m...[39mmockUser[33m,[39m firstName[33m:[39m [32m'Updated'[39m }[33m;[39m
    [31m[1m>[22m[39m[90m 86 |[39m     [36mconst[39m actual [33m=[39m authReducer(authenticatedState[33m,[39m setUser(updatedUser))[33m;[39m
     [90m    |[39m                                                           [31m[1m^[22m[39m
     [90m 87 |[39m     expect(actual[33m.[39muser[33m?[39m[33m.[39mfirstName)[33m.[39mtoBe([32m'Updated'[39m)[33m;[39m
     [90m 88 |[39m   })[33m;[39m
     [90m 89 |[39m[0m

      at Object.<anonymous> (src/store/authSlice.test.ts:86:59)

FAIL src/pages/MyProfile.test.tsx (27.912 s)
  ● Console

    console.warn
      ⚠️ React Router Future Flag Warning: React Router will begin wrapping state updates in `React.startTransition` in v7. You can use the `v7_startTransition` future flag to opt-in early. For more information, see https://reactrouter.com/v6/upgrading/future#v7_starttransition.

    [0m [90m 80 |[39m     [36mconst[39m store [33m=[39m createMockStore()[33m;[39m
     [90m 81 |[39m
    [31m[1m>[22m[39m[90m 82 |[39m     render(
     [90m    |[39m           [31m[1m^[22m[39m
     [90m 83 |[39m       [33m<[39m[33mProvider[39m store[33m=[39m{store}[33m>[39m
     [90m 84 |[39m         [33m<[39m[33mBrowserRouter[39m[33m>[39m
     [90m 85 |[39m           [33m<[39m[33mMyProfile[39m [33m/[39m[33m>[39m[0m

      at warnOnce (node_modules/react-router/lib/deprecations.ts:9:13)
      at logDeprecation (node_modules/react-router/lib/deprecations.ts:14:3)
      at Object.logV6DeprecationWarnings [as UNSAFE_logV6DeprecationWarnings] (node_modules/react-router/lib/deprecations.ts:26:5)
      at node_modules/react-router-dom/index.tsx:816:25
      at commitHookEffectListMount (node_modules/react-dom/cjs/react-dom.development.js:23189:26)
      at commitPassiveMountOnFiber (node_modules/react-dom/cjs/react-dom.development.js:24970:11)
      at commitPassiveMountEffects_complete (node_modules/react-dom/cjs/react-dom.development.js:24930:9)
      at commitPassiveMountEffects_begin (node_modules/react-dom/cjs/react-dom.development.js:24917:7)
      at commitPassiveMountEffects (node_modules/react-dom/cjs/react-dom.development.js:24905:3)
      at flushPassiveEffectsImpl (node_modules/react-dom/cjs/react-dom.development.js:27078:3)
      at flushPassiveEffects (node_modules/react-dom/cjs/react-dom.development.js:27023:14)
      at performSyncWorkOnRoot (node_modules/react-dom/cjs/react-dom.development.js:26115:3)
      at flushSyncCallbacks (node_modules/react-dom/cjs/react-dom.development.js:12042:22)
      at commitRootImpl (node_modules/react-dom/cjs/react-dom.development.js:26998:3)
      at commitRoot (node_modules/react-dom/cjs/react-dom.development.js:26721:5)
      at finishConcurrentRender (node_modules/react-dom/cjs/react-dom.development.js:26020:9)
      at performConcurrentWorkOnRoot (node_modules/react-dom/cjs/react-dom.development.js:25848:7)
      at flushActQueue (node_modules/react/cjs/react.development.js:2667:24)
      at act (node_modules/react/cjs/react.development.js:2582:11)
      at node_modules/@testing-library/react/dist/act-compat.js:47:25
      at renderRoot (node_modules/@testing-library/react/dist/pure.js:190:26)
      at render (node_modules/@testing-library/react/dist/pure.js:292:10)
      at Object.<anonymous> (src/pages/MyProfile.test.tsx:82:11)

    console.warn
      ⚠️ React Router Future Flag Warning: Relative route resolution within Splat routes is changing in v7. You can use the `v7_relativeSplatPath` future flag to opt-in early. For more information, see https://reactrouter.com/v6/upgrading/future#v7_relativesplatpath.

    [0m [90m 80 |[39m     [36mconst[39m store [33m=[39m createMockStore()[33m;[39m
     [90m 81 |[39m
    [31m[1m>[22m[39m[90m 82 |[39m     render(
     [90m    |[39m           [31m[1m^[22m[39m
     [90m 83 |[39m       [33m<[39m[33mProvider[39m store[33m=[39m{store}[33m>[39m
     [90m 84 |[39m         [33m<[39m[33mBrowserRouter[39m[33m>[39m
     [90m 85 |[39m           [33m<[39m[33mMyProfile[39m [33m/[39m[33m>[39m[0m

      at warnOnce (node_modules/react-router/lib/deprecations.ts:9:13)
      at logDeprecation (node_modules/react-router/lib/deprecations.ts:14:3)
      at Object.logV6DeprecationWarnings [as UNSAFE_logV6DeprecationWarnings] (node_modules/react-router/lib/deprecations.ts:37:5)
      at node_modules/react-router-dom/index.tsx:816:25
      at commitHookEffectListMount (node_modules/react-dom/cjs/react-dom.development.js:23189:26)
      at commitPassiveMountOnFiber (node_modules/react-dom/cjs/react-dom.development.js:24970:11)
      at commitPassiveMountEffects_complete (node_modules/react-dom/cjs/react-dom.development.js:24930:9)
      at commitPassiveMountEffects_begin (node_modules/react-dom/cjs/react-dom.development.js:24917:7)
      at commitPassiveMountEffects (node_modules/react-dom/cjs/react-dom.development.js:24905:3)
      at flushPassiveEffectsImpl (node_modules/react-dom/cjs/react-dom.development.js:27078:3)
      at flushPassiveEffects (node_modules/react-dom/cjs/react-dom.development.js:27023:14)
      at performSyncWorkOnRoot (node_modules/react-dom/cjs/react-dom.development.js:26115:3)
      at flushSyncCallbacks (node_modules/react-dom/cjs/react-dom.development.js:12042:22)
      at commitRootImpl (node_modules/react-dom/cjs/react-dom.development.js:26998:3)
      at commitRoot (node_modules/react-dom/cjs/react-dom.development.js:26721:5)
      at finishConcurrentRender (node_modules/react-dom/cjs/react-dom.development.js:26020:9)
      at performConcurrentWorkOnRoot (node_modules/react-dom/cjs/react-dom.development.js:25848:7)
      at flushActQueue (node_modules/react/cjs/react.development.js:2667:24)
      at act (node_modules/react/cjs/react.development.js:2582:11)
      at node_modules/@testing-library/react/dist/act-compat.js:47:25
      at renderRoot (node_modules/@testing-library/react/dist/pure.js:190:26)
      at render (node_modules/@testing-library/react/dist/pure.js:292:10)
      at Object.<anonymous> (src/pages/MyProfile.test.tsx:82:11)

  ● MyProfile Page › should fetch and display user profile data

    Unable to find an element with the text: John Doe. This could be because the text is broken up by multiple elements. In this case, you can provide a function for your text matcher to make your matcher more flexible.

    Ignored nodes: comments, script, style
    [36m<body>[39m
      [36m<div>[39m
        [36m<div[39m
          [33mclass[39m=[32m"MuiContainer-root MuiContainer-maxWidthMd css-xdmu94-MuiContainer-root"[39m
        [36m>[39m
          [36m<div[39m
            [33mclass[39m=[32m"MuiPaper-root MuiPaper-elevation MuiPaper-rounded MuiPaper-elevation1 css-1eubnzl-MuiPaper-root"[39m
          [36m>[39m
            [36m<div[39m
              [33mclass[39m=[32m"MuiBox-root css-v08z5u"[39m
            [36m>[39m
              [36m<h1[39m
                [33mclass[39m=[32m"MuiTypography-root MuiTypography-h4 css-5lbw0b-MuiTypography-root"[39m
              [36m>[39m
                [0mMy Profile[0m
              [36m</h1>[39m
              [36m<button[39m
                [33mclass[39m=[32m"MuiButtonBase-root MuiButton-root MuiButton-contained MuiButton-containedPrimary MuiButton-sizeMedium MuiButton-containedSizeMedium MuiButton-colorPrimary MuiButton-root MuiButton-contained MuiButton-containedPrimary MuiButton-sizeMedium MuiButton-containedSizeMedium MuiButton-colorPrimary css-sghohy-MuiButtonBase-root-MuiButton-root"[39m
                [33mtabindex[39m=[32m"0"[39m
                [33mtype[39m=[32m"button"[39m
              [36m>[39m
                [36m<span[39m
                  [33mclass[39m=[32m"MuiButton-icon MuiButton-startIcon MuiButton-iconSizeMedium css-1d6wzja-MuiButton-startIcon"[39m
                [36m>[39m
                  [36m<svg[39m
                    [33maria-hidden[39m=[32m"true"[39m
                    [33mclass[39m=[32m"MuiSvgIcon-root MuiSvgIcon-fontSizeMedium css-i4bv87-MuiSvgIcon-root"[39m
                    [33mdata-testid[39m=[32m"EditIcon"[39m
                    [33mfocusable[39m=[32m"false"[39m
                    [33mviewBox[39m=[32m"0 0 24 24"[39m
                  [36m>[39m
                    [36m<path[39m
                      [33md[39m=[32m"M3 17.25V21h3.75L17.81 9.94l-3.75-3.75zM20.71 7.04c.39-.39.39-1.02 0-1.41l-2.34-2.34a.9959.9959 0 0 0-1.41 0l-1.83 1.83 3.75 3.75z"[39m
                    [36m/>[39m
                  [36m</svg>[39m
                [36m</span>[39m
                [0mEdit Profile[0m
                [36m<span[39m
                  [33mclass[39m=[32m"MuiTouchRipple-root css-8je8zh-MuiTouchRipple-root"[39m
                [36m/>[39m
              [36m</button>[39m
            [36m</div>[39m
            [36m<div[39m
              [33mclass[39m=[32m"MuiGrid-root MuiGrid-container MuiGrid-spacing-xs-3 css-zow5z4-MuiGrid-root"[39m
            [36m>[39m
              [36m<div[39m
                [33mclass[39m=[32m"MuiGrid-root MuiGrid-item MuiGrid-grid-xs-12 css-1idn90j-MuiGrid-root"[39m
              [36m>[39m
                [36m<h6[39m
                  [33mclass[39m=[32m"MuiTypography-root MuiTypography-h6 MuiTypography-gutterBottom css-18k87ye-MuiTypography-root"[39m
                [36m>[39m
                  [0mPersonal Information[0m
                [36m</h6>[39m
              [36m</div>[39m
              [36m<div[39m
                [33mclass[39m=[32m"MuiGrid-root MuiGrid-item MuiGrid-grid-xs-12 MuiGrid-grid-sm-6 css-1b3l6lk-MuiGrid-root"[39m
              [36m>[39m
                [36m<div[39m
                  [33mclass[39m=[32m"MuiFormControl-root MuiFormControl-fullWidth MuiTextField-root css-wb57ya-MuiFormControl-root-MuiTextField-root"[39m
                [36m>[39m
                  [36m<label[39m
                    [33mclass[39m=[32m"MuiFormLabel-root MuiInputLabel-root MuiInputLabel-formControl MuiInputLabel-animated MuiInputLabel-shrink MuiInputLabel-sizeMedium MuiInputLabel-outlined MuiFormLabel-colorPrimary Mui-disabled MuiFormLabel-filled Mui-required MuiInputLabel-root MuiInputLabel-formControl MuiInputLabel-animated MuiInputLabel-shrink MuiInputLabel-sizeMedium MuiInputLabel-outlined css-1jy569b-MuiFormLabel-root-MuiInputLabel-root"[39m
                    [33mdata-shrink[39m=[32m"true"[39m
                    [33mfor[39m=[32m":r8:"[39m
                    [33mid[39m=[32m":r8:-label"[39m
                  [36m>[39m
                    [0mFirst Name[0m
                    [36m<span[39m
                      [33maria-hidden[39m=[32m"true"[39m
                      [33mclass[39m=[32m"MuiFormLabel-asterisk MuiInputLabel-asterisk css-wgai2y-MuiFormLabel-asterisk"[39m
                    [36m>[39m
                      [0m [0m
                      [0m*[0m
                    [36m</span>[39m
                  [36m</label>[39m
                  [36m<div[39m
                    [33mclass[39m=[32m"MuiInputBase-root MuiOutlinedInput-root MuiInputBase-colorPrimary Mui-disabled MuiInputBase-fullWidth MuiInputBase-formControl css-md26zr-MuiInputBase-root-MuiOutlinedInput-root"[39m
                  [36m>[39m
                    [36m<input[39m
                      [33maria-invalid[39m=[32m"false"[39m
                      [33mclass[39m=[32m"MuiInputBase-input MuiOutlinedInput-input Mui-disabled css-1t8l2tu-MuiInputBase-input-MuiOutlinedInput-input"[39m
                      [33mdisabled[39m=[32m""[39m
                      [33mid[39m=[32m":r8:"[39m
                      [33mname[39m=[32m"firstName"[39m
                      [33mrequired[39m=[32m""[39m
                      [33mtype[39m=[32m"text"[39m
                      [33mvalue[39m=[32m"John"[39m
                    [36m/>[39m
                    [36m<fieldset[39m
                      [33maria-hidden[39m=[32m"true"[39m
                      [33mclass[39m=[32m"MuiOutlinedInput-notchedOutline css-r01yff-MuiNotchedOutlined-root-MuiOutlinedInput-notchedOutline"[39m
                    [36m>[39m
                      [36m<legend[39m
                        [33mclass[39m=[32m"css-sl37lx-MuiNotchedOutlined-root"[39m
                      [36m>[39m
                        [36m<span>[39m
                          [0mFirst Name[0m
                          [0m [0m
                          [0m*[0m
                        [36m</span>[39m
                      [36m</legend>[39m
                    [36m</fieldset>[39m
                  [36m</div>[39m
                [36m</div>[39m
              [36m</div>[39m
              [36m<div[39m
                [33mclass[39m=[32m"MuiGrid-root MuiGrid-item MuiGrid-grid-xs-12 MuiGrid-grid-sm-6 css-1b3l6lk-MuiGrid-root"[39m
              [36m>[39m
                [36m<div[39m
                  [33mclass[39m=[32m"MuiFormControl-root MuiFormControl-fullWidth MuiTextField-root css-wb57ya-MuiFormControl-root-MuiTextField-root"[39m
                [36m>[39m
                  [36m<label[39m
                    [33mclass[39m=[32m"MuiFormLabel-root MuiInputLabel-root MuiInputLabel-formControl MuiInputLabel-animated MuiInputLabel-shrink MuiInputLabel-sizeMedium MuiInputLabel-outlined MuiFormLabel-colorPrimary Mui-disabled MuiFormLabel-filled Mui-required MuiInputLabel-root MuiInputLabel-formControl MuiInputLabel-animated MuiInputLabel-shrink MuiInputLabel-sizeMedium MuiInputLabel-outlined css-1jy569b-MuiFormLabel-root-MuiInputLabel-root"[39m
                    [33mdata-shrink[39m=[32m"true"[39m
                    [33mfor[39m=[32m":r9:"[39m
                    [33mid[39m=[32m":r9:-label"[39m
                  [36m>[39m
             ...

    [0m [90m 102 |[39m     )[33m;[39m
     [90m 103 |[39m
    [31m[1m>[22m[39m[90m 104 |[39m     [36mawait[39m waitFor(() [33m=>[39m {
     [90m     |[39m                  [31m[1m^[22m[39m
     [90m 105 |[39m       expect(screen[33m.[39mgetByText([32m'John Doe'[39m))[33m.[39mtoBeInTheDocument()[33m;[39m
     [90m 106 |[39m       expect(screen[33m.[39mgetByText([32m'john.doe@pwc.com'[39m))[33m.[39mtoBeInTheDocument()[33m;[39m
     [90m 107 |[39m       expect(screen[33m.[39mgetByText([32m'Technology'[39m))[33m.[39mtoBeInTheDocument()[33m;[39m[0m

      at waitForWrapper (node_modules/@testing-library/dom/dist/wait-for.js:163:27)
      at Object.<anonymous> (src/pages/MyProfile.test.tsx:104:18)

  ● MyProfile Page › should display loading spinner while fetching profile

    TestingLibraryElementError: Unable to find an accessible element with the role "progressbar"

    Here are the accessible roles:

      heading:

      Name "My Profile":
      [36m<h1[39m
        [33mclass[39m=[32m"MuiTypography-root MuiTypography-h4 css-5lbw0b-MuiTypography-root"[39m
      [36m/>[39m

      Name "Personal Information":
      [36m<h6[39m
        [33mclass[39m=[32m"MuiTypography-root MuiTypography-h6 MuiTypography-gutterBottom css-18k87ye-MuiTypography-root"[39m
      [36m/>[39m

      Name "Interests":
      [36m<h6[39m
        [33mclass[39m=[32m"MuiTypography-root MuiTypography-h6 MuiTypography-gutterBottom css-18k87ye-MuiTypography-root"[39m
      [36m/>[39m

      Name "Bio":
      [36m<h6[39m
        [33mclass[39m=[32m"MuiTypography-root MuiTypography-h6 MuiTypography-gutterBottom css-18k87ye-MuiTypography-root"[39m
      [36m/>[39m

      --------------------------------------------------
      button:

      Name "Edit Profile":
      [36m<button[39m
        [33mclass[39m=[32m"MuiButtonBase-root MuiButton-root MuiButton-contained MuiButton-containedPrimary MuiButton-sizeMedium MuiButton-containedSizeMedium MuiButton-colorPrimary MuiButton-root MuiButton-contained MuiButton-containedPrimary MuiButton-sizeMedium MuiButton-containedSizeMedium MuiButton-colorPrimary css-sghohy-MuiButtonBase-root-MuiButton-root"[39m
        [33mtabindex[39m=[32m"0"[39m
        [33mtype[39m=[32m"button"[39m
      [36m/>[39m

      --------------------------------------------------
      textbox:

      Name "First Name":
      [36m<input[39m
        [33maria-invalid[39m=[32m"false"[39m
        [33mclass[39m=[32m"MuiInputBase-input MuiOutlinedInput-input Mui-disabled css-1t8l2tu-MuiInputBase-input-MuiOutlinedInput-input"[39m
        [33mdisabled[39m=[32m""[39m
        [33mid[39m=[32m":rg:"[39m
        [33mname[39m=[32m"firstName"[39m
        [33mrequired[39m=[32m""[39m
        [33mtype[39m=[32m"text"[39m
        [33mvalue[39m=[32m"John"[39m
      [36m/>[39m

      Name "Last Name":
      [36m<input[39m
        [33maria-invalid[39m=[32m"false"[39m
        [33mclass[39m=[32m"MuiInputBase-input MuiOutlinedInput-input Mui-disabled css-1t8l2tu-MuiInputBase-input-MuiOutlinedInput-input"[39m
        [33mdisabled[39m=[32m""[39m
        [33mid[39m=[32m":rh:"[39m
        [33mname[39m=[32m"lastName"[39m
        [33mrequired[39m=[32m""[39m
        [33mtype[39m=[32m"text"[39m
        [33mvalue[39m=[32m"Doe"[39m
      [36m/>[39m

      Name "Email":
      [36m<input[39m
        [33maria-describedby[39m=[32m":ri:-helper-text"[39m
        [33maria-invalid[39m=[32m"false"[39m
        [33mclass[39m=[32m"MuiInputBase-input MuiOutlinedInput-input Mui-disabled css-1t8l2tu-MuiInputBase-input-MuiOutlinedInput-input"[39m
        [33mdisabled[39m=[32m""[39m
        [33mid[39m=[32m":ri:"[39m
        [33mtype[39m=[32m"text"[39m
        [33mvalue[39m=[32m"john.doe@pwc.com"[39m
      [36m/>[39m

      Name "Role":
      [36m<input[39m
        [33maria-describedby[39m=[32m":rj:-helper-text"[39m
        [33maria-invalid[39m=[32m"false"[39m
        [33mclass[39m=[32m"MuiInputBase-input MuiOutlinedInput-input Mui-disabled css-1t8l2tu-MuiInputBase-input-MuiOutlinedInput-input"[39m
        [33mdisabled[39m=[32m""[39m
        [33mid[39m=[32m":rj:"[39m
        [33mtype[39m=[32m"text"[39m
        [33mvalue[39m=[32m"employee"[39m
      [36m/>[39m

      Name "Location":
      [36m<input[39m
        [33maria-invalid[39m=[32m"false"[39m
        [33mclass[39m=[32m"MuiInputBase-input MuiOutlinedInput-input Mui-disabled css-1t8l2tu-MuiInputBase-input-MuiOutlinedInput-input"[39m
        [33mdisabled[39m=[32m""[39m
        [33mid[39m=[32m":rl:"[39m
        [33mname[39m=[32m"location"[39m
        [33mtype[39m=[32m"text"[39m
        [33mvalue[39m=[32m""[39m
      [36m/>[39m

      Name "Interests (comma-separated)":
      [36m<textarea[39m
        [33maria-describedby[39m=[32m":rm:-helper-text"[39m
        [33maria-invalid[39m=[32m"false"[39m
        [33mclass[39m=[32m"MuiInputBase-input MuiOutlinedInput-input Mui-disabled MuiInputBase-inputMultiline css-1sqnrkk-MuiInputBase-input-MuiOutlinedInput-input"[39m
        [33mdisabled[39m=[32m""[39m
        [33mid[39m=[32m":rm:"[39m
        [33mname[39m=[32m"interests"[39m
        [33mrows[39m=[32m"2"[39m
        [33mstyle[39m=[32m"height: 0px; overflow: hidden;"[39m
      [36m/>[39m

      Name "Bio":
      [36m<textarea[39m
        [33maria-describedby[39m=[32m":rn:-helper-text"[39m
        [33maria-invalid[39m=[32m"false"[39m
        [33mclass[39m=[32m"MuiInputBase-input MuiOutlinedInput-input Mui-disabled MuiInputBase-inputMultiline css-1sqnrkk-MuiInputBase-input-MuiOutlinedInput-input"[39m
        [33mdisabled[39m=[32m""[39m
        [33mid[39m=[32m":rn:"[39m
        [33mname[39m=[32m"bio"[39m
        [33mrows[39m=[32m"4"[39m
        [33mstyle[39m=[32m"height: 0px; overflow: hidden;"[39m
      [36m/>[39m

      --------------------------------------------------
      paragraph:

      Name "":
      [36m<p[39m
        [33mclass[39m=[32m"MuiFormHelperText-root Mui-disabled MuiFormHelperText-sizeMedium MuiFormHelperText-contained MuiFormHelperText-filled css-1wc848c-MuiFormHelperText-root"[39m
        [33mid[39m=[32m":ri:-helper-text"[39m
      [36m/>[39m

      Name "":
      [36m<p[39m
        [33mclass[39m=[32m"MuiFormHelperText-root Mui-disabled MuiFormHelperText-sizeMedium MuiFormHelperText-contained MuiFormHelperText-filled css-1wc848c-MuiFormHelperText-root"[39m
        [33mid[39m=[32m":rj:-helper-text"[39m
      [36m/>[39m

      Name "":
      [36m<p[39m
        [33mclass[39m=[32m"MuiFormHelperText-root Mui-disabled MuiFormHelperText-sizeMedium MuiFormHelperText-contained css-1wc848c-MuiFormHelperText-root"[39m
        [33mid[39m=[32m":rm:-helper-text"[39m
      [36m/>[39m

      Name "":
      [36m<p[39m
        [33mclass[39m=[32m"MuiFormHelperText-root Mui-disabled MuiFormHelperText-sizeMedium MuiFormHelperText-contained css-1wc848c-MuiFormHelperText-root"[39m
        [33mid[39m=[32m":rn:-helper-text"[39m
      [36m/>[39m

      --------------------------------------------------
      combobox:

      Name "":
      [36m<div[39m
        [33maria-controls[39m=[32m":rk:"[39m
        [33maria-disabled[39m=[32m"true"[39m
        [33maria-expanded[39m=[32m"false"[39m
        [33maria-haspopup[39m=[32m"listbox"[39m
        [33mclass[39m=[32m"MuiSelect-select MuiSelect-outlined Mui-disabled MuiInputBase-input MuiOutlinedInput-input Mui-disabled css-11u53oe-MuiSelect-select-MuiInputBase-input-MuiOutlinedInput-input"[39m
        [33mrole[39m=[32m"combobox"[39m
      [36m/>[39m

      --------------------------------------------------

    Ignored nodes: comments, script, style
    [36m<body>[39m
      [36m<div>[39m
        [36m<div[39m
          [33mclass[39m=[32m"MuiContainer-root MuiContainer-maxWidthMd css-xdmu94-MuiContainer-root"[39m
        [36m>[39m
          [36m<div[39m
            [33mclass[39m=[32m"MuiPaper-root MuiPaper-elevation MuiPaper-rounded MuiPaper-elevation1 css-1eubnzl-MuiPaper-root"[39m
          [36m>[39m
            [36m<div[39m
              [33mclass[39m=[32m"MuiBox-root css-v08z5u"[39m
            [36m>[39m
              [36m<h1[39m
                [33mclass[39m=[32m"MuiTypography-root MuiTypography-h4 css-5lbw0b-MuiTypography-root"[39m
              [36m>[39m
                [0mMy Profile[0m
              [36m</h1>[39m
              [36m<button[39m
                [33mclass[39m=[32m"MuiButtonBase-root MuiButton-root MuiButton-contained MuiButton-containedPrimary MuiButton-sizeMedium MuiButton-containedSizeMedium MuiButton-colorPrimary MuiButton-root MuiButton-contained MuiButton-containedPrimary MuiButton-sizeMedium MuiButton-containedSizeMedium MuiButton-colorPrimary css-sghohy-MuiButtonBase-root-MuiButton-root"[39m
                [33mtabindex[39m=[32m"0"[39m
                [33mtype[39m=[32m"button"[39m
              [36m>[39m
                [36m<span[39m
                  [33mclass[39m=[32m"MuiButton-icon MuiButton-startIcon MuiButton-iconSizeMedium css-1d6wzja-MuiButton-startIcon"[39m
                [36m>[39m
                  [36m<svg[39m
                    [33maria-hidden[39m=[32m"true"[39m
                    [33mclass[39m=[32m"MuiSvgIcon-root MuiSvgIcon-fontSizeMedium css-i4bv87-MuiSvgIcon-root"[39m
                    [33mdata-testid[39m=[32m"EditIcon"[39m
                    [33mfocusable[39m=[32m"false"[39m
                    [33mviewBox[39m=[32m"0 0 24 24"[39m
                  [36m>[39m
                    [36m<path[39m
                      [33md[39m=[32m"M3 17.25V21h3.75L17.81 9.94l-3.75-3.75zM20.71 7.04c.39-.39.39-1.02 0-1.41l-2.34-2.34a.9959.9959 0 0 0-1.41 0l-1.83 1.83 3.75 3.75z"[39m
                    [36m/>[39m
                  [36m</svg>[39m
                [36m</span>[39m
                [0mEdit Profile[0m
                [36m<span[39m
                  [33mclass[39m=[32m"MuiTouchRipple-root css-8je8zh-MuiTouchRipple-root"[39m
                [36m/>[39m
              [36m</button>[39m
            [36m</div>[39m
            [36m<div[39m
              [33mclass[39m=[32m"MuiGrid-root MuiGrid-container MuiGrid-spacing-xs-3 css-zow5z4-MuiGrid-root"[39m
            [36m>[39m
              [36m<div[39m
                [33mclass[39m=[32m"MuiGrid-root MuiGrid-item MuiGrid-grid-xs-12 css-1idn90j-MuiGrid-root"[39m
              [36m>[39m
                [36m<h6[39m
                  [33mclass[39m=[32m"MuiTypography-root MuiTypography-h6 MuiTypography-gutterBottom css-18k87ye-MuiTypography-root"[39m
                [36m>[39m
                  [0mPersonal Information[0m
                [36m</h6>[39m
              [36m</div>[39m
              [36m<div[39m
                [33mclass[39m=[32m"MuiGrid-root MuiGrid-item MuiGrid-grid-xs-12 MuiGrid-grid-sm-6 css-1b3l6lk-MuiGrid-root"[39m
              [36m>[39m
                [36m<div[39m
                  [33mclass[39m=[32m"MuiFormControl-root MuiFormControl-fullWidth MuiTextField-root css-wb57ya-MuiFormControl-root-MuiTextField-root"[39m
                [36m>[39m
                  [36m<label[39m
                    [33mclass[39m=[32m"MuiFormLabel-root MuiInputLabel-root MuiInputLabel-formControl MuiInputLabel-animated MuiInputLabel-shrink MuiInputLabel-sizeMedium MuiInputLabel-outlined MuiFormLabel-colorPrimary Mui-disabled MuiFormLabel-filled Mui-required MuiInputLabel-root MuiInputLabel-formControl MuiInputLabel-animated MuiInputLabel-shrink MuiInputLabel-sizeMedium MuiInputLabel-outlined css-1jy569b-MuiFormLabel-root-MuiInputLabel-root"[39m
                    [33mdata-shrink[39m=[32m"true"[39m
                    [33mfor[39m=[32m":rg:"[39m
                    [33mid[39m=[32m":rg:-label"[39m
                  [36m>[39m
                    [0mFirst Name[0m
                    [36m<span[39m
                      [33maria-hidden[39m=[32m"true"[39m
                      [33mclass[39m=[32m"MuiFormLabel-asterisk MuiInputLabel-asterisk css-wgai2y-MuiFormLabel-asterisk"[39m
                    [36m>[39m
                      [0m [0m
                      [0m*[0m
                    [36m</span>[39m
                  [36m</label>[39m
                  [36m<div[39m
                    [33mclass[39m=[32m"MuiInputBase-root MuiOutlinedInput-root MuiInputBase-colorPrimary Mui-disabled MuiInputBase-fullWidth MuiInputBase-formControl css-md26zr-MuiInputBase-root-MuiOutlinedInput-root"[39m
                  [36m>[39m
                    [36m<input[39m
                      [33maria-invalid[39m=[32m"false"[39m
                      [33mclass[39m=[32m"MuiInputBase-input MuiOutlinedInput-input Mui-disabled css-1t8l2tu-MuiInputBase-input-MuiOutlinedInput-input"[39m
                      [33mdisabled[39m=[32m""[39m
                      [33mid[39m=[32m":rg:"[39m
                      [33mname[39m=[32m"firstName"[39m
                      [33mrequired[39m=[32m""[39m
                      [33mtype[39m=[32m"text"[39m
                      [33mvalue[39m=[32m"John"[39m
                    [36m/>[39m
                    [36m<fieldset[39m
                      [33maria-hidden[39m=[32m"true"[39m
                      [33mclass[39m=[32m"MuiOutlinedInput-notchedOutline css-r01yff-MuiNotchedOutlined-root-MuiOutlinedInput-notchedOutline"[39m
                    [36m>[39m
                      [36m<legend[39m
                        [33mclass[39m=[32m"css-sl37lx-MuiNotchedOutlined-root"[39m
                      [36m>[39m
                        [36m<span>[39m
                          [0mFirst Name[0m
                          [0m [0m
                          [0m*[0m
                        [36m</span>[39m
                      [36m</legend>[39m
                    [36m</fieldset>[39m
                  [36m</div>[39m
                [36m</div>[39m
              [36m</div>[39m
              [36m<div[39m
                [33mclass[39m=[32m"MuiGrid-root MuiGrid-item MuiGrid-grid-xs-12 MuiGrid-grid-sm-6 css-1b3l6lk-MuiGrid-root"[39m
              [36m>[39m
                [36m<div[39m
                  [33mclass[39m=[32m"MuiFormControl-root MuiFormControl-fullWidth MuiTextField-root css-wb57ya-MuiFormControl-root-MuiTextField-root"[39m
                [36m>[39m
                  [36m<label[39m
                    [33mclass[39m=[32m"MuiFormLabel-root MuiInputLabel-root MuiInputLabel-formControl MuiInputLabel-animated MuiInputLabel-shrink MuiInputLabel-sizeMedium MuiInputLabel-outlined MuiFormLabel-colorPrimary Mui-disabled MuiFormLabel-filled Mui-required MuiInputLabel-root MuiInputLabel-formControl MuiInputLabel-animated MuiInputLabel-shrink MuiInputLabel-sizeMedium MuiInputLabel-outlined css-1jy569b-MuiFormLabel-root-MuiInputLabel-root"[39m
                    [33mdata-shrink[39m=[32m"true"[39m
                    [33mfor[39m=[32m":rh:"[39m
                    [33mid[39m=[32m":rh:-label"[39m
                  [36m>[39m
             ...

    [0m [90m 121 |[39m     )[33m;[39m
     [90m 122 |[39m
    [31m[1m>[22m[39m[90m 123 |[39m     expect(screen[33m.[39mgetByRole([32m'progressbar'[39m))[33m.[39mtoBeInTheDocument()[33m;[39m
     [90m     |[39m                   [31m[1m^[22m[39m
     [90m 124 |[39m   })[33m;[39m
     [90m 125 |[39m
     [90m 126 |[39m   it([32m'should display error message on fetch failure'[39m[33m,[39m [36masync[39m () [33m=>[39m {[0m

      at Object.getElementError (node_modules/@testing-library/dom/dist/config.js:37:19)
      at node_modules/@testing-library/dom/dist/query-helpers.js:76:38
      at node_modules/@testing-library/dom/dist/query-helpers.js:52:17
      at getByRole (node_modules/@testing-library/dom/dist/query-helpers.js:95:19)
      at Object.<anonymous> (src/pages/MyProfile.test.tsx:123:19)

  ● MyProfile Page › should display error message on fetch failure

    Unable to find an element with the text: /Failed to fetch profile/i. This could be because the text is broken up by multiple elements. In this case, you can provide a function for your text matcher to make your matcher more flexible.

    Ignored nodes: comments, script, style
    [36m<body>[39m
      [36m<div>[39m
        [36m<div[39m
          [33mclass[39m=[32m"MuiContainer-root MuiContainer-maxWidthMd css-xdmu94-MuiContainer-root"[39m
        [36m>[39m
          [36m<div[39m
            [33mclass[39m=[32m"MuiPaper-root MuiPaper-elevation MuiPaper-rounded MuiPaper-elevation1 css-1eubnzl-MuiPaper-root"[39m
          [36m>[39m
            [36m<div[39m
              [33mclass[39m=[32m"MuiBox-root css-v08z5u"[39m
            [36m>[39m
              [36m<h1[39m
                [33mclass[39m=[32m"MuiTypography-root MuiTypography-h4 css-5lbw0b-MuiTypography-root"[39m
              [36m>[39m
                [0mMy Profile[0m
              [36m</h1>[39m
              [36m<button[39m
                [33mclass[39m=[32m"MuiButtonBase-root MuiButton-root MuiButton-contained MuiButton-containedPrimary MuiButton-sizeMedium MuiButton-containedSizeMedium MuiButton-colorPrimary MuiButton-root MuiButton-contained MuiButton-containedPrimary MuiButton-sizeMedium MuiButton-containedSizeMedium MuiButton-colorPrimary css-sghohy-MuiButtonBase-root-MuiButton-root"[39m
                [33mtabindex[39m=[32m"0"[39m
                [33mtype[39m=[32m"button"[39m
              [36m>[39m
                [36m<span[39m
                  [33mclass[39m=[32m"MuiButton-icon MuiButton-startIcon MuiButton-iconSizeMedium css-1d6wzja-MuiButton-startIcon"[39m
                [36m>[39m
                  [36m<svg[39m
                    [33maria-hidden[39m=[32m"true"[39m
                    [33mclass[39m=[32m"MuiSvgIcon-root MuiSvgIcon-fontSizeMedium css-i4bv87-MuiSvgIcon-root"[39m
                    [33mdata-testid[39m=[32m"EditIcon"[39m
                    [33mfocusable[39m=[32m"false"[39m
                    [33mviewBox[39m=[32m"0 0 24 24"[39m
                  [36m>[39m
                    [36m<path[39m
                      [33md[39m=[32m"M3 17.25V21h3.75L17.81 9.94l-3.75-3.75zM20.71 7.04c.39-.39.39-1.02 0-1.41l-2.34-2.34a.9959.9959 0 0 0-1.41 0l-1.83 1.83 3.75 3.75z"[39m
                    [36m/>[39m
                  [36m</svg>[39m
                [36m</span>[39m
                [0mEdit Profile[0m
                [36m<span[39m
                  [33mclass[39m=[32m"MuiTouchRipple-root css-8je8zh-MuiTouchRipple-root"[39m
                [36m/>[39m
              [36m</button>[39m
            [36m</div>[39m
            [36m<div[39m
              [33mclass[39m=[32m"MuiGrid-root MuiGrid-container MuiGrid-spacing-xs-3 css-zow5z4-MuiGrid-root"[39m
            [36m>[39m
              [36m<div[39m
                [33mclass[39m=[32m"MuiGrid-root MuiGrid-item MuiGrid-grid-xs-12 css-1idn90j-MuiGrid-root"[39m
              [36m>[39m
                [36m<h6[39m
                  [33mclass[39m=[32m"MuiTypography-root MuiTypography-h6 MuiTypography-gutterBottom css-18k87ye-MuiTypography-root"[39m
                [36m>[39m
                  [0mPersonal Information[0m
                [36m</h6>[39m
              [36m</div>[39m
              [36m<div[39m
                [33mclass[39m=[32m"MuiGrid-root MuiGrid-item MuiGrid-grid-xs-12 MuiGrid-grid-sm-6 css-1b3l6lk-MuiGrid-root"[39m
              [36m>[39m
                [36m<div[39m
                  [33mclass[39m=[32m"MuiFormControl-root MuiFormControl-fullWidth MuiTextField-root css-wb57ya-MuiFormControl-root-MuiTextField-root"[39m
                [36m>[39m
                  [36m<label[39m
                    [33mclass[39m=[32m"MuiFormLabel-root MuiInputLabel-root MuiInputLabel-formControl MuiInputLabel-animated MuiInputLabel-shrink MuiInputLabel-sizeMedium MuiInputLabel-outlined MuiFormLabel-colorPrimary Mui-disabled MuiFormLabel-filled Mui-required MuiInputLabel-root MuiInputLabel-formControl MuiInputLabel-animated MuiInputLabel-shrink MuiInputLabel-sizeMedium MuiInputLabel-outlined css-1jy569b-MuiFormLabel-root-MuiInputLabel-root"[39m
                    [33mdata-shrink[39m=[32m"true"[39m
                    [33mfor[39m=[32m":ro:"[39m
                    [33mid[39m=[32m":ro:-label"[39m
                  [36m>[39m
                    [0mFirst Name[0m
                    [36m<span[39m
                      [33maria-hidden[39m=[32m"true"[39m
                      [33mclass[39m=[32m"MuiFormLabel-asterisk MuiInputLabel-asterisk css-wgai2y-MuiFormLabel-asterisk"[39m
                    [36m>[39m
                      [0m [0m
                      [0m*[0m
                    [36m</span>[39m
                  [36m</label>[39m
                  [36m<div[39m
                    [33mclass[39m=[32m"MuiInputBase-root MuiOutlinedInput-root MuiInputBase-colorPrimary Mui-disabled MuiInputBase-fullWidth MuiInputBase-formControl css-md26zr-MuiInputBase-root-MuiOutlinedInput-root"[39m
                  [36m>[39m
                    [36m<input[39m
                      [33maria-invalid[39m=[32m"false"[39m
                      [33mclass[39m=[32m"MuiInputBase-input MuiOutlinedInput-input Mui-disabled css-1t8l2tu-MuiInputBase-input-MuiOutlinedInput-input"[39m
                      [33mdisabled[39m=[32m""[39m
                      [33mid[39m=[32m":ro:"[39m
                      [33mname[39m=[32m"firstName"[39m
                      [33mrequired[39m=[32m""[39m
                      [33mtype[39m=[32m"text"[39m
                      [33mvalue[39m=[32m"John"[39m
                    [36m/>[39m
                    [36m<fieldset[39m
                      [33maria-hidden[39m=[32m"true"[39m
                      [33mclass[39m=[32m"MuiOutlinedInput-notchedOutline css-r01yff-MuiNotchedOutlined-root-MuiOutlinedInput-notchedOutline"[39m
                    [36m>[39m
                      [36m<legend[39m
                        [33mclass[39m=[32m"css-sl37lx-MuiNotchedOutlined-root"[39m
                      [36m>[39m
                        [36m<span>[39m
                          [0mFirst Name[0m
                          [0m [0m
                          [0m*[0m
                        [36m</span>[39m
                      [36m</legend>[39m
                    [36m</fieldset>[39m
                  [36m</div>[39m
                [36m</div>[39m
              [36m</div>[39m
              [36m<div[39m
                [33mclass[39m=[32m"MuiGrid-root MuiGrid-item MuiGrid-grid-xs-12 MuiGrid-grid-sm-6 css-1b3l6lk-MuiGrid-root"[39m
              [36m>[39m
                [36m<div[39m
                  [33mclass[39m=[32m"MuiFormControl-root MuiFormControl-fullWidth MuiTextField-root css-wb57ya-MuiFormControl-root-MuiTextField-root"[39m
                [36m>[39m
                  [36m<label[39m
                    [33mclass[39m=[32m"MuiFormLabel-root MuiInputLabel-root MuiInputLabel-formControl MuiInputLabel-animated MuiInputLabel-shrink MuiInputLabel-sizeMedium MuiInputLabel-outlined MuiFormLabel-colorPrimary Mui-disabled MuiFormLabel-filled Mui-required MuiInputLabel-root MuiInputLabel-formControl MuiInputLabel-animated MuiInputLabel-shrink MuiInputLabel-sizeMedium MuiInputLabel-outlined css-1jy569b-MuiFormLabel-root-MuiInputLabel-root"[39m
                    [33mdata-shrink[39m=[32m"true"[39m
                    [33mfor[39m=[32m":rp:"[39m
                    [33mid[39m=[32m":rp:-label"[39m
                  [36m>[39m
             ...

    [0m [90m 136 |[39m     )[33m;[39m
     [90m 137 |[39m
    [31m[1m>[22m[39m[90m 138 |[39m     [36mawait[39m waitFor(() [33m=>[39m {
     [90m     |[39m                  [31m[1m^[22m[39m
     [90m 139 |[39m       expect(screen[33m.[39mgetByText([35m/Failed to fetch profile/i[39m))[33m.[39mtoBeInTheDocument()[33m;[39m
     [90m 140 |[39m     })[33m;[39m
     [90m 141 |[39m   })[33m;[39m[0m

      at waitForWrapper (node_modules/@testing-library/dom/dist/wait-for.js:163:27)
      at Object.<anonymous> (src/pages/MyProfile.test.tsx:138:18)

  ● MyProfile Page › should display user skills as chips

    Unable to find an element with the text: JavaScript. This could be because the text is broken up by multiple elements. In this case, you can provide a function for your text matcher to make your matcher more flexible.

    Ignored nodes: comments, script, style
    [36m<body>[39m
      [36m<div>[39m
        [36m<div[39m
          [33mclass[39m=[32m"MuiContainer-root MuiContainer-maxWidthMd css-xdmu94-MuiContainer-root"[39m
        [36m>[39m
          [36m<div[39m
            [33mclass[39m=[32m"MuiPaper-root MuiPaper-elevation MuiPaper-rounded MuiPaper-elevation1 css-1eubnzl-MuiPaper-root"[39m
          [36m>[39m
            [36m<div[39m
              [33mclass[39m=[32m"MuiBox-root css-v08z5u"[39m
            [36m>[39m
              [36m<h1[39m
                [33mclass[39m=[32m"MuiTypography-root MuiTypography-h4 css-5lbw0b-MuiTypography-root"[39m
              [36m>[39m
                [0mMy Profile[0m
              [36m</h1>[39m
              [36m<button[39m
                [33mclass[39m=[32m"MuiButtonBase-root MuiButton-root MuiButton-contained MuiButton-containedPrimary MuiButton-sizeMedium MuiButton-containedSizeMedium MuiButton-colorPrimary MuiButton-root MuiButton-contained MuiButton-containedPrimary MuiButton-sizeMedium MuiButton-containedSizeMedium MuiButton-colorPrimary css-sghohy-MuiButtonBase-root-MuiButton-root"[39m
                [33mtabindex[39m=[32m"0"[39m
                [33mtype[39m=[32m"button"[39m
              [36m>[39m
                [36m<span[39m
                  [33mclass[39m=[32m"MuiButton-icon MuiButton-startIcon MuiButton-iconSizeMedium css-1d6wzja-MuiButton-startIcon"[39m
                [36m>[39m
                  [36m<svg[39m
                    [33maria-hidden[39m=[32m"true"[39m
                    [33mclass[39m=[32m"MuiSvgIcon-root MuiSvgIcon-fontSizeMedium css-i4bv87-MuiSvgIcon-root"[39m
                    [33mdata-testid[39m=[32m"EditIcon"[39m
                    [33mfocusable[39m=[32m"false"[39m
                    [33mviewBox[39m=[32m"0 0 24 24"[39m
                  [36m>[39m
                    [36m<path[39m
                      [33md[39m=[32m"M3 17.25V21h3.75L17.81 9.94l-3.75-3.75zM20.71 7.04c.39-.39.39-1.02 0-1.41l-2.34-2.34a.9959.9959 0 0 0-1.41 0l-1.83 1.83 3.75 3.75z"[39m
                    [36m/>[39m
                  [36m</svg>[39m
                [36m</span>[39m
                [0mEdit Profile[0m
                [36m<span[39m
                  [33mclass[39m=[32m"MuiTouchRipple-root css-8je8zh-MuiTouchRipple-root"[39m
                [36m/>[39m
              [36m</button>[39m
            [36m</div>[39m
            [36m<div[39m
              [33mclass[39m=[32m"MuiGrid-root MuiGrid-container MuiGrid-spacing-xs-3 css-zow5z4-MuiGrid-root"[39m
            [36m>[39m
              [36m<div[39m
                [33mclass[39m=[32m"MuiGrid-root MuiGrid-item MuiGrid-grid-xs-12 css-1idn90j-MuiGrid-root"[39m
              [36m>[39m
                [36m<h6[39m
                  [33mclass[39m=[32m"MuiTypography-root MuiTypography-h6 MuiTypography-gutterBottom css-18k87ye-MuiTypography-root"[39m
                [36m>[39m
                  [0mPersonal Information[0m
                [36m</h6>[39m
              [36m</div>[39m
              [36m<div[39m
                [33mclass[39m=[32m"MuiGrid-root MuiGrid-item MuiGrid-grid-xs-12 MuiGrid-grid-sm-6 css-1b3l6lk-MuiGrid-root"[39m
              [36m>[39m
                [36m<div[39m
                  [33mclass[39m=[32m"MuiFormControl-root MuiFormControl-fullWidth MuiTextField-root css-wb57ya-MuiFormControl-root-MuiTextField-root"[39m
                [36m>[39m
                  [36m<label[39m
                    [33mclass[39m=[32m"MuiFormLabel-root MuiInputLabel-root MuiInputLabel-formControl MuiInputLabel-animated MuiInputLabel-shrink MuiInputLabel-sizeMedium MuiInputLabel-outlined MuiFormLabel-colorPrimary Mui-disabled MuiFormLabel-filled Mui-required MuiInputLabel-root MuiInputLabel-formControl MuiInputLabel-animated MuiInputLabel-shrink MuiInputLabel-sizeMedium MuiInputLabel-outlined css-1jy569b-MuiFormLabel-root-MuiInputLabel-root"[39m
                    [33mdata-shrink[39m=[32m"true"[39m
                    [33mfor[39m=[32m":r10:"[39m
                    [33mid[39m=[32m":r10:-label"[39m
                  [36m>[39m
                    [0mFirst Name[0m
                    [36m<span[39m
                      [33maria-hidden[39m=[32m"true"[39m
                      [33mclass[39m=[32m"MuiFormLabel-asterisk MuiInputLabel-asterisk css-wgai2y-MuiFormLabel-asterisk"[39m
                    [36m>[39m
                      [0m [0m
                      [0m*[0m
                    [36m</span>[39m
                  [36m</label>[39m
                  [36m<div[39m
                    [33mclass[39m=[32m"MuiInputBase-root MuiOutlinedInput-root MuiInputBase-colorPrimary Mui-disabled MuiInputBase-fullWidth MuiInputBase-formControl css-md26zr-MuiInputBase-root-MuiOutlinedInput-root"[39m
                  [36m>[39m
                    [36m<input[39m
                      [33maria-invalid[39m=[32m"false"[39m
                      [33mclass[39m=[32m"MuiInputBase-input MuiOutlinedInput-input Mui-disabled css-1t8l2tu-MuiInputBase-input-MuiOutlinedInput-input"[39m
                      [33mdisabled[39m=[32m""[39m
                      [33mid[39m=[32m":r10:"[39m
                      [33mname[39m=[32m"firstName"[39m
                      [33mrequired[39m=[32m""[39m
                      [33mtype[39m=[32m"text"[39m
                      [33mvalue[39m=[32m"John"[39m
                    [36m/>[39m
                    [36m<fieldset[39m
                      [33maria-hidden[39m=[32m"true"[39m
                      [33mclass[39m=[32m"MuiOutlinedInput-notchedOutline css-r01yff-MuiNotchedOutlined-root-MuiOutlinedInput-notchedOutline"[39m
                    [36m>[39m
                      [36m<legend[39m
                        [33mclass[39m=[32m"css-sl37lx-MuiNotchedOutlined-root"[39m
                      [36m>[39m
                        [36m<span>[39m
                          [0mFirst Name[0m
                          [0m [0m
                          [0m*[0m
                        [36m</span>[39m
                      [36m</legend>[39m
                    [36m</fieldset>[39m
                  [36m</div>[39m
                [36m</div>[39m
              [36m</div>[39m
              [36m<div[39m
                [33mclass[39m=[32m"MuiGrid-root MuiGrid-item MuiGrid-grid-xs-12 MuiGrid-grid-sm-6 css-1b3l6lk-MuiGrid-root"[39m
              [36m>[39m
                [36m<div[39m
                  [33mclass[39m=[32m"MuiFormControl-root MuiFormControl-fullWidth MuiTextField-root css-wb57ya-MuiFormControl-root-MuiTextField-root"[39m
                [36m>[39m
                  [36m<label[39m
                    [33mclass[39m=[32m"MuiFormLabel-root MuiInputLabel-root MuiInputLabel-formControl MuiInputLabel-animated MuiInputLabel-shrink MuiInputLabel-sizeMedium MuiInputLabel-outlined MuiFormLabel-colorPrimary Mui-disabled MuiFormLabel-filled Mui-required MuiInputLabel-root MuiInputLabel-formControl MuiInputLabel-animated MuiInputLabel-shrink MuiInputLabel-sizeMedium MuiInputLabel-outlined css-1jy569b-MuiFormLabel-root-MuiInputLabel-root"[39m
                    [33mdata-shrink[39m=[32m"true"[39m
                    [33mfor[39m=[32m":r11:"[39m
                    [33mid[39m=[32m":r11:-label"[39m
                  [36m>[39m
        ...

    [0m [90m 152 |[39m     )[33m;[39m
     [90m 153 |[39m
    [31m[1m>[22m[39m[90m 154 |[39m     [36mawait[39m waitFor(() [33m=>[39m {
     [90m     |[39m                  [31m[1m^[22m[39m
     [90m 155 |[39m       expect(screen[33m.[39mgetByText([32m'JavaScript'[39m))[33m.[39mtoBeInTheDocument()[33m;[39m
     [90m 156 |[39m       expect(screen[33m.[39mgetByText([32m'React'[39m))[33m.[39mtoBeInTheDocument()[33m;[39m
     [90m 157 |[39m       expect(screen[33m.[39mgetByText([32m'TypeScript'[39m))[33m.[39mtoBeInTheDocument()[33m;[39m[0m

      at waitForWrapper (node_modules/@testing-library/dom/dist/wait-for.js:163:27)
      at Object.<anonymous> (src/pages/MyProfile.test.tsx:154:18)

  ● MyProfile Page › should display user interests

    Unable to find an element with the text: volunteering. This could be because the text is broken up by multiple elements. In this case, you can provide a function for your text matcher to make your matcher more flexible.

    Ignored nodes: comments, script, style
    [36m<body>[39m
      [36m<div>[39m
        [36m<div[39m
          [33mclass[39m=[32m"MuiContainer-root MuiContainer-maxWidthMd css-xdmu94-MuiContainer-root"[39m
        [36m>[39m
          [36m<div[39m
            [33mclass[39m=[32m"MuiPaper-root MuiPaper-elevation MuiPaper-rounded MuiPaper-elevation1 css-1eubnzl-MuiPaper-root"[39m
          [36m>[39m
            [36m<div[39m
              [33mclass[39m=[32m"MuiBox-root css-v08z5u"[39m
            [36m>[39m
              [36m<h1[39m
                [33mclass[39m=[32m"MuiTypography-root MuiTypography-h4 css-5lbw0b-MuiTypography-root"[39m
              [36m>[39m
                [0mMy Profile[0m
              [36m</h1>[39m
              [36m<button[39m
                [33mclass[39m=[32m"MuiButtonBase-root MuiButton-root MuiButton-contained MuiButton-containedPrimary MuiButton-sizeMedium MuiButton-containedSizeMedium MuiButton-colorPrimary MuiButton-root MuiButton-contained MuiButton-containedPrimary MuiButton-sizeMedium MuiButton-containedSizeMedium MuiButton-colorPrimary css-sghohy-MuiButtonBase-root-MuiButton-root"[39m
                [33mtabindex[39m=[32m"0"[39m
                [33mtype[39m=[32m"button"[39m
              [36m>[39m
                [36m<span[39m
                  [33mclass[39m=[32m"MuiButton-icon MuiButton-startIcon MuiButton-iconSizeMedium css-1d6wzja-MuiButton-startIcon"[39m
                [36m>[39m
                  [36m<svg[39m
                    [33maria-hidden[39m=[32m"true"[39m
                    [33mclass[39m=[32m"MuiSvgIcon-root MuiSvgIcon-fontSizeMedium css-i4bv87-MuiSvgIcon-root"[39m
                    [33mdata-testid[39m=[32m"EditIcon"[39m
                    [33mfocusable[39m=[32m"false"[39m
                    [33mviewBox[39m=[32m"0 0 24 24"[39m
                  [36m>[39m
                    [36m<path[39m
                      [33md[39m=[32m"M3 17.25V21h3.75L17.81 9.94l-3.75-3.75zM20.71 7.04c.39-.39.39-1.02 0-1.41l-2.34-2.34a.9959.9959 0 0 0-1.41 0l-1.83 1.83 3.75 3.75z"[39m
                    [36m/>[39m
                  [36m</svg>[39m
                [36m</span>[39m
                [0mEdit Profile[0m
                [36m<span[39m
                  [33mclass[39m=[32m"MuiTouchRipple-root css-8je8zh-MuiTouchRipple-root"[39m
                [36m/>[39m
              [36m</button>[39m
            [36m</div>[39m
            [36m<div[39m
              [33mclass[39m=[32m"MuiGrid-root MuiGrid-container MuiGrid-spacing-xs-3 css-zow5z4-MuiGrid-root"[39m
            [36m>[39m
              [36m<div[39m
                [33mclass[39m=[32m"MuiGrid-root MuiGrid-item MuiGrid-grid-xs-12 css-1idn90j-MuiGrid-root"[39m
              [36m>[39m
                [36m<h6[39m
                  [33mclass[39m=[32m"MuiTypography-root MuiTypography-h6 MuiTypography-gutterBottom css-18k87ye-MuiTypography-root"[39m
                [36m>[39m
                  [0mPersonal Information[0m
                [36m</h6>[39m
              [36m</div>[39m
              [36m<div[39m
                [33mclass[39m=[32m"MuiGrid-root MuiGrid-item MuiGrid-grid-xs-12 MuiGrid-grid-sm-6 css-1b3l6lk-MuiGrid-root"[39m
              [36m>[39m
                [36m<div[39m
                  [33mclass[39m=[32m"MuiFormControl-root MuiFormControl-fullWidth MuiTextField-root css-wb57ya-MuiFormControl-root-MuiTextField-root"[39m
                [36m>[39m
                  [36m<label[39m
                    [33mclass[39m=[32m"MuiFormLabel-root MuiInputLabel-root MuiInputLabel-formControl MuiInputLabel-animated MuiInputLabel-shrink MuiInputLabel-sizeMedium MuiInputLabel-outlined MuiFormLabel-colorPrimary Mui-disabled MuiFormLabel-filled Mui-required MuiInputLabel-root MuiInputLabel-formControl MuiInputLabel-animated MuiInputLabel-shrink MuiInputLabel-sizeMedium MuiInputLabel-outlined css-1jy569b-MuiFormLabel-root-MuiInputLabel-root"[39m
                    [33mdata-shrink[39m=[32m"true"[39m
                    [33mfor[39m=[32m":r18:"[39m
                    [33mid[39m=[32m":r18:-label"[39m
                  [36m>[39m
                    [0mFirst Name[0m
                    [36m<span[39m
                      [33maria-hidden[39m=[32m"true"[39m
                      [33mclass[39m=[32m"MuiFormLabel-asterisk MuiInputLabel-asterisk css-wgai2y-MuiFormLabel-asterisk"[39m
                    [36m>[39m
                      [0m [0m
                      [0m*[0m
                    [36m</span>[39m
                  [36m</label>[39m
                  [36m<div[39m
                    [33mclass[39m=[32m"MuiInputBase-root MuiOutlinedInput-root MuiInputBase-colorPrimary Mui-disabled MuiInputBase-fullWidth MuiInputBase-formControl css-md26zr-MuiInputBase-root-MuiOutlinedInput-root"[39m
                  [36m>[39m
                    [36m<input[39m
                      [33maria-invalid[39m=[32m"false"[39m
                      [33mclass[39m=[32m"MuiInputBase-input MuiOutlinedInput-input Mui-disabled css-1t8l2tu-MuiInputBase-input-MuiOutlinedInput-input"[39m
                      [33mdisabled[39m=[32m""[39m
                      [33mid[39m=[32m":r18:"[39m
                      [33mname[39m=[32m"firstName"[39m
                      [33mrequired[39m=[32m""[39m
                      [33mtype[39m=[32m"text"[39m
                      [33mvalue[39m=[32m"John"[39m
                    [36m/>[39m
                    [36m<fieldset[39m
                      [33maria-hidden[39m=[32m"true"[39m
                      [33mclass[39m=[32m"MuiOutlinedInput-notchedOutline css-r01yff-MuiNotchedOutlined-root-MuiOutlinedInput-notchedOutline"[39m
                    [36m>[39m
                      [36m<legend[39m
                        [33mclass[39m=[32m"css-sl37lx-MuiNotchedOutlined-root"[39m
                      [36m>[39m
                        [36m<span>[39m
                          [0mFirst Name[0m
                          [0m [0m
                          [0m*[0m
                        [36m</span>[39m
                      [36m</legend>[39m
                    [36m</fieldset>[39m
                  [36m</div>[39m
                [36m</div>[39m
              [36m</div>[39m
              [36m<div[39m
                [33mclass[39m=[32m"MuiGrid-root MuiGrid-item MuiGrid-grid-xs-12 MuiGrid-grid-sm-6 css-1b3l6lk-MuiGrid-root"[39m
              [36m>[39m
                [36m<div[39m
                  [33mclass[39m=[32m"MuiFormControl-root MuiFormControl-fullWidth MuiTextField-root css-wb57ya-MuiFormControl-root-MuiTextField-root"[39m
                [36m>[39m
                  [36m<label[39m
                    [33mclass[39m=[32m"MuiFormLabel-root MuiInputLabel-root MuiInputLabel-formControl MuiInputLabel-animated MuiInputLabel-shrink MuiInputLabel-sizeMedium MuiInputLabel-outlined MuiFormLabel-colorPrimary Mui-disabled MuiFormLabel-filled Mui-required MuiInputLabel-root MuiInputLabel-formControl MuiInputLabel-animated MuiInputLabel-shrink MuiInputLabel-sizeMedium MuiInputLabel-outlined css-1jy569b-MuiFormLabel-root-MuiInputLabel-root"[39m
                    [33mdata-shrink[39m=[32m"true"[39m
                    [33mfor[39m=[32m":r19:"[39m
                    [33mid[39m=[32m":r19:-label"[39m
                  [36m>[39m
        ...

    [0m [90m 170 |[39m     )[33m;[39m
     [90m 171 |[39m
    [31m[1m>[22m[39m[90m 172 |[39m     [36mawait[39m waitFor(() [33m=>[39m {
     [90m     |[39m                  [31m[1m^[22m[39m
     [90m 173 |[39m       expect(screen[33m.[39mgetByText([32m'volunteering'[39m))[33m.[39mtoBeInTheDocument()[33m;[39m
     [90m 174 |[39m       expect(screen[33m.[39mgetByText([32m'community'[39m))[33m.[39mtoBeInTheDocument()[33m;[39m
     [90m 175 |[39m     })[33m;[39m[0m

      at waitForWrapper (node_modules/@testing-library/dom/dist/wait-for.js:163:27)
      at Object.<anonymous> (src/pages/MyProfile.test.tsx:172:18)

  ● MyProfile Page › should display user bio

    Unable to find an element with the text: Passionate about making a difference. This could be because the text is broken up by multiple elements. In this case, you can provide a function for your text matcher to make your matcher more flexible.

    Ignored nodes: comments, script, style
    [36m<body>[39m
      [36m<div>[39m
        [36m<div[39m
          [33mclass[39m=[32m"MuiContainer-root MuiContainer-maxWidthMd css-xdmu94-MuiContainer-root"[39m
        [36m>[39m
          [36m<div[39m
            [33mclass[39m=[32m"MuiPaper-root MuiPaper-elevation MuiPaper-rounded MuiPaper-elevation1 css-1eubnzl-MuiPaper-root"[39m
          [36m>[39m
            [36m<div[39m
              [33mclass[39m=[32m"MuiBox-root css-v08z5u"[39m
            [36m>[39m
              [36m<h1[39m
                [33mclass[39m=[32m"MuiTypography-root MuiTypography-h4 css-5lbw0b-MuiTypography-root"[39m
              [36m>[39m
                [0mMy Profile[0m
              [36m</h1>[39m
              [36m<button[39m
                [33mclass[39m=[32m"MuiButtonBase-root MuiButton-root MuiButton-contained MuiButton-containedPrimary MuiButton-sizeMedium MuiButton-containedSizeMedium MuiButton-colorPrimary MuiButton-root MuiButton-contained MuiButton-containedPrimary MuiButton-sizeMedium MuiButton-containedSizeMedium MuiButton-colorPrimary css-sghohy-MuiButtonBase-root-MuiButton-root"[39m
                [33mtabindex[39m=[32m"0"[39m
                [33mtype[39m=[32m"button"[39m
              [36m>[39m
                [36m<span[39m
                  [33mclass[39m=[32m"MuiButton-icon MuiButton-startIcon MuiButton-iconSizeMedium css-1d6wzja-MuiButton-startIcon"[39m
                [36m>[39m
                  [36m<svg[39m
                    [33maria-hidden[39m=[32m"true"[39m
                    [33mclass[39m=[32m"MuiSvgIcon-root MuiSvgIcon-fontSizeMedium css-i4bv87-MuiSvgIcon-root"[39m
                    [33mdata-testid[39m=[32m"EditIcon"[39m
                    [33mfocusable[39m=[32m"false"[39m
                    [33mviewBox[39m=[32m"0 0 24 24"[39m
                  [36m>[39m
                    [36m<path[39m
                      [33md[39m=[32m"M3 17.25V21h3.75L17.81 9.94l-3.75-3.75zM20.71 7.04c.39-.39.39-1.02 0-1.41l-2.34-2.34a.9959.9959 0 0 0-1.41 0l-1.83 1.83 3.75 3.75z"[39m
                    [36m/>[39m
                  [36m</svg>[39m
                [36m</span>[39m
                [0mEdit Profile[0m
                [36m<span[39m
                  [33mclass[39m=[32m"MuiTouchRipple-root css-8je8zh-MuiTouchRipple-root"[39m
                [36m/>[39m
              [36m</button>[39m
            [36m</div>[39m
            [36m<div[39m
              [33mclass[39m=[32m"MuiGrid-root MuiGrid-container MuiGrid-spacing-xs-3 css-zow5z4-MuiGrid-root"[39m
            [36m>[39m
              [36m<div[39m
                [33mclass[39m=[32m"MuiGrid-root MuiGrid-item MuiGrid-grid-xs-12 css-1idn90j-MuiGrid-root"[39m
              [36m>[39m
                [36m<h6[39m
                  [33mclass[39m=[32m"MuiTypography-root MuiTypography-h6 MuiTypography-gutterBottom css-18k87ye-MuiTypography-root"[39m
                [36m>[39m
                  [0mPersonal Information[0m
                [36m</h6>[39m
              [36m</div>[39m
              [36m<div[39m
                [33mclass[39m=[32m"MuiGrid-root MuiGrid-item MuiGrid-grid-xs-12 MuiGrid-grid-sm-6 css-1b3l6lk-MuiGrid-root"[39m
              [36m>[39m
                [36m<div[39m
                  [33mclass[39m=[32m"MuiFormControl-root MuiFormControl-fullWidth MuiTextField-root css-wb57ya-MuiFormControl-root-MuiTextField-root"[39m
                [36m>[39m
                  [36m<label[39m
                    [33mclass[39m=[32m"MuiFormLabel-root MuiInputLabel-root MuiInputLabel-formControl MuiInputLabel-animated MuiInputLabel-shrink MuiInputLabel-sizeMedium MuiInputLabel-outlined MuiFormLabel-colorPrimary Mui-disabled MuiFormLabel-filled Mui-required MuiInputLabel-root MuiInputLabel-formControl MuiInputLabel-animated MuiInputLabel-shrink MuiInputLabel-sizeMedium MuiInputLabel-outlined css-1jy569b-MuiFormLabel-root-MuiInputLabel-root"[39m
                    [33mdata-shrink[39m=[32m"true"[39m
                    [33mfor[39m=[32m":r1g:"[39m
                    [33mid[39m=[32m":r1g:-label"[39m
                  [36m>[39m
                    [0mFirst Name[0m
                    [36m<span[39m
                      [33maria-hidden[39m=[32m"true"[39m
                      [33mclass[39m=[32m"MuiFormLabel-asterisk MuiInputLabel-asterisk css-wgai2y-MuiFormLabel-asterisk"[39m
                    [36m>[39m
                      [0m [0m
                      [0m*[0m
                    [36m</span>[39m
                  [36m</label>[39m
                  [36m<div[39m
                    [33mclass[39m=[32m"MuiInputBase-root MuiOutlinedInput-root MuiInputBase-colorPrimary Mui-disabled MuiInputBase-fullWidth MuiInputBase-formControl css-md26zr-MuiInputBase-root-MuiOutlinedInput-root"[39m
                  [36m>[39m
                    [36m<input[39m
                      [33maria-invalid[39m=[32m"false"[39m
                      [33mclass[39m=[32m"MuiInputBase-input MuiOutlinedInput-input Mui-disabled css-1t8l2tu-MuiInputBase-input-MuiOutlinedInput-input"[39m
                      [33mdisabled[39m=[32m""[39m
                      [33mid[39m=[32m":r1g:"[39m
                      [33mname[39m=[32m"firstName"[39m
                      [33mrequired[39m=[32m""[39m
                      [33mtype[39m=[32m"text"[39m
                      [33mvalue[39m=[32m"John"[39m
                    [36m/>[39m
                    [36m<fieldset[39m
                      [33maria-hidden[39m=[32m"true"[39m
                      [33mclass[39m=[32m"MuiOutlinedInput-notchedOutline css-r01yff-MuiNotchedOutlined-root-MuiOutlinedInput-notchedOutline"[39m
                    [36m>[39m
                      [36m<legend[39m
                        [33mclass[39m=[32m"css-sl37lx-MuiNotchedOutlined-root"[39m
                      [36m>[39m
                        [36m<span>[39m
                          [0mFirst Name[0m
                          [0m [0m
                          [0m*[0m
                        [36m</span>[39m
                      [36m</legend>[39m
                    [36m</fieldset>[39m
                  [36m</div>[39m
                [36m</div>[39m
              [36m</div>[39m
              [36m<div[39m
                [33mclass[39m=[32m"MuiGrid-root MuiGrid-item MuiGrid-grid-xs-12 MuiGrid-grid-sm-6 css-1b3l6lk-MuiGrid-root"[39m
              [36m>[39m
                [36m<div[39m
                  [33mclass[39m=[32m"MuiFormControl-root MuiFormControl-fullWidth MuiTextField-root css-wb57ya-MuiFormControl-root-MuiTextField-root"[39m
                [36m>[39m
                  [36m<label[39m
                    [33mclass[39m=[32m"MuiFormLabel-root MuiInputLabel-root MuiInputLabel-formControl MuiInputLabel-animated MuiInputLabel-shrink MuiInputLabel-sizeMedium MuiInputLabel-outlined MuiFormLabel-colorPrimary Mui-disabled MuiFormLabel-filled Mui-required MuiInputLabel-root MuiInputLabel-formControl MuiInputLabel-animated MuiInputLabel-shrink MuiInputLabel-sizeMedium MuiInputLabel-outlined css-1jy569b-MuiFormLabel-root-MuiInputLabel-root"[39m
                    [33mdata-shrink[39m=[32m"true"[39m
                    [33mfor[39m=[32m":r1h:"[39m
                    [33mid[39m=[32m":r1h:-label"[39m
                  [36m>[39m
        ...

    [0m [90m 187 |[39m     )[33m;[39m
     [90m 188 |[39m
    [31m[1m>[22m[39m[90m 189 |[39m     [36mawait[39m waitFor(() [33m=>[39m {
     [90m     |[39m                  [31m[1m^[22m[39m
     [90m 190 |[39m       expect(screen[33m.[39mgetByText([32m'Passionate about making a difference'[39m))[33m.[39mtoBeInTheDocument()[33m;[39m
     [90m 191 |[39m     })[33m;[39m
     [90m 192 |[39m   })[33m;[39m[0m

      at waitForWrapper (node_modules/@testing-library/dom/dist/wait-for.js:163:27)
      at Object.<anonymous> (src/pages/MyProfile.test.tsx:189:18)

  ● MyProfile Page › should display registered events

    Unable to find an element with the text: Beach Cleanup. This could be because the text is broken up by multiple elements. In this case, you can provide a function for your text matcher to make your matcher more flexible.

    Ignored nodes: comments, script, style
    [36m<body>[39m
      [36m<div>[39m
        [36m<div[39m
          [33mclass[39m=[32m"MuiContainer-root MuiContainer-maxWidthMd css-xdmu94-MuiContainer-root"[39m
        [36m>[39m
          [36m<div[39m
            [33mclass[39m=[32m"MuiPaper-root MuiPaper-elevation MuiPaper-rounded MuiPaper-elevation1 css-1eubnzl-MuiPaper-root"[39m
          [36m>[39m
            [36m<div[39m
              [33mclass[39m=[32m"MuiBox-root css-v08z5u"[39m
            [36m>[39m
              [36m<h1[39m
                [33mclass[39m=[32m"MuiTypography-root MuiTypography-h4 css-5lbw0b-MuiTypography-root"[39m
              [36m>[39m
                [0mMy Profile[0m
              [36m</h1>[39m
              [36m<button[39m
                [33mclass[39m=[32m"MuiButtonBase-root MuiButton-root MuiButton-contained MuiButton-containedPrimary MuiButton-sizeMedium MuiButton-containedSizeMedium MuiButton-colorPrimary MuiButton-root MuiButton-contained MuiButton-containedPrimary MuiButton-sizeMedium MuiButton-containedSizeMedium MuiButton-colorPrimary css-sghohy-MuiButtonBase-root-MuiButton-root"[39m
                [33mtabindex[39m=[32m"0"[39m
                [33mtype[39m=[32m"button"[39m
              [36m>[39m
                [36m<span[39m
                  [33mclass[39m=[32m"MuiButton-icon MuiButton-startIcon MuiButton-iconSizeMedium css-1d6wzja-MuiButton-startIcon"[39m
                [36m>[39m
                  [36m<svg[39m
                    [33maria-hidden[39m=[32m"true"[39m
                    [33mclass[39m=[32m"MuiSvgIcon-root MuiSvgIcon-fontSizeMedium css-i4bv87-MuiSvgIcon-root"[39m
                    [33mdata-testid[39m=[32m"EditIcon"[39m
                    [33mfocusable[39m=[32m"false"[39m
                    [33mviewBox[39m=[32m"0 0 24 24"[39m
                  [36m>[39m
                    [36m<path[39m
                      [33md[39m=[32m"M3 17.25V21h3.75L17.81 9.94l-3.75-3.75zM20.71 7.04c.39-.39.39-1.02 0-1.41l-2.34-2.34a.9959.9959 0 0 0-1.41 0l-1.83 1.83 3.75 3.75z"[39m
                    [36m/>[39m
                  [36m</svg>[39m
                [36m</span>[39m
                [0mEdit Profile[0m
                [36m<span[39m
                  [33mclass[39m=[32m"MuiTouchRipple-root css-8je8zh-MuiTouchRipple-root"[39m
                [36m/>[39m
              [36m</button>[39m
            [36m</div>[39m
            [36m<div[39m
              [33mclass[39m=[32m"MuiGrid-root MuiGrid-container MuiGrid-spacing-xs-3 css-zow5z4-MuiGrid-root"[39m
            [36m>[39m
              [36m<div[39m
                [33mclass[39m=[32m"MuiGrid-root MuiGrid-item MuiGrid-grid-xs-12 css-1idn90j-MuiGrid-root"[39m
              [36m>[39m
                [36m<h6[39m
                  [33mclass[39m=[32m"MuiTypography-root MuiTypography-h6 MuiTypography-gutterBottom css-18k87ye-MuiTypography-root"[39m
                [36m>[39m
                  [0mPersonal Information[0m
                [36m</h6>[39m
              [36m</div>[39m
              [36m<div[39m
                [33mclass[39m=[32m"MuiGrid-root MuiGrid-item MuiGrid-grid-xs-12 MuiGrid-grid-sm-6 css-1b3l6lk-MuiGrid-root"[39m
              [36m>[39m
                [36m<div[39m
                  [33mclass[39m=[32m"MuiFormControl-root MuiFormControl-fullWidth MuiTextField-root css-wb57ya-MuiFormControl-root-MuiTextField-root"[39m
                [36m>[39m
                  [36m<label[39m
                    [33mclass[39m=[32m"MuiFormLabel-root MuiInputLabel-root MuiInputLabel-formControl MuiInputLabel-animated MuiInputLabel-shrink MuiInputLabel-sizeMedium MuiInputLabel-outlined MuiFormLabel-colorPrimary Mui-disabled MuiFormLabel-filled Mui-required MuiInputLabel-root MuiInputLabel-formControl MuiInputLabel-animated MuiInputLabel-shrink MuiInputLabel-sizeMedium MuiInputLabel-outlined css-1jy569b-MuiFormLabel-root-MuiInputLabel-root"[39m
                    [33mdata-shrink[39m=[32m"true"[39m
                    [33mfor[39m=[32m":r1o:"[39m
                    [33mid[39m=[32m":r1o:-label"[39m
                  [36m>[39m
                    [0mFirst Name[0m
                    [36m<span[39m
                      [33maria-hidden[39m=[32m"true"[39m
                      [33mclass[39m=[32m"MuiFormLabel-asterisk MuiInputLabel-asterisk css-wgai2y-MuiFormLabel-asterisk"[39m
                    [36m>[39m
                      [0m [0m
                      [0m*[0m
                    [36m</span>[39m
                  [36m</label>[39m
                  [36m<div[39m
                    [33mclass[39m=[32m"MuiInputBase-root MuiOutlinedInput-root MuiInputBase-colorPrimary Mui-disabled MuiInputBase-fullWidth MuiInputBase-formControl css-md26zr-MuiInputBase-root-MuiOutlinedInput-root"[39m
                  [36m>[39m
                    [36m<input[39m
                      [33maria-invalid[39m=[32m"false"[39m
                      [33mclass[39m=[32m"MuiInputBase-input MuiOutlinedInput-input Mui-disabled css-1t8l2tu-MuiInputBase-input-MuiOutlinedInput-input"[39m
                      [33mdisabled[39m=[32m""[39m
                      [33mid[39m=[32m":r1o:"[39m
                      [33mname[39m=[32m"firstName"[39m
                      [33mrequired[39m=[32m""[39m
                      [33mtype[39m=[32m"text"[39m
                      [33mvalue[39m=[32m"John"[39m
                    [36m/>[39m
                    [36m<fieldset[39m
                      [33maria-hidden[39m=[32m"true"[39m
                      [33mclass[39m=[32m"MuiOutlinedInput-notchedOutline css-r01yff-MuiNotchedOutlined-root-MuiOutlinedInput-notchedOutline"[39m
                    [36m>[39m
                      [36m<legend[39m
                        [33mclass[39m=[32m"css-sl37lx-MuiNotchedOutlined-root"[39m
                      [36m>[39m
                        [36m<span>[39m
                          [0mFirst Name[0m
                          [0m [0m
                          [0m*[0m
                        [36m</span>[39m
                      [36m</legend>[39m
                    [36m</fieldset>[39m
                  [36m</div>[39m
                [36m</div>[39m
              [36m</div>[39m
              [36m<div[39m
                [33mclass[39m=[32m"MuiGrid-root MuiGrid-item MuiGrid-grid-xs-12 MuiGrid-grid-sm-6 css-1b3l6lk-MuiGrid-root"[39m
              [36m>[39m
                [36m<div[39m
                  [33mclass[39m=[32m"MuiFormControl-root MuiFormControl-fullWidth MuiTextField-root css-wb57ya-MuiFormControl-root-MuiTextField-root"[39m
                [36m>[39m
                  [36m<label[39m
                    [33mclass[39m=[32m"MuiFormLabel-root MuiInputLabel-root MuiInputLabel-formControl MuiInputLabel-animated MuiInputLabel-shrink MuiInputLabel-sizeMedium MuiInputLabel-outlined MuiFormLabel-colorPrimary Mui-disabled MuiFormLabel-filled Mui-required MuiInputLabel-root MuiInputLabel-formControl MuiInputLabel-animated MuiInputLabel-shrink MuiInputLabel-sizeMedium MuiInputLabel-outlined css-1jy569b-MuiFormLabel-root-MuiInputLabel-root"[39m
                    [33mdata-shrink[39m=[32m"true"[39m
                    [33mfor[39m=[32m":r1p:"[39m
                    [33mid[39m=[32m":r1p:-label"[39m
                  [36m>[39m
        ...

    [0m [90m 203 |[39m     )[33m;[39m
     [90m 204 |[39m
    [31m[1m>[22m[39m[90m 205 |[39m     [36mawait[39m waitFor(() [33m=>[39m {
     [90m     |[39m                  [31m[1m^[22m[39m
     [90m 206 |[39m       expect(screen[33m.[39mgetByText([32m'Beach Cleanup'[39m))[33m.[39mtoBeInTheDocument()[33m;[39m
     [90m 207 |[39m       expect(screen[33m.[39mgetByText([32m'Food Bank'[39m))[33m.[39mtoBeInTheDocument()[33m;[39m
     [90m 208 |[39m     })[33m;[39m[0m

      at waitForWrapper (node_modules/@testing-library/dom/dist/wait-for.js:163:27)
      at Object.<anonymous> (src/pages/MyProfile.test.tsx:205:18)

  ● MyProfile Page › should open edit dialog when edit button clicked

    Unable to find role="dialog"

    Ignored nodes: comments, script, style
    [36m<body>[39m
      [36m<div>[39m
        [36m<div[39m
          [33mclass[39m=[32m"MuiContainer-root MuiContainer-maxWidthMd css-xdmu94-MuiContainer-root"[39m
        [36m>[39m
          [36m<div[39m
            [33mclass[39m=[32m"MuiPaper-root MuiPaper-elevation MuiPaper-rounded MuiPaper-elevation1 css-1eubnzl-MuiPaper-root"[39m
          [36m>[39m
            [36m<div[39m
              [33mclass[39m=[32m"MuiBox-root css-v08z5u"[39m
            [36m>[39m
              [36m<h1[39m
                [33mclass[39m=[32m"MuiTypography-root MuiTypography-h4 css-5lbw0b-MuiTypography-root"[39m
              [36m>[39m
                [0mMy Profile[0m
              [36m</h1>[39m
            [36m</div>[39m
            [36m<div[39m
              [33mclass[39m=[32m"MuiGrid-root MuiGrid-container MuiGrid-spacing-xs-3 css-zow5z4-MuiGrid-root"[39m
            [36m>[39m
              [36m<div[39m
                [33mclass[39m=[32m"MuiGrid-root MuiGrid-item MuiGrid-grid-xs-12 css-1idn90j-MuiGrid-root"[39m
              [36m>[39m
                [36m<h6[39m
                  [33mclass[39m=[32m"MuiTypography-root MuiTypography-h6 MuiTypography-gutterBottom css-18k87ye-MuiTypography-root"[39m
                [36m>[39m
                  [0mPersonal Information[0m
                [36m</h6>[39m
              [36m</div>[39m
              [36m<div[39m
                [33mclass[39m=[32m"MuiGrid-root MuiGrid-item MuiGrid-grid-xs-12 MuiGrid-grid-sm-6 css-1b3l6lk-MuiGrid-root"[39m
              [36m>[39m
                [36m<div[39m
                  [33mclass[39m=[32m"MuiFormControl-root MuiFormControl-fullWidth MuiTextField-root css-wb57ya-MuiFormControl-root-MuiTextField-root"[39m
                [36m>[39m
                  [36m<label[39m
                    [33mclass[39m=[32m"MuiFormLabel-root MuiInputLabel-root MuiInputLabel-formControl MuiInputLabel-animated MuiInputLabel-shrink MuiInputLabel-sizeMedium MuiInputLabel-outlined MuiFormLabel-colorPrimary MuiFormLabel-filled Mui-required MuiInputLabel-root MuiInputLabel-formControl MuiInputLabel-animated MuiInputLabel-shrink MuiInputLabel-sizeMedium MuiInputLabel-outlined css-1jy569b-MuiFormLabel-root-MuiInputLabel-root"[39m
                    [33mdata-shrink[39m=[32m"true"[39m
                    [33mfor[39m=[32m":r28:"[39m
                    [33mid[39m=[32m":r28:-label"[39m
                  [36m>[39m
                    [0mFirst Name[0m
                    [36m<span[39m
                      [33maria-hidden[39m=[32m"true"[39m
                      [33mclass[39m=[32m"MuiFormLabel-asterisk MuiInputLabel-asterisk css-wgai2y-MuiFormLabel-asterisk"[39m
                    [36m>[39m
                      [0m [0m
                      [0m*[0m
                    [36m</span>[39m
                  [36m</label>[39m
                  [36m<div[39m
                    [33mclass[39m=[32m"MuiInputBase-root MuiOutlinedInput-root MuiInputBase-colorPrimary MuiInputBase-fullWidth MuiInputBase-formControl css-md26zr-MuiInputBase-root-MuiOutlinedInput-root"[39m
                  [36m>[39m
                    [36m<input[39m
                      [33maria-invalid[39m=[32m"false"[39m
                      [33mclass[39m=[32m"MuiInputBase-input MuiOutlinedInput-input css-1t8l2tu-MuiInputBase-input-MuiOutlinedInput-input"[39m
                      [33mid[39m=[32m":r28:"[39m
                      [33mname[39m=[32m"firstName"[39m
                      [33mrequired[39m=[32m""[39m
                      [33mtype[39m=[32m"text"[39m
                      [33mvalue[39m=[32m"John"[39m
                    [36m/>[39m
                    [36m<fieldset[39m
                      [33maria-hidden[39m=[32m"true"[39m
                      [33mclass[39m=[32m"MuiOutlinedInput-notchedOutline css-r01yff-MuiNotchedOutlined-root-MuiOutlinedInput-notchedOutline"[39m
                    [36m>[39m
                      [36m<legend[39m
                        [33mclass[39m=[32m"css-sl37lx-MuiNotchedOutlined-root"[39m
                      [36m>[39m
                        [36m<span>[39m
                          [0mFirst Name[0m
                          [0m [0m
                          [0m*[0m
                        [36m</span>[39m
                      [36m</legend>[39m
                    [36m</fieldset>[39m
                  [36m</div>[39m
                [36m</div>[39m
              [36m</div>[39m
              [36m<div[39m
                [33mclass[39m=[32m"MuiGrid-root MuiGrid-item MuiGrid-grid-xs-12 MuiGrid-grid-sm-6 css-1b3l6lk-MuiGrid-root"[39m
              [36m>[39m
                [36m<div[39m
                  [33mclass[39m=[32m"MuiFormControl-root MuiFormControl-fullWidth MuiTextField-root css-wb57ya-MuiFormControl-root-MuiTextField-root"[39m
                [36m>[39m
                  [36m<label[39m
                    [33mclass[39m=[32m"MuiFormLabel-root MuiInputLabel-root MuiInputLabel-formControl MuiInputLabel-animated MuiInputLabel-shrink MuiInputLabel-sizeMedium MuiInputLabel-outlined MuiFormLabel-colorPrimary MuiFormLabel-filled Mui-required MuiInputLabel-root MuiInputLabel-formControl MuiInputLabel-animated MuiInputLabel-shrink MuiInputLabel-sizeMedium MuiInputLabel-outlined css-1jy569b-MuiFormLabel-root-MuiInputLabel-root"[39m
                    [33mdata-shrink[39m=[32m"true"[39m
                    [33mfor[39m=[32m":r29:"[39m
                    [33mid[39m=[32m":r29:-label"[39m
                  [36m>[39m
                    [0mLast Name[0m
                    [36m<span[39m
                      [33maria-hidden[39m=[32m"true"[39m
                      [33mclass[39m=[32m"MuiFormLabel-asterisk MuiInputLabel-asterisk css-wgai2y-MuiFormLabel-asterisk"[39m
                    [36m>[39m
                      [0m [0m
                      [0m*[0m
                    [36m</span>[39m
                  [36m</label>[39m
                  [36m<div[39m
                    [33mclass[39m=[32m"MuiInputBase-root MuiOutlinedInput-root MuiInputBase-colorPrimary MuiInputBase-fullWidth MuiInputBase-formControl css-md26zr-MuiInputBase-root-MuiOutlinedInput-root"[39m
                  [36m>[39m
                    [36m<input[39m
                      [33maria-invalid[39m=[32m"false"[39m
                      [33mclass[39m=[32m"MuiInputBase-input MuiOutlinedInput-input css-1t8l2tu-MuiInputBase-input-MuiOutlinedInput-input"[39m
                      [33mid[39m=[32m":r29:"[39m
                      [33mname[39m=[32m"lastName"[39m
                      [33mrequired[39m=[32m""[39m
                      [33mtype[39m=[32m"text"[39m
                      [33mvalue[39m=[32m"Doe"[39m
                    [36m/>[39m
                    [36m<fieldset[39m
                      [33maria-hidden[39m=[32m"true"[39m
                      [33mclass[39m=[32m"MuiOutlinedInput-notchedOutline css-r01yff-MuiNotchedOutlined-root-MuiOutlinedInput-notchedOutline"[39m
                    [36m>[39m
                      [36m<legend[39m
                        [33mclass[39m=[32m"css-sl37lx-MuiNotchedOutlined-root"[39m
                      [36m>[39m
                        [36m<span>[39m
                          [0mLast Name[0m
                          [0m [0m
       ...

    [0m [90m 243 |[39m     fireEvent[33m.[39mclick(editButton)[33m;[39m
     [90m 244 |[39m
    [31m[1m>[22m[39m[90m 245 |[39m     [36mawait[39m waitFor(() [33m=>[39m {
     [90m     |[39m                  [31m[1m^[22m[39m
     [90m 246 |[39m       expect(screen[33m.[39mgetByRole([32m'dialog'[39m))[33m.[39mtoBeInTheDocument()[33m;[39m
     [90m 247 |[39m     })[33m;[39m
     [90m 248 |[39m   })[33m;[39m[0m

      at waitForWrapper (node_modules/@testing-library/dom/dist/wait-for.js:163:27)
      at Object.<anonymous> (src/pages/MyProfile.test.tsx:245:18)

  ● MyProfile Page › should update profile when save button clicked

    TestingLibraryElementError: Unable to find an element with the text: Save. This could be because the text is broken up by multiple elements. In this case, you can provide a function for your text matcher to make your matcher more flexible.

    Ignored nodes: comments, script, style
    [36m<body>[39m
      [36m<div>[39m
        [36m<div[39m
          [33mclass[39m=[32m"MuiContainer-root MuiContainer-maxWidthMd css-xdmu94-MuiContainer-root"[39m
        [36m>[39m
          [36m<div[39m
            [33mclass[39m=[32m"MuiPaper-root MuiPaper-elevation MuiPaper-rounded MuiPaper-elevation1 css-1eubnzl-MuiPaper-root"[39m
          [36m>[39m
            [36m<div[39m
              [33mclass[39m=[32m"MuiBox-root css-v08z5u"[39m
            [36m>[39m
              [36m<h1[39m
                [33mclass[39m=[32m"MuiTypography-root MuiTypography-h4 css-5lbw0b-MuiTypography-root"[39m
              [36m>[39m
                [0mMy Profile[0m
              [36m</h1>[39m
            [36m</div>[39m
            [36m<div[39m
              [33mclass[39m=[32m"MuiGrid-root MuiGrid-container MuiGrid-spacing-xs-3 css-zow5z4-MuiGrid-root"[39m
            [36m>[39m
              [36m<div[39m
                [33mclass[39m=[32m"MuiGrid-root MuiGrid-item MuiGrid-grid-xs-12 css-1idn90j-MuiGrid-root"[39m
              [36m>[39m
                [36m<h6[39m
                  [33mclass[39m=[32m"MuiTypography-root MuiTypography-h6 MuiTypography-gutterBottom css-18k87ye-MuiTypography-root"[39m
                [36m>[39m
                  [0mPersonal Information[0m
                [36m</h6>[39m
              [36m</div>[39m
              [36m<div[39m
                [33mclass[39m=[32m"MuiGrid-root MuiGrid-item MuiGrid-grid-xs-12 MuiGrid-grid-sm-6 css-1b3l6lk-MuiGrid-root"[39m
              [36m>[39m
                [36m<div[39m
                  [33mclass[39m=[32m"MuiFormControl-root MuiFormControl-fullWidth MuiTextField-root css-wb57ya-MuiFormControl-root-MuiTextField-root"[39m
                [36m>[39m
                  [36m<label[39m
                    [33mclass[39m=[32m"MuiFormLabel-root MuiInputLabel-root MuiInputLabel-formControl MuiInputLabel-animated MuiInputLabel-shrink MuiInputLabel-sizeMedium MuiInputLabel-outlined MuiFormLabel-colorPrimary MuiFormLabel-filled Mui-required MuiInputLabel-root MuiInputLabel-formControl MuiInputLabel-animated MuiInputLabel-shrink MuiInputLabel-sizeMedium MuiInputLabel-outlined css-1jy569b-MuiFormLabel-root-MuiInputLabel-root"[39m
                    [33mdata-shrink[39m=[32m"true"[39m
                    [33mfor[39m=[32m":r2g:"[39m
                    [33mid[39m=[32m":r2g:-label"[39m
                  [36m>[39m
                    [0mFirst Name[0m
                    [36m<span[39m
                      [33maria-hidden[39m=[32m"true"[39m
                      [33mclass[39m=[32m"MuiFormLabel-asterisk MuiInputLabel-asterisk css-wgai2y-MuiFormLabel-asterisk"[39m
                    [36m>[39m
                      [0m [0m
                      [0m*[0m
                    [36m</span>[39m
                  [36m</label>[39m
                  [36m<div[39m
                    [33mclass[39m=[32m"MuiInputBase-root MuiOutlinedInput-root MuiInputBase-colorPrimary MuiInputBase-fullWidth MuiInputBase-formControl css-md26zr-MuiInputBase-root-MuiOutlinedInput-root"[39m
                  [36m>[39m
                    [36m<input[39m
                      [33maria-invalid[39m=[32m"false"[39m
                      [33mclass[39m=[32m"MuiInputBase-input MuiOutlinedInput-input css-1t8l2tu-MuiInputBase-input-MuiOutlinedInput-input"[39m
                      [33mid[39m=[32m":r2g:"[39m
                      [33mname[39m=[32m"firstName"[39m
                      [33mrequired[39m=[32m""[39m
                      [33mtype[39m=[32m"text"[39m
                      [33mvalue[39m=[32m"John"[39m
                    [36m/>[39m
                    [36m<fieldset[39m
                      [33maria-hidden[39m=[32m"true"[39m
                      [33mclass[39m=[32m"MuiOutlinedInput-notchedOutline css-r01yff-MuiNotchedOutlined-root-MuiOutlinedInput-notchedOutline"[39m
                    [36m>[39m
                      [36m<legend[39m
                        [33mclass[39m=[32m"css-sl37lx-MuiNotchedOutlined-root"[39m
                      [36m>[39m
                        [36m<span>[39m
                          [0mFirst Name[0m
                          [0m [0m
                          [0m*[0m
                        [36m</span>[39m
                      [36m</legend>[39m
                    [36m</fieldset>[39m
                  [36m</div>[39m
                [36m</div>[39m
              [36m</div>[39m
              [36m<div[39m
                [33mclass[39m=[32m"MuiGrid-root MuiGrid-item MuiGrid-grid-xs-12 MuiGrid-grid-sm-6 css-1b3l6lk-MuiGrid-root"[39m
              [36m>[39m
                [36m<div[39m
                  [33mclass[39m=[32m"MuiFormControl-root MuiFormControl-fullWidth MuiTextField-root css-wb57ya-MuiFormControl-root-MuiTextField-root"[39m
                [36m>[39m
                  [36m<label[39m
                    [33mclass[39m=[32m"MuiFormLabel-root MuiInputLabel-root MuiInputLabel-formControl MuiInputLabel-animated MuiInputLabel-shrink MuiInputLabel-sizeMedium MuiInputLabel-outlined MuiFormLabel-colorPrimary MuiFormLabel-filled Mui-required MuiInputLabel-root MuiInputLabel-formControl MuiInputLabel-animated MuiInputLabel-shrink MuiInputLabel-sizeMedium MuiInputLabel-outlined css-1jy569b-MuiFormLabel-root-MuiInputLabel-root"[39m
                    [33mdata-shrink[39m=[32m"true"[39m
                    [33mfor[39m=[32m":r2h:"[39m
                    [33mid[39m=[32m":r2h:-label"[39m
                  [36m>[39m
                    [0mLast Name[0m
                    [36m<span[39m
                      [33maria-hidden[39m=[32m"true"[39m
                      [33mclass[39m=[32m"MuiFormLabel-asterisk MuiInputLabel-asterisk css-wgai2y-MuiFormLabel-asterisk"[39m
                    [36m>[39m
                      [0m [0m
                      [0m*[0m
                    [36m</span>[39m
                  [36m</label>[39m
                  [36m<div[39m
                    [33mclass[39m=[32m"MuiInputBase-root MuiOutlinedInput-root MuiInputBase-colorPrimary MuiInputBase-fullWidth MuiInputBase-formControl css-md26zr-MuiInputBase-root-MuiOutlinedInput-root"[39m
                  [36m>[39m
                    [36m<input[39m
                      [33maria-invalid[39m=[32m"false"[39m
                      [33mclass[39m=[32m"MuiInputBase-input MuiOutlinedInput-input css-1t8l2tu-MuiInputBase-input-MuiOutlinedInput-input"[39m
                      [33mid[39m=[32m":r2h:"[39m
                      [33mname[39m=[32m"lastName"[39m
                      [33mrequired[39m=[32m""[39m
                      [33mtype[39m=[32m"text"[39m
                      [33mvalue[39m=[32m"Doe"[39m
                    [36m/>[39m
                    [36m<fieldset[39m
                      [33maria-hidden[39m=[32m"true"[39m
                      [33mclass[39m=[32m"MuiOutlinedInput-notchedOutline css-r01yff-MuiNotchedOutlined-root-MuiOutlinedInput-notchedOutline"[39m
                    [36m>[39m
                      [36m<legend[39m
                        [33mclass[39m=[32m"css-sl37lx-MuiNotchedOutlined-root"[39m
                      [36m>[39m
                        [36m<span>[39m
                          [0mLast Name[0m
                          [0m [0m
       ...

    [0m [90m 274 |[39m     })[33m;[39m
     [90m 275 |[39m
    [31m[1m>[22m[39m[90m 276 |[39m     [36mconst[39m saveButton [33m=[39m screen[33m.[39mgetByText([32m'Save'[39m)[33m;[39m
     [90m     |[39m                               [31m[1m^[22m[39m
     [90m 277 |[39m     fireEvent[33m.[39mclick(saveButton)[33m;[39m
     [90m 278 |[39m
     [90m 279 |[39m     [36mawait[39m waitFor(() [33m=>[39m {[0m

      at Object.getElementError (node_modules/@testing-library/dom/dist/config.js:37:19)
      at node_modules/@testing-library/dom/dist/query-helpers.js:76:38
      at node_modules/@testing-library/dom/dist/query-helpers.js:52:17
      at getByText (node_modules/@testing-library/dom/dist/query-helpers.js:95:19)
      at Object.<anonymous> (src/pages/MyProfile.test.tsx:276:31)

  ● MyProfile Page › should display contact information

    Unable to find an element with the text: 07700900123. This could be because the text is broken up by multiple elements. In this case, you can provide a function for your text matcher to make your matcher more flexible.

    Ignored nodes: comments, script, style
    [36m<body>[39m
      [36m<div>[39m
        [36m<div[39m
          [33mclass[39m=[32m"MuiContainer-root MuiContainer-maxWidthMd css-xdmu94-MuiContainer-root"[39m
        [36m>[39m
          [36m<div[39m
            [33mclass[39m=[32m"MuiPaper-root MuiPaper-elevation MuiPaper-rounded MuiPaper-elevation1 css-1eubnzl-MuiPaper-root"[39m
          [36m>[39m
            [36m<div[39m
              [33mclass[39m=[32m"MuiBox-root css-v08z5u"[39m
            [36m>[39m
              [36m<h1[39m
                [33mclass[39m=[32m"MuiTypography-root MuiTypography-h4 css-5lbw0b-MuiTypography-root"[39m
              [36m>[39m
                [0mMy Profile[0m
              [36m</h1>[39m
              [36m<button[39m
                [33mclass[39m=[32m"MuiButtonBase-root MuiButton-root MuiButton-contained MuiButton-containedPrimary MuiButton-sizeMedium MuiButton-containedSizeMedium MuiButton-colorPrimary MuiButton-root MuiButton-contained MuiButton-containedPrimary MuiButton-sizeMedium MuiButton-containedSizeMedium MuiButton-colorPrimary css-sghohy-MuiButtonBase-root-MuiButton-root"[39m
                [33mtabindex[39m=[32m"0"[39m
                [33mtype[39m=[32m"button"[39m
              [36m>[39m
                [36m<span[39m
                  [33mclass[39m=[32m"MuiButton-icon MuiButton-startIcon MuiButton-iconSizeMedium css-1d6wzja-MuiButton-startIcon"[39m
                [36m>[39m
                  [36m<svg[39m
                    [33maria-hidden[39m=[32m"true"[39m
                    [33mclass[39m=[32m"MuiSvgIcon-root MuiSvgIcon-fontSizeMedium css-i4bv87-MuiSvgIcon-root"[39m
                    [33mdata-testid[39m=[32m"EditIcon"[39m
                    [33mfocusable[39m=[32m"false"[39m
                    [33mviewBox[39m=[32m"0 0 24 24"[39m
                  [36m>[39m
                    [36m<path[39m
                      [33md[39m=[32m"M3 17.25V21h3.75L17.81 9.94l-3.75-3.75zM20.71 7.04c.39-.39.39-1.02 0-1.41l-2.34-2.34a.9959.9959 0 0 0-1.41 0l-1.83 1.83 3.75 3.75z"[39m
                    [36m/>[39m
                  [36m</svg>[39m
                [36m</span>[39m
                [0mEdit Profile[0m
                [36m<span[39m
                  [33mclass[39m=[32m"MuiTouchRipple-root css-8je8zh-MuiTouchRipple-root"[39m
                [36m/>[39m
              [36m</button>[39m
            [36m</div>[39m
            [36m<div[39m
              [33mclass[39m=[32m"MuiGrid-root MuiGrid-container MuiGrid-spacing-xs-3 css-zow5z4-MuiGrid-root"[39m
            [36m>[39m
              [36m<div[39m
                [33mclass[39m=[32m"MuiGrid-root MuiGrid-item MuiGrid-grid-xs-12 css-1idn90j-MuiGrid-root"[39m
              [36m>[39m
                [36m<h6[39m
                  [33mclass[39m=[32m"MuiTypography-root MuiTypography-h6 MuiTypography-gutterBottom css-18k87ye-MuiTypography-root"[39m
                [36m>[39m
                  [0mPersonal Information[0m
                [36m</h6>[39m
              [36m</div>[39m
              [36m<div[39m
                [33mclass[39m=[32m"MuiGrid-root MuiGrid-item MuiGrid-grid-xs-12 MuiGrid-grid-sm-6 css-1b3l6lk-MuiGrid-root"[39m
              [36m>[39m
                [36m<div[39m
                  [33mclass[39m=[32m"MuiFormControl-root MuiFormControl-fullWidth MuiTextField-root css-wb57ya-MuiFormControl-root-MuiTextField-root"[39m
                [36m>[39m
                  [36m<label[39m
                    [33mclass[39m=[32m"MuiFormLabel-root MuiInputLabel-root MuiInputLabel-formControl MuiInputLabel-animated MuiInputLabel-shrink MuiInputLabel-sizeMedium MuiInputLabel-outlined MuiFormLabel-colorPrimary Mui-disabled MuiFormLabel-filled Mui-required MuiInputLabel-root MuiInputLabel-formControl MuiInputLabel-animated MuiInputLabel-shrink MuiInputLabel-sizeMedium MuiInputLabel-outlined css-1jy569b-MuiFormLabel-root-MuiInputLabel-root"[39m
                    [33mdata-shrink[39m=[32m"true"[39m
                    [33mfor[39m=[32m":r2o:"[39m
                    [33mid[39m=[32m":r2o:-label"[39m
                  [36m>[39m
                    [0mFirst Name[0m
                    [36m<span[39m
                      [33maria-hidden[39m=[32m"true"[39m
                      [33mclass[39m=[32m"MuiFormLabel-asterisk MuiInputLabel-asterisk css-wgai2y-MuiFormLabel-asterisk"[39m
                    [36m>[39m
                      [0m [0m
                      [0m*[0m
                    [36m</span>[39m
                  [36m</label>[39m
                  [36m<div[39m
                    [33mclass[39m=[32m"MuiInputBase-root MuiOutlinedInput-root MuiInputBase-colorPrimary Mui-disabled MuiInputBase-fullWidth MuiInputBase-formControl css-md26zr-MuiInputBase-root-MuiOutlinedInput-root"[39m
                  [36m>[39m
                    [36m<input[39m
                      [33maria-invalid[39m=[32m"false"[39m
                      [33mclass[39m=[32m"MuiInputBase-input MuiOutlinedInput-input Mui-disabled css-1t8l2tu-MuiInputBase-input-MuiOutlinedInput-input"[39m
                      [33mdisabled[39m=[32m""[39m
                      [33mid[39m=[32m":r2o:"[39m
                      [33mname[39m=[32m"firstName"[39m
                      [33mrequired[39m=[32m""[39m
                      [33mtype[39m=[32m"text"[39m
                      [33mvalue[39m=[32m"John"[39m
                    [36m/>[39m
                    [36m<fieldset[39m
                      [33maria-hidden[39m=[32m"true"[39m
                      [33mclass[39m=[32m"MuiOutlinedInput-notchedOutline css-r01yff-MuiNotchedOutlined-root-MuiOutlinedInput-notchedOutline"[39m
                    [36m>[39m
                      [36m<legend[39m
                        [33mclass[39m=[32m"css-sl37lx-MuiNotchedOutlined-root"[39m
                      [36m>[39m
                        [36m<span>[39m
                          [0mFirst Name[0m
                          [0m [0m
                          [0m*[0m
                        [36m</span>[39m
                      [36m</legend>[39m
                    [36m</fieldset>[39m
                  [36m</div>[39m
                [36m</div>[39m
              [36m</div>[39m
              [36m<div[39m
                [33mclass[39m=[32m"MuiGrid-root MuiGrid-item MuiGrid-grid-xs-12 MuiGrid-grid-sm-6 css-1b3l6lk-MuiGrid-root"[39m
              [36m>[39m
                [36m<div[39m
                  [33mclass[39m=[32m"MuiFormControl-root MuiFormControl-fullWidth MuiTextField-root css-wb57ya-MuiFormControl-root-MuiTextField-root"[39m
                [36m>[39m
                  [36m<label[39m
                    [33mclass[39m=[32m"MuiFormLabel-root MuiInputLabel-root MuiInputLabel-formControl MuiInputLabel-animated MuiInputLabel-shrink MuiInputLabel-sizeMedium MuiInputLabel-outlined MuiFormLabel-colorPrimary Mui-disabled MuiFormLabel-filled Mui-required MuiInputLabel-root MuiInputLabel-formControl MuiInputLabel-animated MuiInputLabel-shrink MuiInputLabel-sizeMedium MuiInputLabel-outlined css-1jy569b-MuiFormLabel-root-MuiInputLabel-root"[39m
                    [33mdata-shrink[39m=[32m"true"[39m
                    [33mfor[39m=[32m":r2p:"[39m
                    [33mid[39m=[32m":r2p:-label"[39m
                  [36m>[39m
        ...

    [0m [90m 293 |[39m     )[33m;[39m
     [90m 294 |[39m
    [31m[1m>[22m[39m[90m 295 |[39m     [36mawait[39m waitFor(() [33m=>[39m {
     [90m     |[39m                  [31m[1m^[22m[39m
     [90m 296 |[39m       expect(screen[33m.[39mgetByText([32m'07700900123'[39m))[33m.[39mtoBeInTheDocument()[33m;[39m
     [90m 297 |[39m     })[33m;[39m
     [90m 298 |[39m   })[33m;[39m[0m

      at waitForWrapper (node_modules/@testing-library/dom/dist/wait-for.js:163:27)
      at Object.<anonymous> (src/pages/MyProfile.test.tsx:295:18)

  ● MyProfile Page › should display department and location

    Unable to find an element with the text: Technology. This could be because the text is broken up by multiple elements. In this case, you can provide a function for your text matcher to make your matcher more flexible.

    Ignored nodes: comments, script, style
    [36m<body>[39m
      [36m<div>[39m
        [36m<div[39m
          [33mclass[39m=[32m"MuiContainer-root MuiContainer-maxWidthMd css-xdmu94-MuiContainer-root"[39m
        [36m>[39m
          [36m<div[39m
            [33mclass[39m=[32m"MuiPaper-root MuiPaper-elevation MuiPaper-rounded MuiPaper-elevation1 css-1eubnzl-MuiPaper-root"[39m
          [36m>[39m
            [36m<div[39m
              [33mclass[39m=[32m"MuiBox-root css-v08z5u"[39m
            [36m>[39m
              [36m<h1[39m
                [33mclass[39m=[32m"MuiTypography-root MuiTypography-h4 css-5lbw0b-MuiTypography-root"[39m
              [36m>[39m
                [0mMy Profile[0m
              [36m</h1>[39m
              [36m<button[39m
                [33mclass[39m=[32m"MuiButtonBase-root MuiButton-root MuiButton-contained MuiButton-containedPrimary MuiButton-sizeMedium MuiButton-containedSizeMedium MuiButton-colorPrimary MuiButton-root MuiButton-contained MuiButton-containedPrimary MuiButton-sizeMedium MuiButton-containedSizeMedium MuiButton-colorPrimary css-sghohy-MuiButtonBase-root-MuiButton-root"[39m
                [33mtabindex[39m=[32m"0"[39m
                [33mtype[39m=[32m"button"[39m
              [36m>[39m
                [36m<span[39m
                  [33mclass[39m=[32m"MuiButton-icon MuiButton-startIcon MuiButton-iconSizeMedium css-1d6wzja-MuiButton-startIcon"[39m
                [36m>[39m
                  [36m<svg[39m
                    [33maria-hidden[39m=[32m"true"[39m
                    [33mclass[39m=[32m"MuiSvgIcon-root MuiSvgIcon-fontSizeMedium css-i4bv87-MuiSvgIcon-root"[39m
                    [33mdata-testid[39m=[32m"EditIcon"[39m
                    [33mfocusable[39m=[32m"false"[39m
                    [33mviewBox[39m=[32m"0 0 24 24"[39m
                  [36m>[39m
                    [36m<path[39m
                      [33md[39m=[32m"M3 17.25V21h3.75L17.81 9.94l-3.75-3.75zM20.71 7.04c.39-.39.39-1.02 0-1.41l-2.34-2.34a.9959.9959 0 0 0-1.41 0l-1.83 1.83 3.75 3.75z"[39m
                    [36m/>[39m
                  [36m</svg>[39m
                [36m</span>[39m
                [0mEdit Profile[0m
                [36m<span[39m
                  [33mclass[39m=[32m"MuiTouchRipple-root css-8je8zh-MuiTouchRipple-root"[39m
                [36m/>[39m
              [36m</button>[39m
            [36m</div>[39m
            [36m<div[39m
              [33mclass[39m=[32m"MuiGrid-root MuiGrid-container MuiGrid-spacing-xs-3 css-zow5z4-MuiGrid-root"[39m
            [36m>[39m
              [36m<div[39m
                [33mclass[39m=[32m"MuiGrid-root MuiGrid-item MuiGrid-grid-xs-12 css-1idn90j-MuiGrid-root"[39m
              [36m>[39m
                [36m<h6[39m
                  [33mclass[39m=[32m"MuiTypography-root MuiTypography-h6 MuiTypography-gutterBottom css-18k87ye-MuiTypography-root"[39m
                [36m>[39m
                  [0mPersonal Information[0m
                [36m</h6>[39m
              [36m</div>[39m
              [36m<div[39m
                [33mclass[39m=[32m"MuiGrid-root MuiGrid-item MuiGrid-grid-xs-12 MuiGrid-grid-sm-6 css-1b3l6lk-MuiGrid-root"[39m
              [36m>[39m
                [36m<div[39m
                  [33mclass[39m=[32m"MuiFormControl-root MuiFormControl-fullWidth MuiTextField-root css-wb57ya-MuiFormControl-root-MuiTextField-root"[39m
                [36m>[39m
                  [36m<label[39m
                    [33mclass[39m=[32m"MuiFormLabel-root MuiInputLabel-root MuiInputLabel-formControl MuiInputLabel-animated MuiInputLabel-shrink MuiInputLabel-sizeMedium MuiInputLabel-outlined MuiFormLabel-colorPrimary Mui-disabled MuiFormLabel-filled Mui-required MuiInputLabel-root MuiInputLabel-formControl MuiInputLabel-animated MuiInputLabel-shrink MuiInputLabel-sizeMedium MuiInputLabel-outlined css-1jy569b-MuiFormLabel-root-MuiInputLabel-root"[39m
                    [33mdata-shrink[39m=[32m"true"[39m
                    [33mfor[39m=[32m":r30:"[39m
                    [33mid[39m=[32m":r30:-label"[39m
                  [36m>[39m
                    [0mFirst Name[0m
                    [36m<span[39m
                      [33maria-hidden[39m=[32m"true"[39m
                      [33mclass[39m=[32m"MuiFormLabel-asterisk MuiInputLabel-asterisk css-wgai2y-MuiFormLabel-asterisk"[39m
                    [36m>[39m
                      [0m [0m
                      [0m*[0m
                    [36m</span>[39m
                  [36m</label>[39m
                  [36m<div[39m
                    [33mclass[39m=[32m"MuiInputBase-root MuiOutlinedInput-root MuiInputBase-colorPrimary Mui-disabled MuiInputBase-fullWidth MuiInputBase-formControl css-md26zr-MuiInputBase-root-MuiOutlinedInput-root"[39m
                  [36m>[39m
                    [36m<input[39m
                      [33maria-invalid[39m=[32m"false"[39m
                      [33mclass[39m=[32m"MuiInputBase-input MuiOutlinedInput-input Mui-disabled css-1t8l2tu-MuiInputBase-input-MuiOutlinedInput-input"[39m
                      [33mdisabled[39m=[32m""[39m
                      [33mid[39m=[32m":r30:"[39m
                      [33mname[39m=[32m"firstName"[39m
                      [33mrequired[39m=[32m""[39m
                      [33mtype[39m=[32m"text"[39m
                      [33mvalue[39m=[32m"John"[39m
                    [36m/>[39m
                    [36m<fieldset[39m
                      [33maria-hidden[39m=[32m"true"[39m
                      [33mclass[39m=[32m"MuiOutlinedInput-notchedOutline css-r01yff-MuiNotchedOutlined-root-MuiOutlinedInput-notchedOutline"[39m
                    [36m>[39m
                      [36m<legend[39m
                        [33mclass[39m=[32m"css-sl37lx-MuiNotchedOutlined-root"[39m
                      [36m>[39m
                        [36m<span>[39m
                          [0mFirst Name[0m
                          [0m [0m
                          [0m*[0m
                        [36m</span>[39m
                      [36m</legend>[39m
                    [36m</fieldset>[39m
                  [36m</div>[39m
                [36m</div>[39m
              [36m</div>[39m
              [36m<div[39m
                [33mclass[39m=[32m"MuiGrid-root MuiGrid-item MuiGrid-grid-xs-12 MuiGrid-grid-sm-6 css-1b3l6lk-MuiGrid-root"[39m
              [36m>[39m
                [36m<div[39m
                  [33mclass[39m=[32m"MuiFormControl-root MuiFormControl-fullWidth MuiTextField-root css-wb57ya-MuiFormControl-root-MuiTextField-root"[39m
                [36m>[39m
                  [36m<label[39m
                    [33mclass[39m=[32m"MuiFormLabel-root MuiInputLabel-root MuiInputLabel-formControl MuiInputLabel-animated MuiInputLabel-shrink MuiInputLabel-sizeMedium MuiInputLabel-outlined MuiFormLabel-colorPrimary Mui-disabled MuiFormLabel-filled Mui-required MuiInputLabel-root MuiInputLabel-formControl MuiInputLabel-animated MuiInputLabel-shrink MuiInputLabel-sizeMedium MuiInputLabel-outlined css-1jy569b-MuiFormLabel-root-MuiInputLabel-root"[39m
                    [33mdata-shrink[39m=[32m"true"[39m
                    [33mfor[39m=[32m":r31:"[39m
                    [33mid[39m=[32m":r31:-label"[39m
                  [36m>[39m
        ...

    [0m [90m 309 |[39m     )[33m;[39m
     [90m 310 |[39m
    [31m[1m>[22m[39m[90m 311 |[39m     [36mawait[39m waitFor(() [33m=>[39m {
     [90m     |[39m                  [31m[1m^[22m[39m
     [90m 312 |[39m       expect(screen[33m.[39mgetByText([32m'Technology'[39m))[33m.[39mtoBeInTheDocument()[33m;[39m
     [90m 313 |[39m       expect(screen[33m.[39mgetByText([32m'London'[39m))[33m.[39mtoBeInTheDocument()[33m;[39m
     [90m 314 |[39m     })[33m;[39m[0m

      at waitForWrapper (node_modules/@testing-library/dom/dist/wait-for.js:163:27)
      at Object.<anonymous> (src/pages/MyProfile.test.tsx:311:18)

  ● MyProfile Page › should navigate to event detail when clicking on registered event

    Unable to find an element with the text: Beach Cleanup. This could be because the text is broken up by multiple elements. In this case, you can provide a function for your text matcher to make your matcher more flexible.

    Ignored nodes: comments, script, style
    [36m<body>[39m
      [36m<div>[39m
        [36m<div[39m
          [33mclass[39m=[32m"MuiContainer-root MuiContainer-maxWidthMd css-xdmu94-MuiContainer-root"[39m
        [36m>[39m
          [36m<div[39m
            [33mclass[39m=[32m"MuiPaper-root MuiPaper-elevation MuiPaper-rounded MuiPaper-elevation1 css-1eubnzl-MuiPaper-root"[39m
          [36m>[39m
            [36m<div[39m
              [33mclass[39m=[32m"MuiBox-root css-v08z5u"[39m
            [36m>[39m
              [36m<h1[39m
                [33mclass[39m=[32m"MuiTypography-root MuiTypography-h4 css-5lbw0b-MuiTypography-root"[39m
              [36m>[39m
                [0mMy Profile[0m
              [36m</h1>[39m
              [36m<button[39m
                [33mclass[39m=[32m"MuiButtonBase-root MuiButton-root MuiButton-contained MuiButton-containedPrimary MuiButton-sizeMedium MuiButton-containedSizeMedium MuiButton-colorPrimary MuiButton-root MuiButton-contained MuiButton-containedPrimary MuiButton-sizeMedium MuiButton-containedSizeMedium MuiButton-colorPrimary css-sghohy-MuiButtonBase-root-MuiButton-root"[39m
                [33mtabindex[39m=[32m"0"[39m
                [33mtype[39m=[32m"button"[39m
              [36m>[39m
                [36m<span[39m
                  [33mclass[39m=[32m"MuiButton-icon MuiButton-startIcon MuiButton-iconSizeMedium css-1d6wzja-MuiButton-startIcon"[39m
                [36m>[39m
                  [36m<svg[39m
                    [33maria-hidden[39m=[32m"true"[39m
                    [33mclass[39m=[32m"MuiSvgIcon-root MuiSvgIcon-fontSizeMedium css-i4bv87-MuiSvgIcon-root"[39m
                    [33mdata-testid[39m=[32m"EditIcon"[39m
                    [33mfocusable[39m=[32m"false"[39m
                    [33mviewBox[39m=[32m"0 0 24 24"[39m
                  [36m>[39m
                    [36m<path[39m
                      [33md[39m=[32m"M3 17.25V21h3.75L17.81 9.94l-3.75-3.75zM20.71 7.04c.39-.39.39-1.02 0-1.41l-2.34-2.34a.9959.9959 0 0 0-1.41 0l-1.83 1.83 3.75 3.75z"[39m
                    [36m/>[39m
                  [36m</svg>[39m
                [36m</span>[39m
                [0mEdit Profile[0m
                [36m<span[39m
                  [33mclass[39m=[32m"MuiTouchRipple-root css-8je8zh-MuiTouchRipple-root"[39m
                [36m/>[39m
              [36m</button>[39m
            [36m</div>[39m
            [36m<div[39m
              [33mclass[39m=[32m"MuiGrid-root MuiGrid-container MuiGrid-spacing-xs-3 css-zow5z4-MuiGrid-root"[39m
            [36m>[39m
              [36m<div[39m
                [33mclass[39m=[32m"MuiGrid-root MuiGrid-item MuiGrid-grid-xs-12 css-1idn90j-MuiGrid-root"[39m
              [36m>[39m
                [36m<h6[39m
                  [33mclass[39m=[32m"MuiTypography-root MuiTypography-h6 MuiTypography-gutterBottom css-18k87ye-MuiTypography-root"[39m
                [36m>[39m
                  [0mPersonal Information[0m
                [36m</h6>[39m
              [36m</div>[39m
              [36m<div[39m
                [33mclass[39m=[32m"MuiGrid-root MuiGrid-item MuiGrid-grid-xs-12 MuiGrid-grid-sm-6 css-1b3l6lk-MuiGrid-root"[39m
              [36m>[39m
                [36m<div[39m
                  [33mclass[39m=[32m"MuiFormControl-root MuiFormControl-fullWidth MuiTextField-root css-wb57ya-MuiFormControl-root-MuiTextField-root"[39m
                [36m>[39m
                  [36m<label[39m
                    [33mclass[39m=[32m"MuiFormLabel-root MuiInputLabel-root MuiInputLabel-formControl MuiInputLabel-animated MuiInputLabel-shrink MuiInputLabel-sizeMedium MuiInputLabel-outlined MuiFormLabel-colorPrimary Mui-disabled MuiFormLabel-filled Mui-required MuiInputLabel-root MuiInputLabel-formControl MuiInputLabel-animated MuiInputLabel-shrink MuiInputLabel-sizeMedium MuiInputLabel-outlined css-1jy569b-MuiFormLabel-root-MuiInputLabel-root"[39m
                    [33mdata-shrink[39m=[32m"true"[39m
                    [33mfor[39m=[32m":r38:"[39m
                    [33mid[39m=[32m":r38:-label"[39m
                  [36m>[39m
                    [0mFirst Name[0m
                    [36m<span[39m
                      [33maria-hidden[39m=[32m"true"[39m
                      [33mclass[39m=[32m"MuiFormLabel-asterisk MuiInputLabel-asterisk css-wgai2y-MuiFormLabel-asterisk"[39m
                    [36m>[39m
                      [0m [0m
                      [0m*[0m
                    [36m</span>[39m
                  [36m</label>[39m
                  [36m<div[39m
                    [33mclass[39m=[32m"MuiInputBase-root MuiOutlinedInput-root MuiInputBase-colorPrimary Mui-disabled MuiInputBase-fullWidth MuiInputBase-formControl css-md26zr-MuiInputBase-root-MuiOutlinedInput-root"[39m
                  [36m>[39m
                    [36m<input[39m
                      [33maria-invalid[39m=[32m"false"[39m
                      [33mclass[39m=[32m"MuiInputBase-input MuiOutlinedInput-input Mui-disabled css-1t8l2tu-MuiInputBase-input-MuiOutlinedInput-input"[39m
                      [33mdisabled[39m=[32m""[39m
                      [33mid[39m=[32m":r38:"[39m
                      [33mname[39m=[32m"firstName"[39m
                      [33mrequired[39m=[32m""[39m
                      [33mtype[39m=[32m"text"[39m
                      [33mvalue[39m=[32m"John"[39m
                    [36m/>[39m
                    [36m<fieldset[39m
                      [33maria-hidden[39m=[32m"true"[39m
                      [33mclass[39m=[32m"MuiOutlinedInput-notchedOutline css-r01yff-MuiNotchedOutlined-root-MuiOutlinedInput-notchedOutline"[39m
                    [36m>[39m
                      [36m<legend[39m
                        [33mclass[39m=[32m"css-sl37lx-MuiNotchedOutlined-root"[39m
                      [36m>[39m
                        [36m<span>[39m
                          [0mFirst Name[0m
                          [0m [0m
                          [0m*[0m
                        [36m</span>[39m
                      [36m</legend>[39m
                    [36m</fieldset>[39m
                  [36m</div>[39m
                [36m</div>[39m
              [36m</div>[39m
              [36m<div[39m
                [33mclass[39m=[32m"MuiGrid-root MuiGrid-item MuiGrid-grid-xs-12 MuiGrid-grid-sm-6 css-1b3l6lk-MuiGrid-root"[39m
              [36m>[39m
                [36m<div[39m
                  [33mclass[39m=[32m"MuiFormControl-root MuiFormControl-fullWidth MuiTextField-root css-wb57ya-MuiFormControl-root-MuiTextField-root"[39m
                [36m>[39m
                  [36m<label[39m
                    [33mclass[39m=[32m"MuiFormLabel-root MuiInputLabel-root MuiInputLabel-formControl MuiInputLabel-animated MuiInputLabel-shrink MuiInputLabel-sizeMedium MuiInputLabel-outlined MuiFormLabel-colorPrimary Mui-disabled MuiFormLabel-filled Mui-required MuiInputLabel-root MuiInputLabel-formControl MuiInputLabel-animated MuiInputLabel-shrink MuiInputLabel-sizeMedium MuiInputLabel-outlined css-1jy569b-MuiFormLabel-root-MuiInputLabel-root"[39m
                    [33mdata-shrink[39m=[32m"true"[39m
                    [33mfor[39m=[32m":r39:"[39m
                    [33mid[39m=[32m":r39:-label"[39m
                  [36m>[39m
        ...

    [0m [90m 326 |[39m     )[33m;[39m
     [90m 327 |[39m
    [31m[1m>[22m[39m[90m 328 |[39m     [36mawait[39m waitFor(() [33m=>[39m {
     [90m     |[39m                  [31m[1m^[22m[39m
     [90m 329 |[39m       expect(screen[33m.[39mgetByText([32m'Beach Cleanup'[39m))[33m.[39mtoBeInTheDocument()[33m;[39m
     [90m 330 |[39m     })[33m;[39m
     [90m 331 |[39m[0m

      at waitForWrapper (node_modules/@testing-library/dom/dist/wait-for.js:163:27)
      at Object.<anonymous> (src/pages/MyProfile.test.tsx:328:18)

FAIL src/pages/IdeaDetail.test.tsx (36.259 s)
  ● Console

    console.warn
      ⚠️ React Router Future Flag Warning: React Router will begin wrapping state updates in `React.startTransition` in v7. You can use the `v7_startTransition` future flag to opt-in early. For more information, see https://reactrouter.com/v6/upgrading/future#v7_starttransition.

    [0m [90m  95 |[39m     [36mconst[39m store [33m=[39m createMockStore()[33m;[39m
     [90m  96 |[39m
    [31m[1m>[22m[39m[90m  97 |[39m     render(
     [90m     |[39m           [31m[1m^[22m[39m
     [90m  98 |[39m       [33m<[39m[33mProvider[39m store[33m=[39m{store}[33m>[39m
     [90m  99 |[39m         [33m<[39m[33mBrowserRouter[39m[33m>[39m
     [90m 100 |[39m           [33m<[39m[33mRoutes[39m[33m>[39m[0m

      at warnOnce (node_modules/react-router/lib/deprecations.ts:9:13)
      at logDeprecation (node_modules/react-router/lib/deprecations.ts:14:3)
      at Object.logV6DeprecationWarnings [as UNSAFE_logV6DeprecationWarnings] (node_modules/react-router/lib/deprecations.ts:26:5)
      at node_modules/react-router-dom/index.tsx:816:25
      at commitHookEffectListMount (node_modules/react-dom/cjs/react-dom.development.js:23189:26)
      at commitPassiveMountOnFiber (node_modules/react-dom/cjs/react-dom.development.js:24970:11)
      at commitPassiveMountEffects_complete (node_modules/react-dom/cjs/react-dom.development.js:24930:9)
      at commitPassiveMountEffects_begin (node_modules/react-dom/cjs/react-dom.development.js:24917:7)
      at commitPassiveMountEffects (node_modules/react-dom/cjs/react-dom.development.js:24905:3)
      at flushPassiveEffectsImpl (node_modules/react-dom/cjs/react-dom.development.js:27078:3)
      at flushPassiveEffects (node_modules/react-dom/cjs/react-dom.development.js:27023:14)
      at node_modules/react-dom/cjs/react-dom.development.js:26808:9
      at flushActQueue (node_modules/react/cjs/react.development.js:2667:24)
      at act (node_modules/react/cjs/react.development.js:2582:11)
      at node_modules/@testing-library/react/dist/act-compat.js:47:25
      at renderRoot (node_modules/@testing-library/react/dist/pure.js:190:26)
      at render (node_modules/@testing-library/react/dist/pure.js:292:10)
      at Object.<anonymous> (src/pages/IdeaDetail.test.tsx:97:11)

    console.warn
      ⚠️ React Router Future Flag Warning: Relative route resolution within Splat routes is changing in v7. You can use the `v7_relativeSplatPath` future flag to opt-in early. For more information, see https://reactrouter.com/v6/upgrading/future#v7_relativesplatpath.

    [0m [90m  95 |[39m     [36mconst[39m store [33m=[39m createMockStore()[33m;[39m
     [90m  96 |[39m
    [31m[1m>[22m[39m[90m  97 |[39m     render(
     [90m     |[39m           [31m[1m^[22m[39m
     [90m  98 |[39m       [33m<[39m[33mProvider[39m store[33m=[39m{store}[33m>[39m
     [90m  99 |[39m         [33m<[39m[33mBrowserRouter[39m[33m>[39m
     [90m 100 |[39m           [33m<[39m[33mRoutes[39m[33m>[39m[0m

      at warnOnce (node_modules/react-router/lib/deprecations.ts:9:13)
      at logDeprecation (node_modules/react-router/lib/deprecations.ts:14:3)
      at Object.logV6DeprecationWarnings [as UNSAFE_logV6DeprecationWarnings] (node_modules/react-router/lib/deprecations.ts:37:5)
      at node_modules/react-router-dom/index.tsx:816:25
      at commitHookEffectListMount (node_modules/react-dom/cjs/react-dom.development.js:23189:26)
      at commitPassiveMountOnFiber (node_modules/react-dom/cjs/react-dom.development.js:24970:11)
      at commitPassiveMountEffects_complete (node_modules/react-dom/cjs/react-dom.development.js:24930:9)
      at commitPassiveMountEffects_begin (node_modules/react-dom/cjs/react-dom.development.js:24917:7)
      at commitPassiveMountEffects (node_modules/react-dom/cjs/react-dom.development.js:24905:3)
      at flushPassiveEffectsImpl (node_modules/react-dom/cjs/react-dom.development.js:27078:3)
      at flushPassiveEffects (node_modules/react-dom/cjs/react-dom.development.js:27023:14)
      at node_modules/react-dom/cjs/react-dom.development.js:26808:9
      at flushActQueue (node_modules/react/cjs/react.development.js:2667:24)
      at act (node_modules/react/cjs/react.development.js:2582:11)
      at node_modules/@testing-library/react/dist/act-compat.js:47:25
      at renderRoot (node_modules/@testing-library/react/dist/pure.js:190:26)
      at render (node_modules/@testing-library/react/dist/pure.js:292:10)
      at Object.<anonymous> (src/pages/IdeaDetail.test.tsx:97:11)

  ● IdeaDetail Page › should render idea title and description

    Unable to find an element with the text: Community Garden. This could be because the text is broken up by multiple elements. In this case, you can provide a function for your text matcher to make your matcher more flexible.

    Ignored nodes: comments, script, style
    [36m<body>[39m
      [36m<div>[39m
        [36m<div[39m
          [33mclass[39m=[32m"MuiContainer-root MuiContainer-maxWidthLg css-1oqqzyl-MuiContainer-root"[39m
        [36m>[39m
          [36m<div[39m
            [33mclass[39m=[32m"MuiBox-root css-14h3iqr"[39m
          [36m>[39m
            [36m<span[39m
              [33mclass[39m=[32m"MuiCircularProgress-root MuiCircularProgress-indeterminate MuiCircularProgress-colorPrimary css-18lrjg1-MuiCircularProgress-root"[39m
              [33mrole[39m=[32m"progressbar"[39m
              [33mstyle[39m=[32m"width: 40px; height: 40px;"[39m
            [36m>[39m
              [36m<svg[39m
                [33mclass[39m=[32m"MuiCircularProgress-svg css-1idz92c-MuiCircularProgress-svg"[39m
                [33mviewBox[39m=[32m"22 22 44 44"[39m
              [36m>[39m
                [36m<circle[39m
                  [33mclass[39m=[32m"MuiCircularProgress-circle MuiCircularProgress-circleIndeterminate css-176wh8e-MuiCircularProgress-circle"[39m
                  [33mcx[39m=[32m"44"[39m
                  [33mcy[39m=[32m"44"[39m
                  [33mfill[39m=[32m"none"[39m
                  [33mr[39m=[32m"20.2"[39m
                  [33mstroke-width[39m=[32m"3.6"[39m
                [36m/>[39m
              [36m</svg>[39m
            [36m</span>[39m
          [36m</div>[39m
        [36m</div>[39m
      [36m</div>[39m
    [36m</body>[39m

    [0m [90m 105 |[39m     )[33m;[39m
     [90m 106 |[39m
    [31m[1m>[22m[39m[90m 107 |[39m     [36mawait[39m waitFor(() [33m=>[39m {
     [90m     |[39m                  [31m[1m^[22m[39m
     [90m 108 |[39m       expect(screen[33m.[39mgetByText([32m'Community Garden'[39m))[33m.[39mtoBeInTheDocument()[33m;[39m
     [90m 109 |[39m       expect(screen[33m.[39mgetByText([35m/Create a community garden in the city center/i[39m))[33m.[39mtoBeInTheDocument()[33m;[39m
     [90m 110 |[39m     })[33m;[39m[0m

      at waitForWrapper (node_modules/@testing-library/dom/dist/wait-for.js:163:27)
      at Object.<anonymous> (src/pages/IdeaDetail.test.tsx:107:18)

  ● IdeaDetail Page › should display error message on fetch failure

    Unable to find an element with the text: /Failed to fetch idea details/i. This could be because the text is broken up by multiple elements. In this case, you can provide a function for your text matcher to make your matcher more flexible.

    Ignored nodes: comments, script, style
    [36m<body>[39m
      [36m<div>[39m
        [36m<div[39m
          [33mclass[39m=[32m"MuiContainer-root MuiContainer-maxWidthLg css-1oqqzyl-MuiContainer-root"[39m
        [36m>[39m
          [36m<div[39m
            [33mclass[39m=[32m"MuiBox-root css-14h3iqr"[39m
          [36m>[39m
            [36m<span[39m
              [33mclass[39m=[32m"MuiCircularProgress-root MuiCircularProgress-indeterminate MuiCircularProgress-colorPrimary css-18lrjg1-MuiCircularProgress-root"[39m
              [33mrole[39m=[32m"progressbar"[39m
              [33mstyle[39m=[32m"width: 40px; height: 40px;"[39m
            [36m>[39m
              [36m<svg[39m
                [33mclass[39m=[32m"MuiCircularProgress-svg css-1idz92c-MuiCircularProgress-svg"[39m
                [33mviewBox[39m=[32m"22 22 44 44"[39m
              [36m>[39m
                [36m<circle[39m
                  [33mclass[39m=[32m"MuiCircularProgress-circle MuiCircularProgress-circleIndeterminate css-176wh8e-MuiCircularProgress-circle"[39m
                  [33mcx[39m=[32m"44"[39m
                  [33mcy[39m=[32m"44"[39m
                  [33mfill[39m=[32m"none"[39m
                  [33mr[39m=[32m"20.2"[39m
                  [33mstroke-width[39m=[32m"3.6"[39m
                [36m/>[39m
              [36m</svg>[39m
            [36m</span>[39m
          [36m</div>[39m
        [36m</div>[39m
      [36m</div>[39m
    [36m</body>[39m

    [0m [90m 142 |[39m     )[33m;[39m
     [90m 143 |[39m
    [31m[1m>[22m[39m[90m 144 |[39m     [36mawait[39m waitFor(() [33m=>[39m {
     [90m     |[39m                  [31m[1m^[22m[39m
     [90m 145 |[39m       expect(screen[33m.[39mgetByText([35m/Failed to fetch idea details/i[39m))[33m.[39mtoBeInTheDocument()[33m;[39m
     [90m 146 |[39m     })[33m;[39m
     [90m 147 |[39m   })[33m;[39m[0m

      at waitForWrapper (node_modules/@testing-library/dom/dist/wait-for.js:163:27)
      at Object.<anonymous> (src/pages/IdeaDetail.test.tsx:144:18)

  ● IdeaDetail Page › should display idea details correctly

    Unable to find an element with the text: London Central Park. This could be because the text is broken up by multiple elements. In this case, you can provide a function for your text matcher to make your matcher more flexible.

    Ignored nodes: comments, script, style
    [36m<body>[39m
      [36m<div>[39m
        [36m<div[39m
          [33mclass[39m=[32m"MuiContainer-root MuiContainer-maxWidthLg css-1oqqzyl-MuiContainer-root"[39m
        [36m>[39m
          [36m<div[39m
            [33mclass[39m=[32m"MuiBox-root css-14h3iqr"[39m
          [36m>[39m
            [36m<span[39m
              [33mclass[39m=[32m"MuiCircularProgress-root MuiCircularProgress-indeterminate MuiCircularProgress-colorPrimary css-18lrjg1-MuiCircularProgress-root"[39m
              [33mrole[39m=[32m"progressbar"[39m
              [33mstyle[39m=[32m"width: 40px; height: 40px;"[39m
            [36m>[39m
              [36m<svg[39m
                [33mclass[39m=[32m"MuiCircularProgress-svg css-1idz92c-MuiCircularProgress-svg"[39m
                [33mviewBox[39m=[32m"22 22 44 44"[39m
              [36m>[39m
                [36m<circle[39m
                  [33mclass[39m=[32m"MuiCircularProgress-circle MuiCircularProgress-circleIndeterminate css-176wh8e-MuiCircularProgress-circle"[39m
                  [33mcx[39m=[32m"44"[39m
                  [33mcy[39m=[32m"44"[39m
                  [33mfill[39m=[32m"none"[39m
                  [33mr[39m=[32m"20.2"[39m
                  [33mstroke-width[39m=[32m"3.6"[39m
                [36m/>[39m
              [36m</svg>[39m
            [36m</span>[39m
          [36m</div>[39m
        [36m</div>[39m
      [36m</div>[39m
    [36m</body>[39m

    [0m [90m 160 |[39m     )[33m;[39m
     [90m 161 |[39m
    [31m[1m>[22m[39m[90m 162 |[39m     [36mawait[39m waitFor(() [33m=>[39m {
     [90m     |[39m                  [31m[1m^[22m[39m
     [90m 163 |[39m       expect(screen[33m.[39mgetByText([32m'London Central Park'[39m))[33m.[39mtoBeInTheDocument()[33m;[39m
     [90m 164 |[39m       expect(screen[33m.[39mgetByText([35m/High impact on local community/i[39m))[33m.[39mtoBeInTheDocument()[33m;[39m
     [90m 165 |[39m       expect(screen[33m.[39mgetByText([35m/Seeds, gardening tools/i[39m))[33m.[39mtoBeInTheDocument()[33m;[39m[0m

      at waitForWrapper (node_modules/@testing-library/dom/dist/wait-for.js:163:27)
      at Object.<anonymous> (src/pages/IdeaDetail.test.tsx:162:18)

  ● IdeaDetail Page › should display voting buttons with correct counts

    Unable to find an element with the text: /👍 10/. This could be because the text is broken up by multiple elements. In this case, you can provide a function for your text matcher to make your matcher more flexible.

    Ignored nodes: comments, script, style
    [36m<body>[39m
      [36m<div>[39m
        [36m<div[39m
          [33mclass[39m=[32m"MuiContainer-root MuiContainer-maxWidthLg css-1oqqzyl-MuiContainer-root"[39m
        [36m>[39m
          [36m<div[39m
            [33mclass[39m=[32m"MuiBox-root css-14h3iqr"[39m
          [36m>[39m
            [36m<span[39m
              [33mclass[39m=[32m"MuiCircularProgress-root MuiCircularProgress-indeterminate MuiCircularProgress-colorPrimary css-18lrjg1-MuiCircularProgress-root"[39m
              [33mrole[39m=[32m"progressbar"[39m
              [33mstyle[39m=[32m"width: 40px; height: 40px;"[39m
            [36m>[39m
              [36m<svg[39m
                [33mclass[39m=[32m"MuiCircularProgress-svg css-1idz92c-MuiCircularProgress-svg"[39m
                [33mviewBox[39m=[32m"22 22 44 44"[39m
              [36m>[39m
                [36m<circle[39m
                  [33mclass[39m=[32m"MuiCircularProgress-circle MuiCircularProgress-circleIndeterminate css-176wh8e-MuiCircularProgress-circle"[39m
                  [33mcx[39m=[32m"44"[39m
                  [33mcy[39m=[32m"44"[39m
                  [33mfill[39m=[32m"none"[39m
                  [33mr[39m=[32m"20.2"[39m
                  [33mstroke-width[39m=[32m"3.6"[39m
                [36m/>[39m
              [36m</svg>[39m
            [36m</span>[39m
          [36m</div>[39m
        [36m</div>[39m
      [36m</div>[39m
    [36m</body>[39m

    [0m [90m 182 |[39m     )[33m;[39m
     [90m 183 |[39m
    [31m[1m>[22m[39m[90m 184 |[39m     [36mawait[39m waitFor(() [33m=>[39m {
     [90m     |[39m                  [31m[1m^[22m[39m
     [90m 185 |[39m       expect(screen[33m.[39mgetByText([35m/👍 10/[39m))[33m.[39mtoBeInTheDocument()[33m;[39m
     [90m 186 |[39m       expect(screen[33m.[39mgetByText([35m/👎 2/[39m))[33m.[39mtoBeInTheDocument()[33m;[39m
     [90m 187 |[39m       expect(screen[33m.[39mgetByText([32m'Net: 8'[39m))[33m.[39mtoBeInTheDocument()[33m;[39m[0m

      at waitForWrapper (node_modules/@testing-library/dom/dist/wait-for.js:163:27)
      at Object.<anonymous> (src/pages/IdeaDetail.test.tsx:184:18)

  ● IdeaDetail Page › should upvote idea when upvote button clicked

    Unable to find an element with the text: /👍 10/. This could be because the text is broken up by multiple elements. In this case, you can provide a function for your text matcher to make your matcher more flexible.

    Ignored nodes: comments, script, style
    [36m<body>[39m
      [36m<div>[39m
        [36m<div[39m
          [33mclass[39m=[32m"MuiContainer-root MuiContainer-maxWidthLg css-1oqqzyl-MuiContainer-root"[39m
        [36m>[39m
          [36m<div[39m
            [33mclass[39m=[32m"MuiBox-root css-14h3iqr"[39m
          [36m>[39m
            [36m<span[39m
              [33mclass[39m=[32m"MuiCircularProgress-root MuiCircularProgress-indeterminate MuiCircularProgress-colorPrimary css-18lrjg1-MuiCircularProgress-root"[39m
              [33mrole[39m=[32m"progressbar"[39m
              [33mstyle[39m=[32m"width: 40px; height: 40px;"[39m
            [36m>[39m
              [36m<svg[39m
                [33mclass[39m=[32m"MuiCircularProgress-svg css-1idz92c-MuiCircularProgress-svg"[39m
                [33mviewBox[39m=[32m"22 22 44 44"[39m
              [36m>[39m
                [36m<circle[39m
                  [33mclass[39m=[32m"MuiCircularProgress-circle MuiCircularProgress-circleIndeterminate css-176wh8e-MuiCircularProgress-circle"[39m
                  [33mcx[39m=[32m"44"[39m
                  [33mcy[39m=[32m"44"[39m
                  [33mfill[39m=[32m"none"[39m
                  [33mr[39m=[32m"20.2"[39m
                  [33mstroke-width[39m=[32m"3.6"[39m
                [36m/>[39m
              [36m</svg>[39m
            [36m</span>[39m
          [36m</div>[39m
        [36m</div>[39m
      [36m</div>[39m
    [36m</body>[39m

    [0m [90m 205 |[39m     )[33m;[39m
     [90m 206 |[39m
    [31m[1m>[22m[39m[90m 207 |[39m     [36mawait[39m waitFor(() [33m=>[39m {
     [90m     |[39m                  [31m[1m^[22m[39m
     [90m 208 |[39m       expect(screen[33m.[39mgetByText([35m/👍 10/[39m))[33m.[39mtoBeInTheDocument()[33m;[39m
     [90m 209 |[39m     })[33m;[39m
     [90m 210 |[39m[0m

      at waitForWrapper (node_modules/@testing-library/dom/dist/wait-for.js:163:27)
      at Object.<anonymous> (src/pages/IdeaDetail.test.tsx:207:18)

  ● IdeaDetail Page › should downvote idea when downvote button clicked

    Unable to find an element with the text: /👎 2/. This could be because the text is broken up by multiple elements. In this case, you can provide a function for your text matcher to make your matcher more flexible.

    Ignored nodes: comments, script, style
    [36m<body>[39m
      [36m<div>[39m
        [36m<div[39m
          [33mclass[39m=[32m"MuiContainer-root MuiContainer-maxWidthLg css-1oqqzyl-MuiContainer-root"[39m
        [36m>[39m
          [36m<div[39m
            [33mclass[39m=[32m"MuiBox-root css-14h3iqr"[39m
          [36m>[39m
            [36m<span[39m
              [33mclass[39m=[32m"MuiCircularProgress-root MuiCircularProgress-indeterminate MuiCircularProgress-colorPrimary css-18lrjg1-MuiCircularProgress-root"[39m
              [33mrole[39m=[32m"progressbar"[39m
              [33mstyle[39m=[32m"width: 40px; height: 40px;"[39m
            [36m>[39m
              [36m<svg[39m
                [33mclass[39m=[32m"MuiCircularProgress-svg css-1idz92c-MuiCircularProgress-svg"[39m
                [33mviewBox[39m=[32m"22 22 44 44"[39m
              [36m>[39m
                [36m<circle[39m
                  [33mclass[39m=[32m"MuiCircularProgress-circle MuiCircularProgress-circleIndeterminate css-176wh8e-MuiCircularProgress-circle"[39m
                  [33mcx[39m=[32m"44"[39m
                  [33mcy[39m=[32m"44"[39m
                  [33mfill[39m=[32m"none"[39m
                  [33mr[39m=[32m"20.2"[39m
                  [33mstroke-width[39m=[32m"3.6"[39m
                [36m/>[39m
              [36m</svg>[39m
            [36m</span>[39m
          [36m</div>[39m
        [36m</div>[39m
      [36m</div>[39m
    [36m</body>[39m

    [0m [90m 239 |[39m     )[33m;[39m
     [90m 240 |[39m
    [31m[1m>[22m[39m[90m 241 |[39m     [36mawait[39m waitFor(() [33m=>[39m {
     [90m     |[39m                  [31m[1m^[22m[39m
     [90m 242 |[39m       expect(screen[33m.[39mgetByText([35m/👎 2/[39m))[33m.[39mtoBeInTheDocument()[33m;[39m
     [90m 243 |[39m     })[33m;[39m
     [90m 244 |[39m[0m

      at waitForWrapper (node_modules/@testing-library/dom/dist/wait-for.js:163:27)
      at Object.<anonymous> (src/pages/IdeaDetail.test.tsx:241:18)

  ● IdeaDetail Page › should display all comments

    Unable to find an element with the text: Great idea! I would love to help.. This could be because the text is broken up by multiple elements. In this case, you can provide a function for your text matcher to make your matcher more flexible.

    Ignored nodes: comments, script, style
    [36m<body>[39m
      [36m<div>[39m
        [36m<div[39m
          [33mclass[39m=[32m"MuiContainer-root MuiContainer-maxWidthLg css-1oqqzyl-MuiContainer-root"[39m
        [36m>[39m
          [36m<div[39m
            [33mclass[39m=[32m"MuiBox-root css-14h3iqr"[39m
          [36m>[39m
            [36m<span[39m
              [33mclass[39m=[32m"MuiCircularProgress-root MuiCircularProgress-indeterminate MuiCircularProgress-colorPrimary css-18lrjg1-MuiCircularProgress-root"[39m
              [33mrole[39m=[32m"progressbar"[39m
              [33mstyle[39m=[32m"width: 40px; height: 40px;"[39m
            [36m>[39m
              [36m<svg[39m
                [33mclass[39m=[32m"MuiCircularProgress-svg css-1idz92c-MuiCircularProgress-svg"[39m
                [33mviewBox[39m=[32m"22 22 44 44"[39m
              [36m>[39m
                [36m<circle[39m
                  [33mclass[39m=[32m"MuiCircularProgress-circle MuiCircularProgress-circleIndeterminate css-176wh8e-MuiCircularProgress-circle"[39m
                  [33mcx[39m=[32m"44"[39m
                  [33mcy[39m=[32m"44"[39m
                  [33mfill[39m=[32m"none"[39m
                  [33mr[39m=[32m"20.2"[39m
                  [33mstroke-width[39m=[32m"3.6"[39m
                [36m/>[39m
              [36m</svg>[39m
            [36m</span>[39m
          [36m</div>[39m
        [36m</div>[39m
      [36m</div>[39m
    [36m</body>[39m

    [0m [90m 270 |[39m     )[33m;[39m
     [90m 271 |[39m
    [31m[1m>[22m[39m[90m 272 |[39m     [36mawait[39m waitFor(() [33m=>[39m {
     [90m     |[39m                  [31m[1m^[22m[39m
     [90m 273 |[39m       expect(screen[33m.[39mgetByText([32m'Great idea! I would love to help.'[39m))[33m.[39mtoBeInTheDocument()[33m;[39m
     [90m 274 |[39m       expect(screen[33m.[39mgetByText([32m'This aligns well with our sustainability goals.'[39m))[33m.[39mtoBeInTheDocument()[33m;[39m
     [90m 275 |[39m     })[33m;[39m[0m

      at waitForWrapper (node_modules/@testing-library/dom/dist/wait-for.js:163:27)
      at Object.<anonymous> (src/pages/IdeaDetail.test.tsx:272:18)

  ● IdeaDetail Page › should highlight admin comments

    Unable to find an element with the text: Admin. This could be because the text is broken up by multiple elements. In this case, you can provide a function for your text matcher to make your matcher more flexible.

    Ignored nodes: comments, script, style
    [36m<body>[39m
      [36m<div>[39m
        [36m<div[39m
          [33mclass[39m=[32m"MuiContainer-root MuiContainer-maxWidthLg css-1oqqzyl-MuiContainer-root"[39m
        [36m>[39m
          [36m<div[39m
            [33mclass[39m=[32m"MuiBox-root css-14h3iqr"[39m
          [36m>[39m
            [36m<span[39m
              [33mclass[39m=[32m"MuiCircularProgress-root MuiCircularProgress-indeterminate MuiCircularProgress-colorPrimary css-18lrjg1-MuiCircularProgress-root"[39m
              [33mrole[39m=[32m"progressbar"[39m
              [33mstyle[39m=[32m"width: 40px; height: 40px;"[39m
            [36m>[39m
              [36m<svg[39m
                [33mclass[39m=[32m"MuiCircularProgress-svg css-1idz92c-MuiCircularProgress-svg"[39m
                [33mviewBox[39m=[32m"22 22 44 44"[39m
              [36m>[39m
                [36m<circle[39m
                  [33mclass[39m=[32m"MuiCircularProgress-circle MuiCircularProgress-circleIndeterminate css-176wh8e-MuiCircularProgress-circle"[39m
                  [33mcx[39m=[32m"44"[39m
                  [33mcy[39m=[32m"44"[39m
                  [33mfill[39m=[32m"none"[39m
                  [33mr[39m=[32m"20.2"[39m
                  [33mstroke-width[39m=[32m"3.6"[39m
                [36m/>[39m
              [36m</svg>[39m
            [36m</span>[39m
          [36m</div>[39m
        [36m</div>[39m
      [36m</div>[39m
    [36m</body>[39m

    [0m [90m 289 |[39m     )[33m;[39m
     [90m 290 |[39m
    [31m[1m>[22m[39m[90m 291 |[39m     [36mawait[39m waitFor(() [33m=>[39m {
     [90m     |[39m                  [31m[1m^[22m[39m
     [90m 292 |[39m       expect(screen[33m.[39mgetByText([32m'Admin'[39m))[33m.[39mtoBeInTheDocument()[33m;[39m
     [90m 293 |[39m     })[33m;[39m
     [90m 294 |[39m   })[33m;[39m[0m

      at waitForWrapper (node_modules/@testing-library/dom/dist/wait-for.js:163:27)
      at Object.<anonymous> (src/pages/IdeaDetail.test.tsx:291:18)

  ● IdeaDetail Page › should submit new comment when form is submitted

    Unable to find an element with the placeholder text of: /Add a comment/i

    Ignored nodes: comments, script, style
    [36m<body>[39m
      [36m<div>[39m
        [36m<div[39m
          [33mclass[39m=[32m"MuiContainer-root MuiContainer-maxWidthLg css-1oqqzyl-MuiContainer-root"[39m
        [36m>[39m
          [36m<div[39m
            [33mclass[39m=[32m"MuiBox-root css-14h3iqr"[39m
          [36m>[39m
            [36m<span[39m
              [33mclass[39m=[32m"MuiCircularProgress-root MuiCircularProgress-indeterminate MuiCircularProgress-colorPrimary css-18lrjg1-MuiCircularProgress-root"[39m
              [33mrole[39m=[32m"progressbar"[39m
              [33mstyle[39m=[32m"width: 40px; height: 40px;"[39m
            [36m>[39m
              [36m<svg[39m
                [33mclass[39m=[32m"MuiCircularProgress-svg css-1idz92c-MuiCircularProgress-svg"[39m
                [33mviewBox[39m=[32m"22 22 44 44"[39m
              [36m>[39m
                [36m<circle[39m
                  [33mclass[39m=[32m"MuiCircularProgress-circle MuiCircularProgress-circleIndeterminate css-176wh8e-MuiCircularProgress-circle"[39m
                  [33mcx[39m=[32m"44"[39m
                  [33mcy[39m=[32m"44"[39m
                  [33mfill[39m=[32m"none"[39m
                  [33mr[39m=[32m"20.2"[39m
                  [33mstroke-width[39m=[32m"3.6"[39m
                [36m/>[39m
              [36m</svg>[39m
            [36m</span>[39m
          [36m</div>[39m
        [36m</div>[39m
      [36m</div>[39m
    [36m</body>[39m

    [0m [90m 310 |[39m     )[33m;[39m
     [90m 311 |[39m
    [31m[1m>[22m[39m[90m 312 |[39m     [36mawait[39m waitFor(() [33m=>[39m {
     [90m     |[39m                  [31m[1m^[22m[39m
     [90m 313 |[39m       expect(screen[33m.[39mgetByPlaceholderText([35m/Add a comment/i[39m))[33m.[39mtoBeInTheDocument()[33m;[39m
     [90m 314 |[39m     })[33m;[39m
     [90m 315 |[39m[0m

      at waitForWrapper (node_modules/@testing-library/dom/dist/wait-for.js:163:27)
      at Object.<anonymous> (src/pages/IdeaDetail.test.tsx:312:18)

  ● IdeaDetail Page › should not submit empty comment

    Unable to find an element with the placeholder text of: /Add a comment/i

    Ignored nodes: comments, script, style
    [36m<body>[39m
      [36m<div>[39m
        [36m<div[39m
          [33mclass[39m=[32m"MuiContainer-root MuiContainer-maxWidthLg css-1oqqzyl-MuiContainer-root"[39m
        [36m>[39m
          [36m<div[39m
            [33mclass[39m=[32m"MuiBox-root css-14h3iqr"[39m
          [36m>[39m
            [36m<span[39m
              [33mclass[39m=[32m"MuiCircularProgress-root MuiCircularProgress-indeterminate MuiCircularProgress-colorPrimary css-18lrjg1-MuiCircularProgress-root"[39m
              [33mrole[39m=[32m"progressbar"[39m
              [33mstyle[39m=[32m"width: 40px; height: 40px;"[39m
            [36m>[39m
              [36m<svg[39m
                [33mclass[39m=[32m"MuiCircularProgress-svg css-1idz92c-MuiCircularProgress-svg"[39m
                [33mviewBox[39m=[32m"22 22 44 44"[39m
              [36m>[39m
                [36m<circle[39m
                  [33mclass[39m=[32m"MuiCircularProgress-circle MuiCircularProgress-circleIndeterminate css-176wh8e-MuiCircularProgress-circle"[39m
                  [33mcx[39m=[32m"44"[39m
                  [33mcy[39m=[32m"44"[39m
                  [33mfill[39m=[32m"none"[39m
                  [33mr[39m=[32m"20.2"[39m
                  [33mstroke-width[39m=[32m"3.6"[39m
                [36m/>[39m
              [36m</svg>[39m
            [36m</span>[39m
          [36m</div>[39m
        [36m</div>[39m
      [36m</div>[39m
    [36m</body>[39m

    [0m [90m 343 |[39m     )[33m;[39m
     [90m 344 |[39m
    [31m[1m>[22m[39m[90m 345 |[39m     [36mawait[39m waitFor(() [33m=>[39m {
     [90m     |[39m                  [31m[1m^[22m[39m
     [90m 346 |[39m       expect(screen[33m.[39mgetByPlaceholderText([35m/Add a comment/i[39m))[33m.[39mtoBeInTheDocument()[33m;[39m
     [90m 347 |[39m     })[33m;[39m
     [90m 348 |[39m[0m

      at waitForWrapper (node_modules/@testing-library/dom/dist/wait-for.js:163:27)
      at Object.<anonymous> (src/pages/IdeaDetail.test.tsx:345:18)

  ● IdeaDetail Page › should allow user to delete their own comment

    Unable to find a label with the text of: delete

    Ignored nodes: comments, script, style
    [36m<body>[39m
      [36m<div>[39m
        [36m<div[39m
          [33mclass[39m=[32m"MuiContainer-root MuiContainer-maxWidthLg css-1oqqzyl-MuiContainer-root"[39m
        [36m>[39m
          [36m<div[39m
            [33mclass[39m=[32m"MuiBox-root css-14h3iqr"[39m
          [36m>[39m
            [36m<span[39m
              [33mclass[39m=[32m"MuiCircularProgress-root MuiCircularProgress-indeterminate MuiCircularProgress-colorPrimary css-18lrjg1-MuiCircularProgress-root"[39m
              [33mrole[39m=[32m"progressbar"[39m
              [33mstyle[39m=[32m"width: 40px; height: 40px;"[39m
            [36m>[39m
              [36m<svg[39m
                [33mclass[39m=[32m"MuiCircularProgress-svg css-1idz92c-MuiCircularProgress-svg"[39m
                [33mviewBox[39m=[32m"22 22 44 44"[39m
              [36m>[39m
                [36m<circle[39m
                  [33mclass[39m=[32m"MuiCircularProgress-circle MuiCircularProgress-circleIndeterminate css-176wh8e-MuiCircularProgress-circle"[39m
                  [33mcx[39m=[32m"44"[39m
                  [33mcy[39m=[32m"44"[39m
                  [33mfill[39m=[32m"none"[39m
                  [33mr[39m=[32m"20.2"[39m
                  [33mstroke-width[39m=[32m"3.6"[39m
                [36m/>[39m
              [36m</svg>[39m
            [36m</span>[39m
          [36m</div>[39m
        [36m</div>[39m
      [36m</div>[39m
    [36m</body>[39m

    [0m [90m 371 |[39m     )[33m;[39m
     [90m 372 |[39m
    [31m[1m>[22m[39m[90m 373 |[39m     [36mawait[39m waitFor(() [33m=>[39m {
     [90m     |[39m                  [31m[1m^[22m[39m
     [90m 374 |[39m       [36mconst[39m deleteButtons [33m=[39m screen[33m.[39mgetAllByLabelText([32m'delete'[39m)[33m;[39m
     [90m 375 |[39m       expect(deleteButtons[33m.[39mlength)[33m.[39mtoBeGreaterThan([35m0[39m)[33m;[39m
     [90m 376 |[39m     })[33m;[39m[0m

      at waitForWrapper (node_modules/@testing-library/dom/dist/wait-for.js:163:27)
      at Object.<anonymous> (src/pages/IdeaDetail.test.tsx:373:18)

  ● IdeaDetail Page › should allow admin to delete any comment

    Unable to find a label with the text of: delete

    Ignored nodes: comments, script, style
    [36m<body>[39m
      [36m<div>[39m
        [36m<div[39m
          [33mclass[39m=[32m"MuiContainer-root MuiContainer-maxWidthLg css-1oqqzyl-MuiContainer-root"[39m
        [36m>[39m
          [36m<div[39m
            [33mclass[39m=[32m"MuiBox-root css-14h3iqr"[39m
          [36m>[39m
            [36m<span[39m
              [33mclass[39m=[32m"MuiCircularProgress-root MuiCircularProgress-indeterminate MuiCircularProgress-colorPrimary css-18lrjg1-MuiCircularProgress-root"[39m
              [33mrole[39m=[32m"progressbar"[39m
              [33mstyle[39m=[32m"width: 40px; height: 40px;"[39m
            [36m>[39m
              [36m<svg[39m
                [33mclass[39m=[32m"MuiCircularProgress-svg css-1idz92c-MuiCircularProgress-svg"[39m
                [33mviewBox[39m=[32m"22 22 44 44"[39m
              [36m>[39m
                [36m<circle[39m
                  [33mclass[39m=[32m"MuiCircularProgress-circle MuiCircularProgress-circleIndeterminate css-176wh8e-MuiCircularProgress-circle"[39m
                  [33mcx[39m=[32m"44"[39m
                  [33mcy[39m=[32m"44"[39m
                  [33mfill[39m=[32m"none"[39m
                  [33mr[39m=[32m"20.2"[39m
                  [33mstroke-width[39m=[32m"3.6"[39m
                [36m/>[39m
              [36m</svg>[39m
            [36m</span>[39m
          [36m</div>[39m
        [36m</div>[39m
      [36m</div>[39m
    [36m</body>[39m

    [0m [90m 401 |[39m     )[33m;[39m
     [90m 402 |[39m
    [31m[1m>[22m[39m[90m 403 |[39m     [36mawait[39m waitFor(() [33m=>[39m {
     [90m     |[39m                  [31m[1m^[22m[39m
     [90m 404 |[39m       [36mconst[39m deleteButtons [33m=[39m screen[33m.[39mgetAllByLabelText([32m'delete'[39m)[33m;[39m
     [90m 405 |[39m       expect(deleteButtons[33m.[39mlength)[33m.[39mtoBe([35m2[39m)[33m;[39m
     [90m 406 |[39m     })[33m;[39m[0m

      at waitForWrapper (node_modules/@testing-library/dom/dist/wait-for.js:163:27)
      at Object.<anonymous> (src/pages/IdeaDetail.test.tsx:403:18)

  ● IdeaDetail Page › should navigate back to ideas list

    Unable to find an element with the text: Back to Ideas. This could be because the text is broken up by multiple elements. In this case, you can provide a function for your text matcher to make your matcher more flexible.

    Ignored nodes: comments, script, style
    [36m<body>[39m
      [36m<div>[39m
        [36m<div[39m
          [33mclass[39m=[32m"MuiContainer-root MuiContainer-maxWidthLg css-1oqqzyl-MuiContainer-root"[39m
        [36m>[39m
          [36m<div[39m
            [33mclass[39m=[32m"MuiBox-root css-14h3iqr"[39m
          [36m>[39m
            [36m<span[39m
              [33mclass[39m=[32m"MuiCircularProgress-root MuiCircularProgress-indeterminate MuiCircularProgress-colorPrimary css-18lrjg1-MuiCircularProgress-root"[39m
              [33mrole[39m=[32m"progressbar"[39m
              [33mstyle[39m=[32m"width: 40px; height: 40px;"[39m
            [36m>[39m
              [36m<svg[39m
                [33mclass[39m=[32m"MuiCircularProgress-svg css-1idz92c-MuiCircularProgress-svg"[39m
                [33mviewBox[39m=[32m"22 22 44 44"[39m
              [36m>[39m
                [36m<circle[39m
                  [33mclass[39m=[32m"MuiCircularProgress-circle MuiCircularProgress-circleIndeterminate css-176wh8e-MuiCircularProgress-circle"[39m
                  [33mcx[39m=[32m"44"[39m
                  [33mcy[39m=[32m"44"[39m
                  [33mfill[39m=[32m"none"[39m
                  [33mr[39m=[32m"20.2"[39m
                  [33mstroke-width[39m=[32m"3.6"[39m
                [36m/>[39m
              [36m</svg>[39m
            [36m</span>[39m
          [36m</div>[39m
        [36m</div>[39m
      [36m</div>[39m
    [36m</body>[39m

    [0m [90m 420 |[39m     )[33m;[39m
     [90m 421 |[39m
    [31m[1m>[22m[39m[90m 422 |[39m     [36mawait[39m waitFor(() [33m=>[39m {
     [90m     |[39m                  [31m[1m^[22m[39m
     [90m 423 |[39m       expect(screen[33m.[39mgetByText([32m'Back to Ideas'[39m))[33m.[39mtoBeInTheDocument()[33m;[39m
     [90m 424 |[39m     })[33m;[39m
     [90m 425 |[39m[0m

      at waitForWrapper (node_modules/@testing-library/dom/dist/wait-for.js:163:27)
      at Object.<anonymous> (src/pages/IdeaDetail.test.tsx:422:18)

  ● IdeaDetail Page › should display correct status badge

    Unable to find an element with the text: submitted. This could be because the text is broken up by multiple elements. In this case, you can provide a function for your text matcher to make your matcher more flexible.

    Ignored nodes: comments, script, style
    [36m<body>[39m
      [36m<div>[39m
        [36m<div[39m
          [33mclass[39m=[32m"MuiContainer-root MuiContainer-maxWidthLg css-1oqqzyl-MuiContainer-root"[39m
        [36m>[39m
          [36m<div[39m
            [33mclass[39m=[32m"MuiBox-root css-14h3iqr"[39m
          [36m>[39m
            [36m<span[39m
              [33mclass[39m=[32m"MuiCircularProgress-root MuiCircularProgress-indeterminate MuiCircularProgress-colorPrimary css-18lrjg1-MuiCircularProgress-root"[39m
              [33mrole[39m=[32m"progressbar"[39m
              [33mstyle[39m=[32m"width: 40px; height: 40px;"[39m
            [36m>[39m
              [36m<svg[39m
                [33mclass[39m=[32m"MuiCircularProgress-svg css-1idz92c-MuiCircularProgress-svg"[39m
                [33mviewBox[39m=[32m"22 22 44 44"[39m
              [36m>[39m
                [36m<circle[39m
                  [33mclass[39m=[32m"MuiCircularProgress-circle MuiCircularProgress-circleIndeterminate css-176wh8e-MuiCircularProgress-circle"[39m
                  [33mcx[39m=[32m"44"[39m
                  [33mcy[39m=[32m"44"[39m
                  [33mfill[39m=[32m"none"[39m
                  [33mr[39m=[32m"20.2"[39m
                  [33mstroke-width[39m=[32m"3.6"[39m
                [36m/>[39m
              [36m</svg>[39m
            [36m</span>[39m
          [36m</div>[39m
        [36m</div>[39m
      [36m</div>[39m
    [36m</body>[39m

    [0m [90m 441 |[39m     )[33m;[39m
     [90m 442 |[39m
    [31m[1m>[22m[39m[90m 443 |[39m     [36mawait[39m waitFor(() [33m=>[39m {
     [90m     |[39m                  [31m[1m^[22m[39m
     [90m 444 |[39m       expect(screen[33m.[39mgetByText([32m'submitted'[39m))[33m.[39mtoBeInTheDocument()[33m;[39m
     [90m 445 |[39m     })[33m;[39m
     [90m 446 |[39m   })[33m;[39m[0m

      at waitForWrapper (node_modules/@testing-library/dom/dist/wait-for.js:163:27)
      at Object.<anonymous> (src/pages/IdeaDetail.test.tsx:443:18)

  ● IdeaDetail Page › should display category badge with correct color

    Unable to find an element with the text: Environment. This could be because the text is broken up by multiple elements. In this case, you can provide a function for your text matcher to make your matcher more flexible.

    Ignored nodes: comments, script, style
    [36m<body>[39m
      [36m<div>[39m
        [36m<div[39m
          [33mclass[39m=[32m"MuiContainer-root MuiContainer-maxWidthLg css-1oqqzyl-MuiContainer-root"[39m
        [36m>[39m
          [36m<div[39m
            [33mclass[39m=[32m"MuiBox-root css-14h3iqr"[39m
          [36m>[39m
            [36m<span[39m
              [33mclass[39m=[32m"MuiCircularProgress-root MuiCircularProgress-indeterminate MuiCircularProgress-colorPrimary css-18lrjg1-MuiCircularProgress-root"[39m
              [33mrole[39m=[32m"progressbar"[39m
              [33mstyle[39m=[32m"width: 40px; height: 40px;"[39m
            [36m>[39m
              [36m<svg[39m
                [33mclass[39m=[32m"MuiCircularProgress-svg css-1idz92c-MuiCircularProgress-svg"[39m
                [33mviewBox[39m=[32m"22 22 44 44"[39m
              [36m>[39m
                [36m<circle[39m
                  [33mclass[39m=[32m"MuiCircularProgress-circle MuiCircularProgress-circleIndeterminate css-176wh8e-MuiCircularProgress-circle"[39m
                  [33mcx[39m=[32m"44"[39m
                  [33mcy[39m=[32m"44"[39m
                  [33mfill[39m=[32m"none"[39m
                  [33mr[39m=[32m"20.2"[39m
                  [33mstroke-width[39m=[32m"3.6"[39m
                [36m/>[39m
              [36m</svg>[39m
            [36m</span>[39m
          [36m</div>[39m
        [36m</div>[39m
      [36m</div>[39m
    [36m</body>[39m

    [0m [90m 459 |[39m     )[33m;[39m
     [90m 460 |[39m
    [31m[1m>[22m[39m[90m 461 |[39m     [36mawait[39m waitFor(() [33m=>[39m {
     [90m     |[39m                  [31m[1m^[22m[39m
     [90m 462 |[39m       expect(screen[33m.[39mgetByText([32m'Environment'[39m))[33m.[39mtoBeInTheDocument()[33m;[39m
     [90m 463 |[39m     })[33m;[39m
     [90m 464 |[39m   })[33m;[39m[0m

      at waitForWrapper (node_modules/@testing-library/dom/dist/wait-for.js:163:27)
      at Object.<anonymous> (src/pages/IdeaDetail.test.tsx:461:18)

  ● IdeaDetail Page › should show comments count

    Unable to find an element with the text: /Comments \(2\)/i. This could be because the text is broken up by multiple elements. In this case, you can provide a function for your text matcher to make your matcher more flexible.

    Ignored nodes: comments, script, style
    [36m<body>[39m
      [36m<div>[39m
        [36m<div[39m
          [33mclass[39m=[32m"MuiContainer-root MuiContainer-maxWidthLg css-1oqqzyl-MuiContainer-root"[39m
        [36m>[39m
          [36m<div[39m
            [33mclass[39m=[32m"MuiBox-root css-14h3iqr"[39m
          [36m>[39m
            [36m<span[39m
              [33mclass[39m=[32m"MuiCircularProgress-root MuiCircularProgress-indeterminate MuiCircularProgress-colorPrimary css-18lrjg1-MuiCircularProgress-root"[39m
              [33mrole[39m=[32m"progressbar"[39m
              [33mstyle[39m=[32m"width: 40px; height: 40px;"[39m
            [36m>[39m
              [36m<svg[39m
                [33mclass[39m=[32m"MuiCircularProgress-svg css-1idz92c-MuiCircularProgress-svg"[39m
                [33mviewBox[39m=[32m"22 22 44 44"[39m
              [36m>[39m
                [36m<circle[39m
                  [33mclass[39m=[32m"MuiCircularProgress-circle MuiCircularProgress-circleIndeterminate css-176wh8e-MuiCircularProgress-circle"[39m
                  [33mcx[39m=[32m"44"[39m
                  [33mcy[39m=[32m"44"[39m
                  [33mfill[39m=[32m"none"[39m
                  [33mr[39m=[32m"20.2"[39m
                  [33mstroke-width[39m=[32m"3.6"[39m
                [36m/>[39m
              [36m</svg>[39m
            [36m</span>[39m
          [36m</div>[39m
        [36m</div>[39m
      [36m</div>[39m
    [36m</body>[39m

    [0m [90m 477 |[39m     )[33m;[39m
     [90m 478 |[39m
    [31m[1m>[22m[39m[90m 479 |[39m     [36mawait[39m waitFor(() [33m=>[39m {
     [90m     |[39m                  [31m[1m^[22m[39m
     [90m 480 |[39m       expect(screen[33m.[39mgetByText([35m/Comments \(2\)/i[39m))[33m.[39mtoBeInTheDocument()[33m;[39m
     [90m 481 |[39m     })[33m;[39m
     [90m 482 |[39m   })[33m;[39m[0m

      at waitForWrapper (node_modules/@testing-library/dom/dist/wait-for.js:163:27)
      at Object.<anonymous> (src/pages/IdeaDetail.test.tsx:479:18)

A worker process has failed to exit gracefully and has been force exited. This is likely caused by tests leaking due to improper teardown. Try running with --detectOpenHandles to find leaks. Active timers can also cause this, ensure that .unref() was called on them.
Test Suites: 6 failed, 12 passed, 18 total
Tests:       53 failed, 168 passed, 221 total
Snapshots:   0 total
Time:        116.288 s
Ran all test suites.
